Info: Starting: Create HDL design files for synthesis
Info: ip-generate --project-directory=/home/jacko/git/spectrumAnalyzer_DE2/ --output-directory=/home/jacko/git/spectrumAnalyzer_DE2/nios2VGA/synthesis/ --file-set=QUARTUS_SYNTH --report-file=sopcinfo:/home/jacko/git/spectrumAnalyzer_DE2/nios2VGA.sopcinfo --report-file=html:/home/jacko/git/spectrumAnalyzer_DE2/nios2VGA.html --report-file=qip:/home/jacko/git/spectrumAnalyzer_DE2/nios2VGA/synthesis/nios2VGA.qip --report-file=cmp:/home/jacko/git/spectrumAnalyzer_DE2/nios2VGA.cmp --report-file=svd --system-info=DEVICE_FAMILY="Cyclone II" --system-info=DEVICE=EP2C35F672C6 --system-info=DEVICE_SPEEDGRADE=6 --component-file=/home/jacko/git/spectrumAnalyzer_DE2/nios2VGA.qsys --language=VHDL
Progress: Loading spectrumAnalyzer_DE2/nios2VGA.qsys
Progress: Reading input file
Progress: Adding clk_0 [clock_source 13.0]
Progress: Parameterizing module clk_0
Progress: Adding onchip_mem [altera_avalon_onchip_memory2 13.0.1.99.2]
Progress: Parameterizing module onchip_mem
Progress: Adding cpu [altera_nios2_qsys 13.0]
Progress: Parameterizing module cpu
Progress: Adding jtag_uart [altera_avalon_jtag_uart 13.0.1.99.2]
Progress: Parameterizing module jtag_uart
Progress: Adding sys_clk_timer [altera_avalon_timer 13.0.1.99.2]
Progress: Parameterizing module sys_clk_timer
Progress: Adding sysid [altera_avalon_sysid_qsys 13.0]
Progress: Parameterizing module sysid
Progress: Adding red_led_pio [altera_avalon_pio 13.0.1.99.2]
Progress: Parameterizing module red_led_pio
Progress: Adding external_clocks [altera_up_clocks 12.0]
Progress: Parameterizing module external_clocks
Progress: Adding VGA_Dual_Clock_FIFO [altera_up_avalon_video_dual_clock_buffer 12.0]
Progress: Parameterizing module VGA_Dual_Clock_FIFO
Progress: Adding Alpha_Blending [altera_up_avalon_video_alpha_blender 12.0]
Progress: Parameterizing module Alpha_Blending
Progress: Adding VGA_Controller [altera_up_avalon_video_vga_controller 12.0]
Progress: Parameterizing module VGA_Controller
Progress: Adding VGA_Character_buffer [altera_up_avalon_video_character_buffer_with_dma 12.0]
Progress: Parameterizing module VGA_Character_buffer
Progress: Adding VGA_Scaler [altera_up_avalon_video_scaler 12.0]
Progress: Parameterizing module VGA_Scaler
Progress: Adding VGA_pixel_RGB_Resampler [altera_up_avalon_video_rgb_resampler 12.0]
Progress: Parameterizing module VGA_pixel_RGB_Resampler
Progress: Adding VGA_Pixel_Buffer [altera_up_avalon_video_pixel_buffer_dma 12.0]
Progress: Parameterizing module VGA_Pixel_Buffer
Progress: Adding SRAM [altera_up_avalon_sram 12.0]
Progress: Parameterizing module SRAM
Progress: Adding VGA_clock [altera_clock_bridge 13.0]
Progress: Parameterizing module VGA_clock
Progress: Adding green_led_pio [altera_avalon_pio 13.0.1.99.2]
Progress: Parameterizing module green_led_pio
Progress: Adding key_pio [altera_avalon_pio 13.0.1.99.2]
Progress: Parameterizing module key_pio
Progress: Building connections
Progress: Parameterizing connections
Progress: Validating
Progress: Done reading input file
Info: nios2VGA.sysid: System ID is not assigned automatically. Edit the System ID parameter to provide a unique ID
Info: nios2VGA.sysid: Time stamp will be automatically updated when this component is generated.
Info: nios2VGA.VGA_Controller: Video Output Stream: Format: 640 x 480 with Color: 10 (bits) x 3 (planes)
Info: nios2VGA.VGA_Character_buffer: Character Resolution: 80 x 60
Info: nios2VGA.VGA_Scaler: Change in Resolution: 320 x 240 -> 640 x 480
Info: nios2VGA.VGA_pixel_RGB_Resampler: RGB Resampling: 16 (bits) x 1 (planes) -> 10 (bits) x 3 (planes)
Info: nios2VGA: Generating nios2VGA "nios2VGA" for QUARTUS_SYNTH
Info: pipeline_bridge_swap_transform: After transform: 19 modules, 70 connections
Info: No custom instruction connections, skipping transform 
Info: merlin_translator_transform: After transform: 34 modules, 121 connections
Info: merlin_domain_transform: After transform: 74 modules, 329 connections
Info: merlin_router_transform: After transform: 89 modules, 380 connections
Info: merlin_burst_transform: After transform: 91 modules, 388 connections
Info: reset_adaptation_transform: After transform: 95 modules, 353 connections
Info: merlin_network_to_switch_transform: After transform: 124 modules, 413 connections
Info: merlin_width_transform: After transform: 128 modules, 425 connections
Info: Inserting clock-crossing logic between cmd_xbar_demux_001.src6 and cmd_xbar_mux_006.sink0
Info: Inserting clock-crossing logic between cmd_xbar_demux_001.src8 and cmd_xbar_mux_008.sink0
Info: Inserting clock-crossing logic between rsp_xbar_demux_006.src0 and rsp_xbar_mux_001.sink6
Info: Inserting clock-crossing logic between rsp_xbar_demux_008.src0 and rsp_xbar_mux_001.sink8
Info: Inserting clock-crossing logic between width_adapter.src and cmd_xbar_mux_007.sink0
Info: Inserting clock-crossing logic between width_adapter_001.src and cmd_xbar_mux_009.sink0
Info: Inserting clock-crossing logic between width_adapter_002.src and rsp_xbar_mux_001.sink7
Info: Inserting clock-crossing logic between width_adapter_003.src and rsp_xbar_mux_001.sink9
Info: com_altera_sopcmodel_transforms_avalon_ClockCrossingTransform: After transform: 136 modules, 465 connections
Info: merlin_mm_transform: After transform: 136 modules, 465 connections
Info: merlin_interrupt_mapper_transform: After transform: 137 modules, 468 connections
Warning: nios2VGA: "No matching role found for rst_controller:reset_out:reset_req (reset_req)"
Warning: nios2VGA: "No matching role found for rst_controller:reset_out:reset_req (reset_req)"
Warning: nios2VGA: "No matching role found for rst_controller:reset_out:reset_req (reset_req)"
Warning: nios2VGA: "No matching role found for rst_controller:reset_out:reset_req (reset_req)"
Warning: nios2VGA: "No matching role found for rst_controller:reset_out:reset_req (reset_req)"
Warning: nios2VGA: "No matching role found for rst_controller:reset_out:reset_req (reset_req)"
Warning: nios2VGA: "No matching role found for rst_controller:reset_out:reset_req (reset_req)"
Warning: nios2VGA: "No matching role found for rst_controller:reset_out:reset_req (reset_req)"
Warning: nios2VGA: "No matching role found for rst_controller:reset_out:reset_req (reset_req)"
Warning: nios2VGA: "No matching role found for rst_controller:reset_out:reset_req (reset_req)"
Warning: nios2VGA: "No matching role found for rst_controller:reset_out:reset_req (reset_req)"
Warning: nios2VGA: "No matching role found for rst_controller:reset_out:reset_req (reset_req)"
Warning: nios2VGA: "No matching role found for rst_controller:reset_out:reset_req (reset_req)"
Warning: nios2VGA: "No matching role found for rst_controller:reset_out:reset_req (reset_req)"
Warning: nios2VGA: "No matching role found for rst_controller:reset_out:reset_req (reset_req)"
Warning: nios2VGA: "No matching role found for rst_controller:reset_out:reset_req (reset_req)"
Warning: nios2VGA: "No matching role found for rst_controller:reset_out:reset_req (reset_req)"
Warning: nios2VGA: "No matching role found for rst_controller:reset_out:reset_req (reset_req)"
Warning: nios2VGA: "No matching role found for rst_controller:reset_out:reset_req (reset_req)"
Warning: nios2VGA: "No matching role found for rst_controller:reset_out:reset_req (reset_req)"
Warning: nios2VGA: "No matching role found for rst_controller:reset_out:reset_req (reset_req)"
Warning: nios2VGA: "No matching role found for rst_controller:reset_out:reset_req (reset_req)"
Warning: nios2VGA: "No matching role found for rst_controller:reset_out:reset_req (reset_req)"
Warning: nios2VGA: "No matching role found for rst_controller:reset_out:reset_req (reset_req)"
Warning: nios2VGA: "No matching role found for rst_controller:reset_out:reset_req (reset_req)"
Warning: nios2VGA: "No matching role found for rst_controller:reset_out:reset_req (reset_req)"
Warning: nios2VGA: "No matching role found for rst_controller:reset_out:reset_req (reset_req)"
Warning: nios2VGA: "No matching role found for rst_controller:reset_out:reset_req (reset_req)"
Warning: nios2VGA: "No matching role found for rst_controller:reset_out:reset_req (reset_req)"
Warning: nios2VGA: "No matching role found for rst_controller:reset_out:reset_req (reset_req)"
Warning: nios2VGA: "No matching role found for rst_controller:reset_out:reset_req (reset_req)"
Warning: nios2VGA: "No matching role found for rst_controller:reset_out:reset_req (reset_req)"
Warning: nios2VGA: "No matching role found for rst_controller:reset_out:reset_req (reset_req)"
Warning: nios2VGA: "No matching role found for rst_controller:reset_out:reset_req (reset_req)"
Warning: nios2VGA: "No matching role found for rst_controller:reset_out:reset_req (reset_req)"
Warning: nios2VGA: "No matching role found for rst_controller:reset_out:reset_req (reset_req)"
Warning: nios2VGA: "No matching role found for rst_controller:reset_out:reset_req (reset_req)"
Warning: nios2VGA: "No matching role found for rst_controller:reset_out:reset_req (reset_req)"
Warning: nios2VGA: "No matching role found for rst_controller:reset_out:reset_req (reset_req)"
Warning: nios2VGA: "No matching role found for rst_controller:reset_out:reset_req (reset_req)"
Warning: nios2VGA: "No matching role found for rst_controller:reset_out:reset_req (reset_req)"
Warning: nios2VGA: "No matching role found for rst_controller:reset_out:reset_req (reset_req)"
Warning: nios2VGA: "No matching role found for rst_controller:reset_out:reset_req (reset_req)"
Warning: nios2VGA: "No matching role found for rst_controller:reset_out:reset_req (reset_req)"
Warning: nios2VGA: "No matching role found for rst_controller:reset_out:reset_req (reset_req)"
Warning: nios2VGA: "No matching role found for rst_controller:reset_out:reset_req (reset_req)"
Warning: nios2VGA: "No matching role found for rst_controller:reset_out:reset_req (reset_req)"
Warning: nios2VGA: "No matching role found for rst_controller:reset_out:reset_req (reset_req)"
Warning: nios2VGA: "No matching role found for rst_controller:reset_out:reset_req (reset_req)"
Warning: nios2VGA: "No matching role found for rst_controller:reset_out:reset_req (reset_req)"
Warning: nios2VGA: "No matching role found for rst_controller:reset_out:reset_req (reset_req)"
Warning: nios2VGA: "No matching role found for rst_controller:reset_out:reset_req (reset_req)"
Warning: nios2VGA: "No matching role found for rst_controller:reset_out:reset_req (reset_req)"
Warning: nios2VGA: "No matching role found for rst_controller:reset_out:reset_req (reset_req)"
Warning: nios2VGA: "No matching role found for rst_controller:reset_out:reset_req (reset_req)"
Warning: nios2VGA: "No matching role found for rst_controller:reset_out:reset_req (reset_req)"
Warning: nios2VGA: "No matching role found for rst_controller:reset_out:reset_req (reset_req)"
Warning: nios2VGA: "No matching role found for rst_controller:reset_out:reset_req (reset_req)"
Warning: nios2VGA: "No matching role found for rst_controller:reset_out:reset_req (reset_req)"
Warning: nios2VGA: "No matching role found for rst_controller:reset_out:reset_req (reset_req)"
Warning: nios2VGA: "No matching role found for rst_controller:reset_out:reset_req (reset_req)"
Warning: nios2VGA: "No matching role found for rst_controller:reset_out:reset_req (reset_req)"
Warning: nios2VGA: "No matching role found for rst_controller:reset_out:reset_req (reset_req)"
Warning: nios2VGA: "No matching role found for rst_controller:reset_out:reset_req (reset_req)"
Warning: nios2VGA: "No matching role found for rst_controller:reset_out:reset_req (reset_req)"
Warning: nios2VGA: "No matching role found for rst_controller:reset_out:reset_req (reset_req)"
Warning: nios2VGA: "No matching role found for rst_controller:reset_out:reset_req (reset_req)"
Warning: nios2VGA: "No matching role found for rst_controller:reset_out:reset_req (reset_req)"
Warning: nios2VGA: "No matching role found for rst_controller:reset_out:reset_req (reset_req)"
Warning: nios2VGA: "No matching role found for rst_controller:reset_out:reset_req (reset_req)"
Warning: nios2VGA: "No matching role found for rst_controller:reset_out:reset_req (reset_req)"
Warning: nios2VGA: "No matching role found for rst_controller:reset_out:reset_req (reset_req)"
Warning: nios2VGA: "No matching role found for rst_controller:reset_out:reset_req (reset_req)"
Warning: nios2VGA: "No matching role found for rst_controller:reset_out:reset_req (reset_req)"
Warning: nios2VGA: "No matching role found for rst_controller:reset_out:reset_req (reset_req)"
Warning: nios2VGA: "No matching role found for rst_controller:reset_out:reset_req (reset_req)"
Warning: nios2VGA: "No matching role found for rst_controller:reset_out:reset_req (reset_req)"
Info: onchip_mem: Starting RTL generation for module 'nios2VGA_onchip_mem'
Info: onchip_mem:   Generation command is [exec /opt/altera/13.0sp1/quartus/linux/perl/bin/perl -I /opt/altera/13.0sp1/quartus/common/ip/altera/common/perl/5.8.3 -I /opt/altera/13.0sp1/quartus/sopc_builder/bin/europa -I /opt/altera/13.0sp1/quartus/sopc_builder/bin/perl_lib -I /opt/altera/13.0sp1/quartus/sopc_builder/bin -I /opt/altera/13.0sp1/quartus/../ip/altera/sopc_builder_ip/common -I /opt/altera/13.0sp1/quartus/../ip/altera/sopc_builder_ip/altera_avalon_onchip_memory2 -- /opt/altera/13.0sp1/quartus/../ip/altera/sopc_builder_ip/altera_avalon_onchip_memory2/generate_rtl.pl --name=nios2VGA_onchip_mem --dir=/tmp/alt6013_5615185237523033298.dir/0001_onchip_mem_gen/ --quartus_dir=/opt/altera/13.0sp1/quartus --verilog --config=/tmp/alt6013_5615185237523033298.dir/0001_onchip_mem_gen//nios2VGA_onchip_mem_component_configuration.pl  --do_build_sim=0  ]
Info: onchip_mem: Done RTL generation for module 'nios2VGA_onchip_mem'
Info: onchip_mem: "nios2VGA" instantiated altera_avalon_onchip_memory2 "onchip_mem"
Info: cpu: Starting RTL generation for module 'nios2VGA_cpu'
Info: cpu:   Generation command is [exec /opt/altera/13.0sp1/quartus/../ip/altera/nios2_ip/altera_nios2/eperl -I /opt/altera/13.0sp1/quartus/common/ip/altera/common/perl/5.8.3 -I /opt/altera/13.0sp1/quartus/sopc_builder/bin/europa -I /opt/altera/13.0sp1/quartus/sopc_builder/bin/perl_lib -I /opt/altera/13.0sp1/quartus/sopc_builder/bin -I /opt/altera/13.0sp1/quartus/../ip/altera/nios2_ip/altera_nios2/cpu_lib -I /opt/altera/13.0sp1/quartus/../ip/altera/nios2_ip/altera_nios2/nios_lib -I /opt/altera/13.0sp1/quartus/../ip/altera/nios2_ip/altera_nios2 -I /opt/altera/13.0sp1/quartus/../ip/altera/nios2_ip/altera_nios2 -- /opt/altera/13.0sp1/quartus/../ip/altera/nios2_ip/altera_nios2/generate_rtl.epl --name=nios2VGA_cpu --dir=/tmp/alt6013_5615185237523033298.dir/0002_cpu_gen/ --quartus_dir=/opt/altera/13.0sp1/quartus --verilog --config=/tmp/alt6013_5615185237523033298.dir/0002_cpu_gen//nios2VGA_cpu_processor_configuration.pl  --do_build_sim=0    --bogus  ]
Info: cpu: # 2013.11.04 17:08:49 (*) Starting Nios II generation
Info: cpu: # 2013.11.04 17:08:49 (*)   Checking for plaintext license.
Info: cpu: # 2013.11.04 17:08:50 (*)   Couldn't query license setup in Quartus directory /opt/altera/13.0sp1/quartus
Info: cpu: # 2013.11.04 17:08:50 (*)   Defaulting to contents of LM_LICENSE_FILE environment variable
Info: cpu: # 2013.11.04 17:08:50 (*)   LM_LICENSE_FILE environment variable is empty
Info: cpu: # 2013.11.04 17:08:50 (*)   Plaintext license not found.
Info: cpu: # 2013.11.04 17:08:50 (*)   No license required to generate encrypted Nios II/e.
Info: cpu: # 2013.11.04 17:08:50 (*)   Elaborating CPU configuration settings
Info: cpu: # 2013.11.04 17:08:50 (*)   Creating all objects for CPU
Info: cpu: # 2013.11.04 17:08:51 (*)   Generating RTL from CPU objects
Info: cpu: # 2013.11.04 17:08:51 (*)   Creating plain-text RTL
Info: cpu: # 2013.11.04 17:08:54 (*) Done Nios II generation
Info: cpu: Done RTL generation for module 'nios2VGA_cpu'
Info: cpu: "nios2VGA" instantiated altera_nios2_qsys "cpu"
Info: jtag_uart: Starting RTL generation for module 'nios2VGA_jtag_uart'
Info: jtag_uart:   Generation command is [exec /opt/altera/13.0sp1/quartus/linux/perl/bin/perl -I /opt/altera/13.0sp1/quartus/common/ip/altera/common/perl/5.8.3 -I /opt/altera/13.0sp1/quartus/sopc_builder/bin/europa -I /opt/altera/13.0sp1/quartus/sopc_builder/bin/perl_lib -I /opt/altera/13.0sp1/quartus/sopc_builder/bin -I /opt/altera/13.0sp1/quartus/../ip/altera/sopc_builder_ip/common -I /opt/altera/13.0sp1/quartus/../ip/altera/sopc_builder_ip/altera_avalon_jtag_uart -- /opt/altera/13.0sp1/quartus/../ip/altera/sopc_builder_ip/altera_avalon_jtag_uart/generate_rtl.pl --name=nios2VGA_jtag_uart --dir=/tmp/alt6013_5615185237523033298.dir/0003_jtag_uart_gen/ --quartus_dir=/opt/altera/13.0sp1/quartus --verilog --config=/tmp/alt6013_5615185237523033298.dir/0003_jtag_uart_gen//nios2VGA_jtag_uart_component_configuration.pl  --do_build_sim=0  ]
Info: jtag_uart: Done RTL generation for module 'nios2VGA_jtag_uart'
Info: jtag_uart: "nios2VGA" instantiated altera_avalon_jtag_uart "jtag_uart"
Info: sys_clk_timer: Starting RTL generation for module 'nios2VGA_sys_clk_timer'
Info: sys_clk_timer:   Generation command is [exec /opt/altera/13.0sp1/quartus/linux/perl/bin/perl -I /opt/altera/13.0sp1/quartus/common/ip/altera/common/perl/5.8.3 -I /opt/altera/13.0sp1/quartus/sopc_builder/bin/europa -I /opt/altera/13.0sp1/quartus/sopc_builder/bin/perl_lib -I /opt/altera/13.0sp1/quartus/sopc_builder/bin -I /opt/altera/13.0sp1/quartus/../ip/altera/sopc_builder_ip/common -I /opt/altera/13.0sp1/quartus/../ip/altera/sopc_builder_ip/altera_avalon_timer -- /opt/altera/13.0sp1/quartus/../ip/altera/sopc_builder_ip/altera_avalon_timer/generate_rtl.pl --name=nios2VGA_sys_clk_timer --dir=/tmp/alt6013_5615185237523033298.dir/0004_sys_clk_timer_gen/ --quartus_dir=/opt/altera/13.0sp1/quartus --verilog --config=/tmp/alt6013_5615185237523033298.dir/0004_sys_clk_timer_gen//nios2VGA_sys_clk_timer_component_configuration.pl  --do_build_sim=0  ]
Info: sys_clk_timer: Done RTL generation for module 'nios2VGA_sys_clk_timer'
Info: sys_clk_timer: "nios2VGA" instantiated altera_avalon_timer "sys_clk_timer"
Info: sysid: "nios2VGA" instantiated altera_avalon_sysid_qsys "sysid"
Info: red_led_pio: Starting RTL generation for module 'nios2VGA_red_led_pio'
Info: red_led_pio:   Generation command is [exec /opt/altera/13.0sp1/quartus/linux/perl/bin/perl -I /opt/altera/13.0sp1/quartus/common/ip/altera/common/perl/5.8.3 -I /opt/altera/13.0sp1/quartus/sopc_builder/bin/europa -I /opt/altera/13.0sp1/quartus/sopc_builder/bin/perl_lib -I /opt/altera/13.0sp1/quartus/sopc_builder/bin -I /opt/altera/13.0sp1/quartus/../ip/altera/sopc_builder_ip/common -I /opt/altera/13.0sp1/quartus/../ip/altera/sopc_builder_ip/altera_avalon_pio -- /opt/altera/13.0sp1/quartus/../ip/altera/sopc_builder_ip/altera_avalon_pio/generate_rtl.pl --name=nios2VGA_red_led_pio --dir=/tmp/alt6013_5615185237523033298.dir/0006_red_led_pio_gen/ --quartus_dir=/opt/altera/13.0sp1/quartus --verilog --config=/tmp/alt6013_5615185237523033298.dir/0006_red_led_pio_gen//nios2VGA_red_led_pio_component_configuration.pl  --do_build_sim=0  ]
Info: red_led_pio: Done RTL generation for module 'nios2VGA_red_led_pio'
Info: red_led_pio: "nios2VGA" instantiated altera_avalon_pio "red_led_pio"
Info: external_clocks: Starting Generation of Required Clocks for DE-Series Boards
Info: external_clocks: "nios2VGA" instantiated altera_up_clocks "external_clocks"
Info: VGA_Dual_Clock_FIFO: Starting Generation of the Dual Clock Buffer
Info: VGA_Dual_Clock_FIFO: "nios2VGA" instantiated altera_up_avalon_video_dual_clock_buffer "VGA_Dual_Clock_FIFO"
Info: Alpha_Blending: Starting Generation of the Alpha Blender
Info: Alpha_Blending: "nios2VGA" instantiated altera_up_avalon_video_alpha_blender "Alpha_Blending"
Info: VGA_Controller: Starting Generation of VGA Controller
Info: VGA_Controller: "nios2VGA" instantiated altera_up_avalon_video_vga_controller "VGA_Controller"
Info: VGA_Character_buffer: Starting Generation of Character Buffer
Info: VGA_Character_buffer: "nios2VGA" instantiated altera_up_avalon_video_character_buffer_with_dma "VGA_Character_buffer"
Info: VGA_Scaler: Starting Generation of Video Scaler
Info: VGA_Scaler: "nios2VGA" instantiated altera_up_avalon_video_scaler "VGA_Scaler"
Info: VGA_pixel_RGB_Resampler: Starting Generation of Video RGB Resampler
Info: VGA_pixel_RGB_Resampler: "nios2VGA" instantiated altera_up_avalon_video_rgb_resampler "VGA_pixel_RGB_Resampler"
Info: VGA_Pixel_Buffer: Starting Generation of VGA Pixel Buffer
Info: VGA_Pixel_Buffer: "nios2VGA" instantiated altera_up_avalon_video_pixel_buffer_dma "VGA_Pixel_Buffer"
Info: SRAM: Starting Generation of SRAM or SSRAM Controller
Info: SRAM: "nios2VGA" instantiated altera_up_avalon_sram "SRAM"
Info: green_led_pio: Starting RTL generation for module 'nios2VGA_green_led_pio'
Info: green_led_pio:   Generation command is [exec /opt/altera/13.0sp1/quartus/linux/perl/bin/perl -I /opt/altera/13.0sp1/quartus/common/ip/altera/common/perl/5.8.3 -I /opt/altera/13.0sp1/quartus/sopc_builder/bin/europa -I /opt/altera/13.0sp1/quartus/sopc_builder/bin/perl_lib -I /opt/altera/13.0sp1/quartus/sopc_builder/bin -I /opt/altera/13.0sp1/quartus/../ip/altera/sopc_builder_ip/common -I /opt/altera/13.0sp1/quartus/../ip/altera/sopc_builder_ip/altera_avalon_pio -- /opt/altera/13.0sp1/quartus/../ip/altera/sopc_builder_ip/altera_avalon_pio/generate_rtl.pl --name=nios2VGA_green_led_pio --dir=/tmp/alt6013_5615185237523033298.dir/0016_green_led_pio_gen/ --quartus_dir=/opt/altera/13.0sp1/quartus --verilog --config=/tmp/alt6013_5615185237523033298.dir/0016_green_led_pio_gen//nios2VGA_green_led_pio_component_configuration.pl  --do_build_sim=0  ]
Info: green_led_pio: Done RTL generation for module 'nios2VGA_green_led_pio'
Info: green_led_pio: "nios2VGA" instantiated altera_avalon_pio "green_led_pio"
Info: key_pio: Starting RTL generation for module 'nios2VGA_key_pio'
Info: key_pio:   Generation command is [exec /opt/altera/13.0sp1/quartus/linux/perl/bin/perl -I /opt/altera/13.0sp1/quartus/common/ip/altera/common/perl/5.8.3 -I /opt/altera/13.0sp1/quartus/sopc_builder/bin/europa -I /opt/altera/13.0sp1/quartus/sopc_builder/bin/perl_lib -I /opt/altera/13.0sp1/quartus/sopc_builder/bin -I /opt/altera/13.0sp1/quartus/../ip/altera/sopc_builder_ip/common -I /opt/altera/13.0sp1/quartus/../ip/altera/sopc_builder_ip/altera_avalon_pio -- /opt/altera/13.0sp1/quartus/../ip/altera/sopc_builder_ip/altera_avalon_pio/generate_rtl.pl --name=nios2VGA_key_pio --dir=/tmp/alt6013_5615185237523033298.dir/0017_key_pio_gen/ --quartus_dir=/opt/altera/13.0sp1/quartus --verilog --config=/tmp/alt6013_5615185237523033298.dir/0017_key_pio_gen//nios2VGA_key_pio_component_configuration.pl  --do_build_sim=0  ]
Info: key_pio: Done RTL generation for module 'nios2VGA_key_pio'
Info: key_pio: "nios2VGA" instantiated altera_avalon_pio "key_pio"
Info: cpu_instruction_master_translator: "nios2VGA" instantiated altera_merlin_master_translator "cpu_instruction_master_translator"
Info: cpu_jtag_debug_module_translator: "nios2VGA" instantiated altera_merlin_slave_translator "cpu_jtag_debug_module_translator"
Info: cpu_instruction_master_translator_avalon_universal_master_0_agent: "nios2VGA" instantiated altera_merlin_master_agent "cpu_instruction_master_translator_avalon_universal_master_0_agent"
Info: cpu_jtag_debug_module_translator_avalon_universal_slave_0_agent: "nios2VGA" instantiated altera_merlin_slave_agent "cpu_jtag_debug_module_translator_avalon_universal_slave_0_agent"
Info: cpu_jtag_debug_module_translator_avalon_universal_slave_0_agent_rsp_fifo: "nios2VGA" instantiated altera_avalon_sc_fifo "cpu_jtag_debug_module_translator_avalon_universal_slave_0_agent_rsp_fifo"
Info: addr_router: "nios2VGA" instantiated altera_merlin_router "addr_router"
Info: addr_router_001: "nios2VGA" instantiated altera_merlin_router "addr_router_001"
Info: addr_router_002: "nios2VGA" instantiated altera_merlin_router "addr_router_002"
Info: id_router: "nios2VGA" instantiated altera_merlin_router "id_router"
Info: id_router_002: "nios2VGA" instantiated altera_merlin_router "id_router_002"
Info: id_router_007: "nios2VGA" instantiated altera_merlin_router "id_router_007"
Info: id_router_009: "nios2VGA" instantiated altera_merlin_router "id_router_009"
Info: burst_adapter: "nios2VGA" instantiated altera_merlin_burst_adapter "burst_adapter"
Info: rst_controller: "nios2VGA" instantiated altera_reset_controller "rst_controller"
Info: cmd_xbar_demux: "nios2VGA" instantiated altera_merlin_demultiplexer "cmd_xbar_demux"
Info: cmd_xbar_demux_001: "nios2VGA" instantiated altera_merlin_demultiplexer "cmd_xbar_demux_001"
Info: cmd_xbar_demux_002: "nios2VGA" instantiated altera_merlin_demultiplexer "cmd_xbar_demux_002"
Info: cmd_xbar_mux: "nios2VGA" instantiated altera_merlin_multiplexer "cmd_xbar_mux"
Info: cmd_xbar_mux_009: "nios2VGA" instantiated altera_merlin_multiplexer "cmd_xbar_mux_009"
Info: Reusing file /home/jacko/git/spectrumAnalyzer_DE2/nios2VGA/synthesis/submodules/altera_merlin_arbitrator.sv
Info: rsp_xbar_demux_002: "nios2VGA" instantiated altera_merlin_demultiplexer "rsp_xbar_demux_002"
Info: rsp_xbar_demux_007: "nios2VGA" instantiated altera_merlin_demultiplexer "rsp_xbar_demux_007"
Info: rsp_xbar_demux_009: "nios2VGA" instantiated altera_merlin_demultiplexer "rsp_xbar_demux_009"
Info: rsp_xbar_mux: "nios2VGA" instantiated altera_merlin_multiplexer "rsp_xbar_mux"
Info: Reusing file /home/jacko/git/spectrumAnalyzer_DE2/nios2VGA/synthesis/submodules/altera_merlin_arbitrator.sv
Info: rsp_xbar_mux_001: "nios2VGA" instantiated altera_merlin_multiplexer "rsp_xbar_mux_001"
Info: Reusing file /home/jacko/git/spectrumAnalyzer_DE2/nios2VGA/synthesis/submodules/altera_merlin_arbitrator.sv
Info: width_adapter: "nios2VGA" instantiated altera_merlin_width_adapter "width_adapter"
Info: Reusing file /home/jacko/git/spectrumAnalyzer_DE2/nios2VGA/synthesis/submodules/altera_merlin_address_alignment.sv
Info: Reusing file /home/jacko/git/spectrumAnalyzer_DE2/nios2VGA/synthesis/submodules/altera_merlin_burst_uncompressor.sv
Info: crosser: "nios2VGA" instantiated altera_avalon_st_handshake_clock_crosser "crosser"
Info: irq_mapper: "nios2VGA" instantiated altera_irq_mapper "irq_mapper"
Info: nios2VGA: Done nios2VGA" with 45 modules, 285 files, 5388443 bytes
Info: ip-generate succeeded.
Info: Finished: Create HDL design files for synthesis
