Archive member included because of file (symbol)

/opt/altera/13.0sp1/nios2eds/bin/gnu/H-i686-pc-linux-gnu/bin/../lib/gcc/nios2-elf/4.1.2/mno-hw-mul/libgcc.a(_sf_to_df.o)
                              obj/default/main.o (__extendsfdf2)
/opt/altera/13.0sp1/nios2eds/bin/gnu/H-i686-pc-linux-gnu/bin/../lib/gcc/nios2-elf/4.1.2/mno-hw-mul/libgcc.a(_make_df.o)
                              /opt/altera/13.0sp1/nios2eds/bin/gnu/H-i686-pc-linux-gnu/bin/../lib/gcc/nios2-elf/4.1.2/mno-hw-mul/libgcc.a(_sf_to_df.o) (__make_dp)
/opt/altera/13.0sp1/nios2eds/bin/gnu/H-i686-pc-linux-gnu/bin/../lib/gcc/nios2-elf/4.1.2/mno-hw-mul/libgcc.a(_unpack_sf.o)
                              /opt/altera/13.0sp1/nios2eds/bin/gnu/H-i686-pc-linux-gnu/bin/../lib/gcc/nios2-elf/4.1.2/mno-hw-mul/libgcc.a(_sf_to_df.o) (__unpack_f)
/opt/altera/13.0sp1/nios2eds/bin/gnu/H-i686-pc-linux-gnu/bin/../lib/gcc/nios2-elf/4.1.2/mno-hw-mul/libgcc.a(_pack_df.o)
                              /opt/altera/13.0sp1/nios2eds/bin/gnu/H-i686-pc-linux-gnu/bin/../lib/gcc/nios2-elf/4.1.2/mno-hw-mul/libgcc.a(_make_df.o) (__pack_d)
/opt/altera/13.0sp1/nios2eds/bin/gnu/H-i686-pc-linux-gnu/bin/../lib/gcc/nios2-elf/4.1.2/../../../../nios2-elf/lib/mno-hw-mul/libsmallc.a(lib_a-printf.o)
                              obj/default/main.o (printf)
/opt/altera/13.0sp1/nios2eds/bin/gnu/H-i686-pc-linux-gnu/bin/../lib/gcc/nios2-elf/4.1.2/../../../../nios2-elf/lib/mno-hw-mul/libsmallc.a(lib_a-puts.o)
                              obj/default/main.o (puts)
/opt/altera/13.0sp1/nios2eds/bin/gnu/H-i686-pc-linux-gnu/bin/../lib/gcc/nios2-elf/4.1.2/../../../../nios2-elf/lib/mno-hw-mul/libsmallc.a(lib_a-strlen.o)
                              /opt/altera/13.0sp1/nios2eds/bin/gnu/H-i686-pc-linux-gnu/bin/../lib/gcc/nios2-elf/4.1.2/../../../../nios2-elf/lib/mno-hw-mul/libsmallc.a(lib_a-puts.o) (strlen)
/opt/altera/13.0sp1/nios2eds/bin/gnu/H-i686-pc-linux-gnu/bin/../lib/gcc/nios2-elf/4.1.2/../../../../nios2-elf/lib/mno-hw-mul/libsmallc.a(lib_a-vfprintf.o)
                              /opt/altera/13.0sp1/nios2eds/bin/gnu/H-i686-pc-linux-gnu/bin/../lib/gcc/nios2-elf/4.1.2/../../../../nios2-elf/lib/mno-hw-mul/libsmallc.a(lib_a-printf.o) (___vfprintf_internal_r)
/opt/altera/13.0sp1/nios2eds/bin/gnu/H-i686-pc-linux-gnu/bin/../lib/gcc/nios2-elf/4.1.2/../../../../nios2-elf/lib/mno-hw-mul/libsmallc.a(lib_a-fvwrite_small_dev.o)
                              /opt/altera/13.0sp1/nios2eds/bin/gnu/H-i686-pc-linux-gnu/bin/../lib/gcc/nios2-elf/4.1.2/../../../../nios2-elf/lib/mno-hw-mul/libsmallc.a(lib_a-printf.o) (__sfvwrite_small_dev)
/opt/altera/13.0sp1/nios2eds/bin/gnu/H-i686-pc-linux-gnu/bin/../lib/gcc/nios2-elf/4.1.2/../../../../nios2-elf/lib/mno-hw-mul/libsmallc.a(lib_a-impure.o)
                              /opt/altera/13.0sp1/nios2eds/bin/gnu/H-i686-pc-linux-gnu/bin/../lib/gcc/nios2-elf/4.1.2/../../../../nios2-elf/lib/mno-hw-mul/libsmallc.a(lib_a-printf.o) (_impure_ptr)
/opt/altera/13.0sp1/nios2eds/bin/gnu/H-i686-pc-linux-gnu/bin/../lib/gcc/nios2-elf/4.1.2/../../../../nios2-elf/lib/mno-hw-mul/libsmallc.a(lib_a-writer.o)
                              /opt/altera/13.0sp1/nios2eds/bin/gnu/H-i686-pc-linux-gnu/bin/../lib/gcc/nios2-elf/4.1.2/../../../../nios2-elf/lib/mno-hw-mul/libsmallc.a(lib_a-fvwrite_small_dev.o) (_write_r)
/opt/altera/13.0sp1/nios2eds/bin/gnu/H-i686-pc-linux-gnu/bin/../lib/gcc/nios2-elf/4.1.2/../../../../nios2-elf/lib/mno-hw-mul/libsmallc.a(lib_a-int_errno.o)
                              /opt/altera/13.0sp1/nios2eds/bin/gnu/H-i686-pc-linux-gnu/bin/../lib/gcc/nios2-elf/4.1.2/../../../../nios2-elf/lib/mno-hw-mul/libsmallc.a(lib_a-writer.o) (errno)
/opt/altera/13.0sp1/nios2eds/bin/gnu/H-i686-pc-linux-gnu/bin/../lib/gcc/nios2-elf/4.1.2/mno-hw-mul/libgcc.a(lib2-divmod.o)
                              /opt/altera/13.0sp1/nios2eds/bin/gnu/H-i686-pc-linux-gnu/bin/../lib/gcc/nios2-elf/4.1.2/../../../../nios2-elf/lib/mno-hw-mul/libsmallc.a(lib_a-vfprintf.o) (__udivsi3)
/opt/altera/13.0sp1/nios2eds/bin/gnu/H-i686-pc-linux-gnu/bin/../lib/gcc/nios2-elf/4.1.2/mno-hw-mul/libgcc.a(lib2-mul.o)
                              /opt/altera/13.0sp1/nios2eds/bin/gnu/H-i686-pc-linux-gnu/bin/../lib/gcc/nios2-elf/4.1.2/../../../../nios2-elf/lib/mno-hw-mul/libsmallc.a(lib_a-vfprintf.o) (__mulsi3)
../NIOS2_VGA_bsp/libhal_bsp.a(alt_load.o)
                              ../NIOS2_VGA_bsp/obj/HAL/src/crt0.o (alt_load)
../NIOS2_VGA_bsp/libhal_bsp.a(alt_main.o)
                              ../NIOS2_VGA_bsp/obj/HAL/src/crt0.o (alt_main)
../NIOS2_VGA_bsp/libhal_bsp.a(alt_usleep.o)
                              obj/default/main.o (usleep)
../NIOS2_VGA_bsp/libhal_bsp.a(alt_write.o)
                              /opt/altera/13.0sp1/nios2eds/bin/gnu/H-i686-pc-linux-gnu/bin/../lib/gcc/nios2-elf/4.1.2/../../../../nios2-elf/lib/mno-hw-mul/libsmallc.a(lib_a-writer.o) (write)
../NIOS2_VGA_bsp/libhal_bsp.a(alt_sys_init.o)
                              ../NIOS2_VGA_bsp/libhal_bsp.a(alt_main.o) (alt_sys_init)
../NIOS2_VGA_bsp/libhal_bsp.a(altera_avalon_jtag_uart_fd.o)
                              ../NIOS2_VGA_bsp/libhal_bsp.a(alt_sys_init.o) (altera_avalon_jtag_uart_write_fd)
../NIOS2_VGA_bsp/libhal_bsp.a(altera_avalon_jtag_uart_read.o)
                              ../NIOS2_VGA_bsp/libhal_bsp.a(altera_avalon_jtag_uart_fd.o) (altera_avalon_jtag_uart_read)
../NIOS2_VGA_bsp/libhal_bsp.a(altera_avalon_jtag_uart_write.o)
                              ../NIOS2_VGA_bsp/libhal_bsp.a(altera_avalon_jtag_uart_fd.o) (altera_avalon_jtag_uart_write)
../NIOS2_VGA_bsp/libhal_bsp.a(altera_avalon_timer_sc.o)
                              ../NIOS2_VGA_bsp/libhal_bsp.a(alt_sys_init.o) (alt_avalon_timer_sc_init)
../NIOS2_VGA_bsp/libhal_bsp.a(altera_up_avalon_video_character_buffer_with_dma.o)
                              obj/default/main.o (alt_up_char_buffer_open_dev)
../NIOS2_VGA_bsp/libhal_bsp.a(altera_up_avalon_video_pixel_buffer_dma.o)
                              obj/default/main.o (alt_up_pixel_buffer_dma_draw_box)
../NIOS2_VGA_bsp/libhal_bsp.a(alt_busy_sleep.o)
                              ../NIOS2_VGA_bsp/libhal_bsp.a(alt_usleep.o) (alt_busy_sleep)
../NIOS2_VGA_bsp/libhal_bsp.a(alt_close.o)
                              ../NIOS2_VGA_bsp/libhal_bsp.a(alt_main.o) (close)
../NIOS2_VGA_bsp/libhal_bsp.a(alt_dcache_flush_all.o)
                              ../NIOS2_VGA_bsp/libhal_bsp.a(alt_load.o) (alt_dcache_flush_all)
../NIOS2_VGA_bsp/libhal_bsp.a(alt_dev.o)
                              ../NIOS2_VGA_bsp/libhal_bsp.a(alt_sys_init.o) (alt_dev_list)
../NIOS2_VGA_bsp/libhal_bsp.a(alt_dev_llist_insert.o)
                              ../NIOS2_VGA_bsp/libhal_bsp.a(alt_sys_init.o) (alt_dev_llist_insert)
../NIOS2_VGA_bsp/libhal_bsp.a(alt_errno.o)
                              ../NIOS2_VGA_bsp/libhal_bsp.a(alt_write.o) (alt_errno)
../NIOS2_VGA_bsp/libhal_bsp.a(alt_find_dev.o)
                              ../NIOS2_VGA_bsp/libhal_bsp.a(altera_up_avalon_video_character_buffer_with_dma.o) (alt_find_dev)
../NIOS2_VGA_bsp/libhal_bsp.a(alt_icache_flush_all.o)
                              ../NIOS2_VGA_bsp/libhal_bsp.a(alt_load.o) (alt_icache_flush_all)
../NIOS2_VGA_bsp/libhal_bsp.a(alt_iic.o)
                              ../NIOS2_VGA_bsp/libhal_bsp.a(altera_avalon_timer_sc.o) (alt_ic_isr_register)
../NIOS2_VGA_bsp/libhal_bsp.a(alt_iic_isr_register.o)
                              ../NIOS2_VGA_bsp/libhal_bsp.a(alt_iic.o) (alt_iic_isr_register)
../NIOS2_VGA_bsp/libhal_bsp.a(alt_io_redirect.o)
                              ../NIOS2_VGA_bsp/libhal_bsp.a(alt_main.o) (alt_io_redirect)
../NIOS2_VGA_bsp/libhal_bsp.a(alt_irq_entry.o)
                              ../NIOS2_VGA_bsp/libhal_bsp.a(alt_iic_isr_register.o) (alt_irq_entry)
../NIOS2_VGA_bsp/libhal_bsp.a(alt_irq_handler.o)
                              ../NIOS2_VGA_bsp/libhal_bsp.a(alt_iic_isr_register.o) (alt_irq_handler)
../NIOS2_VGA_bsp/libhal_bsp.a(alt_irq_vars.o)
                              ../NIOS2_VGA_bsp/libhal_bsp.a(alt_iic.o) (alt_irq_active)
../NIOS2_VGA_bsp/libhal_bsp.a(alt_open.o)
                              ../NIOS2_VGA_bsp/libhal_bsp.a(alt_io_redirect.o) (open)
../NIOS2_VGA_bsp/libhal_bsp.a(alt_release_fd.o)
                              ../NIOS2_VGA_bsp/libhal_bsp.a(alt_close.o) (alt_release_fd)
../NIOS2_VGA_bsp/libhal_bsp.a(alt_tick.o)
                              ../NIOS2_VGA_bsp/libhal_bsp.a(altera_avalon_timer_sc.o) (alt_tick)
../NIOS2_VGA_bsp/libhal_bsp.a(altera_nios2_qsys_irq.o)
                              ../NIOS2_VGA_bsp/libhal_bsp.a(alt_sys_init.o) (altera_nios2_qsys_irq_init)
../NIOS2_VGA_bsp/libhal_bsp.a(alt_exception_entry.o)
                              ../NIOS2_VGA_bsp/libhal_bsp.a(alt_irq_entry.o) (alt_exception)
../NIOS2_VGA_bsp/libhal_bsp.a(alt_find_file.o)
                              ../NIOS2_VGA_bsp/libhal_bsp.a(alt_open.o) (alt_find_file)
../NIOS2_VGA_bsp/libhal_bsp.a(alt_get_fd.o)
                              ../NIOS2_VGA_bsp/libhal_bsp.a(alt_open.o) (alt_get_fd)
/opt/altera/13.0sp1/nios2eds/bin/gnu/H-i686-pc-linux-gnu/bin/../lib/gcc/nios2-elf/4.1.2/../../../../nios2-elf/lib/mno-hw-mul/libsmallc.a(lib_a-exit.o)
                              ../NIOS2_VGA_bsp/libhal_bsp.a(alt_main.o) (exit)
/opt/altera/13.0sp1/nios2eds/bin/gnu/H-i686-pc-linux-gnu/bin/../lib/gcc/nios2-elf/4.1.2/../../../../nios2-elf/lib/mno-hw-mul/libsmallc.a(lib_a-memcmp.o)
                              ../NIOS2_VGA_bsp/libhal_bsp.a(alt_find_dev.o) (memcmp)
/opt/altera/13.0sp1/nios2eds/bin/gnu/H-i686-pc-linux-gnu/bin/../lib/gcc/nios2-elf/4.1.2/../../../../nios2-elf/lib/mno-hw-mul/libsmallc.a(lib_a-strcmp.o)
                              ../NIOS2_VGA_bsp/libhal_bsp.a(altera_up_avalon_video_character_buffer_with_dma.o) (strcmp)
/opt/altera/13.0sp1/nios2eds/bin/gnu/H-i686-pc-linux-gnu/bin/../lib/gcc/nios2-elf/4.1.2/../../../../nios2-elf/lib/mno-hw-mul/libsmallc.a(lib_a-__call_atexit.o)
                              /opt/altera/13.0sp1/nios2eds/bin/gnu/H-i686-pc-linux-gnu/bin/../lib/gcc/nios2-elf/4.1.2/../../../../nios2-elf/lib/mno-hw-mul/libsmallc.a(lib_a-exit.o) (__call_exitprocs)
../NIOS2_VGA_bsp/libhal_bsp.a(alt_exit.o)
                              /opt/altera/13.0sp1/nios2eds/bin/gnu/H-i686-pc-linux-gnu/bin/../lib/gcc/nios2-elf/4.1.2/../../../../nios2-elf/lib/mno-hw-mul/libsmallc.a(lib_a-exit.o) (_exit)

Allocating common symbols
Common symbol       size              file

alt_irq             0x100             ../NIOS2_VGA_bsp/libhal_bsp.a(alt_irq_handler.o)
errno               0x4               /opt/altera/13.0sp1/nios2eds/bin/gnu/H-i686-pc-linux-gnu/bin/../lib/gcc/nios2-elf/4.1.2/../../../../nios2-elf/lib/mno-hw-mul/libsmallc.a(lib_a-int_errno.o)
char_buffer_dev     0x4               obj/default/main.o
pixel_buffer_dev    0x4               obj/default/main.o

Memory Configuration

Name             Origin             Length             Attributes
reset            0x00800000         0x00000020
onchip_mem       0x00800020         0x000761e0
*default*        0x00000000         0xffffffff

Linker script and memory map

LOAD ../NIOS2_VGA_bsp/obj/HAL/src/crt0.o
LOAD obj/default/main.o
LOAD /opt/altera/13.0sp1/nios2eds/bin/gnu/H-i686-pc-linux-gnu/bin/../lib/gcc/nios2-elf/4.1.2/../../../../nios2-elf/lib/mno-hw-mul/libstdc++.a
LOAD /opt/altera/13.0sp1/nios2eds/bin/gnu/H-i686-pc-linux-gnu/bin/../lib/gcc/nios2-elf/4.1.2/../../../../nios2-elf/lib/mno-hw-mul/libm.a
LOAD /opt/altera/13.0sp1/nios2eds/bin/gnu/H-i686-pc-linux-gnu/bin/../lib/gcc/nios2-elf/4.1.2/mno-hw-mul/libgcc.a
START GROUP
LOAD /opt/altera/13.0sp1/nios2eds/bin/gnu/H-i686-pc-linux-gnu/bin/../lib/gcc/nios2-elf/4.1.2/../../../../nios2-elf/lib/mno-hw-mul/libsmallc.a
LOAD /opt/altera/13.0sp1/nios2eds/bin/gnu/H-i686-pc-linux-gnu/bin/../lib/gcc/nios2-elf/4.1.2/mno-hw-mul/libgcc.a
LOAD ../NIOS2_VGA_bsp/libhal_bsp.a
END GROUP
LOAD /opt/altera/13.0sp1/nios2eds/bin/gnu/H-i686-pc-linux-gnu/bin/../lib/gcc/nios2-elf/4.1.2/mno-hw-mul/libgcc.a
                0x00800000                __alt_mem_onchip_mem = 0x800000

.entry          0x00800000       0x20
 *(.entry)
 .entry         0x00800000       0x20 ../NIOS2_VGA_bsp/obj/HAL/src/crt0.o
                0x00800000                __reset

.exceptions     0x00800020      0x120
                0x00800020                PROVIDE (__ram_exceptions_start, ABSOLUTE (.))
                0x00800020                . = ALIGN (0x20)
 *(.irq)
 *(.exceptions.entry.label)
 .exceptions.entry.label
                0x00800020        0x0 ../NIOS2_VGA_bsp/libhal_bsp.a(alt_irq_entry.o)
                0x00800020                alt_irq_entry
 .exceptions.entry.label
                0x00800020        0x0 ../NIOS2_VGA_bsp/libhal_bsp.a(alt_exception_entry.o)
                0x00800020                alt_exception
 *(.exceptions.entry.user)
 *(.exceptions.entry)
 .exceptions.entry
                0x00800020       0x54 ../NIOS2_VGA_bsp/libhal_bsp.a(alt_exception_entry.o)
 *(.exceptions.irqtest.user)
 *(.exceptions.irqtest)
 .exceptions.irqtest
                0x00800074       0x10 ../NIOS2_VGA_bsp/libhal_bsp.a(alt_irq_entry.o)
 *(.exceptions.irqhandler.user)
 *(.exceptions.irqhandler)
 .exceptions.irqhandler
                0x00800084        0x4 ../NIOS2_VGA_bsp/libhal_bsp.a(alt_irq_entry.o)
 *(.exceptions.irqreturn.user)
 *(.exceptions.irqreturn)
 .exceptions.irqreturn
                0x00800088        0x4 ../NIOS2_VGA_bsp/libhal_bsp.a(alt_irq_entry.o)
 *(.exceptions.notirq.label)
 .exceptions.notirq.label
                0x0080008c        0x0 ../NIOS2_VGA_bsp/libhal_bsp.a(alt_irq_entry.o)
 *(.exceptions.notirq.user)
 *(.exceptions.notirq)
 .exceptions.notirq
                0x0080008c        0x8 ../NIOS2_VGA_bsp/libhal_bsp.a(alt_exception_entry.o)
 *(.exceptions.soft.user)
 *(.exceptions.soft)
 *(.exceptions.unknown.user)
 *(.exceptions.unknown)
 .exceptions.unknown
                0x00800094        0x4 ../NIOS2_VGA_bsp/libhal_bsp.a(alt_exception_entry.o)
 *(.exceptions.exit.label)
 .exceptions.exit.label
                0x00800098        0x0 ../NIOS2_VGA_bsp/libhal_bsp.a(alt_irq_entry.o)
 .exceptions.exit.label
                0x00800098        0x0 ../NIOS2_VGA_bsp/libhal_bsp.a(alt_exception_entry.o)
 *(.exceptions.exit.user)
 *(.exceptions.exit)
 .exceptions.exit
                0x00800098       0x54 ../NIOS2_VGA_bsp/libhal_bsp.a(alt_exception_entry.o)
 *(.exceptions)
 .exceptions    0x008000ec       0x54 ../NIOS2_VGA_bsp/libhal_bsp.a(alt_irq_handler.o)
                0x008000ec                alt_irq_handler
                0x00800140                PROVIDE (__ram_exceptions_end, ABSOLUTE (.))
                0x00800020                PROVIDE (__flash_exceptions_start, LOADADDR (.exceptions))

.text           0x00800140     0x2dd0
                0x00800140                PROVIDE (stext, ABSOLUTE (.))
 *(.interp)
 *(.hash)
 *(.dynsym)
 *(.dynstr)
 *(.gnu.version)
 *(.gnu.version_d)
 *(.gnu.version_r)
 *(.rel.init)
 *(.rela.init)
 *(.rel.text .rel.text.* .rel.gnu.linkonce.t.*)
 *(.rela.text .rela.text.* .rela.gnu.linkonce.t.*)
 *(.rel.fini)
 *(.rela.fini)
 *(.rel.rodata .rel.rodata.* .rel.gnu.linkonce.r.*)
 *(.rela.rodata .rela.rodata.* .rela.gnu.linkonce.r.*)
 *(.rel.data .rel.data.* .rel.gnu.linkonce.d.*)
 *(.rela.data .rela.data.* .rela.gnu.linkonce.d.*)
 *(.rel.tdata .rel.tdata.* .rel.gnu.linkonce.td.*)
 *(.rela.tdata .rela.tdata.* .rela.gnu.linkonce.td.*)
 *(.rel.tbss .rel.tbss.* .rel.gnu.linkonce.tb.*)
 *(.rela.tbss .rela.tbss.* .rela.gnu.linkonce.tb.*)
 *(.rel.ctors)
 *(.rela.ctors)
 *(.rel.dtors)
 *(.rela.dtors)
 *(.rel.got)
 *(.rela.got)
 *(.rel.sdata .rel.sdata.* .rel.gnu.linkonce.s.*)
 *(.rela.sdata .rela.sdata.* .rela.gnu.linkonce.s.*)
 *(.rel.sbss .rel.sbss.* .rel.gnu.linkonce.sb.*)
 *(.rela.sbss .rela.sbss.* .rela.gnu.linkonce.sb.*)
 *(.rel.sdata2 .rel.sdata2.* .rel.gnu.linkonce.s2.*)
 *(.rela.sdata2 .rela.sdata2.* .rela.gnu.linkonce.s2.*)
 *(.rel.sbss2 .rel.sbss2.* .rel.gnu.linkonce.sb2.*)
 *(.rela.sbss2 .rela.sbss2.* .rela.gnu.linkonce.sb2.*)
 *(.rel.bss .rel.bss.* .rel.gnu.linkonce.b.*)
 *(.rela.bss .rela.bss.* .rela.gnu.linkonce.b.*)
 *(.rel.plt)
 *(.rela.plt)
 *(.rel.dyn)
 *(.init)
 *(.plt)
 *(.text .stub .text.* .gnu.linkonce.t.*)
 .text          0x00800140       0x3c ../NIOS2_VGA_bsp/obj/HAL/src/crt0.o
                0x00800140                _start
 .text          0x0080017c      0x258 obj/default/main.o
                0x0080017c                temp
                0x0080022c                init
                0x00800268                main
 .text          0x008003d4       0x54 /opt/altera/13.0sp1/nios2eds/bin/gnu/H-i686-pc-linux-gnu/bin/../lib/gcc/nios2-elf/4.1.2/mno-hw-mul/libgcc.a(_sf_to_df.o)
                0x008003d4                __extendsfdf2
 .text          0x00800428       0x38 /opt/altera/13.0sp1/nios2eds/bin/gnu/H-i686-pc-linux-gnu/bin/../lib/gcc/nios2-elf/4.1.2/mno-hw-mul/libgcc.a(_make_df.o)
                0x00800428                __make_dp
 .text          0x00800460       0xc8 /opt/altera/13.0sp1/nios2eds/bin/gnu/H-i686-pc-linux-gnu/bin/../lib/gcc/nios2-elf/4.1.2/mno-hw-mul/libgcc.a(_unpack_sf.o)
                0x00800460                __unpack_f
 .text          0x00800528      0x314 /opt/altera/13.0sp1/nios2eds/bin/gnu/H-i686-pc-linux-gnu/bin/../lib/gcc/nios2-elf/4.1.2/mno-hw-mul/libgcc.a(_pack_df.o)
                0x00800528                __pack_d
 .text          0x0080083c       0x98 /opt/altera/13.0sp1/nios2eds/bin/gnu/H-i686-pc-linux-gnu/bin/../lib/gcc/nios2-elf/4.1.2/../../../../nios2-elf/lib/mno-hw-mul/libsmallc.a(lib_a-printf.o)
                0x0080083c                printf
                0x00800890                _printf_r
 .text          0x008008d4       0xa4 /opt/altera/13.0sp1/nios2eds/bin/gnu/H-i686-pc-linux-gnu/bin/../lib/gcc/nios2-elf/4.1.2/../../../../nios2-elf/lib/mno-hw-mul/libsmallc.a(lib_a-puts.o)
                0x008008d4                _puts_r
                0x00800964                puts
 .text          0x00800978       0x20 /opt/altera/13.0sp1/nios2eds/bin/gnu/H-i686-pc-linux-gnu/bin/../lib/gcc/nios2-elf/4.1.2/../../../../nios2-elf/lib/mno-hw-mul/libsmallc.a(lib_a-strlen.o)
                0x00800978                strlen
 .text          0x00800998      0x740 /opt/altera/13.0sp1/nios2eds/bin/gnu/H-i686-pc-linux-gnu/bin/../lib/gcc/nios2-elf/4.1.2/../../../../nios2-elf/lib/mno-hw-mul/libsmallc.a(lib_a-vfprintf.o)
                0x00800a18                ___vfprintf_internal_r
                0x008010b4                __vfprintf_internal
 .text          0x008010d8       0xbc /opt/altera/13.0sp1/nios2eds/bin/gnu/H-i686-pc-linux-gnu/bin/../lib/gcc/nios2-elf/4.1.2/../../../../nios2-elf/lib/mno-hw-mul/libsmallc.a(lib_a-fvwrite_small_dev.o)
                0x008010d8                __sfvwrite_small_dev
 .text          0x00801194        0x0 /opt/altera/13.0sp1/nios2eds/bin/gnu/H-i686-pc-linux-gnu/bin/../lib/gcc/nios2-elf/4.1.2/../../../../nios2-elf/lib/mno-hw-mul/libsmallc.a(lib_a-impure.o)
 .text          0x00801194       0x78 /opt/altera/13.0sp1/nios2eds/bin/gnu/H-i686-pc-linux-gnu/bin/../lib/gcc/nios2-elf/4.1.2/../../../../nios2-elf/lib/mno-hw-mul/libsmallc.a(lib_a-writer.o)
                0x00801194                _write_r
 .text          0x0080120c        0x0 /opt/altera/13.0sp1/nios2eds/bin/gnu/H-i686-pc-linux-gnu/bin/../lib/gcc/nios2-elf/4.1.2/../../../../nios2-elf/lib/mno-hw-mul/libsmallc.a(lib_a-int_errno.o)
 .text          0x0080120c      0x14c /opt/altera/13.0sp1/nios2eds/bin/gnu/H-i686-pc-linux-gnu/bin/../lib/gcc/nios2-elf/4.1.2/mno-hw-mul/libgcc.a(lib2-divmod.o)
                0x00801288                __divsi3
                0x008012e8                __modsi3
                0x00801348                __udivsi3
                0x00801350                __umodsi3
 .text          0x00801358       0x38 /opt/altera/13.0sp1/nios2eds/bin/gnu/H-i686-pc-linux-gnu/bin/../lib/gcc/nios2-elf/4.1.2/mno-hw-mul/libgcc.a(lib2-mul.o)
                0x00801358                __mulsi3
 .text          0x00801390       0x8c ../NIOS2_VGA_bsp/libhal_bsp.a(alt_load.o)
                0x008013b0                alt_load
 .text          0x0080141c       0x50 ../NIOS2_VGA_bsp/libhal_bsp.a(alt_main.o)
                0x0080141c                alt_main
 .text          0x0080146c        0x4 ../NIOS2_VGA_bsp/libhal_bsp.a(alt_usleep.o)
                0x0080146c                usleep
 .text          0x00801470       0xd4 ../NIOS2_VGA_bsp/libhal_bsp.a(alt_write.o)
                0x00801490                write
 .text          0x00801544      0x184 ../NIOS2_VGA_bsp/libhal_bsp.a(alt_sys_init.o)
                0x00801550                alt_sys_init
                0x008016a8                alt_irq_init
 .text          0x008016c8       0x20 ../NIOS2_VGA_bsp/libhal_bsp.a(altera_avalon_jtag_uart_fd.o)
                0x008016c8                altera_avalon_jtag_uart_write_fd
                0x008016d8                altera_avalon_jtag_uart_read_fd
 .text          0x008016e8       0x60 ../NIOS2_VGA_bsp/libhal_bsp.a(altera_avalon_jtag_uart_read.o)
                0x008016e8                altera_avalon_jtag_uart_read
 .text          0x00801748       0x34 ../NIOS2_VGA_bsp/libhal_bsp.a(altera_avalon_jtag_uart_write.o)
                0x00801748                altera_avalon_jtag_uart_write
 .text          0x0080177c       0x8c ../NIOS2_VGA_bsp/libhal_bsp.a(altera_avalon_timer_sc.o)
                0x0080177c                alt_avalon_timer_sc_init
 .text          0x00801808      0x12c ../NIOS2_VGA_bsp/libhal_bsp.a(altera_up_avalon_video_character_buffer_with_dma.o)
                0x00801808                alt_up_char_buffer_string
                0x00801860                alt_up_char_buffer_draw
                0x008018b8                alt_up_char_buffer_clear
                0x008018dc                alt_up_char_buffer_open_dev
                0x008018e8                alt_up_char_buffer_init
 .text          0x00801934      0xb68 ../NIOS2_VGA_bsp/libhal_bsp.a(altera_up_avalon_video_pixel_buffer_dma.o)
                0x00801934                helper_plot_pixel
                0x008019dc                alt_up_pixel_buffer_dma_draw_line
                0x00801bcc                alt_up_pixel_buffer_dma_draw_vline
                0x00801db4                alt_up_pixel_buffer_dma_draw_hline
                0x00801f70                alt_up_pixel_buffer_dma_draw_rectangle
                0x0080203c                alt_up_pixel_buffer_dma_draw_box
                0x008022a8                alt_up_pixel_buffer_dma_clear_screen
                0x00802354                alt_up_pixel_buffer_dma_swap_buffers
                0x00802378                alt_up_pixel_buffer_dma_draw
                0x00802458                alt_up_pixel_buffer_dma_check_swap_buffers_status
                0x00802468                alt_up_pixel_buffer_dma_change_back_buffer_address
                0x00802490                alt_up_pixel_buffer_dma_open_dev
 .text          0x0080249c       0x8c ../NIOS2_VGA_bsp/libhal_bsp.a(alt_busy_sleep.o)
                0x0080249c                alt_busy_sleep
 .text          0x00802528       0xbc ../NIOS2_VGA_bsp/libhal_bsp.a(alt_close.o)
                0x00802548                close
 .text          0x008025e4        0x4 ../NIOS2_VGA_bsp/libhal_bsp.a(alt_dcache_flush_all.o)
                0x008025e4                alt_dcache_flush_all
 .text          0x008025e8        0x8 ../NIOS2_VGA_bsp/libhal_bsp.a(alt_dev.o)
 .text          0x008025f0       0x70 ../NIOS2_VGA_bsp/libhal_bsp.a(alt_dev_llist_insert.o)
                0x008025f0                alt_dev_llist_insert
 .text          0x00802660        0x0 ../NIOS2_VGA_bsp/libhal_bsp.a(alt_errno.o)
 .text          0x00802660       0x70 ../NIOS2_VGA_bsp/libhal_bsp.a(alt_find_dev.o)
                0x00802660                alt_find_dev
 .text          0x008026d0        0x4 ../NIOS2_VGA_bsp/libhal_bsp.a(alt_icache_flush_all.o)
                0x008026d0                alt_icache_flush_all
 .text          0x008026d4       0x9c ../NIOS2_VGA_bsp/libhal_bsp.a(alt_iic.o)
                0x008026d4                alt_ic_irq_enabled
                0x008026ec                alt_ic_irq_enable
                0x0080272c                alt_ic_irq_disable
                0x0080276c                alt_ic_isr_register
 .text          0x00802770       0x6c ../NIOS2_VGA_bsp/libhal_bsp.a(alt_iic_isr_register.o)
                0x00802770                alt_iic_isr_register
 .text          0x008027dc      0x114 ../NIOS2_VGA_bsp/libhal_bsp.a(alt_io_redirect.o)
                0x00802864                alt_io_redirect
 .text          0x008028f0        0x0 ../NIOS2_VGA_bsp/libhal_bsp.a(alt_irq_entry.o)
 .text          0x008028f0        0x0 ../NIOS2_VGA_bsp/libhal_bsp.a(alt_irq_handler.o)
 .text          0x008028f0        0x0 ../NIOS2_VGA_bsp/libhal_bsp.a(alt_irq_vars.o)
 .text          0x008028f0      0x17c ../NIOS2_VGA_bsp/libhal_bsp.a(alt_open.o)
                0x008028f0                open
 .text          0x00802a6c       0x5c ../NIOS2_VGA_bsp/libhal_bsp.a(alt_release_fd.o)
                0x00802a6c                alt_release_fd
 .text          0x00802ac8       0xe0 ../NIOS2_VGA_bsp/libhal_bsp.a(alt_tick.o)
                0x00802ac8                alt_alarm_stop
                0x00802afc                alt_tick
 .text          0x00802ba8        0x8 ../NIOS2_VGA_bsp/libhal_bsp.a(altera_nios2_qsys_irq.o)
                0x00802ba8                altera_nios2_qsys_irq_init
 .text          0x00802bb0        0x0 ../NIOS2_VGA_bsp/libhal_bsp.a(alt_exception_entry.o)
 .text          0x00802bb0       0x9c ../NIOS2_VGA_bsp/libhal_bsp.a(alt_find_file.o)
                0x00802bb0                alt_find_file
 .text          0x00802c4c       0x5c ../NIOS2_VGA_bsp/libhal_bsp.a(alt_get_fd.o)
                0x00802c4c                alt_get_fd
 .text          0x00802ca8       0x20 /opt/altera/13.0sp1/nios2eds/bin/gnu/H-i686-pc-linux-gnu/bin/../lib/gcc/nios2-elf/4.1.2/../../../../nios2-elf/lib/mno-hw-mul/libsmallc.a(lib_a-exit.o)
                0x00802ca8                exit
 .text          0x00802cc8       0x3c /opt/altera/13.0sp1/nios2eds/bin/gnu/H-i686-pc-linux-gnu/bin/../lib/gcc/nios2-elf/4.1.2/../../../../nios2-elf/lib/mno-hw-mul/libsmallc.a(lib_a-memcmp.o)
                0x00802cc8                memcmp
 .text          0x00802d04       0x34 /opt/altera/13.0sp1/nios2eds/bin/gnu/H-i686-pc-linux-gnu/bin/../lib/gcc/nios2-elf/4.1.2/../../../../nios2-elf/lib/mno-hw-mul/libsmallc.a(lib_a-strcmp.o)
                0x00802d04                strcmp
 .text          0x00802d38      0x1c0 /opt/altera/13.0sp1/nios2eds/bin/gnu/H-i686-pc-linux-gnu/bin/../lib/gcc/nios2-elf/4.1.2/../../../../nios2-elf/lib/mno-hw-mul/libsmallc.a(lib_a-__call_atexit.o)
                0x00802d3c                __call_exitprocs
 .text          0x00802ef8       0x14 ../NIOS2_VGA_bsp/libhal_bsp.a(alt_exit.o)
                0x00802ef8                _exit
 *(.gnu.warning.*)
 *(.fini)
                0x00802f0c                PROVIDE (__etext, ABSOLUTE (.))
                0x00802f0c                PROVIDE (_etext, ABSOLUTE (.))
                0x00802f0c                PROVIDE (etext, ABSOLUTE (.))
 *(.eh_frame_hdr)
                0x00802f0c                . = ALIGN (0x4)
                0x00802f0c                PROVIDE (__preinit_array_start, ABSOLUTE (.))
 *(.preinit_array)
                0x00802f0c                PROVIDE (__preinit_array_end, ABSOLUTE (.))
                0x00802f0c                PROVIDE (__init_array_start, ABSOLUTE (.))
 *(.init_array)
                0x00802f0c                PROVIDE (__init_array_end, ABSOLUTE (.))
                0x00802f0c                PROVIDE (__fini_array_start, ABSOLUTE (.))
 *(.fini_array)
                0x00802f0c                PROVIDE (__fini_array_end, ABSOLUTE (.))
 *(.eh_frame)
 *(.gcc_except_table)
 *(.dynamic)
                0x00802f0c                PROVIDE (__CTOR_LIST__, ABSOLUTE (.))
 *(.ctors)
 *(SORT(.ctors.*))
 .ctors.65535   0x00802f0c        0x4 /opt/altera/13.0sp1/nios2eds/bin/gnu/H-i686-pc-linux-gnu/bin/../lib/gcc/nios2-elf/4.1.2/../../../../nios2-elf/lib/mno-hw-mul/libsmallc.a(lib_a-__call_atexit.o)
                0x00802f10                PROVIDE (__CTOR_END__, ABSOLUTE (.))
                0x00802f10                PROVIDE (__DTOR_LIST__, ABSOLUTE (.))
 *(.dtors)
 *(SORT(.dtors.*))
                0x00802f10                PROVIDE (__DTOR_END__, ABSOLUTE (.))
 *(.jcr)
                0x00802f10                . = ALIGN (0x4)

.rodata         0x00802f10     0x2104
                0x00802f10                PROVIDE (__ram_rodata_start, ABSOLUTE (.))
                0x00802f10                . = ALIGN (0x4)
 *(.rodata .rodata.* .gnu.linkonce.r.*)
 .rodata        0x00802f10     0x207c obj/default/main.o
                0x00802f5c                tempFFT
 .rodata.str1.4
                0x00804f8c        0x2 /opt/altera/13.0sp1/nios2eds/bin/gnu/H-i686-pc-linux-gnu/bin/../lib/gcc/nios2-elf/4.1.2/../../../../nios2-elf/lib/mno-hw-mul/libsmallc.a(lib_a-puts.o)
                                  0x4 (size before relaxing)
 *fill*         0x00804f8e        0x2 00
 .rodata.str1.4
                0x00804f90        0xf ../NIOS2_VGA_bsp/libhal_bsp.a(alt_main.o)
                                 0x10 (size before relaxing)
 *fill*         0x00804f9f        0x1 00
 .rodata.str1.4
                0x00804fa0       0x4a ../NIOS2_VGA_bsp/libhal_bsp.a(alt_sys_init.o)
                                 0x5c (size before relaxing)
 *fill*         0x00804fea        0x2 00
 .rodata.str1.4
                0x00804fec       0x1a ../NIOS2_VGA_bsp/libhal_bsp.a(altera_up_avalon_video_character_buffer_with_dma.o)
                                 0x1c (size before relaxing)
 *fill*         0x00805006        0x2 00
 .rodata.str1.4
                0x00805008        0xc ../NIOS2_VGA_bsp/libhal_bsp.a(alt_dev.o)
 *(.rodata1)
                0x00805014                . = ALIGN (0x4)
                0x00805014                PROVIDE (__ram_rodata_end, ABSOLUTE (.))
                0x00802f10                PROVIDE (__flash_rodata_start, LOADADDR (.rodata))

.rwdata         0x00805014      0x39c load address 0x008053b0
                0x00805014                PROVIDE (__ram_rwdata_start, ABSOLUTE (.))
                0x00805014                . = ALIGN (0x4)
 *(.got.plt)
 *(.got)
 *(.data1)
 *(.data .data.* .gnu.linkonce.d.*)
 .data          0x00805014        0x0 ../NIOS2_VGA_bsp/obj/HAL/src/crt0.o
 .data          0x00805014        0x0 obj/default/main.o
 .data          0x00805014        0x0 /opt/altera/13.0sp1/nios2eds/bin/gnu/H-i686-pc-linux-gnu/bin/../lib/gcc/nios2-elf/4.1.2/mno-hw-mul/libgcc.a(_sf_to_df.o)
 .data          0x00805014        0x0 /opt/altera/13.0sp1/nios2eds/bin/gnu/H-i686-pc-linux-gnu/bin/../lib/gcc/nios2-elf/4.1.2/mno-hw-mul/libgcc.a(_make_df.o)
 .data          0x00805014        0x0 /opt/altera/13.0sp1/nios2eds/bin/gnu/H-i686-pc-linux-gnu/bin/../lib/gcc/nios2-elf/4.1.2/mno-hw-mul/libgcc.a(_unpack_sf.o)
 .data          0x00805014        0x0 /opt/altera/13.0sp1/nios2eds/bin/gnu/H-i686-pc-linux-gnu/bin/../lib/gcc/nios2-elf/4.1.2/mno-hw-mul/libgcc.a(_pack_df.o)
 .data          0x00805014        0x0 /opt/altera/13.0sp1/nios2eds/bin/gnu/H-i686-pc-linux-gnu/bin/../lib/gcc/nios2-elf/4.1.2/../../../../nios2-elf/lib/mno-hw-mul/libsmallc.a(lib_a-printf.o)
 .data          0x00805014        0x0 /opt/altera/13.0sp1/nios2eds/bin/gnu/H-i686-pc-linux-gnu/bin/../lib/gcc/nios2-elf/4.1.2/../../../../nios2-elf/lib/mno-hw-mul/libsmallc.a(lib_a-puts.o)
 .data          0x00805014        0x0 /opt/altera/13.0sp1/nios2eds/bin/gnu/H-i686-pc-linux-gnu/bin/../lib/gcc/nios2-elf/4.1.2/../../../../nios2-elf/lib/mno-hw-mul/libsmallc.a(lib_a-strlen.o)
 .data          0x00805014        0x0 /opt/altera/13.0sp1/nios2eds/bin/gnu/H-i686-pc-linux-gnu/bin/../lib/gcc/nios2-elf/4.1.2/../../../../nios2-elf/lib/mno-hw-mul/libsmallc.a(lib_a-vfprintf.o)
 .data          0x00805014        0x0 /opt/altera/13.0sp1/nios2eds/bin/gnu/H-i686-pc-linux-gnu/bin/../lib/gcc/nios2-elf/4.1.2/../../../../nios2-elf/lib/mno-hw-mul/libsmallc.a(lib_a-fvwrite_small_dev.o)
 .data          0x00805014       0xe0 /opt/altera/13.0sp1/nios2eds/bin/gnu/H-i686-pc-linux-gnu/bin/../lib/gcc/nios2-elf/4.1.2/../../../../nios2-elf/lib/mno-hw-mul/libsmallc.a(lib_a-impure.o)
 .data          0x008050f4        0x0 /opt/altera/13.0sp1/nios2eds/bin/gnu/H-i686-pc-linux-gnu/bin/../lib/gcc/nios2-elf/4.1.2/../../../../nios2-elf/lib/mno-hw-mul/libsmallc.a(lib_a-writer.o)
 .data          0x008050f4        0x0 /opt/altera/13.0sp1/nios2eds/bin/gnu/H-i686-pc-linux-gnu/bin/../lib/gcc/nios2-elf/4.1.2/../../../../nios2-elf/lib/mno-hw-mul/libsmallc.a(lib_a-int_errno.o)
 .data          0x008050f4        0x0 /opt/altera/13.0sp1/nios2eds/bin/gnu/H-i686-pc-linux-gnu/bin/../lib/gcc/nios2-elf/4.1.2/mno-hw-mul/libgcc.a(lib2-divmod.o)
 .data          0x008050f4        0x0 /opt/altera/13.0sp1/nios2eds/bin/gnu/H-i686-pc-linux-gnu/bin/../lib/gcc/nios2-elf/4.1.2/mno-hw-mul/libgcc.a(lib2-mul.o)
 .data          0x008050f4        0x0 ../NIOS2_VGA_bsp/libhal_bsp.a(alt_load.o)
 .data          0x008050f4        0x0 ../NIOS2_VGA_bsp/libhal_bsp.a(alt_main.o)
 .data          0x008050f4        0x0 ../NIOS2_VGA_bsp/libhal_bsp.a(alt_usleep.o)
 .data          0x008050f4        0x0 ../NIOS2_VGA_bsp/libhal_bsp.a(alt_write.o)
 .data          0x008050f4       0xc8 ../NIOS2_VGA_bsp/libhal_bsp.a(alt_sys_init.o)
 .data          0x008051bc        0x0 ../NIOS2_VGA_bsp/libhal_bsp.a(altera_avalon_jtag_uart_fd.o)
 .data          0x008051bc        0x0 ../NIOS2_VGA_bsp/libhal_bsp.a(altera_avalon_jtag_uart_read.o)
 .data          0x008051bc        0x0 ../NIOS2_VGA_bsp/libhal_bsp.a(altera_avalon_jtag_uart_write.o)
 .data          0x008051bc        0x0 ../NIOS2_VGA_bsp/libhal_bsp.a(altera_avalon_timer_sc.o)
 .data          0x008051bc        0x0 ../NIOS2_VGA_bsp/libhal_bsp.a(altera_up_avalon_video_character_buffer_with_dma.o)
 .data          0x008051bc        0x0 ../NIOS2_VGA_bsp/libhal_bsp.a(altera_up_avalon_video_pixel_buffer_dma.o)
 .data          0x008051bc        0x0 ../NIOS2_VGA_bsp/libhal_bsp.a(alt_busy_sleep.o)
 .data          0x008051bc        0x0 ../NIOS2_VGA_bsp/libhal_bsp.a(alt_close.o)
 .data          0x008051bc        0x0 ../NIOS2_VGA_bsp/libhal_bsp.a(alt_dcache_flush_all.o)
 .data          0x008051bc      0x1a8 ../NIOS2_VGA_bsp/libhal_bsp.a(alt_dev.o)
                0x008051bc                alt_dev_null
                0x008051e4                alt_fd_list
 .data          0x00805364        0x0 ../NIOS2_VGA_bsp/libhal_bsp.a(alt_dev_llist_insert.o)
 .data          0x00805364        0x0 ../NIOS2_VGA_bsp/libhal_bsp.a(alt_errno.o)
 .data          0x00805364        0x0 ../NIOS2_VGA_bsp/libhal_bsp.a(alt_find_dev.o)
 .data          0x00805364        0x0 ../NIOS2_VGA_bsp/libhal_bsp.a(alt_icache_flush_all.o)
 .data          0x00805364        0x0 ../NIOS2_VGA_bsp/libhal_bsp.a(alt_iic.o)
 .data          0x00805364        0x0 ../NIOS2_VGA_bsp/libhal_bsp.a(alt_iic_isr_register.o)
 .data          0x00805364        0x0 ../NIOS2_VGA_bsp/libhal_bsp.a(alt_io_redirect.o)
 .data          0x00805364        0x0 ../NIOS2_VGA_bsp/libhal_bsp.a(alt_irq_entry.o)
 .data          0x00805364        0x0 ../NIOS2_VGA_bsp/libhal_bsp.a(alt_irq_handler.o)
 .data          0x00805364        0x0 ../NIOS2_VGA_bsp/libhal_bsp.a(alt_irq_vars.o)
 .data          0x00805364        0x0 ../NIOS2_VGA_bsp/libhal_bsp.a(alt_open.o)
 .data          0x00805364        0x0 ../NIOS2_VGA_bsp/libhal_bsp.a(alt_release_fd.o)
 .data          0x00805364        0x0 ../NIOS2_VGA_bsp/libhal_bsp.a(alt_tick.o)
 .data          0x00805364        0x0 ../NIOS2_VGA_bsp/libhal_bsp.a(altera_nios2_qsys_irq.o)
 .data          0x00805364        0x0 ../NIOS2_VGA_bsp/libhal_bsp.a(alt_exception_entry.o)
 .data          0x00805364        0x0 ../NIOS2_VGA_bsp/libhal_bsp.a(alt_find_file.o)
 .data          0x00805364        0x0 ../NIOS2_VGA_bsp/libhal_bsp.a(alt_get_fd.o)
 .data          0x00805364        0x0 /opt/altera/13.0sp1/nios2eds/bin/gnu/H-i686-pc-linux-gnu/bin/../lib/gcc/nios2-elf/4.1.2/../../../../nios2-elf/lib/mno-hw-mul/libsmallc.a(lib_a-exit.o)
 .data          0x00805364        0x0 /opt/altera/13.0sp1/nios2eds/bin/gnu/H-i686-pc-linux-gnu/bin/../lib/gcc/nios2-elf/4.1.2/../../../../nios2-elf/lib/mno-hw-mul/libsmallc.a(lib_a-memcmp.o)
 .data          0x00805364        0x0 /opt/altera/13.0sp1/nios2eds/bin/gnu/H-i686-pc-linux-gnu/bin/../lib/gcc/nios2-elf/4.1.2/../../../../nios2-elf/lib/mno-hw-mul/libsmallc.a(lib_a-strcmp.o)
 .data          0x00805364        0x0 /opt/altera/13.0sp1/nios2eds/bin/gnu/H-i686-pc-linux-gnu/bin/../lib/gcc/nios2-elf/4.1.2/../../../../nios2-elf/lib/mno-hw-mul/libsmallc.a(lib_a-__call_atexit.o)
 .data          0x00805364        0x0 ../NIOS2_VGA_bsp/libhal_bsp.a(alt_exit.o)
                0x0080d364                _gp = ABSOLUTE ((. + 0x8000))
                0x0080d364                PROVIDE (gp, _gp)
 *(.rwdata .rwdata.*)
 *(.sdata .sdata.* .gnu.linkonce.s.*)
 .sdata         0x00805364       0x20 obj/default/main.o
                0x00805364                ledR
                0x00805368                ledG
                0x0080536c                keys
                0x00805370                character_buffer
                0x00805374                fftA
                0x00805378                pixelBufferName
                0x0080537c                charBufferName
                0x00805380                maxVal
 .sdata         0x00805384        0x8 /opt/altera/13.0sp1/nios2eds/bin/gnu/H-i686-pc-linux-gnu/bin/../lib/gcc/nios2-elf/4.1.2/../../../../nios2-elf/lib/mno-hw-mul/libsmallc.a(lib_a-impure.o)
                0x00805384                _impure_ptr
                0x00805388                _global_impure_ptr
 .sdata         0x0080538c       0x14 ../NIOS2_VGA_bsp/libhal_bsp.a(alt_dev.o)
                0x0080538c                alt_fs_list
                0x00805394                alt_dev_list
                0x0080539c                alt_max_fd
 .sdata         0x008053a0        0x4 ../NIOS2_VGA_bsp/libhal_bsp.a(alt_errno.o)
                0x008053a0                alt_errno
 .sdata         0x008053a4        0x4 ../NIOS2_VGA_bsp/libhal_bsp.a(alt_irq_vars.o)
                0x008053a4                alt_priority_mask
 .sdata         0x008053a8        0x8 ../NIOS2_VGA_bsp/libhal_bsp.a(alt_tick.o)
                0x008053a8                alt_alarm_list
 *(.sdata2 .sdata2.* .gnu.linkonce.s2.*)
                0x008053b0                . = ALIGN (0x4)
                0x008053b0                _edata = ABSOLUTE (.)
                0x008053b0                PROVIDE (edata, ABSOLUTE (.))
                0x008053b0                PROVIDE (__ram_rwdata_end, ABSOLUTE (.))
                0x008053b0                PROVIDE (__flash_rwdata_start, LOADADDR (.rwdata))

.bss            0x0080574c      0x128
                0x0080574c                __bss_start = ABSOLUTE (.)
                0x0080574c                PROVIDE (__sbss_start, ABSOLUTE (.))
                0x0080574c                PROVIDE (___sbss_start, ABSOLUTE (.))
 *(.dynsbss)
 *(.sbss .sbss.* .gnu.linkonce.sb.*)
 .sbss          0x0080574c        0x2 obj/default/main.o
                0x0080574c                minval
 *fill*         0x0080574e        0x2 00
 .sbss          0x00805750        0x8 obj/default/main.o
                0x00805750                char_buffer_dev
                0x00805754                pixel_buffer_dev
 .sbss          0x00805758        0x4 /opt/altera/13.0sp1/nios2eds/bin/gnu/H-i686-pc-linux-gnu/bin/../lib/gcc/nios2-elf/4.1.2/../../../../nios2-elf/lib/mno-hw-mul/libsmallc.a(lib_a-int_errno.o)
                0x00805758                errno
 .sbss          0x0080575c        0xc ../NIOS2_VGA_bsp/libhal_bsp.a(alt_main.o)
                0x0080575c                alt_argc
                0x00805760                alt_argv
                0x00805764                alt_envp
 .sbss          0x00805768        0x4 ../NIOS2_VGA_bsp/libhal_bsp.a(alt_irq_vars.o)
                0x00805768                alt_irq_active
 .sbss          0x0080576c        0x8 ../NIOS2_VGA_bsp/libhal_bsp.a(alt_tick.o)
                0x0080576c                _alt_tick_rate
                0x00805770                _alt_nticks
 *(.sbss2 .sbss2.* .gnu.linkonce.sb2.*)
 *(.scommon)
                0x00805774                PROVIDE (__sbss_end, ABSOLUTE (.))
                0x00805774                PROVIDE (___sbss_end, ABSOLUTE (.))
 *(.dynbss)
 *(.bss .bss.* .gnu.linkonce.b.*)
 .bss           0x00805774        0x0 ../NIOS2_VGA_bsp/obj/HAL/src/crt0.o
 .bss           0x00805774        0x0 obj/default/main.o
 .bss           0x00805774        0x0 /opt/altera/13.0sp1/nios2eds/bin/gnu/H-i686-pc-linux-gnu/bin/../lib/gcc/nios2-elf/4.1.2/mno-hw-mul/libgcc.a(_sf_to_df.o)
 .bss           0x00805774        0x0 /opt/altera/13.0sp1/nios2eds/bin/gnu/H-i686-pc-linux-gnu/bin/../lib/gcc/nios2-elf/4.1.2/mno-hw-mul/libgcc.a(_make_df.o)
 .bss           0x00805774        0x0 /opt/altera/13.0sp1/nios2eds/bin/gnu/H-i686-pc-linux-gnu/bin/../lib/gcc/nios2-elf/4.1.2/mno-hw-mul/libgcc.a(_unpack_sf.o)
 .bss           0x00805774        0x0 /opt/altera/13.0sp1/nios2eds/bin/gnu/H-i686-pc-linux-gnu/bin/../lib/gcc/nios2-elf/4.1.2/mno-hw-mul/libgcc.a(_pack_df.o)
 .bss           0x00805774        0x0 /opt/altera/13.0sp1/nios2eds/bin/gnu/H-i686-pc-linux-gnu/bin/../lib/gcc/nios2-elf/4.1.2/../../../../nios2-elf/lib/mno-hw-mul/libsmallc.a(lib_a-printf.o)
 .bss           0x00805774        0x0 /opt/altera/13.0sp1/nios2eds/bin/gnu/H-i686-pc-linux-gnu/bin/../lib/gcc/nios2-elf/4.1.2/../../../../nios2-elf/lib/mno-hw-mul/libsmallc.a(lib_a-puts.o)
 .bss           0x00805774        0x0 /opt/altera/13.0sp1/nios2eds/bin/gnu/H-i686-pc-linux-gnu/bin/../lib/gcc/nios2-elf/4.1.2/../../../../nios2-elf/lib/mno-hw-mul/libsmallc.a(lib_a-strlen.o)
 .bss           0x00805774        0x0 /opt/altera/13.0sp1/nios2eds/bin/gnu/H-i686-pc-linux-gnu/bin/../lib/gcc/nios2-elf/4.1.2/../../../../nios2-elf/lib/mno-hw-mul/libsmallc.a(lib_a-vfprintf.o)
 .bss           0x00805774        0x0 /opt/altera/13.0sp1/nios2eds/bin/gnu/H-i686-pc-linux-gnu/bin/../lib/gcc/nios2-elf/4.1.2/../../../../nios2-elf/lib/mno-hw-mul/libsmallc.a(lib_a-fvwrite_small_dev.o)
 .bss           0x00805774        0x0 /opt/altera/13.0sp1/nios2eds/bin/gnu/H-i686-pc-linux-gnu/bin/../lib/gcc/nios2-elf/4.1.2/../../../../nios2-elf/lib/mno-hw-mul/libsmallc.a(lib_a-impure.o)
 .bss           0x00805774        0x0 /opt/altera/13.0sp1/nios2eds/bin/gnu/H-i686-pc-linux-gnu/bin/../lib/gcc/nios2-elf/4.1.2/../../../../nios2-elf/lib/mno-hw-mul/libsmallc.a(lib_a-writer.o)
 .bss           0x00805774        0x0 /opt/altera/13.0sp1/nios2eds/bin/gnu/H-i686-pc-linux-gnu/bin/../lib/gcc/nios2-elf/4.1.2/../../../../nios2-elf/lib/mno-hw-mul/libsmallc.a(lib_a-int_errno.o)
 .bss           0x00805774        0x0 /opt/altera/13.0sp1/nios2eds/bin/gnu/H-i686-pc-linux-gnu/bin/../lib/gcc/nios2-elf/4.1.2/mno-hw-mul/libgcc.a(lib2-divmod.o)
 .bss           0x00805774        0x0 /opt/altera/13.0sp1/nios2eds/bin/gnu/H-i686-pc-linux-gnu/bin/../lib/gcc/nios2-elf/4.1.2/mno-hw-mul/libgcc.a(lib2-mul.o)
 .bss           0x00805774        0x0 ../NIOS2_VGA_bsp/libhal_bsp.a(alt_load.o)
 .bss           0x00805774        0x0 ../NIOS2_VGA_bsp/libhal_bsp.a(alt_main.o)
 .bss           0x00805774        0x0 ../NIOS2_VGA_bsp/libhal_bsp.a(alt_usleep.o)
 .bss           0x00805774        0x0 ../NIOS2_VGA_bsp/libhal_bsp.a(alt_write.o)
 .bss           0x00805774        0x0 ../NIOS2_VGA_bsp/libhal_bsp.a(alt_sys_init.o)
 .bss           0x00805774        0x0 ../NIOS2_VGA_bsp/libhal_bsp.a(altera_avalon_jtag_uart_fd.o)
 .bss           0x00805774        0x0 ../NIOS2_VGA_bsp/libhal_bsp.a(altera_avalon_jtag_uart_read.o)
 .bss           0x00805774        0x0 ../NIOS2_VGA_bsp/libhal_bsp.a(altera_avalon_jtag_uart_write.o)
 .bss           0x00805774        0x0 ../NIOS2_VGA_bsp/libhal_bsp.a(altera_avalon_timer_sc.o)
 .bss           0x00805774        0x0 ../NIOS2_VGA_bsp/libhal_bsp.a(altera_up_avalon_video_character_buffer_with_dma.o)
 .bss           0x00805774        0x0 ../NIOS2_VGA_bsp/libhal_bsp.a(altera_up_avalon_video_pixel_buffer_dma.o)
 .bss           0x00805774        0x0 ../NIOS2_VGA_bsp/libhal_bsp.a(alt_busy_sleep.o)
 .bss           0x00805774        0x0 ../NIOS2_VGA_bsp/libhal_bsp.a(alt_close.o)
 .bss           0x00805774        0x0 ../NIOS2_VGA_bsp/libhal_bsp.a(alt_dcache_flush_all.o)
 .bss           0x00805774        0x0 ../NIOS2_VGA_bsp/libhal_bsp.a(alt_dev.o)
 .bss           0x00805774        0x0 ../NIOS2_VGA_bsp/libhal_bsp.a(alt_dev_llist_insert.o)
 .bss           0x00805774        0x0 ../NIOS2_VGA_bsp/libhal_bsp.a(alt_errno.o)
 .bss           0x00805774        0x0 ../NIOS2_VGA_bsp/libhal_bsp.a(alt_find_dev.o)
 .bss           0x00805774        0x0 ../NIOS2_VGA_bsp/libhal_bsp.a(alt_icache_flush_all.o)
 .bss           0x00805774        0x0 ../NIOS2_VGA_bsp/libhal_bsp.a(alt_iic.o)
 .bss           0x00805774        0x0 ../NIOS2_VGA_bsp/libhal_bsp.a(alt_iic_isr_register.o)
 .bss           0x00805774        0x0 ../NIOS2_VGA_bsp/libhal_bsp.a(alt_io_redirect.o)
 .bss           0x00805774        0x0 ../NIOS2_VGA_bsp/libhal_bsp.a(alt_irq_entry.o)
 .bss           0x00805774        0x0 ../NIOS2_VGA_bsp/libhal_bsp.a(alt_irq_handler.o)
 .bss           0x00805774        0x0 ../NIOS2_VGA_bsp/libhal_bsp.a(alt_irq_vars.o)
 .bss           0x00805774        0x0 ../NIOS2_VGA_bsp/libhal_bsp.a(alt_open.o)
 .bss           0x00805774        0x0 ../NIOS2_VGA_bsp/libhal_bsp.a(alt_release_fd.o)
 .bss           0x00805774        0x0 ../NIOS2_VGA_bsp/libhal_bsp.a(alt_tick.o)
 .bss           0x00805774        0x0 ../NIOS2_VGA_bsp/libhal_bsp.a(altera_nios2_qsys_irq.o)
 .bss           0x00805774        0x0 ../NIOS2_VGA_bsp/libhal_bsp.a(alt_exception_entry.o)
 .bss           0x00805774        0x0 ../NIOS2_VGA_bsp/libhal_bsp.a(alt_find_file.o)
 .bss           0x00805774        0x0 ../NIOS2_VGA_bsp/libhal_bsp.a(alt_get_fd.o)
 .bss           0x00805774        0x0 /opt/altera/13.0sp1/nios2eds/bin/gnu/H-i686-pc-linux-gnu/bin/../lib/gcc/nios2-elf/4.1.2/../../../../nios2-elf/lib/mno-hw-mul/libsmallc.a(lib_a-exit.o)
 .bss           0x00805774        0x0 /opt/altera/13.0sp1/nios2eds/bin/gnu/H-i686-pc-linux-gnu/bin/../lib/gcc/nios2-elf/4.1.2/../../../../nios2-elf/lib/mno-hw-mul/libsmallc.a(lib_a-memcmp.o)
 .bss           0x00805774        0x0 /opt/altera/13.0sp1/nios2eds/bin/gnu/H-i686-pc-linux-gnu/bin/../lib/gcc/nios2-elf/4.1.2/../../../../nios2-elf/lib/mno-hw-mul/libsmallc.a(lib_a-strcmp.o)
 .bss           0x00805774        0x0 /opt/altera/13.0sp1/nios2eds/bin/gnu/H-i686-pc-linux-gnu/bin/../lib/gcc/nios2-elf/4.1.2/../../../../nios2-elf/lib/mno-hw-mul/libsmallc.a(lib_a-__call_atexit.o)
 .bss           0x00805774        0x0 ../NIOS2_VGA_bsp/libhal_bsp.a(alt_exit.o)
 *(COMMON)
 COMMON         0x00805774      0x100 ../NIOS2_VGA_bsp/libhal_bsp.a(alt_irq_handler.o)
                0x00805774                alt_irq
                0x00805874                . = ALIGN (0x4)
                0x00805874                __bss_end = ABSOLUTE (.)

.onchip_mem     0x00805874        0x0
                0x00805874                PROVIDE (_alt_partition_onchip_mem_start, ABSOLUTE (.))
 *(.onchip_mem. onchip_mem.*)
                0x00805874                . = ALIGN (0x4)
                0x00805874                PROVIDE (_alt_partition_onchip_mem_end, ABSOLUTE (.))
                0x00805874                _end = ABSOLUTE (.)
                0x00805874                end = ABSOLUTE (.)
                0x00805874                __alt_stack_base = ABSOLUTE (.)
                0x00805874                PROVIDE (_alt_partition_onchip_mem_load_addr, LOADADDR (.onchip_mem))

.stab
 *(.stab)

.stabstr
 *(.stabstr)

.stab.excl
 *(.stab.excl)

.stab.exclstr
 *(.stab.exclstr)

.stab.index
 *(.stab.index)

.stab.indexstr
 *(.stab.indexstr)

.comment        0x00000000       0x26
 *(.comment)
 .comment       0x00000000       0x26 obj/default/main.o
                                 0x27 (size before relaxing)
 .comment       0x00000000       0x27 /opt/altera/13.0sp1/nios2eds/bin/gnu/H-i686-pc-linux-gnu/bin/../lib/gcc/nios2-elf/4.1.2/mno-hw-mul/libgcc.a(_sf_to_df.o)
 .comment       0x00000000       0x27 /opt/altera/13.0sp1/nios2eds/bin/gnu/H-i686-pc-linux-gnu/bin/../lib/gcc/nios2-elf/4.1.2/mno-hw-mul/libgcc.a(_make_df.o)
 .comment       0x00000000       0x27 /opt/altera/13.0sp1/nios2eds/bin/gnu/H-i686-pc-linux-gnu/bin/../lib/gcc/nios2-elf/4.1.2/mno-hw-mul/libgcc.a(_unpack_sf.o)
 .comment       0x00000000       0x27 /opt/altera/13.0sp1/nios2eds/bin/gnu/H-i686-pc-linux-gnu/bin/../lib/gcc/nios2-elf/4.1.2/mno-hw-mul/libgcc.a(_pack_df.o)
 .comment       0x00000000       0x27 /opt/altera/13.0sp1/nios2eds/bin/gnu/H-i686-pc-linux-gnu/bin/../lib/gcc/nios2-elf/4.1.2/../../../../nios2-elf/lib/mno-hw-mul/libsmallc.a(lib_a-printf.o)
 .comment       0x00000000       0x27 /opt/altera/13.0sp1/nios2eds/bin/gnu/H-i686-pc-linux-gnu/bin/../lib/gcc/nios2-elf/4.1.2/../../../../nios2-elf/lib/mno-hw-mul/libsmallc.a(lib_a-puts.o)
 .comment       0x00000000       0x27 /opt/altera/13.0sp1/nios2eds/bin/gnu/H-i686-pc-linux-gnu/bin/../lib/gcc/nios2-elf/4.1.2/../../../../nios2-elf/lib/mno-hw-mul/libsmallc.a(lib_a-strlen.o)
 .comment       0x00000000       0x27 /opt/altera/13.0sp1/nios2eds/bin/gnu/H-i686-pc-linux-gnu/bin/../lib/gcc/nios2-elf/4.1.2/../../../../nios2-elf/lib/mno-hw-mul/libsmallc.a(lib_a-vfprintf.o)
 .comment       0x00000000       0x27 /opt/altera/13.0sp1/nios2eds/bin/gnu/H-i686-pc-linux-gnu/bin/../lib/gcc/nios2-elf/4.1.2/../../../../nios2-elf/lib/mno-hw-mul/libsmallc.a(lib_a-fvwrite_small_dev.o)
 .comment       0x00000000       0x27 /opt/altera/13.0sp1/nios2eds/bin/gnu/H-i686-pc-linux-gnu/bin/../lib/gcc/nios2-elf/4.1.2/../../../../nios2-elf/lib/mno-hw-mul/libsmallc.a(lib_a-impure.o)
 .comment       0x00000000       0x27 /opt/altera/13.0sp1/nios2eds/bin/gnu/H-i686-pc-linux-gnu/bin/../lib/gcc/nios2-elf/4.1.2/../../../../nios2-elf/lib/mno-hw-mul/libsmallc.a(lib_a-writer.o)
 .comment       0x00000000       0x27 /opt/altera/13.0sp1/nios2eds/bin/gnu/H-i686-pc-linux-gnu/bin/../lib/gcc/nios2-elf/4.1.2/../../../../nios2-elf/lib/mno-hw-mul/libsmallc.a(lib_a-int_errno.o)
 .comment       0x00000000       0x27 /opt/altera/13.0sp1/nios2eds/bin/gnu/H-i686-pc-linux-gnu/bin/../lib/gcc/nios2-elf/4.1.2/mno-hw-mul/libgcc.a(lib2-divmod.o)
 .comment       0x00000000       0x27 /opt/altera/13.0sp1/nios2eds/bin/gnu/H-i686-pc-linux-gnu/bin/../lib/gcc/nios2-elf/4.1.2/mno-hw-mul/libgcc.a(lib2-mul.o)
 .comment       0x00000000       0x27 ../NIOS2_VGA_bsp/libhal_bsp.a(alt_load.o)
 .comment       0x00000000       0x27 ../NIOS2_VGA_bsp/libhal_bsp.a(alt_main.o)
 .comment       0x00000000       0x27 ../NIOS2_VGA_bsp/libhal_bsp.a(alt_usleep.o)
 .comment       0x00000000       0x27 ../NIOS2_VGA_bsp/libhal_bsp.a(alt_write.o)
 .comment       0x00000000       0x27 ../NIOS2_VGA_bsp/libhal_bsp.a(alt_sys_init.o)
 .comment       0x00000000       0x27 ../NIOS2_VGA_bsp/libhal_bsp.a(altera_avalon_jtag_uart_fd.o)
 .comment       0x00000000       0x27 ../NIOS2_VGA_bsp/libhal_bsp.a(altera_avalon_jtag_uart_read.o)
 .comment       0x00000000       0x27 ../NIOS2_VGA_bsp/libhal_bsp.a(altera_avalon_jtag_uart_write.o)
 .comment       0x00000000       0x27 ../NIOS2_VGA_bsp/libhal_bsp.a(altera_avalon_timer_sc.o)
 .comment       0x00000000       0x27 ../NIOS2_VGA_bsp/libhal_bsp.a(altera_up_avalon_video_character_buffer_with_dma.o)
 .comment       0x00000000       0x27 ../NIOS2_VGA_bsp/libhal_bsp.a(altera_up_avalon_video_pixel_buffer_dma.o)
 .comment       0x00000000       0x27 ../NIOS2_VGA_bsp/libhal_bsp.a(alt_busy_sleep.o)
 .comment       0x00000000       0x27 ../NIOS2_VGA_bsp/libhal_bsp.a(alt_close.o)
 .comment       0x00000000       0x27 ../NIOS2_VGA_bsp/libhal_bsp.a(alt_dcache_flush_all.o)
 .comment       0x00000000       0x27 ../NIOS2_VGA_bsp/libhal_bsp.a(alt_dev.o)
 .comment       0x00000000       0x27 ../NIOS2_VGA_bsp/libhal_bsp.a(alt_dev_llist_insert.o)
 .comment       0x00000000       0x27 ../NIOS2_VGA_bsp/libhal_bsp.a(alt_errno.o)
 .comment       0x00000000       0x27 ../NIOS2_VGA_bsp/libhal_bsp.a(alt_find_dev.o)
 .comment       0x00000000       0x27 ../NIOS2_VGA_bsp/libhal_bsp.a(alt_icache_flush_all.o)
 .comment       0x00000000       0x27 ../NIOS2_VGA_bsp/libhal_bsp.a(alt_iic.o)
 .comment       0x00000000       0x27 ../NIOS2_VGA_bsp/libhal_bsp.a(alt_iic_isr_register.o)
 .comment       0x00000000       0x27 ../NIOS2_VGA_bsp/libhal_bsp.a(alt_io_redirect.o)
 .comment       0x00000000       0x27 ../NIOS2_VGA_bsp/libhal_bsp.a(alt_irq_handler.o)
 .comment       0x00000000       0x27 ../NIOS2_VGA_bsp/libhal_bsp.a(alt_irq_vars.o)
 .comment       0x00000000       0x27 ../NIOS2_VGA_bsp/libhal_bsp.a(alt_open.o)
 .comment       0x00000000       0x27 ../NIOS2_VGA_bsp/libhal_bsp.a(alt_release_fd.o)
 .comment       0x00000000       0x27 ../NIOS2_VGA_bsp/libhal_bsp.a(alt_tick.o)
 .comment       0x00000000       0x27 ../NIOS2_VGA_bsp/libhal_bsp.a(altera_nios2_qsys_irq.o)
 .comment       0x00000000       0x27 ../NIOS2_VGA_bsp/libhal_bsp.a(alt_find_file.o)
 .comment       0x00000000       0x27 ../NIOS2_VGA_bsp/libhal_bsp.a(alt_get_fd.o)
 .comment       0x00000000       0x27 /opt/altera/13.0sp1/nios2eds/bin/gnu/H-i686-pc-linux-gnu/bin/../lib/gcc/nios2-elf/4.1.2/../../../../nios2-elf/lib/mno-hw-mul/libsmallc.a(lib_a-exit.o)
 .comment       0x00000000       0x27 /opt/altera/13.0sp1/nios2eds/bin/gnu/H-i686-pc-linux-gnu/bin/../lib/gcc/nios2-elf/4.1.2/../../../../nios2-elf/lib/mno-hw-mul/libsmallc.a(lib_a-memcmp.o)
 .comment       0x00000000       0x27 /opt/altera/13.0sp1/nios2eds/bin/gnu/H-i686-pc-linux-gnu/bin/../lib/gcc/nios2-elf/4.1.2/../../../../nios2-elf/lib/mno-hw-mul/libsmallc.a(lib_a-strcmp.o)
 .comment       0x00000000       0x27 /opt/altera/13.0sp1/nios2eds/bin/gnu/H-i686-pc-linux-gnu/bin/../lib/gcc/nios2-elf/4.1.2/../../../../nios2-elf/lib/mno-hw-mul/libsmallc.a(lib_a-__call_atexit.o)
 .comment       0x00000000       0x27 ../NIOS2_VGA_bsp/libhal_bsp.a(alt_exit.o)

.debug
 *(.debug)

.line
 *(.line)

.debug_srcinfo
 *(.debug_srcinfo)

.debug_sfnames
 *(.debug_sfnames)

.debug_aranges  0x00000000      0x2b0
 *(.debug_aranges)
 .debug_aranges
                0x00000000       0x28 ../NIOS2_VGA_bsp/obj/HAL/src/crt0.o
 .debug_aranges
                0x00000028       0x20 obj/default/main.o
 .debug_aranges
                0x00000048       0x20 /opt/altera/13.0sp1/nios2eds/bin/gnu/H-i686-pc-linux-gnu/bin/../lib/gcc/nios2-elf/4.1.2/mno-hw-mul/libgcc.a(_sf_to_df.o)
 .debug_aranges
                0x00000068       0x20 /opt/altera/13.0sp1/nios2eds/bin/gnu/H-i686-pc-linux-gnu/bin/../lib/gcc/nios2-elf/4.1.2/mno-hw-mul/libgcc.a(_make_df.o)
 .debug_aranges
                0x00000088       0x20 /opt/altera/13.0sp1/nios2eds/bin/gnu/H-i686-pc-linux-gnu/bin/../lib/gcc/nios2-elf/4.1.2/mno-hw-mul/libgcc.a(_unpack_sf.o)
 .debug_aranges
                0x000000a8       0x20 /opt/altera/13.0sp1/nios2eds/bin/gnu/H-i686-pc-linux-gnu/bin/../lib/gcc/nios2-elf/4.1.2/mno-hw-mul/libgcc.a(_pack_df.o)
 .debug_aranges
                0x000000c8       0x20 /opt/altera/13.0sp1/nios2eds/bin/gnu/H-i686-pc-linux-gnu/bin/../lib/gcc/nios2-elf/4.1.2/../../../../nios2-elf/lib/mno-hw-mul/libsmallc.a(lib_a-printf.o)
 .debug_aranges
                0x000000e8       0x20 /opt/altera/13.0sp1/nios2eds/bin/gnu/H-i686-pc-linux-gnu/bin/../lib/gcc/nios2-elf/4.1.2/../../../../nios2-elf/lib/mno-hw-mul/libsmallc.a(lib_a-puts.o)
 .debug_aranges
                0x00000108       0x20 /opt/altera/13.0sp1/nios2eds/bin/gnu/H-i686-pc-linux-gnu/bin/../lib/gcc/nios2-elf/4.1.2/../../../../nios2-elf/lib/mno-hw-mul/libsmallc.a(lib_a-strlen.o)
 .debug_aranges
                0x00000128       0x20 /opt/altera/13.0sp1/nios2eds/bin/gnu/H-i686-pc-linux-gnu/bin/../lib/gcc/nios2-elf/4.1.2/../../../../nios2-elf/lib/mno-hw-mul/libsmallc.a(lib_a-vfprintf.o)
 .debug_aranges
                0x00000148       0x20 /opt/altera/13.0sp1/nios2eds/bin/gnu/H-i686-pc-linux-gnu/bin/../lib/gcc/nios2-elf/4.1.2/../../../../nios2-elf/lib/mno-hw-mul/libsmallc.a(lib_a-fvwrite_small_dev.o)
 .debug_aranges
                0x00000168       0x20 /opt/altera/13.0sp1/nios2eds/bin/gnu/H-i686-pc-linux-gnu/bin/../lib/gcc/nios2-elf/4.1.2/../../../../nios2-elf/lib/mno-hw-mul/libsmallc.a(lib_a-writer.o)
 .debug_aranges
                0x00000188       0x20 /opt/altera/13.0sp1/nios2eds/bin/gnu/H-i686-pc-linux-gnu/bin/../lib/gcc/nios2-elf/4.1.2/mno-hw-mul/libgcc.a(lib2-divmod.o)
 .debug_aranges
                0x000001a8       0x20 /opt/altera/13.0sp1/nios2eds/bin/gnu/H-i686-pc-linux-gnu/bin/../lib/gcc/nios2-elf/4.1.2/mno-hw-mul/libgcc.a(lib2-mul.o)
 .debug_aranges
                0x000001c8       0x30 ../NIOS2_VGA_bsp/libhal_bsp.a(alt_irq_entry.o)
 .debug_aranges
                0x000001f8       0x38 ../NIOS2_VGA_bsp/libhal_bsp.a(alt_exception_entry.o)
 .debug_aranges
                0x00000230       0x20 /opt/altera/13.0sp1/nios2eds/bin/gnu/H-i686-pc-linux-gnu/bin/../lib/gcc/nios2-elf/4.1.2/../../../../nios2-elf/lib/mno-hw-mul/libsmallc.a(lib_a-exit.o)
 .debug_aranges
                0x00000250       0x20 /opt/altera/13.0sp1/nios2eds/bin/gnu/H-i686-pc-linux-gnu/bin/../lib/gcc/nios2-elf/4.1.2/../../../../nios2-elf/lib/mno-hw-mul/libsmallc.a(lib_a-memcmp.o)
 .debug_aranges
                0x00000270       0x20 /opt/altera/13.0sp1/nios2eds/bin/gnu/H-i686-pc-linux-gnu/bin/../lib/gcc/nios2-elf/4.1.2/../../../../nios2-elf/lib/mno-hw-mul/libsmallc.a(lib_a-strcmp.o)
 .debug_aranges
                0x00000290       0x20 /opt/altera/13.0sp1/nios2eds/bin/gnu/H-i686-pc-linux-gnu/bin/../lib/gcc/nios2-elf/4.1.2/../../../../nios2-elf/lib/mno-hw-mul/libsmallc.a(lib_a-__call_atexit.o)

.debug_pubnames
                0x00000000      0x392
 *(.debug_pubnames)
 .debug_pubnames
                0x00000000       0xd8 obj/default/main.o
 .debug_pubnames
                0x000000d8       0x24 /opt/altera/13.0sp1/nios2eds/bin/gnu/H-i686-pc-linux-gnu/bin/../lib/gcc/nios2-elf/4.1.2/mno-hw-mul/libgcc.a(_sf_to_df.o)
 .debug_pubnames
                0x000000fc       0x20 /opt/altera/13.0sp1/nios2eds/bin/gnu/H-i686-pc-linux-gnu/bin/../lib/gcc/nios2-elf/4.1.2/mno-hw-mul/libgcc.a(_make_df.o)
 .debug_pubnames
                0x0000011c       0x21 /opt/altera/13.0sp1/nios2eds/bin/gnu/H-i686-pc-linux-gnu/bin/../lib/gcc/nios2-elf/4.1.2/mno-hw-mul/libgcc.a(_unpack_sf.o)
 .debug_pubnames
                0x0000013d       0x1f /opt/altera/13.0sp1/nios2eds/bin/gnu/H-i686-pc-linux-gnu/bin/../lib/gcc/nios2-elf/4.1.2/mno-hw-mul/libgcc.a(_pack_df.o)
 .debug_pubnames
                0x0000015c       0x2b /opt/altera/13.0sp1/nios2eds/bin/gnu/H-i686-pc-linux-gnu/bin/../lib/gcc/nios2-elf/4.1.2/../../../../nios2-elf/lib/mno-hw-mul/libsmallc.a(lib_a-printf.o)
 .debug_pubnames
                0x00000187       0x27 /opt/altera/13.0sp1/nios2eds/bin/gnu/H-i686-pc-linux-gnu/bin/../lib/gcc/nios2-elf/4.1.2/../../../../nios2-elf/lib/mno-hw-mul/libsmallc.a(lib_a-puts.o)
 .debug_pubnames
                0x000001ae       0x1d /opt/altera/13.0sp1/nios2eds/bin/gnu/H-i686-pc-linux-gnu/bin/../lib/gcc/nios2-elf/4.1.2/../../../../nios2-elf/lib/mno-hw-mul/libsmallc.a(lib_a-strlen.o)
 .debug_pubnames
                0x000001cb       0x45 /opt/altera/13.0sp1/nios2eds/bin/gnu/H-i686-pc-linux-gnu/bin/../lib/gcc/nios2-elf/4.1.2/../../../../nios2-elf/lib/mno-hw-mul/libsmallc.a(lib_a-vfprintf.o)
 .debug_pubnames
                0x00000210       0x2b /opt/altera/13.0sp1/nios2eds/bin/gnu/H-i686-pc-linux-gnu/bin/../lib/gcc/nios2-elf/4.1.2/../../../../nios2-elf/lib/mno-hw-mul/libsmallc.a(lib_a-fvwrite_small_dev.o)
 .debug_pubnames
                0x0000023b       0x39 /opt/altera/13.0sp1/nios2eds/bin/gnu/H-i686-pc-linux-gnu/bin/../lib/gcc/nios2-elf/4.1.2/../../../../nios2-elf/lib/mno-hw-mul/libsmallc.a(lib_a-impure.o)
 .debug_pubnames
                0x00000274       0x1f /opt/altera/13.0sp1/nios2eds/bin/gnu/H-i686-pc-linux-gnu/bin/../lib/gcc/nios2-elf/4.1.2/../../../../nios2-elf/lib/mno-hw-mul/libsmallc.a(lib_a-writer.o)
 .debug_pubnames
                0x00000293       0x1c /opt/altera/13.0sp1/nios2eds/bin/gnu/H-i686-pc-linux-gnu/bin/../lib/gcc/nios2-elf/4.1.2/../../../../nios2-elf/lib/mno-hw-mul/libsmallc.a(lib_a-int_errno.o)
 .debug_pubnames
                0x000002af       0x48 /opt/altera/13.0sp1/nios2eds/bin/gnu/H-i686-pc-linux-gnu/bin/../lib/gcc/nios2-elf/4.1.2/mno-hw-mul/libgcc.a(lib2-divmod.o)
 .debug_pubnames
                0x000002f7       0x1f /opt/altera/13.0sp1/nios2eds/bin/gnu/H-i686-pc-linux-gnu/bin/../lib/gcc/nios2-elf/4.1.2/mno-hw-mul/libgcc.a(lib2-mul.o)
 .debug_pubnames
                0x00000316       0x1b /opt/altera/13.0sp1/nios2eds/bin/gnu/H-i686-pc-linux-gnu/bin/../lib/gcc/nios2-elf/4.1.2/../../../../nios2-elf/lib/mno-hw-mul/libsmallc.a(lib_a-exit.o)
 .debug_pubnames
                0x00000331       0x1d /opt/altera/13.0sp1/nios2eds/bin/gnu/H-i686-pc-linux-gnu/bin/../lib/gcc/nios2-elf/4.1.2/../../../../nios2-elf/lib/mno-hw-mul/libsmallc.a(lib_a-memcmp.o)
 .debug_pubnames
                0x0000034e       0x1d /opt/altera/13.0sp1/nios2eds/bin/gnu/H-i686-pc-linux-gnu/bin/../lib/gcc/nios2-elf/4.1.2/../../../../nios2-elf/lib/mno-hw-mul/libsmallc.a(lib_a-strcmp.o)
 .debug_pubnames
                0x0000036b       0x27 /opt/altera/13.0sp1/nios2eds/bin/gnu/H-i686-pc-linux-gnu/bin/../lib/gcc/nios2-elf/4.1.2/../../../../nios2-elf/lib/mno-hw-mul/libsmallc.a(lib_a-__call_atexit.o)

.debug_info     0x00000000     0x4a0e
 *(.debug_info .gnu.linkonce.wi.*)
 .debug_info    0x00000000       0x6d ../NIOS2_VGA_bsp/obj/HAL/src/crt0.o
 .debug_info    0x0000006d      0x776 obj/default/main.o
 .debug_info    0x000007e3      0x245 /opt/altera/13.0sp1/nios2eds/bin/gnu/H-i686-pc-linux-gnu/bin/../lib/gcc/nios2-elf/4.1.2/mno-hw-mul/libgcc.a(_sf_to_df.o)
 .debug_info    0x00000a28      0x1d6 /opt/altera/13.0sp1/nios2eds/bin/gnu/H-i686-pc-linux-gnu/bin/../lib/gcc/nios2-elf/4.1.2/mno-hw-mul/libgcc.a(_make_df.o)
 .debug_info    0x00000bfe      0x25a /opt/altera/13.0sp1/nios2eds/bin/gnu/H-i686-pc-linux-gnu/bin/../lib/gcc/nios2-elf/4.1.2/mno-hw-mul/libgcc.a(_unpack_sf.o)
 .debug_info    0x00000e58      0x2fc /opt/altera/13.0sp1/nios2eds/bin/gnu/H-i686-pc-linux-gnu/bin/../lib/gcc/nios2-elf/4.1.2/mno-hw-mul/libgcc.a(_pack_df.o)
 .debug_info    0x00001154      0x6c8 /opt/altera/13.0sp1/nios2eds/bin/gnu/H-i686-pc-linux-gnu/bin/../lib/gcc/nios2-elf/4.1.2/../../../../nios2-elf/lib/mno-hw-mul/libsmallc.a(lib_a-printf.o)
 .debug_info    0x0000181c      0x685 /opt/altera/13.0sp1/nios2eds/bin/gnu/H-i686-pc-linux-gnu/bin/../lib/gcc/nios2-elf/4.1.2/../../../../nios2-elf/lib/mno-hw-mul/libsmallc.a(lib_a-puts.o)
 .debug_info    0x00001ea1       0xc2 /opt/altera/13.0sp1/nios2eds/bin/gnu/H-i686-pc-linux-gnu/bin/../lib/gcc/nios2-elf/4.1.2/../../../../nios2-elf/lib/mno-hw-mul/libsmallc.a(lib_a-strlen.o)
 .debug_info    0x00001f63      0x9b6 /opt/altera/13.0sp1/nios2eds/bin/gnu/H-i686-pc-linux-gnu/bin/../lib/gcc/nios2-elf/4.1.2/../../../../nios2-elf/lib/mno-hw-mul/libsmallc.a(lib_a-vfprintf.o)
 .debug_info    0x00002919      0x68e /opt/altera/13.0sp1/nios2eds/bin/gnu/H-i686-pc-linux-gnu/bin/../lib/gcc/nios2-elf/4.1.2/../../../../nios2-elf/lib/mno-hw-mul/libsmallc.a(lib_a-fvwrite_small_dev.o)
 .debug_info    0x00002fa7      0x636 /opt/altera/13.0sp1/nios2eds/bin/gnu/H-i686-pc-linux-gnu/bin/../lib/gcc/nios2-elf/4.1.2/../../../../nios2-elf/lib/mno-hw-mul/libsmallc.a(lib_a-impure.o)
 .debug_info    0x000035dd      0x68c /opt/altera/13.0sp1/nios2eds/bin/gnu/H-i686-pc-linux-gnu/bin/../lib/gcc/nios2-elf/4.1.2/../../../../nios2-elf/lib/mno-hw-mul/libsmallc.a(lib_a-writer.o)
 .debug_info    0x00003c69       0x8c /opt/altera/13.0sp1/nios2eds/bin/gnu/H-i686-pc-linux-gnu/bin/../lib/gcc/nios2-elf/4.1.2/../../../../nios2-elf/lib/mno-hw-mul/libsmallc.a(lib_a-int_errno.o)
 .debug_info    0x00003cf5      0x21c /opt/altera/13.0sp1/nios2eds/bin/gnu/H-i686-pc-linux-gnu/bin/../lib/gcc/nios2-elf/4.1.2/mno-hw-mul/libgcc.a(lib2-divmod.o)
 .debug_info    0x00003f11       0xf3 /opt/altera/13.0sp1/nios2eds/bin/gnu/H-i686-pc-linux-gnu/bin/../lib/gcc/nios2-elf/4.1.2/mno-hw-mul/libgcc.a(lib2-mul.o)
 .debug_info    0x00004004       0x76 ../NIOS2_VGA_bsp/libhal_bsp.a(alt_irq_entry.o)
 .debug_info    0x0000407a       0x7c ../NIOS2_VGA_bsp/libhal_bsp.a(alt_exception_entry.o)
 .debug_info    0x000040f6       0x9f /opt/altera/13.0sp1/nios2eds/bin/gnu/H-i686-pc-linux-gnu/bin/../lib/gcc/nios2-elf/4.1.2/../../../../nios2-elf/lib/mno-hw-mul/libsmallc.a(lib_a-exit.o)
 .debug_info    0x00004195       0xef /opt/altera/13.0sp1/nios2eds/bin/gnu/H-i686-pc-linux-gnu/bin/../lib/gcc/nios2-elf/4.1.2/../../../../nios2-elf/lib/mno-hw-mul/libsmallc.a(lib_a-memcmp.o)
 .debug_info    0x00004284       0xb5 /opt/altera/13.0sp1/nios2eds/bin/gnu/H-i686-pc-linux-gnu/bin/../lib/gcc/nios2-elf/4.1.2/../../../../nios2-elf/lib/mno-hw-mul/libsmallc.a(lib_a-strcmp.o)
 .debug_info    0x00004339      0x6d5 /opt/altera/13.0sp1/nios2eds/bin/gnu/H-i686-pc-linux-gnu/bin/../lib/gcc/nios2-elf/4.1.2/../../../../nios2-elf/lib/mno-hw-mul/libsmallc.a(lib_a-__call_atexit.o)

.debug_abbrev   0x00000000     0x1540
 *(.debug_abbrev)
 .debug_abbrev  0x00000000       0x12 ../NIOS2_VGA_bsp/obj/HAL/src/crt0.o
 .debug_abbrev  0x00000012      0x14a obj/default/main.o
 .debug_abbrev  0x0000015c      0x128 /opt/altera/13.0sp1/nios2eds/bin/gnu/H-i686-pc-linux-gnu/bin/../lib/gcc/nios2-elf/4.1.2/mno-hw-mul/libgcc.a(_sf_to_df.o)
 .debug_abbrev  0x00000284      0x10f /opt/altera/13.0sp1/nios2eds/bin/gnu/H-i686-pc-linux-gnu/bin/../lib/gcc/nios2-elf/4.1.2/mno-hw-mul/libgcc.a(_make_df.o)
 .debug_abbrev  0x00000393      0x158 /opt/altera/13.0sp1/nios2eds/bin/gnu/H-i686-pc-linux-gnu/bin/../lib/gcc/nios2-elf/4.1.2/mno-hw-mul/libgcc.a(_unpack_sf.o)
 .debug_abbrev  0x000004eb      0x1b1 /opt/altera/13.0sp1/nios2eds/bin/gnu/H-i686-pc-linux-gnu/bin/../lib/gcc/nios2-elf/4.1.2/mno-hw-mul/libgcc.a(_pack_df.o)
 .debug_abbrev  0x0000069c      0x179 /opt/altera/13.0sp1/nios2eds/bin/gnu/H-i686-pc-linux-gnu/bin/../lib/gcc/nios2-elf/4.1.2/../../../../nios2-elf/lib/mno-hw-mul/libsmallc.a(lib_a-printf.o)
 .debug_abbrev  0x00000815      0x180 /opt/altera/13.0sp1/nios2eds/bin/gnu/H-i686-pc-linux-gnu/bin/../lib/gcc/nios2-elf/4.1.2/../../../../nios2-elf/lib/mno-hw-mul/libsmallc.a(lib_a-puts.o)
 .debug_abbrev  0x00000995       0x7a /opt/altera/13.0sp1/nios2eds/bin/gnu/H-i686-pc-linux-gnu/bin/../lib/gcc/nios2-elf/4.1.2/../../../../nios2-elf/lib/mno-hw-mul/libsmallc.a(lib_a-strlen.o)
 .debug_abbrev  0x00000a0f      0x263 /opt/altera/13.0sp1/nios2eds/bin/gnu/H-i686-pc-linux-gnu/bin/../lib/gcc/nios2-elf/4.1.2/../../../../nios2-elf/lib/mno-hw-mul/libsmallc.a(lib_a-vfprintf.o)
 .debug_abbrev  0x00000c72      0x179 /opt/altera/13.0sp1/nios2eds/bin/gnu/H-i686-pc-linux-gnu/bin/../lib/gcc/nios2-elf/4.1.2/../../../../nios2-elf/lib/mno-hw-mul/libsmallc.a(lib_a-fvwrite_small_dev.o)
 .debug_abbrev  0x00000deb      0x13f /opt/altera/13.0sp1/nios2eds/bin/gnu/H-i686-pc-linux-gnu/bin/../lib/gcc/nios2-elf/4.1.2/../../../../nios2-elf/lib/mno-hw-mul/libsmallc.a(lib_a-impure.o)
 .debug_abbrev  0x00000f2a      0x16c /opt/altera/13.0sp1/nios2eds/bin/gnu/H-i686-pc-linux-gnu/bin/../lib/gcc/nios2-elf/4.1.2/../../../../nios2-elf/lib/mno-hw-mul/libsmallc.a(lib_a-writer.o)
 .debug_abbrev  0x00001096       0x3b /opt/altera/13.0sp1/nios2eds/bin/gnu/H-i686-pc-linux-gnu/bin/../lib/gcc/nios2-elf/4.1.2/../../../../nios2-elf/lib/mno-hw-mul/libsmallc.a(lib_a-int_errno.o)
 .debug_abbrev  0x000010d1       0xe0 /opt/altera/13.0sp1/nios2eds/bin/gnu/H-i686-pc-linux-gnu/bin/../lib/gcc/nios2-elf/4.1.2/mno-hw-mul/libgcc.a(lib2-divmod.o)
 .debug_abbrev  0x000011b1       0x7b /opt/altera/13.0sp1/nios2eds/bin/gnu/H-i686-pc-linux-gnu/bin/../lib/gcc/nios2-elf/4.1.2/mno-hw-mul/libgcc.a(lib2-mul.o)
 .debug_abbrev  0x0000122c       0x12 ../NIOS2_VGA_bsp/libhal_bsp.a(alt_irq_entry.o)
 .debug_abbrev  0x0000123e       0x12 ../NIOS2_VGA_bsp/libhal_bsp.a(alt_exception_entry.o)
 .debug_abbrev  0x00001250       0x4e /opt/altera/13.0sp1/nios2eds/bin/gnu/H-i686-pc-linux-gnu/bin/../lib/gcc/nios2-elf/4.1.2/../../../../nios2-elf/lib/mno-hw-mul/libsmallc.a(lib_a-exit.o)
 .debug_abbrev  0x0000129e       0x7c /opt/altera/13.0sp1/nios2eds/bin/gnu/H-i686-pc-linux-gnu/bin/../lib/gcc/nios2-elf/4.1.2/../../../../nios2-elf/lib/mno-hw-mul/libsmallc.a(lib_a-memcmp.o)
 .debug_abbrev  0x0000131a       0x60 /opt/altera/13.0sp1/nios2eds/bin/gnu/H-i686-pc-linux-gnu/bin/../lib/gcc/nios2-elf/4.1.2/../../../../nios2-elf/lib/mno-hw-mul/libsmallc.a(lib_a-strcmp.o)
 .debug_abbrev  0x0000137a      0x1c6 /opt/altera/13.0sp1/nios2eds/bin/gnu/H-i686-pc-linux-gnu/bin/../lib/gcc/nios2-elf/4.1.2/../../../../nios2-elf/lib/mno-hw-mul/libsmallc.a(lib_a-__call_atexit.o)

.debug_line     0x00000000     0x30be
 *(.debug_line)
 .debug_line    0x00000000       0x66 ../NIOS2_VGA_bsp/obj/HAL/src/crt0.o
 .debug_line    0x00000066      0x3a7 obj/default/main.o
 .debug_line    0x0000040d       0xd1 /opt/altera/13.0sp1/nios2eds/bin/gnu/H-i686-pc-linux-gnu/bin/../lib/gcc/nios2-elf/4.1.2/mno-hw-mul/libgcc.a(_sf_to_df.o)
 .debug_line    0x000004de       0xe9 /opt/altera/13.0sp1/nios2eds/bin/gnu/H-i686-pc-linux-gnu/bin/../lib/gcc/nios2-elf/4.1.2/mno-hw-mul/libgcc.a(_make_df.o)
 .debug_line    0x000005c7      0x197 /opt/altera/13.0sp1/nios2eds/bin/gnu/H-i686-pc-linux-gnu/bin/../lib/gcc/nios2-elf/4.1.2/mno-hw-mul/libgcc.a(_unpack_sf.o)
 .debug_line    0x0000075e      0x222 /opt/altera/13.0sp1/nios2eds/bin/gnu/H-i686-pc-linux-gnu/bin/../lib/gcc/nios2-elf/4.1.2/mno-hw-mul/libgcc.a(_pack_df.o)
 .debug_line    0x00000980      0x2be /opt/altera/13.0sp1/nios2eds/bin/gnu/H-i686-pc-linux-gnu/bin/../lib/gcc/nios2-elf/4.1.2/../../../../nios2-elf/lib/mno-hw-mul/libsmallc.a(lib_a-printf.o)
 .debug_line    0x00000c3e      0x2b2 /opt/altera/13.0sp1/nios2eds/bin/gnu/H-i686-pc-linux-gnu/bin/../lib/gcc/nios2-elf/4.1.2/../../../../nios2-elf/lib/mno-hw-mul/libsmallc.a(lib_a-puts.o)
 .debug_line    0x00000ef0      0x250 /opt/altera/13.0sp1/nios2eds/bin/gnu/H-i686-pc-linux-gnu/bin/../lib/gcc/nios2-elf/4.1.2/../../../../nios2-elf/lib/mno-hw-mul/libsmallc.a(lib_a-strlen.o)
 .debug_line    0x00001140      0x666 /opt/altera/13.0sp1/nios2eds/bin/gnu/H-i686-pc-linux-gnu/bin/../lib/gcc/nios2-elf/4.1.2/../../../../nios2-elf/lib/mno-hw-mul/libsmallc.a(lib_a-vfprintf.o)
 .debug_line    0x000017a6      0x2a9 /opt/altera/13.0sp1/nios2eds/bin/gnu/H-i686-pc-linux-gnu/bin/../lib/gcc/nios2-elf/4.1.2/../../../../nios2-elf/lib/mno-hw-mul/libsmallc.a(lib_a-fvwrite_small_dev.o)
 .debug_line    0x00001a4f      0x230 /opt/altera/13.0sp1/nios2eds/bin/gnu/H-i686-pc-linux-gnu/bin/../lib/gcc/nios2-elf/4.1.2/../../../../nios2-elf/lib/mno-hw-mul/libsmallc.a(lib_a-impure.o)
 .debug_line    0x00001c7f      0x29d /opt/altera/13.0sp1/nios2eds/bin/gnu/H-i686-pc-linux-gnu/bin/../lib/gcc/nios2-elf/4.1.2/../../../../nios2-elf/lib/mno-hw-mul/libsmallc.a(lib_a-writer.o)
 .debug_line    0x00001f1c      0x1e2 /opt/altera/13.0sp1/nios2eds/bin/gnu/H-i686-pc-linux-gnu/bin/../lib/gcc/nios2-elf/4.1.2/../../../../nios2-elf/lib/mno-hw-mul/libsmallc.a(lib_a-int_errno.o)
 .debug_line    0x000020fe      0x2c6 /opt/altera/13.0sp1/nios2eds/bin/gnu/H-i686-pc-linux-gnu/bin/../lib/gcc/nios2-elf/4.1.2/mno-hw-mul/libgcc.a(lib2-divmod.o)
 .debug_line    0x000023c4      0x191 /opt/altera/13.0sp1/nios2eds/bin/gnu/H-i686-pc-linux-gnu/bin/../lib/gcc/nios2-elf/4.1.2/mno-hw-mul/libgcc.a(lib2-mul.o)
 .debug_line    0x00002555       0x6b ../NIOS2_VGA_bsp/libhal_bsp.a(alt_irq_entry.o)
 .debug_line    0x000025c0       0xab ../NIOS2_VGA_bsp/libhal_bsp.a(alt_exception_entry.o)
 .debug_line    0x0000266b      0x223 /opt/altera/13.0sp1/nios2eds/bin/gnu/H-i686-pc-linux-gnu/bin/../lib/gcc/nios2-elf/4.1.2/../../../../nios2-elf/lib/mno-hw-mul/libsmallc.a(lib_a-exit.o)
 .debug_line    0x0000288e      0x270 /opt/altera/13.0sp1/nios2eds/bin/gnu/H-i686-pc-linux-gnu/bin/../lib/gcc/nios2-elf/4.1.2/../../../../nios2-elf/lib/mno-hw-mul/libsmallc.a(lib_a-memcmp.o)
 .debug_line    0x00002afe      0x260 /opt/altera/13.0sp1/nios2eds/bin/gnu/H-i686-pc-linux-gnu/bin/../lib/gcc/nios2-elf/4.1.2/../../../../nios2-elf/lib/mno-hw-mul/libsmallc.a(lib_a-strcmp.o)
 .debug_line    0x00002d5e      0x360 /opt/altera/13.0sp1/nios2eds/bin/gnu/H-i686-pc-linux-gnu/bin/../lib/gcc/nios2-elf/4.1.2/../../../../nios2-elf/lib/mno-hw-mul/libsmallc.a(lib_a-__call_atexit.o)

.debug_frame    0x00000000      0x3a4
 *(.debug_frame)
 .debug_frame   0x00000000       0x64 obj/default/main.o
 .debug_frame   0x00000064       0x28 /opt/altera/13.0sp1/nios2eds/bin/gnu/H-i686-pc-linux-gnu/bin/../lib/gcc/nios2-elf/4.1.2/mno-hw-mul/libgcc.a(_sf_to_df.o)
 .debug_frame   0x0000008c       0x28 /opt/altera/13.0sp1/nios2eds/bin/gnu/H-i686-pc-linux-gnu/bin/../lib/gcc/nios2-elf/4.1.2/mno-hw-mul/libgcc.a(_make_df.o)
 .debug_frame   0x000000b4       0x20 /opt/altera/13.0sp1/nios2eds/bin/gnu/H-i686-pc-linux-gnu/bin/../lib/gcc/nios2-elf/4.1.2/mno-hw-mul/libgcc.a(_unpack_sf.o)
 .debug_frame   0x000000d4       0x2c /opt/altera/13.0sp1/nios2eds/bin/gnu/H-i686-pc-linux-gnu/bin/../lib/gcc/nios2-elf/4.1.2/mno-hw-mul/libgcc.a(_pack_df.o)
 .debug_frame   0x00000100       0x40 /opt/altera/13.0sp1/nios2eds/bin/gnu/H-i686-pc-linux-gnu/bin/../lib/gcc/nios2-elf/4.1.2/../../../../nios2-elf/lib/mno-hw-mul/libsmallc.a(lib_a-printf.o)
 .debug_frame   0x00000140       0x3c /opt/altera/13.0sp1/nios2eds/bin/gnu/H-i686-pc-linux-gnu/bin/../lib/gcc/nios2-elf/4.1.2/../../../../nios2-elf/lib/mno-hw-mul/libsmallc.a(lib_a-puts.o)
 .debug_frame   0x0000017c       0x20 /opt/altera/13.0sp1/nios2eds/bin/gnu/H-i686-pc-linux-gnu/bin/../lib/gcc/nios2-elf/4.1.2/../../../../nios2-elf/lib/mno-hw-mul/libsmallc.a(lib_a-strlen.o)
 .debug_frame   0x0000019c       0x64 /opt/altera/13.0sp1/nios2eds/bin/gnu/H-i686-pc-linux-gnu/bin/../lib/gcc/nios2-elf/4.1.2/../../../../nios2-elf/lib/mno-hw-mul/libsmallc.a(lib_a-vfprintf.o)
 .debug_frame   0x00000200       0x30 /opt/altera/13.0sp1/nios2eds/bin/gnu/H-i686-pc-linux-gnu/bin/../lib/gcc/nios2-elf/4.1.2/../../../../nios2-elf/lib/mno-hw-mul/libsmallc.a(lib_a-fvwrite_small_dev.o)
 .debug_frame   0x00000230       0x2c /opt/altera/13.0sp1/nios2eds/bin/gnu/H-i686-pc-linux-gnu/bin/../lib/gcc/nios2-elf/4.1.2/../../../../nios2-elf/lib/mno-hw-mul/libsmallc.a(lib_a-writer.o)
 .debug_frame   0x0000025c       0x70 /opt/altera/13.0sp1/nios2eds/bin/gnu/H-i686-pc-linux-gnu/bin/../lib/gcc/nios2-elf/4.1.2/mno-hw-mul/libgcc.a(lib2-divmod.o)
 .debug_frame   0x000002cc       0x20 /opt/altera/13.0sp1/nios2eds/bin/gnu/H-i686-pc-linux-gnu/bin/../lib/gcc/nios2-elf/4.1.2/mno-hw-mul/libgcc.a(lib2-mul.o)
 .debug_frame   0x000002ec       0x2c /opt/altera/13.0sp1/nios2eds/bin/gnu/H-i686-pc-linux-gnu/bin/../lib/gcc/nios2-elf/4.1.2/../../../../nios2-elf/lib/mno-hw-mul/libsmallc.a(lib_a-exit.o)
 .debug_frame   0x00000318       0x20 /opt/altera/13.0sp1/nios2eds/bin/gnu/H-i686-pc-linux-gnu/bin/../lib/gcc/nios2-elf/4.1.2/../../../../nios2-elf/lib/mno-hw-mul/libsmallc.a(lib_a-memcmp.o)
 .debug_frame   0x00000338       0x20 /opt/altera/13.0sp1/nios2eds/bin/gnu/H-i686-pc-linux-gnu/bin/../lib/gcc/nios2-elf/4.1.2/../../../../nios2-elf/lib/mno-hw-mul/libsmallc.a(lib_a-strcmp.o)
 .debug_frame   0x00000358       0x4c /opt/altera/13.0sp1/nios2eds/bin/gnu/H-i686-pc-linux-gnu/bin/../lib/gcc/nios2-elf/4.1.2/../../../../nios2-elf/lib/mno-hw-mul/libsmallc.a(lib_a-__call_atexit.o)

.debug_str      0x00000000      0xdb4
 *(.debug_str)
 .debug_str     0x00000000       0x97 obj/default/main.o
 .debug_str     0x00000097      0x1b2 /opt/altera/13.0sp1/nios2eds/bin/gnu/H-i686-pc-linux-gnu/bin/../lib/gcc/nios2-elf/4.1.2/mno-hw-mul/libgcc.a(_sf_to_df.o)
                                0x1f7 (size before relaxing)
 .debug_str     0x00000249       0x2c /opt/altera/13.0sp1/nios2eds/bin/gnu/H-i686-pc-linux-gnu/bin/../lib/gcc/nios2-elf/4.1.2/mno-hw-mul/libgcc.a(_make_df.o)
                                0x1be (size before relaxing)
 .debug_str     0x00000275        0xb /opt/altera/13.0sp1/nios2eds/bin/gnu/H-i686-pc-linux-gnu/bin/../lib/gcc/nios2-elf/4.1.2/mno-hw-mul/libgcc.a(_unpack_sf.o)
                                0x1e7 (size before relaxing)
 .debug_str     0x00000280       0x2f /opt/altera/13.0sp1/nios2eds/bin/gnu/H-i686-pc-linux-gnu/bin/../lib/gcc/nios2-elf/4.1.2/mno-hw-mul/libgcc.a(_pack_df.o)
                                0x20b (size before relaxing)
 .debug_str     0x000002af      0x3bd /opt/altera/13.0sp1/nios2eds/bin/gnu/H-i686-pc-linux-gnu/bin/../lib/gcc/nios2-elf/4.1.2/../../../../nios2-elf/lib/mno-hw-mul/libsmallc.a(lib_a-printf.o)
                                0x46b (size before relaxing)
 .debug_str     0x0000066c       0x48 /opt/altera/13.0sp1/nios2eds/bin/gnu/H-i686-pc-linux-gnu/bin/../lib/gcc/nios2-elf/4.1.2/../../../../nios2-elf/lib/mno-hw-mul/libsmallc.a(lib_a-puts.o)
                                0x455 (size before relaxing)
 .debug_str     0x000006b4       0xe7 /opt/altera/13.0sp1/nios2eds/bin/gnu/H-i686-pc-linux-gnu/bin/../lib/gcc/nios2-elf/4.1.2/../../../../nios2-elf/lib/mno-hw-mul/libsmallc.a(lib_a-strlen.o)
                                0x189 (size before relaxing)
 .debug_str     0x0000079b      0x168 /opt/altera/13.0sp1/nios2eds/bin/gnu/H-i686-pc-linux-gnu/bin/../lib/gcc/nios2-elf/4.1.2/../../../../nios2-elf/lib/mno-hw-mul/libsmallc.a(lib_a-vfprintf.o)
                                0x5b4 (size before relaxing)
 .debug_str     0x00000903       0x70 /opt/altera/13.0sp1/nios2eds/bin/gnu/H-i686-pc-linux-gnu/bin/../lib/gcc/nios2-elf/4.1.2/../../../../nios2-elf/lib/mno-hw-mul/libsmallc.a(lib_a-fvwrite_small_dev.o)
                                0x46f (size before relaxing)
 .debug_str     0x00000973       0xfd /opt/altera/13.0sp1/nios2eds/bin/gnu/H-i686-pc-linux-gnu/bin/../lib/gcc/nios2-elf/4.1.2/../../../../nios2-elf/lib/mno-hw-mul/libsmallc.a(lib_a-impure.o)
                                0x462 (size before relaxing)
 .debug_str     0x00000a70       0x4f /opt/altera/13.0sp1/nios2eds/bin/gnu/H-i686-pc-linux-gnu/bin/../lib/gcc/nios2-elf/4.1.2/../../../../nios2-elf/lib/mno-hw-mul/libsmallc.a(lib_a-writer.o)
                                0x456 (size before relaxing)
 .debug_str     0x00000abf       0x40 /opt/altera/13.0sp1/nios2eds/bin/gnu/H-i686-pc-linux-gnu/bin/../lib/gcc/nios2-elf/4.1.2/../../../../nios2-elf/lib/mno-hw-mul/libsmallc.a(lib_a-int_errno.o)
                                0x17c (size before relaxing)
 .debug_str     0x00000aff       0x93 /opt/altera/13.0sp1/nios2eds/bin/gnu/H-i686-pc-linux-gnu/bin/../lib/gcc/nios2-elf/4.1.2/mno-hw-mul/libgcc.a(lib2-divmod.o)
                                0x1b9 (size before relaxing)
 .debug_str     0x00000b92       0x37 /opt/altera/13.0sp1/nios2eds/bin/gnu/H-i686-pc-linux-gnu/bin/../lib/gcc/nios2-elf/4.1.2/mno-hw-mul/libgcc.a(lib2-mul.o)
                                0x17a (size before relaxing)
 .debug_str     0x00000bc9       0xe3 /opt/altera/13.0sp1/nios2eds/bin/gnu/H-i686-pc-linux-gnu/bin/../lib/gcc/nios2-elf/4.1.2/../../../../nios2-elf/lib/mno-hw-mul/libsmallc.a(lib_a-exit.o)
                                0x17d (size before relaxing)
 .debug_str     0x00000cac       0x45 /opt/altera/13.0sp1/nios2eds/bin/gnu/H-i686-pc-linux-gnu/bin/../lib/gcc/nios2-elf/4.1.2/../../../../nios2-elf/lib/mno-hw-mul/libsmallc.a(lib_a-memcmp.o)
                                0x183 (size before relaxing)
 .debug_str     0x00000cf1       0x45 /opt/altera/13.0sp1/nios2eds/bin/gnu/H-i686-pc-linux-gnu/bin/../lib/gcc/nios2-elf/4.1.2/../../../../nios2-elf/lib/mno-hw-mul/libsmallc.a(lib_a-strcmp.o)
                                0x17c (size before relaxing)
 .debug_str     0x00000d36       0x7e /opt/altera/13.0sp1/nios2eds/bin/gnu/H-i686-pc-linux-gnu/bin/../lib/gcc/nios2-elf/4.1.2/../../../../nios2-elf/lib/mno-hw-mul/libsmallc.a(lib_a-__call_atexit.o)
                                0x496 (size before relaxing)

.debug_loc      0x00000000     0x130d
 *(.debug_loc)
 .debug_loc     0x00000000       0x81 obj/default/main.o
 .debug_loc     0x00000081       0x32 /opt/altera/13.0sp1/nios2eds/bin/gnu/H-i686-pc-linux-gnu/bin/../lib/gcc/nios2-elf/4.1.2/mno-hw-mul/libgcc.a(_sf_to_df.o)
 .debug_loc     0x000000b3       0x58 /opt/altera/13.0sp1/nios2eds/bin/gnu/H-i686-pc-linux-gnu/bin/../lib/gcc/nios2-elf/4.1.2/mno-hw-mul/libgcc.a(_make_df.o)
 .debug_loc     0x0000010b       0x31 /opt/altera/13.0sp1/nios2eds/bin/gnu/H-i686-pc-linux-gnu/bin/../lib/gcc/nios2-elf/4.1.2/mno-hw-mul/libgcc.a(_unpack_sf.o)
 .debug_loc     0x0000013c      0x184 /opt/altera/13.0sp1/nios2eds/bin/gnu/H-i686-pc-linux-gnu/bin/../lib/gcc/nios2-elf/4.1.2/mno-hw-mul/libgcc.a(_pack_df.o)
 .debug_loc     0x000002c0       0x8d /opt/altera/13.0sp1/nios2eds/bin/gnu/H-i686-pc-linux-gnu/bin/../lib/gcc/nios2-elf/4.1.2/../../../../nios2-elf/lib/mno-hw-mul/libsmallc.a(lib_a-printf.o)
 .debug_loc     0x0000034d       0xa2 /opt/altera/13.0sp1/nios2eds/bin/gnu/H-i686-pc-linux-gnu/bin/../lib/gcc/nios2-elf/4.1.2/../../../../nios2-elf/lib/mno-hw-mul/libsmallc.a(lib_a-puts.o)
 .debug_loc     0x000003ef       0x1e /opt/altera/13.0sp1/nios2eds/bin/gnu/H-i686-pc-linux-gnu/bin/../lib/gcc/nios2-elf/4.1.2/../../../../nios2-elf/lib/mno-hw-mul/libsmallc.a(lib_a-strlen.o)
 .debug_loc     0x0000040d      0x878 /opt/altera/13.0sp1/nios2eds/bin/gnu/H-i686-pc-linux-gnu/bin/../lib/gcc/nios2-elf/4.1.2/../../../../nios2-elf/lib/mno-hw-mul/libsmallc.a(lib_a-vfprintf.o)
 .debug_loc     0x00000c85      0x162 /opt/altera/13.0sp1/nios2eds/bin/gnu/H-i686-pc-linux-gnu/bin/../lib/gcc/nios2-elf/4.1.2/../../../../nios2-elf/lib/mno-hw-mul/libsmallc.a(lib_a-fvwrite_small_dev.o)
 .debug_loc     0x00000de7       0x97 /opt/altera/13.0sp1/nios2eds/bin/gnu/H-i686-pc-linux-gnu/bin/../lib/gcc/nios2-elf/4.1.2/../../../../nios2-elf/lib/mno-hw-mul/libsmallc.a(lib_a-writer.o)
 .debug_loc     0x00000e7e      0x1d2 /opt/altera/13.0sp1/nios2eds/bin/gnu/H-i686-pc-linux-gnu/bin/../lib/gcc/nios2-elf/4.1.2/mno-hw-mul/libgcc.a(lib2-divmod.o)
 .debug_loc     0x00001050       0x4f /opt/altera/13.0sp1/nios2eds/bin/gnu/H-i686-pc-linux-gnu/bin/../lib/gcc/nios2-elf/4.1.2/mno-hw-mul/libgcc.a(lib2-mul.o)
 .debug_loc     0x0000109f       0x3d /opt/altera/13.0sp1/nios2eds/bin/gnu/H-i686-pc-linux-gnu/bin/../lib/gcc/nios2-elf/4.1.2/../../../../nios2-elf/lib/mno-hw-mul/libsmallc.a(lib_a-exit.o)
 .debug_loc     0x000010dc       0x70 /opt/altera/13.0sp1/nios2eds/bin/gnu/H-i686-pc-linux-gnu/bin/../lib/gcc/nios2-elf/4.1.2/../../../../nios2-elf/lib/mno-hw-mul/libsmallc.a(lib_a-memcmp.o)
 .debug_loc     0x0000114c      0x1c1 /opt/altera/13.0sp1/nios2eds/bin/gnu/H-i686-pc-linux-gnu/bin/../lib/gcc/nios2-elf/4.1.2/../../../../nios2-elf/lib/mno-hw-mul/libsmallc.a(lib_a-__call_atexit.o)

.debug_macinfo
 *(.debug_macinfo)

.debug_weaknames
 *(.debug_weaknames)

.debug_funcnames
 *(.debug_funcnames)

.debug_typenames
 *(.debug_typenames)

.debug_varnames
 *(.debug_varnames)

.debug_alt_sim_info
                0x00000000       0x40
 *(.debug_alt_sim_info)
 .debug_alt_sim_info
                0x00000000       0x10 ../NIOS2_VGA_bsp/obj/HAL/src/crt0.o
 .debug_alt_sim_info
                0x00000010       0x30 ../NIOS2_VGA_bsp/libhal_bsp.a(alt_busy_sleep.o)
                0x00876200                __alt_data_end = 0x876200
                0x00876200                PROVIDE (__alt_stack_pointer, __alt_data_end)
                0x00805874                PROVIDE (__alt_stack_limit, __alt_stack_base)
                0x00805874                PROVIDE (__alt_heap_start, end)
                0x00876200                PROVIDE (__alt_heap_limit, 0x876200)
OUTPUT(VGA_test.elf elf32-littlenios2)

.debug_ranges   0x00000000      0x1f8
 .debug_ranges  0x00000000       0x20 ../NIOS2_VGA_bsp/obj/HAL/src/crt0.o
 .debug_ranges  0x00000020       0x28 /opt/altera/13.0sp1/nios2eds/bin/gnu/H-i686-pc-linux-gnu/bin/../lib/gcc/nios2-elf/4.1.2/mno-hw-mul/libgcc.a(_pack_df.o)
 .debug_ranges  0x00000048      0x140 /opt/altera/13.0sp1/nios2eds/bin/gnu/H-i686-pc-linux-gnu/bin/../lib/gcc/nios2-elf/4.1.2/../../../../nios2-elf/lib/mno-hw-mul/libsmallc.a(lib_a-vfprintf.o)
 .debug_ranges  0x00000188       0x28 ../NIOS2_VGA_bsp/libhal_bsp.a(alt_irq_entry.o)
 .debug_ranges  0x000001b0       0x30 ../NIOS2_VGA_bsp/libhal_bsp.a(alt_exception_entry.o)
 .debug_ranges  0x000001e0       0x18 /opt/altera/13.0sp1/nios2eds/bin/gnu/H-i686-pc-linux-gnu/bin/../lib/gcc/nios2-elf/4.1.2/../../../../nios2-elf/lib/mno-hw-mul/libsmallc.a(lib_a-__call_atexit.o)
