Archive member included because of file (symbol)

../NIOS2_VGA_bsp//libhal_bsp.a(alt_load.o)
                              ../NIOS2_VGA_bsp//obj/HAL/src/crt0.o (alt_load)
../NIOS2_VGA_bsp//libhal_bsp.a(alt_main.o)
                              ../NIOS2_VGA_bsp//obj/HAL/src/crt0.o (alt_main)
../NIOS2_VGA_bsp//libhal_bsp.a(alt_sys_init.o)
                              ../NIOS2_VGA_bsp//libhal_bsp.a(alt_main.o) (alt_sys_init)
../NIOS2_VGA_bsp//libhal_bsp.a(altera_avalon_jtag_uart_fd.o)
                              ../NIOS2_VGA_bsp//libhal_bsp.a(alt_sys_init.o) (altera_avalon_jtag_uart_write_fd)
../NIOS2_VGA_bsp//libhal_bsp.a(altera_avalon_jtag_uart_read.o)
                              ../NIOS2_VGA_bsp//libhal_bsp.a(altera_avalon_jtag_uart_fd.o) (altera_avalon_jtag_uart_read)
../NIOS2_VGA_bsp//libhal_bsp.a(altera_avalon_jtag_uart_write.o)
                              ../NIOS2_VGA_bsp//libhal_bsp.a(altera_avalon_jtag_uart_fd.o) (altera_avalon_jtag_uart_write)
../NIOS2_VGA_bsp//libhal_bsp.a(altera_avalon_timer_sc.o)
                              ../NIOS2_VGA_bsp//libhal_bsp.a(alt_sys_init.o) (alt_avalon_timer_sc_init)
../NIOS2_VGA_bsp//libhal_bsp.a(altera_up_avalon_video_character_buffer_with_dma.o)
                              ../NIOS2_VGA_bsp//libhal_bsp.a(alt_sys_init.o) (alt_up_char_buffer_init)
../NIOS2_VGA_bsp//libhal_bsp.a(alt_close.o)
                              ../NIOS2_VGA_bsp//libhal_bsp.a(alt_main.o) (close)
../NIOS2_VGA_bsp//libhal_bsp.a(alt_dcache_flush_all.o)
                              ../NIOS2_VGA_bsp//libhal_bsp.a(alt_load.o) (alt_dcache_flush_all)
../NIOS2_VGA_bsp//libhal_bsp.a(alt_dev.o)
                              ../NIOS2_VGA_bsp//libhal_bsp.a(alt_sys_init.o) (alt_dev_list)
../NIOS2_VGA_bsp//libhal_bsp.a(alt_dev_llist_insert.o)
                              ../NIOS2_VGA_bsp//libhal_bsp.a(alt_sys_init.o) (alt_dev_llist_insert)
../NIOS2_VGA_bsp//libhal_bsp.a(alt_errno.o)
                              ../NIOS2_VGA_bsp//libhal_bsp.a(alt_close.o) (alt_errno)
../NIOS2_VGA_bsp//libhal_bsp.a(alt_find_dev.o)
                              ../NIOS2_VGA_bsp//libhal_bsp.a(altera_up_avalon_video_character_buffer_with_dma.o) (alt_find_dev)
../NIOS2_VGA_bsp//libhal_bsp.a(alt_icache_flush_all.o)
                              ../NIOS2_VGA_bsp//libhal_bsp.a(alt_load.o) (alt_icache_flush_all)
../NIOS2_VGA_bsp//libhal_bsp.a(alt_iic.o)
                              ../NIOS2_VGA_bsp//libhal_bsp.a(altera_avalon_timer_sc.o) (alt_ic_isr_register)
../NIOS2_VGA_bsp//libhal_bsp.a(alt_iic_isr_register.o)
                              ../NIOS2_VGA_bsp//libhal_bsp.a(alt_iic.o) (alt_iic_isr_register)
../NIOS2_VGA_bsp//libhal_bsp.a(alt_io_redirect.o)
                              ../NIOS2_VGA_bsp//libhal_bsp.a(alt_main.o) (alt_io_redirect)
../NIOS2_VGA_bsp//libhal_bsp.a(alt_irq_entry.o)
                              ../NIOS2_VGA_bsp//libhal_bsp.a(alt_iic_isr_register.o) (alt_irq_entry)
../NIOS2_VGA_bsp//libhal_bsp.a(alt_irq_handler.o)
                              ../NIOS2_VGA_bsp//libhal_bsp.a(alt_iic_isr_register.o) (alt_irq_handler)
../NIOS2_VGA_bsp//libhal_bsp.a(alt_irq_vars.o)
                              ../NIOS2_VGA_bsp//libhal_bsp.a(alt_iic.o) (alt_irq_active)
../NIOS2_VGA_bsp//libhal_bsp.a(alt_open.o)
                              ../NIOS2_VGA_bsp//libhal_bsp.a(alt_io_redirect.o) (open)
../NIOS2_VGA_bsp//libhal_bsp.a(alt_release_fd.o)
                              ../NIOS2_VGA_bsp//libhal_bsp.a(alt_close.o) (alt_release_fd)
../NIOS2_VGA_bsp//libhal_bsp.a(alt_tick.o)
                              ../NIOS2_VGA_bsp//libhal_bsp.a(altera_avalon_timer_sc.o) (alt_tick)
../NIOS2_VGA_bsp//libhal_bsp.a(altera_nios2_qsys_irq.o)
                              ../NIOS2_VGA_bsp//libhal_bsp.a(alt_sys_init.o) (altera_nios2_qsys_irq_init)
../NIOS2_VGA_bsp//libhal_bsp.a(alt_exception_entry.o)
                              ../NIOS2_VGA_bsp//libhal_bsp.a(alt_irq_entry.o) (alt_exception)
../NIOS2_VGA_bsp//libhal_bsp.a(alt_find_file.o)
                              ../NIOS2_VGA_bsp//libhal_bsp.a(alt_open.o) (alt_find_file)
../NIOS2_VGA_bsp//libhal_bsp.a(alt_get_fd.o)
                              ../NIOS2_VGA_bsp//libhal_bsp.a(alt_open.o) (alt_get_fd)
/opt/altera/13.0sp1/nios2eds/bin/gnu/H-i686-pc-linux-gnu/bin/../lib/gcc/nios2-elf/4.1.2/../../../../nios2-elf/lib/mno-hw-mul/libsmallc.a(lib_a-exit.o)
                              ../NIOS2_VGA_bsp//libhal_bsp.a(alt_main.o) (exit)
/opt/altera/13.0sp1/nios2eds/bin/gnu/H-i686-pc-linux-gnu/bin/../lib/gcc/nios2-elf/4.1.2/../../../../nios2-elf/lib/mno-hw-mul/libsmallc.a(lib_a-int_errno.o)
                              ../NIOS2_VGA_bsp//libhal_bsp.a(alt_close.o) (errno)
/opt/altera/13.0sp1/nios2eds/bin/gnu/H-i686-pc-linux-gnu/bin/../lib/gcc/nios2-elf/4.1.2/../../../../nios2-elf/lib/mno-hw-mul/libsmallc.a(lib_a-memcmp.o)
                              ../NIOS2_VGA_bsp//libhal_bsp.a(alt_find_dev.o) (memcmp)
/opt/altera/13.0sp1/nios2eds/bin/gnu/H-i686-pc-linux-gnu/bin/../lib/gcc/nios2-elf/4.1.2/../../../../nios2-elf/lib/mno-hw-mul/libsmallc.a(lib_a-strcmp.o)
                              ../NIOS2_VGA_bsp//libhal_bsp.a(altera_up_avalon_video_character_buffer_with_dma.o) (strcmp)
/opt/altera/13.0sp1/nios2eds/bin/gnu/H-i686-pc-linux-gnu/bin/../lib/gcc/nios2-elf/4.1.2/../../../../nios2-elf/lib/mno-hw-mul/libsmallc.a(lib_a-strlen.o)
                              ../NIOS2_VGA_bsp//libhal_bsp.a(alt_find_dev.o) (strlen)
/opt/altera/13.0sp1/nios2eds/bin/gnu/H-i686-pc-linux-gnu/bin/../lib/gcc/nios2-elf/4.1.2/../../../../nios2-elf/lib/mno-hw-mul/libsmallc.a(lib_a-__call_atexit.o)
                              /opt/altera/13.0sp1/nios2eds/bin/gnu/H-i686-pc-linux-gnu/bin/../lib/gcc/nios2-elf/4.1.2/../../../../nios2-elf/lib/mno-hw-mul/libsmallc.a(lib_a-exit.o) (__call_exitprocs)
/opt/altera/13.0sp1/nios2eds/bin/gnu/H-i686-pc-linux-gnu/bin/../lib/gcc/nios2-elf/4.1.2/../../../../nios2-elf/lib/mno-hw-mul/libsmallc.a(lib_a-impure.o)
                              /opt/altera/13.0sp1/nios2eds/bin/gnu/H-i686-pc-linux-gnu/bin/../lib/gcc/nios2-elf/4.1.2/../../../../nios2-elf/lib/mno-hw-mul/libsmallc.a(lib_a-__call_atexit.o) (_global_impure_ptr)
/opt/altera/13.0sp1/nios2eds/bin/gnu/H-i686-pc-linux-gnu/bin/../lib/gcc/nios2-elf/4.1.2/mno-hw-mul/libgcc.a(lib2-mul.o)
                              ../NIOS2_VGA_bsp//libhal_bsp.a(alt_close.o) (__mulsi3)
../NIOS2_VGA_bsp//libhal_bsp.a(alt_exit.o)
                              /opt/altera/13.0sp1/nios2eds/bin/gnu/H-i686-pc-linux-gnu/bin/../lib/gcc/nios2-elf/4.1.2/../../../../nios2-elf/lib/mno-hw-mul/libsmallc.a(lib_a-exit.o) (_exit)

Allocating common symbols
Common symbol       size              file

alt_irq             0x100             ../NIOS2_VGA_bsp//libhal_bsp.a(alt_irq_handler.o)
errno               0x4               /opt/altera/13.0sp1/nios2eds/bin/gnu/H-i686-pc-linux-gnu/bin/../lib/gcc/nios2-elf/4.1.2/../../../../nios2-elf/lib/mno-hw-mul/libsmallc.a(lib_a-int_errno.o)

Memory Configuration

Name             Origin             Length             Attributes
reset            0x00088000         0x00000020
onchip_mem       0x00088020         0x00004fe0
*default*        0x00000000         0xffffffff

Linker script and memory map

LOAD ../NIOS2_VGA_bsp//obj/HAL/src/crt0.o
LOAD obj/default/main.o
LOAD /opt/altera/13.0sp1/nios2eds/bin/gnu/H-i686-pc-linux-gnu/bin/../lib/gcc/nios2-elf/4.1.2/../../../../nios2-elf/lib/mno-hw-mul/libstdc++.a
LOAD /opt/altera/13.0sp1/nios2eds/bin/gnu/H-i686-pc-linux-gnu/bin/../lib/gcc/nios2-elf/4.1.2/../../../../nios2-elf/lib/mno-hw-mul/libm.a
LOAD /opt/altera/13.0sp1/nios2eds/bin/gnu/H-i686-pc-linux-gnu/bin/../lib/gcc/nios2-elf/4.1.2/mno-hw-mul/libgcc.a
START GROUP
LOAD /opt/altera/13.0sp1/nios2eds/bin/gnu/H-i686-pc-linux-gnu/bin/../lib/gcc/nios2-elf/4.1.2/../../../../nios2-elf/lib/mno-hw-mul/libsmallc.a
LOAD /opt/altera/13.0sp1/nios2eds/bin/gnu/H-i686-pc-linux-gnu/bin/../lib/gcc/nios2-elf/4.1.2/mno-hw-mul/libgcc.a
LOAD ../NIOS2_VGA_bsp//libhal_bsp.a
END GROUP
LOAD /opt/altera/13.0sp1/nios2eds/bin/gnu/H-i686-pc-linux-gnu/bin/../lib/gcc/nios2-elf/4.1.2/mno-hw-mul/libgcc.a
                0x00088000                __alt_mem_onchip_mem = 0x88000

.entry          0x00088000       0x20
 *(.entry)
 .entry         0x00088000       0x20 ../NIOS2_VGA_bsp//obj/HAL/src/crt0.o
                0x00088000                __reset

.exceptions     0x00088020      0x120
                0x00088020                PROVIDE (__ram_exceptions_start, ABSOLUTE (.))
                0x00088020                . = ALIGN (0x20)
 *(.irq)
 *(.exceptions.entry.label)
 .exceptions.entry.label
                0x00088020        0x0 ../NIOS2_VGA_bsp//libhal_bsp.a(alt_irq_entry.o)
                0x00088020                alt_irq_entry
 .exceptions.entry.label
                0x00088020        0x0 ../NIOS2_VGA_bsp//libhal_bsp.a(alt_exception_entry.o)
                0x00088020                alt_exception
 *(.exceptions.entry.user)
 *(.exceptions.entry)
 .exceptions.entry
                0x00088020       0x54 ../NIOS2_VGA_bsp//libhal_bsp.a(alt_exception_entry.o)
 *(.exceptions.irqtest.user)
 *(.exceptions.irqtest)
 .exceptions.irqtest
                0x00088074       0x10 ../NIOS2_VGA_bsp//libhal_bsp.a(alt_irq_entry.o)
 *(.exceptions.irqhandler.user)
 *(.exceptions.irqhandler)
 .exceptions.irqhandler
                0x00088084        0x4 ../NIOS2_VGA_bsp//libhal_bsp.a(alt_irq_entry.o)
 *(.exceptions.irqreturn.user)
 *(.exceptions.irqreturn)
 .exceptions.irqreturn
                0x00088088        0x4 ../NIOS2_VGA_bsp//libhal_bsp.a(alt_irq_entry.o)
 *(.exceptions.notirq.label)
 .exceptions.notirq.label
                0x0008808c        0x0 ../NIOS2_VGA_bsp//libhal_bsp.a(alt_irq_entry.o)
 *(.exceptions.notirq.user)
 *(.exceptions.notirq)
 .exceptions.notirq
                0x0008808c        0x8 ../NIOS2_VGA_bsp//libhal_bsp.a(alt_exception_entry.o)
 *(.exceptions.soft.user)
 *(.exceptions.soft)
 *(.exceptions.unknown.user)
 *(.exceptions.unknown)
 .exceptions.unknown
                0x00088094        0x4 ../NIOS2_VGA_bsp//libhal_bsp.a(alt_exception_entry.o)
 *(.exceptions.exit.label)
 .exceptions.exit.label
                0x00088098        0x0 ../NIOS2_VGA_bsp//libhal_bsp.a(alt_irq_entry.o)
 .exceptions.exit.label
                0x00088098        0x0 ../NIOS2_VGA_bsp//libhal_bsp.a(alt_exception_entry.o)
 *(.exceptions.exit.user)
 *(.exceptions.exit)
 .exceptions.exit
                0x00088098       0x54 ../NIOS2_VGA_bsp//libhal_bsp.a(alt_exception_entry.o)
 *(.exceptions)
 .exceptions    0x000880ec       0x54 ../NIOS2_VGA_bsp//libhal_bsp.a(alt_irq_handler.o)
                0x000880ec                alt_irq_handler
                0x00088140                PROVIDE (__ram_exceptions_end, ABSOLUTE (.))
                0x00088020                PROVIDE (__flash_exceptions_start, LOADADDR (.exceptions))

.text           0x00088140      0xf64
                0x00088140                PROVIDE (stext, ABSOLUTE (.))
 *(.interp)
 *(.hash)
 *(.dynsym)
 *(.dynstr)
 *(.gnu.version)
 *(.gnu.version_d)
 *(.gnu.version_r)
 *(.rel.init)
 *(.rela.init)
 *(.rel.text .rel.text.* .rel.gnu.linkonce.t.*)
 *(.rela.text .rela.text.* .rela.gnu.linkonce.t.*)
 *(.rel.fini)
 *(.rela.fini)
 *(.rel.rodata .rel.rodata.* .rel.gnu.linkonce.r.*)
 *(.rela.rodata .rela.rodata.* .rela.gnu.linkonce.r.*)
 *(.rel.data .rel.data.* .rel.gnu.linkonce.d.*)
 *(.rela.data .rela.data.* .rela.gnu.linkonce.d.*)
 *(.rel.tdata .rel.tdata.* .rel.gnu.linkonce.td.*)
 *(.rela.tdata .rela.tdata.* .rela.gnu.linkonce.td.*)
 *(.rel.tbss .rel.tbss.* .rel.gnu.linkonce.tb.*)
 *(.rela.tbss .rela.tbss.* .rela.gnu.linkonce.tb.*)
 *(.rel.ctors)
 *(.rela.ctors)
 *(.rel.dtors)
 *(.rela.dtors)
 *(.rel.got)
 *(.rela.got)
 *(.rel.sdata .rel.sdata.* .rel.gnu.linkonce.s.*)
 *(.rela.sdata .rela.sdata.* .rela.gnu.linkonce.s.*)
 *(.rel.sbss .rel.sbss.* .rel.gnu.linkonce.sb.*)
 *(.rela.sbss .rela.sbss.* .rela.gnu.linkonce.sb.*)
 *(.rel.sdata2 .rel.sdata2.* .rel.gnu.linkonce.s2.*)
 *(.rela.sdata2 .rela.sdata2.* .rela.gnu.linkonce.s2.*)
 *(.rel.sbss2 .rel.sbss2.* .rel.gnu.linkonce.sb2.*)
 *(.rela.sbss2 .rela.sbss2.* .rela.gnu.linkonce.sb2.*)
 *(.rel.bss .rel.bss.* .rel.gnu.linkonce.b.*)
 *(.rela.bss .rela.bss.* .rela.gnu.linkonce.b.*)
 *(.rel.plt)
 *(.rela.plt)
 *(.rel.dyn)
 *(.init)
 *(.plt)
 *(.text .stub .text.* .gnu.linkonce.t.*)
 .text          0x00088140       0x3c ../NIOS2_VGA_bsp//obj/HAL/src/crt0.o
                0x00088140                _start
 .text          0x0008817c       0x1c obj/default/main.o
                0x0008817c                main
 .text          0x00088198       0x8c ../NIOS2_VGA_bsp//libhal_bsp.a(alt_load.o)
                0x000881b8                alt_load
 .text          0x00088224       0x50 ../NIOS2_VGA_bsp//libhal_bsp.a(alt_main.o)
                0x00088224                alt_main
 .text          0x00088274      0x184 ../NIOS2_VGA_bsp//libhal_bsp.a(alt_sys_init.o)
                0x00088280                alt_sys_init
                0x000883d8                alt_irq_init
 .text          0x000883f8       0x20 ../NIOS2_VGA_bsp//libhal_bsp.a(altera_avalon_jtag_uart_fd.o)
                0x000883f8                altera_avalon_jtag_uart_write_fd
                0x00088408                altera_avalon_jtag_uart_read_fd
 .text          0x00088418       0x60 ../NIOS2_VGA_bsp//libhal_bsp.a(altera_avalon_jtag_uart_read.o)
                0x00088418                altera_avalon_jtag_uart_read
 .text          0x00088478       0x34 ../NIOS2_VGA_bsp//libhal_bsp.a(altera_avalon_jtag_uart_write.o)
                0x00088478                altera_avalon_jtag_uart_write
 .text          0x000884ac       0x8c ../NIOS2_VGA_bsp//libhal_bsp.a(altera_avalon_timer_sc.o)
                0x000884ac                alt_avalon_timer_sc_init
 .text          0x00088538      0x12c ../NIOS2_VGA_bsp//libhal_bsp.a(altera_up_avalon_video_character_buffer_with_dma.o)
                0x00088538                alt_up_char_buffer_string
                0x00088590                alt_up_char_buffer_draw
                0x000885e8                alt_up_char_buffer_clear
                0x0008860c                alt_up_char_buffer_open_dev
                0x00088618                alt_up_char_buffer_init
 .text          0x00088664       0xbc ../NIOS2_VGA_bsp//libhal_bsp.a(alt_close.o)
                0x00088684                close
 .text          0x00088720        0x4 ../NIOS2_VGA_bsp//libhal_bsp.a(alt_dcache_flush_all.o)
                0x00088720                alt_dcache_flush_all
 .text          0x00088724        0x8 ../NIOS2_VGA_bsp//libhal_bsp.a(alt_dev.o)
 .text          0x0008872c       0x70 ../NIOS2_VGA_bsp//libhal_bsp.a(alt_dev_llist_insert.o)
                0x0008872c                alt_dev_llist_insert
 .text          0x0008879c        0x0 ../NIOS2_VGA_bsp//libhal_bsp.a(alt_errno.o)
 .text          0x0008879c       0x70 ../NIOS2_VGA_bsp//libhal_bsp.a(alt_find_dev.o)
                0x0008879c                alt_find_dev
 .text          0x0008880c        0x4 ../NIOS2_VGA_bsp//libhal_bsp.a(alt_icache_flush_all.o)
                0x0008880c                alt_icache_flush_all
 .text          0x00088810       0x9c ../NIOS2_VGA_bsp//libhal_bsp.a(alt_iic.o)
                0x00088810                alt_ic_irq_enabled
                0x00088828                alt_ic_irq_enable
                0x00088868                alt_ic_irq_disable
                0x000888a8                alt_ic_isr_register
 .text          0x000888ac       0x6c ../NIOS2_VGA_bsp//libhal_bsp.a(alt_iic_isr_register.o)
                0x000888ac                alt_iic_isr_register
 .text          0x00088918      0x114 ../NIOS2_VGA_bsp//libhal_bsp.a(alt_io_redirect.o)
                0x000889a0                alt_io_redirect
 .text          0x00088a2c        0x0 ../NIOS2_VGA_bsp//libhal_bsp.a(alt_irq_entry.o)
 .text          0x00088a2c        0x0 ../NIOS2_VGA_bsp//libhal_bsp.a(alt_irq_handler.o)
 .text          0x00088a2c        0x0 ../NIOS2_VGA_bsp//libhal_bsp.a(alt_irq_vars.o)
 .text          0x00088a2c      0x17c ../NIOS2_VGA_bsp//libhal_bsp.a(alt_open.o)
                0x00088a2c                open
 .text          0x00088ba8       0x5c ../NIOS2_VGA_bsp//libhal_bsp.a(alt_release_fd.o)
                0x00088ba8                alt_release_fd
 .text          0x00088c04       0xe0 ../NIOS2_VGA_bsp//libhal_bsp.a(alt_tick.o)
                0x00088c04                alt_alarm_stop
                0x00088c38                alt_tick
 .text          0x00088ce4        0x8 ../NIOS2_VGA_bsp//libhal_bsp.a(altera_nios2_qsys_irq.o)
                0x00088ce4                altera_nios2_qsys_irq_init
 .text          0x00088cec        0x0 ../NIOS2_VGA_bsp//libhal_bsp.a(alt_exception_entry.o)
 .text          0x00088cec       0x9c ../NIOS2_VGA_bsp//libhal_bsp.a(alt_find_file.o)
                0x00088cec                alt_find_file
 .text          0x00088d88       0x5c ../NIOS2_VGA_bsp//libhal_bsp.a(alt_get_fd.o)
                0x00088d88                alt_get_fd
 .text          0x00088de4       0x20 /opt/altera/13.0sp1/nios2eds/bin/gnu/H-i686-pc-linux-gnu/bin/../lib/gcc/nios2-elf/4.1.2/../../../../nios2-elf/lib/mno-hw-mul/libsmallc.a(lib_a-exit.o)
                0x00088de4                exit
 .text          0x00088e04        0x0 /opt/altera/13.0sp1/nios2eds/bin/gnu/H-i686-pc-linux-gnu/bin/../lib/gcc/nios2-elf/4.1.2/../../../../nios2-elf/lib/mno-hw-mul/libsmallc.a(lib_a-int_errno.o)
 .text          0x00088e04       0x3c /opt/altera/13.0sp1/nios2eds/bin/gnu/H-i686-pc-linux-gnu/bin/../lib/gcc/nios2-elf/4.1.2/../../../../nios2-elf/lib/mno-hw-mul/libsmallc.a(lib_a-memcmp.o)
                0x00088e04                memcmp
 .text          0x00088e40       0x34 /opt/altera/13.0sp1/nios2eds/bin/gnu/H-i686-pc-linux-gnu/bin/../lib/gcc/nios2-elf/4.1.2/../../../../nios2-elf/lib/mno-hw-mul/libsmallc.a(lib_a-strcmp.o)
                0x00088e40                strcmp
 .text          0x00088e74       0x20 /opt/altera/13.0sp1/nios2eds/bin/gnu/H-i686-pc-linux-gnu/bin/../lib/gcc/nios2-elf/4.1.2/../../../../nios2-elf/lib/mno-hw-mul/libsmallc.a(lib_a-strlen.o)
                0x00088e74                strlen
 .text          0x00088e94      0x1c0 /opt/altera/13.0sp1/nios2eds/bin/gnu/H-i686-pc-linux-gnu/bin/../lib/gcc/nios2-elf/4.1.2/../../../../nios2-elf/lib/mno-hw-mul/libsmallc.a(lib_a-__call_atexit.o)
                0x00088e98                __call_exitprocs
 .text          0x00089054        0x0 /opt/altera/13.0sp1/nios2eds/bin/gnu/H-i686-pc-linux-gnu/bin/../lib/gcc/nios2-elf/4.1.2/../../../../nios2-elf/lib/mno-hw-mul/libsmallc.a(lib_a-impure.o)
 .text          0x00089054       0x38 /opt/altera/13.0sp1/nios2eds/bin/gnu/H-i686-pc-linux-gnu/bin/../lib/gcc/nios2-elf/4.1.2/mno-hw-mul/libgcc.a(lib2-mul.o)
                0x00089054                __mulsi3
 .text          0x0008908c       0x14 ../NIOS2_VGA_bsp//libhal_bsp.a(alt_exit.o)
                0x0008908c                _exit
 *(.gnu.warning.*)
 *(.fini)
                0x000890a0                PROVIDE (__etext, ABSOLUTE (.))
                0x000890a0                PROVIDE (_etext, ABSOLUTE (.))
                0x000890a0                PROVIDE (etext, ABSOLUTE (.))
 *(.eh_frame_hdr)
                0x000890a0                . = ALIGN (0x4)
                0x000890a0                PROVIDE (__preinit_array_start, ABSOLUTE (.))
 *(.preinit_array)
                0x000890a0                PROVIDE (__preinit_array_end, ABSOLUTE (.))
                0x000890a0                PROVIDE (__init_array_start, ABSOLUTE (.))
 *(.init_array)
                0x000890a0                PROVIDE (__init_array_end, ABSOLUTE (.))
                0x000890a0                PROVIDE (__fini_array_start, ABSOLUTE (.))
 *(.fini_array)
                0x000890a0                PROVIDE (__fini_array_end, ABSOLUTE (.))
 *(.eh_frame)
 *(.gcc_except_table)
 *(.dynamic)
                0x000890a0                PROVIDE (__CTOR_LIST__, ABSOLUTE (.))
 *(.ctors)
 *(SORT(.ctors.*))
 .ctors.65535   0x000890a0        0x4 /opt/altera/13.0sp1/nios2eds/bin/gnu/H-i686-pc-linux-gnu/bin/../lib/gcc/nios2-elf/4.1.2/../../../../nios2-elf/lib/mno-hw-mul/libsmallc.a(lib_a-__call_atexit.o)
                0x000890a4                PROVIDE (__CTOR_END__, ABSOLUTE (.))
                0x000890a4                PROVIDE (__DTOR_LIST__, ABSOLUTE (.))
 *(.dtors)
 *(SORT(.dtors.*))
                0x000890a4                PROVIDE (__DTOR_END__, ABSOLUTE (.))
 *(.jcr)
                0x000890a4                . = ALIGN (0x4)

.rodata         0x000890a4       0x84
                0x000890a4                PROVIDE (__ram_rodata_start, ABSOLUTE (.))
                0x000890a4                . = ALIGN (0x4)
 *(.rodata .rodata.* .gnu.linkonce.r.*)
 .rodata.str1.4
                0x000890a4        0xf ../NIOS2_VGA_bsp//libhal_bsp.a(alt_main.o)
                                 0x10 (size before relaxing)
 *fill*         0x000890b3        0x1 00
 .rodata.str1.4
                0x000890b4       0x4a ../NIOS2_VGA_bsp//libhal_bsp.a(alt_sys_init.o)
                                 0x5c (size before relaxing)
 *fill*         0x000890fe        0x2 00
 .rodata.str1.4
                0x00089100       0x1a ../NIOS2_VGA_bsp//libhal_bsp.a(altera_up_avalon_video_character_buffer_with_dma.o)
                                 0x1c (size before relaxing)
 *fill*         0x0008911a        0x2 00
 .rodata.str1.4
                0x0008911c        0xc ../NIOS2_VGA_bsp//libhal_bsp.a(alt_dev.o)
 *(.rodata1)
                0x00089128                . = ALIGN (0x4)
                0x00089128                PROVIDE (__ram_rodata_end, ABSOLUTE (.))
                0x000890a4                PROVIDE (__flash_rodata_start, LOADADDR (.rodata))

.rwdata         0x00089128      0x37c load address 0x000894a4
                0x00089128                PROVIDE (__ram_rwdata_start, ABSOLUTE (.))
                0x00089128                . = ALIGN (0x4)
 *(.got.plt)
 *(.got)
 *(.data1)
 *(.data .data.* .gnu.linkonce.d.*)
 .data          0x00089128        0x0 ../NIOS2_VGA_bsp//obj/HAL/src/crt0.o
 .data          0x00089128        0x0 obj/default/main.o
 .data          0x00089128        0x0 ../NIOS2_VGA_bsp//libhal_bsp.a(alt_load.o)
 .data          0x00089128        0x0 ../NIOS2_VGA_bsp//libhal_bsp.a(alt_main.o)
 .data          0x00089128       0xc8 ../NIOS2_VGA_bsp//libhal_bsp.a(alt_sys_init.o)
 .data          0x000891f0        0x0 ../NIOS2_VGA_bsp//libhal_bsp.a(altera_avalon_jtag_uart_fd.o)
 .data          0x000891f0        0x0 ../NIOS2_VGA_bsp//libhal_bsp.a(altera_avalon_jtag_uart_read.o)
 .data          0x000891f0        0x0 ../NIOS2_VGA_bsp//libhal_bsp.a(altera_avalon_jtag_uart_write.o)
 .data          0x000891f0        0x0 ../NIOS2_VGA_bsp//libhal_bsp.a(altera_avalon_timer_sc.o)
 .data          0x000891f0        0x0 ../NIOS2_VGA_bsp//libhal_bsp.a(altera_up_avalon_video_character_buffer_with_dma.o)
 .data          0x000891f0        0x0 ../NIOS2_VGA_bsp//libhal_bsp.a(alt_close.o)
 .data          0x000891f0        0x0 ../NIOS2_VGA_bsp//libhal_bsp.a(alt_dcache_flush_all.o)
 .data          0x000891f0      0x1a8 ../NIOS2_VGA_bsp//libhal_bsp.a(alt_dev.o)
                0x000891f0                alt_dev_null
                0x00089218                alt_fd_list
 .data          0x00089398        0x0 ../NIOS2_VGA_bsp//libhal_bsp.a(alt_dev_llist_insert.o)
 .data          0x00089398        0x0 ../NIOS2_VGA_bsp//libhal_bsp.a(alt_errno.o)
 .data          0x00089398        0x0 ../NIOS2_VGA_bsp//libhal_bsp.a(alt_find_dev.o)
 .data          0x00089398        0x0 ../NIOS2_VGA_bsp//libhal_bsp.a(alt_icache_flush_all.o)
 .data          0x00089398        0x0 ../NIOS2_VGA_bsp//libhal_bsp.a(alt_iic.o)
 .data          0x00089398        0x0 ../NIOS2_VGA_bsp//libhal_bsp.a(alt_iic_isr_register.o)
 .data          0x00089398        0x0 ../NIOS2_VGA_bsp//libhal_bsp.a(alt_io_redirect.o)
 .data          0x00089398        0x0 ../NIOS2_VGA_bsp//libhal_bsp.a(alt_irq_entry.o)
 .data          0x00089398        0x0 ../NIOS2_VGA_bsp//libhal_bsp.a(alt_irq_handler.o)
 .data          0x00089398        0x0 ../NIOS2_VGA_bsp//libhal_bsp.a(alt_irq_vars.o)
 .data          0x00089398        0x0 ../NIOS2_VGA_bsp//libhal_bsp.a(alt_open.o)
 .data          0x00089398        0x0 ../NIOS2_VGA_bsp//libhal_bsp.a(alt_release_fd.o)
 .data          0x00089398        0x0 ../NIOS2_VGA_bsp//libhal_bsp.a(alt_tick.o)
 .data          0x00089398        0x0 ../NIOS2_VGA_bsp//libhal_bsp.a(altera_nios2_qsys_irq.o)
 .data          0x00089398        0x0 ../NIOS2_VGA_bsp//libhal_bsp.a(alt_exception_entry.o)
 .data          0x00089398        0x0 ../NIOS2_VGA_bsp//libhal_bsp.a(alt_find_file.o)
 .data          0x00089398        0x0 ../NIOS2_VGA_bsp//libhal_bsp.a(alt_get_fd.o)
 .data          0x00089398        0x0 /opt/altera/13.0sp1/nios2eds/bin/gnu/H-i686-pc-linux-gnu/bin/../lib/gcc/nios2-elf/4.1.2/../../../../nios2-elf/lib/mno-hw-mul/libsmallc.a(lib_a-exit.o)
 .data          0x00089398        0x0 /opt/altera/13.0sp1/nios2eds/bin/gnu/H-i686-pc-linux-gnu/bin/../lib/gcc/nios2-elf/4.1.2/../../../../nios2-elf/lib/mno-hw-mul/libsmallc.a(lib_a-int_errno.o)
 .data          0x00089398        0x0 /opt/altera/13.0sp1/nios2eds/bin/gnu/H-i686-pc-linux-gnu/bin/../lib/gcc/nios2-elf/4.1.2/../../../../nios2-elf/lib/mno-hw-mul/libsmallc.a(lib_a-memcmp.o)
 .data          0x00089398        0x0 /opt/altera/13.0sp1/nios2eds/bin/gnu/H-i686-pc-linux-gnu/bin/../lib/gcc/nios2-elf/4.1.2/../../../../nios2-elf/lib/mno-hw-mul/libsmallc.a(lib_a-strcmp.o)
 .data          0x00089398        0x0 /opt/altera/13.0sp1/nios2eds/bin/gnu/H-i686-pc-linux-gnu/bin/../lib/gcc/nios2-elf/4.1.2/../../../../nios2-elf/lib/mno-hw-mul/libsmallc.a(lib_a-strlen.o)
 .data          0x00089398        0x0 /opt/altera/13.0sp1/nios2eds/bin/gnu/H-i686-pc-linux-gnu/bin/../lib/gcc/nios2-elf/4.1.2/../../../../nios2-elf/lib/mno-hw-mul/libsmallc.a(lib_a-__call_atexit.o)
 .data          0x00089398       0xe0 /opt/altera/13.0sp1/nios2eds/bin/gnu/H-i686-pc-linux-gnu/bin/../lib/gcc/nios2-elf/4.1.2/../../../../nios2-elf/lib/mno-hw-mul/libsmallc.a(lib_a-impure.o)
 .data          0x00089478        0x0 /opt/altera/13.0sp1/nios2eds/bin/gnu/H-i686-pc-linux-gnu/bin/../lib/gcc/nios2-elf/4.1.2/mno-hw-mul/libgcc.a(lib2-mul.o)
 .data          0x00089478        0x0 ../NIOS2_VGA_bsp//libhal_bsp.a(alt_exit.o)
                0x00091478                _gp = ABSOLUTE ((. + 0x8000))
                0x00091478                PROVIDE (gp, _gp)
 *(.rwdata .rwdata.*)
 *(.sdata .sdata.* .gnu.linkonce.s.*)
 .sdata         0x00089478       0x14 ../NIOS2_VGA_bsp//libhal_bsp.a(alt_dev.o)
                0x00089478                alt_fs_list
                0x00089480                alt_dev_list
                0x00089488                alt_max_fd
 .sdata         0x0008948c        0x4 ../NIOS2_VGA_bsp//libhal_bsp.a(alt_errno.o)
                0x0008948c                alt_errno
 .sdata         0x00089490        0x4 ../NIOS2_VGA_bsp//libhal_bsp.a(alt_irq_vars.o)
                0x00089490                alt_priority_mask
 .sdata         0x00089494        0x8 ../NIOS2_VGA_bsp//libhal_bsp.a(alt_tick.o)
                0x00089494                alt_alarm_list
 .sdata         0x0008949c        0x8 /opt/altera/13.0sp1/nios2eds/bin/gnu/H-i686-pc-linux-gnu/bin/../lib/gcc/nios2-elf/4.1.2/../../../../nios2-elf/lib/mno-hw-mul/libsmallc.a(lib_a-impure.o)
                0x0008949c                _impure_ptr
                0x000894a0                _global_impure_ptr
 *(.sdata2 .sdata2.* .gnu.linkonce.s2.*)
                0x000894a4                . = ALIGN (0x4)
                0x000894a4                _edata = ABSOLUTE (.)
                0x000894a4                PROVIDE (edata, ABSOLUTE (.))
                0x000894a4                PROVIDE (__ram_rwdata_end, ABSOLUTE (.))
                0x000894a4                PROVIDE (__flash_rwdata_start, LOADADDR (.rwdata))

.bss            0x00089820      0x11c
                0x00089820                __bss_start = ABSOLUTE (.)
                0x00089820                PROVIDE (__sbss_start, ABSOLUTE (.))
                0x00089820                PROVIDE (___sbss_start, ABSOLUTE (.))
 *(.dynsbss)
 *(.sbss .sbss.* .gnu.linkonce.sb.*)
 .sbss          0x00089820        0xc ../NIOS2_VGA_bsp//libhal_bsp.a(alt_main.o)
                0x00089820                alt_argc
                0x00089824                alt_argv
                0x00089828                alt_envp
 .sbss          0x0008982c        0x4 ../NIOS2_VGA_bsp//libhal_bsp.a(alt_irq_vars.o)
                0x0008982c                alt_irq_active
 .sbss          0x00089830        0x8 ../NIOS2_VGA_bsp//libhal_bsp.a(alt_tick.o)
                0x00089830                _alt_tick_rate
                0x00089834                _alt_nticks
 .sbss          0x00089838        0x4 /opt/altera/13.0sp1/nios2eds/bin/gnu/H-i686-pc-linux-gnu/bin/../lib/gcc/nios2-elf/4.1.2/../../../../nios2-elf/lib/mno-hw-mul/libsmallc.a(lib_a-int_errno.o)
                0x00089838                errno
 *(.sbss2 .sbss2.* .gnu.linkonce.sb2.*)
 *(.scommon)
                0x0008983c                PROVIDE (__sbss_end, ABSOLUTE (.))
                0x0008983c                PROVIDE (___sbss_end, ABSOLUTE (.))
 *(.dynbss)
 *(.bss .bss.* .gnu.linkonce.b.*)
 .bss           0x0008983c        0x0 ../NIOS2_VGA_bsp//obj/HAL/src/crt0.o
 .bss           0x0008983c        0x0 obj/default/main.o
 .bss           0x0008983c        0x0 ../NIOS2_VGA_bsp//libhal_bsp.a(alt_load.o)
 .bss           0x0008983c        0x0 ../NIOS2_VGA_bsp//libhal_bsp.a(alt_main.o)
 .bss           0x0008983c        0x0 ../NIOS2_VGA_bsp//libhal_bsp.a(alt_sys_init.o)
 .bss           0x0008983c        0x0 ../NIOS2_VGA_bsp//libhal_bsp.a(altera_avalon_jtag_uart_fd.o)
 .bss           0x0008983c        0x0 ../NIOS2_VGA_bsp//libhal_bsp.a(altera_avalon_jtag_uart_read.o)
 .bss           0x0008983c        0x0 ../NIOS2_VGA_bsp//libhal_bsp.a(altera_avalon_jtag_uart_write.o)
 .bss           0x0008983c        0x0 ../NIOS2_VGA_bsp//libhal_bsp.a(altera_avalon_timer_sc.o)
 .bss           0x0008983c        0x0 ../NIOS2_VGA_bsp//libhal_bsp.a(altera_up_avalon_video_character_buffer_with_dma.o)
 .bss           0x0008983c        0x0 ../NIOS2_VGA_bsp//libhal_bsp.a(alt_close.o)
 .bss           0x0008983c        0x0 ../NIOS2_VGA_bsp//libhal_bsp.a(alt_dcache_flush_all.o)
 .bss           0x0008983c        0x0 ../NIOS2_VGA_bsp//libhal_bsp.a(alt_dev.o)
 .bss           0x0008983c        0x0 ../NIOS2_VGA_bsp//libhal_bsp.a(alt_dev_llist_insert.o)
 .bss           0x0008983c        0x0 ../NIOS2_VGA_bsp//libhal_bsp.a(alt_errno.o)
 .bss           0x0008983c        0x0 ../NIOS2_VGA_bsp//libhal_bsp.a(alt_find_dev.o)
 .bss           0x0008983c        0x0 ../NIOS2_VGA_bsp//libhal_bsp.a(alt_icache_flush_all.o)
 .bss           0x0008983c        0x0 ../NIOS2_VGA_bsp//libhal_bsp.a(alt_iic.o)
 .bss           0x0008983c        0x0 ../NIOS2_VGA_bsp//libhal_bsp.a(alt_iic_isr_register.o)
 .bss           0x0008983c        0x0 ../NIOS2_VGA_bsp//libhal_bsp.a(alt_io_redirect.o)
 .bss           0x0008983c        0x0 ../NIOS2_VGA_bsp//libhal_bsp.a(alt_irq_entry.o)
 .bss           0x0008983c        0x0 ../NIOS2_VGA_bsp//libhal_bsp.a(alt_irq_handler.o)
 .bss           0x0008983c        0x0 ../NIOS2_VGA_bsp//libhal_bsp.a(alt_irq_vars.o)
 .bss           0x0008983c        0x0 ../NIOS2_VGA_bsp//libhal_bsp.a(alt_open.o)
 .bss           0x0008983c        0x0 ../NIOS2_VGA_bsp//libhal_bsp.a(alt_release_fd.o)
 .bss           0x0008983c        0x0 ../NIOS2_VGA_bsp//libhal_bsp.a(alt_tick.o)
 .bss           0x0008983c        0x0 ../NIOS2_VGA_bsp//libhal_bsp.a(altera_nios2_qsys_irq.o)
 .bss           0x0008983c        0x0 ../NIOS2_VGA_bsp//libhal_bsp.a(alt_exception_entry.o)
 .bss           0x0008983c        0x0 ../NIOS2_VGA_bsp//libhal_bsp.a(alt_find_file.o)
 .bss           0x0008983c        0x0 ../NIOS2_VGA_bsp//libhal_bsp.a(alt_get_fd.o)
 .bss           0x0008983c        0x0 /opt/altera/13.0sp1/nios2eds/bin/gnu/H-i686-pc-linux-gnu/bin/../lib/gcc/nios2-elf/4.1.2/../../../../nios2-elf/lib/mno-hw-mul/libsmallc.a(lib_a-exit.o)
 .bss           0x0008983c        0x0 /opt/altera/13.0sp1/nios2eds/bin/gnu/H-i686-pc-linux-gnu/bin/../lib/gcc/nios2-elf/4.1.2/../../../../nios2-elf/lib/mno-hw-mul/libsmallc.a(lib_a-int_errno.o)
 .bss           0x0008983c        0x0 /opt/altera/13.0sp1/nios2eds/bin/gnu/H-i686-pc-linux-gnu/bin/../lib/gcc/nios2-elf/4.1.2/../../../../nios2-elf/lib/mno-hw-mul/libsmallc.a(lib_a-memcmp.o)
 .bss           0x0008983c        0x0 /opt/altera/13.0sp1/nios2eds/bin/gnu/H-i686-pc-linux-gnu/bin/../lib/gcc/nios2-elf/4.1.2/../../../../nios2-elf/lib/mno-hw-mul/libsmallc.a(lib_a-strcmp.o)
 .bss           0x0008983c        0x0 /opt/altera/13.0sp1/nios2eds/bin/gnu/H-i686-pc-linux-gnu/bin/../lib/gcc/nios2-elf/4.1.2/../../../../nios2-elf/lib/mno-hw-mul/libsmallc.a(lib_a-strlen.o)
 .bss           0x0008983c        0x0 /opt/altera/13.0sp1/nios2eds/bin/gnu/H-i686-pc-linux-gnu/bin/../lib/gcc/nios2-elf/4.1.2/../../../../nios2-elf/lib/mno-hw-mul/libsmallc.a(lib_a-__call_atexit.o)
 .bss           0x0008983c        0x0 /opt/altera/13.0sp1/nios2eds/bin/gnu/H-i686-pc-linux-gnu/bin/../lib/gcc/nios2-elf/4.1.2/../../../../nios2-elf/lib/mno-hw-mul/libsmallc.a(lib_a-impure.o)
 .bss           0x0008983c        0x0 /opt/altera/13.0sp1/nios2eds/bin/gnu/H-i686-pc-linux-gnu/bin/../lib/gcc/nios2-elf/4.1.2/mno-hw-mul/libgcc.a(lib2-mul.o)
 .bss           0x0008983c        0x0 ../NIOS2_VGA_bsp//libhal_bsp.a(alt_exit.o)
 *(COMMON)
 COMMON         0x0008983c      0x100 ../NIOS2_VGA_bsp//libhal_bsp.a(alt_irq_handler.o)
                0x0008983c                alt_irq
                0x0008993c                . = ALIGN (0x4)
                0x0008993c                __bss_end = ABSOLUTE (.)

.onchip_mem     0x0008993c        0x0
                0x0008993c                PROVIDE (_alt_partition_onchip_mem_start, ABSOLUTE (.))
 *(.onchip_mem. onchip_mem.*)
                0x0008993c                . = ALIGN (0x4)
                0x0008993c                PROVIDE (_alt_partition_onchip_mem_end, ABSOLUTE (.))
                0x0008993c                _end = ABSOLUTE (.)
                0x0008993c                end = ABSOLUTE (.)
                0x0008993c                __alt_stack_base = ABSOLUTE (.)
                0x0008993c                PROVIDE (_alt_partition_onchip_mem_load_addr, LOADADDR (.onchip_mem))

.stab
 *(.stab)

.stabstr
 *(.stabstr)

.stab.excl
 *(.stab.excl)

.stab.exclstr
 *(.stab.exclstr)

.stab.index
 *(.stab.index)

.stab.indexstr
 *(.stab.indexstr)

.comment        0x00000000       0x26
 *(.comment)
 .comment       0x00000000       0x26 obj/default/main.o
                                 0x27 (size before relaxing)
 .comment       0x00000000       0x27 ../NIOS2_VGA_bsp//libhal_bsp.a(alt_load.o)
 .comment       0x00000000       0x27 ../NIOS2_VGA_bsp//libhal_bsp.a(alt_main.o)
 .comment       0x00000000       0x27 ../NIOS2_VGA_bsp//libhal_bsp.a(alt_sys_init.o)
 .comment       0x00000000       0x27 ../NIOS2_VGA_bsp//libhal_bsp.a(altera_avalon_jtag_uart_fd.o)
 .comment       0x00000000       0x27 ../NIOS2_VGA_bsp//libhal_bsp.a(altera_avalon_jtag_uart_read.o)
 .comment       0x00000000       0x27 ../NIOS2_VGA_bsp//libhal_bsp.a(altera_avalon_jtag_uart_write.o)
 .comment       0x00000000       0x27 ../NIOS2_VGA_bsp//libhal_bsp.a(altera_avalon_timer_sc.o)
 .comment       0x00000000       0x27 ../NIOS2_VGA_bsp//libhal_bsp.a(altera_up_avalon_video_character_buffer_with_dma.o)
 .comment       0x00000000       0x27 ../NIOS2_VGA_bsp//libhal_bsp.a(alt_close.o)
 .comment       0x00000000       0x27 ../NIOS2_VGA_bsp//libhal_bsp.a(alt_dcache_flush_all.o)
 .comment       0x00000000       0x27 ../NIOS2_VGA_bsp//libhal_bsp.a(alt_dev.o)
 .comment       0x00000000       0x27 ../NIOS2_VGA_bsp//libhal_bsp.a(alt_dev_llist_insert.o)
 .comment       0x00000000       0x27 ../NIOS2_VGA_bsp//libhal_bsp.a(alt_errno.o)
 .comment       0x00000000       0x27 ../NIOS2_VGA_bsp//libhal_bsp.a(alt_find_dev.o)
 .comment       0x00000000       0x27 ../NIOS2_VGA_bsp//libhal_bsp.a(alt_icache_flush_all.o)
 .comment       0x00000000       0x27 ../NIOS2_VGA_bsp//libhal_bsp.a(alt_iic.o)
 .comment       0x00000000       0x27 ../NIOS2_VGA_bsp//libhal_bsp.a(alt_iic_isr_register.o)
 .comment       0x00000000       0x27 ../NIOS2_VGA_bsp//libhal_bsp.a(alt_io_redirect.o)
 .comment       0x00000000       0x27 ../NIOS2_VGA_bsp//libhal_bsp.a(alt_irq_handler.o)
 .comment       0x00000000       0x27 ../NIOS2_VGA_bsp//libhal_bsp.a(alt_irq_vars.o)
 .comment       0x00000000       0x27 ../NIOS2_VGA_bsp//libhal_bsp.a(alt_open.o)
 .comment       0x00000000       0x27 ../NIOS2_VGA_bsp//libhal_bsp.a(alt_release_fd.o)
 .comment       0x00000000       0x27 ../NIOS2_VGA_bsp//libhal_bsp.a(alt_tick.o)
 .comment       0x00000000       0x27 ../NIOS2_VGA_bsp//libhal_bsp.a(altera_nios2_qsys_irq.o)
 .comment       0x00000000       0x27 ../NIOS2_VGA_bsp//libhal_bsp.a(alt_find_file.o)
 .comment       0x00000000       0x27 ../NIOS2_VGA_bsp//libhal_bsp.a(alt_get_fd.o)
 .comment       0x00000000       0x27 /opt/altera/13.0sp1/nios2eds/bin/gnu/H-i686-pc-linux-gnu/bin/../lib/gcc/nios2-elf/4.1.2/../../../../nios2-elf/lib/mno-hw-mul/libsmallc.a(lib_a-exit.o)
 .comment       0x00000000       0x27 /opt/altera/13.0sp1/nios2eds/bin/gnu/H-i686-pc-linux-gnu/bin/../lib/gcc/nios2-elf/4.1.2/../../../../nios2-elf/lib/mno-hw-mul/libsmallc.a(lib_a-int_errno.o)
 .comment       0x00000000       0x27 /opt/altera/13.0sp1/nios2eds/bin/gnu/H-i686-pc-linux-gnu/bin/../lib/gcc/nios2-elf/4.1.2/../../../../nios2-elf/lib/mno-hw-mul/libsmallc.a(lib_a-memcmp.o)
 .comment       0x00000000       0x27 /opt/altera/13.0sp1/nios2eds/bin/gnu/H-i686-pc-linux-gnu/bin/../lib/gcc/nios2-elf/4.1.2/../../../../nios2-elf/lib/mno-hw-mul/libsmallc.a(lib_a-strcmp.o)
 .comment       0x00000000       0x27 /opt/altera/13.0sp1/nios2eds/bin/gnu/H-i686-pc-linux-gnu/bin/../lib/gcc/nios2-elf/4.1.2/../../../../nios2-elf/lib/mno-hw-mul/libsmallc.a(lib_a-strlen.o)
 .comment       0x00000000       0x27 /opt/altera/13.0sp1/nios2eds/bin/gnu/H-i686-pc-linux-gnu/bin/../lib/gcc/nios2-elf/4.1.2/../../../../nios2-elf/lib/mno-hw-mul/libsmallc.a(lib_a-__call_atexit.o)
 .comment       0x00000000       0x27 /opt/altera/13.0sp1/nios2eds/bin/gnu/H-i686-pc-linux-gnu/bin/../lib/gcc/nios2-elf/4.1.2/../../../../nios2-elf/lib/mno-hw-mul/libsmallc.a(lib_a-impure.o)
 .comment       0x00000000       0x27 /opt/altera/13.0sp1/nios2eds/bin/gnu/H-i686-pc-linux-gnu/bin/../lib/gcc/nios2-elf/4.1.2/mno-hw-mul/libgcc.a(lib2-mul.o)
 .comment       0x00000000       0x27 ../NIOS2_VGA_bsp//libhal_bsp.a(alt_exit.o)

.debug
 *(.debug)

.line
 *(.line)

.debug_srcinfo
 *(.debug_srcinfo)

.debug_sfnames
 *(.debug_sfnames)

.debug_aranges  0x00000000      0x498
 *(.debug_aranges)
 .debug_aranges
                0x00000000       0x28 ../NIOS2_VGA_bsp//obj/HAL/src/crt0.o
 .debug_aranges
                0x00000028       0x20 obj/default/main.o
 .debug_aranges
                0x00000048       0x20 ../NIOS2_VGA_bsp//libhal_bsp.a(alt_load.o)
 .debug_aranges
                0x00000068       0x20 ../NIOS2_VGA_bsp//libhal_bsp.a(alt_main.o)
 .debug_aranges
                0x00000088       0x20 ../NIOS2_VGA_bsp//libhal_bsp.a(alt_sys_init.o)
 .debug_aranges
                0x000000a8       0x20 ../NIOS2_VGA_bsp//libhal_bsp.a(altera_avalon_jtag_uart_fd.o)
 .debug_aranges
                0x000000c8       0x20 ../NIOS2_VGA_bsp//libhal_bsp.a(altera_avalon_jtag_uart_read.o)
 .debug_aranges
                0x000000e8       0x20 ../NIOS2_VGA_bsp//libhal_bsp.a(altera_avalon_jtag_uart_write.o)
 .debug_aranges
                0x00000108       0x20 ../NIOS2_VGA_bsp//libhal_bsp.a(altera_avalon_timer_sc.o)
 .debug_aranges
                0x00000128       0x20 ../NIOS2_VGA_bsp//libhal_bsp.a(altera_up_avalon_video_character_buffer_with_dma.o)
 .debug_aranges
                0x00000148       0x20 ../NIOS2_VGA_bsp//libhal_bsp.a(alt_close.o)
 .debug_aranges
                0x00000168       0x20 ../NIOS2_VGA_bsp//libhal_bsp.a(alt_dcache_flush_all.o)
 .debug_aranges
                0x00000188       0x20 ../NIOS2_VGA_bsp//libhal_bsp.a(alt_dev.o)
 .debug_aranges
                0x000001a8       0x20 ../NIOS2_VGA_bsp//libhal_bsp.a(alt_dev_llist_insert.o)
 .debug_aranges
                0x000001c8       0x20 ../NIOS2_VGA_bsp//libhal_bsp.a(alt_find_dev.o)
 .debug_aranges
                0x000001e8       0x20 ../NIOS2_VGA_bsp//libhal_bsp.a(alt_icache_flush_all.o)
 .debug_aranges
                0x00000208       0x20 ../NIOS2_VGA_bsp//libhal_bsp.a(alt_iic.o)
 .debug_aranges
                0x00000228       0x20 ../NIOS2_VGA_bsp//libhal_bsp.a(alt_iic_isr_register.o)
 .debug_aranges
                0x00000248       0x20 ../NIOS2_VGA_bsp//libhal_bsp.a(alt_io_redirect.o)
 .debug_aranges
                0x00000268       0x30 ../NIOS2_VGA_bsp//libhal_bsp.a(alt_irq_entry.o)
 .debug_aranges
                0x00000298       0x28 ../NIOS2_VGA_bsp//libhal_bsp.a(alt_irq_handler.o)
 .debug_aranges
                0x000002c0       0x20 ../NIOS2_VGA_bsp//libhal_bsp.a(alt_open.o)
 .debug_aranges
                0x000002e0       0x20 ../NIOS2_VGA_bsp//libhal_bsp.a(alt_release_fd.o)
 .debug_aranges
                0x00000300       0x20 ../NIOS2_VGA_bsp//libhal_bsp.a(alt_tick.o)
 .debug_aranges
                0x00000320       0x20 ../NIOS2_VGA_bsp//libhal_bsp.a(altera_nios2_qsys_irq.o)
 .debug_aranges
                0x00000340       0x38 ../NIOS2_VGA_bsp//libhal_bsp.a(alt_exception_entry.o)
 .debug_aranges
                0x00000378       0x20 ../NIOS2_VGA_bsp//libhal_bsp.a(alt_find_file.o)
 .debug_aranges
                0x00000398       0x20 ../NIOS2_VGA_bsp//libhal_bsp.a(alt_get_fd.o)
 .debug_aranges
                0x000003b8       0x20 /opt/altera/13.0sp1/nios2eds/bin/gnu/H-i686-pc-linux-gnu/bin/../lib/gcc/nios2-elf/4.1.2/../../../../nios2-elf/lib/mno-hw-mul/libsmallc.a(lib_a-exit.o)
 .debug_aranges
                0x000003d8       0x20 /opt/altera/13.0sp1/nios2eds/bin/gnu/H-i686-pc-linux-gnu/bin/../lib/gcc/nios2-elf/4.1.2/../../../../nios2-elf/lib/mno-hw-mul/libsmallc.a(lib_a-memcmp.o)
 .debug_aranges
                0x000003f8       0x20 /opt/altera/13.0sp1/nios2eds/bin/gnu/H-i686-pc-linux-gnu/bin/../lib/gcc/nios2-elf/4.1.2/../../../../nios2-elf/lib/mno-hw-mul/libsmallc.a(lib_a-strcmp.o)
 .debug_aranges
                0x00000418       0x20 /opt/altera/13.0sp1/nios2eds/bin/gnu/H-i686-pc-linux-gnu/bin/../lib/gcc/nios2-elf/4.1.2/../../../../nios2-elf/lib/mno-hw-mul/libsmallc.a(lib_a-strlen.o)
 .debug_aranges
                0x00000438       0x20 /opt/altera/13.0sp1/nios2eds/bin/gnu/H-i686-pc-linux-gnu/bin/../lib/gcc/nios2-elf/4.1.2/../../../../nios2-elf/lib/mno-hw-mul/libsmallc.a(lib_a-__call_atexit.o)
 .debug_aranges
                0x00000458       0x20 /opt/altera/13.0sp1/nios2eds/bin/gnu/H-i686-pc-linux-gnu/bin/../lib/gcc/nios2-elf/4.1.2/mno-hw-mul/libgcc.a(lib2-mul.o)
 .debug_aranges
                0x00000478       0x20 ../NIOS2_VGA_bsp//libhal_bsp.a(alt_exit.o)

.debug_pubnames
                0x00000000      0x700
 *(.debug_pubnames)
 .debug_pubnames
                0x00000000       0x1b obj/default/main.o
 .debug_pubnames
                0x0000001b       0x1f ../NIOS2_VGA_bsp//libhal_bsp.a(alt_load.o)
 .debug_pubnames
                0x0000003a       0x46 ../NIOS2_VGA_bsp//libhal_bsp.a(alt_main.o)
 .debug_pubnames
                0x00000080       0x34 ../NIOS2_VGA_bsp//libhal_bsp.a(alt_sys_init.o)
 .debug_pubnames
                0x000000b4       0x5b ../NIOS2_VGA_bsp//libhal_bsp.a(altera_avalon_jtag_uart_fd.o)
 .debug_pubnames
                0x0000010f       0x33 ../NIOS2_VGA_bsp//libhal_bsp.a(altera_avalon_jtag_uart_read.o)
 .debug_pubnames
                0x00000142       0x34 ../NIOS2_VGA_bsp//libhal_bsp.a(altera_avalon_jtag_uart_write.o)
 .debug_pubnames
                0x00000176       0x2f ../NIOS2_VGA_bsp//libhal_bsp.a(altera_avalon_timer_sc.o)
 .debug_pubnames
                0x000001a5       0xa5 ../NIOS2_VGA_bsp//libhal_bsp.a(altera_up_avalon_video_character_buffer_with_dma.o)
 .debug_pubnames
                0x0000024a       0x1c ../NIOS2_VGA_bsp//libhal_bsp.a(alt_close.o)
 .debug_pubnames
                0x00000266       0x2b ../NIOS2_VGA_bsp//libhal_bsp.a(alt_dcache_flush_all.o)
 .debug_pubnames
                0x00000291       0x63 ../NIOS2_VGA_bsp//libhal_bsp.a(alt_dev.o)
 .debug_pubnames
                0x000002f4       0x2b ../NIOS2_VGA_bsp//libhal_bsp.a(alt_dev_llist_insert.o)
 .debug_pubnames
                0x0000031f       0x20 ../NIOS2_VGA_bsp//libhal_bsp.a(alt_errno.o)
 .debug_pubnames
                0x0000033f       0x23 ../NIOS2_VGA_bsp//libhal_bsp.a(alt_find_dev.o)
 .debug_pubnames
                0x00000362       0x2b ../NIOS2_VGA_bsp//libhal_bsp.a(alt_icache_flush_all.o)
 .debug_pubnames
                0x0000038d       0x6e ../NIOS2_VGA_bsp//libhal_bsp.a(alt_iic.o)
 .debug_pubnames
                0x000003fb       0x2b ../NIOS2_VGA_bsp//libhal_bsp.a(alt_iic_isr_register.o)
 .debug_pubnames
                0x00000426       0x26 ../NIOS2_VGA_bsp//libhal_bsp.a(alt_io_redirect.o)
 .debug_pubnames
                0x0000044c       0x32 ../NIOS2_VGA_bsp//libhal_bsp.a(alt_irq_handler.o)
 .debug_pubnames
                0x0000047e       0x3b ../NIOS2_VGA_bsp//libhal_bsp.a(alt_irq_vars.o)
 .debug_pubnames
                0x000004b9       0x1b ../NIOS2_VGA_bsp//libhal_bsp.a(alt_open.o)
 .debug_pubnames
                0x000004d4       0x25 ../NIOS2_VGA_bsp//libhal_bsp.a(alt_release_fd.o)
 .debug_pubnames
                0x000004f9       0x68 ../NIOS2_VGA_bsp//libhal_bsp.a(alt_tick.o)
 .debug_pubnames
                0x00000561       0x31 ../NIOS2_VGA_bsp//libhal_bsp.a(altera_nios2_qsys_irq.o)
 .debug_pubnames
                0x00000592       0x24 ../NIOS2_VGA_bsp//libhal_bsp.a(alt_find_file.o)
 .debug_pubnames
                0x000005b6       0x21 ../NIOS2_VGA_bsp//libhal_bsp.a(alt_get_fd.o)
 .debug_pubnames
                0x000005d7       0x1b /opt/altera/13.0sp1/nios2eds/bin/gnu/H-i686-pc-linux-gnu/bin/../lib/gcc/nios2-elf/4.1.2/../../../../nios2-elf/lib/mno-hw-mul/libsmallc.a(lib_a-exit.o)
 .debug_pubnames
                0x000005f2       0x1c /opt/altera/13.0sp1/nios2eds/bin/gnu/H-i686-pc-linux-gnu/bin/../lib/gcc/nios2-elf/4.1.2/../../../../nios2-elf/lib/mno-hw-mul/libsmallc.a(lib_a-int_errno.o)
 .debug_pubnames
                0x0000060e       0x1d /opt/altera/13.0sp1/nios2eds/bin/gnu/H-i686-pc-linux-gnu/bin/../lib/gcc/nios2-elf/4.1.2/../../../../nios2-elf/lib/mno-hw-mul/libsmallc.a(lib_a-memcmp.o)
 .debug_pubnames
                0x0000062b       0x1d /opt/altera/13.0sp1/nios2eds/bin/gnu/H-i686-pc-linux-gnu/bin/../lib/gcc/nios2-elf/4.1.2/../../../../nios2-elf/lib/mno-hw-mul/libsmallc.a(lib_a-strcmp.o)
 .debug_pubnames
                0x00000648       0x1d /opt/altera/13.0sp1/nios2eds/bin/gnu/H-i686-pc-linux-gnu/bin/../lib/gcc/nios2-elf/4.1.2/../../../../nios2-elf/lib/mno-hw-mul/libsmallc.a(lib_a-strlen.o)
 .debug_pubnames
                0x00000665       0x27 /opt/altera/13.0sp1/nios2eds/bin/gnu/H-i686-pc-linux-gnu/bin/../lib/gcc/nios2-elf/4.1.2/../../../../nios2-elf/lib/mno-hw-mul/libsmallc.a(lib_a-__call_atexit.o)
 .debug_pubnames
                0x0000068c       0x39 /opt/altera/13.0sp1/nios2eds/bin/gnu/H-i686-pc-linux-gnu/bin/../lib/gcc/nios2-elf/4.1.2/../../../../nios2-elf/lib/mno-hw-mul/libsmallc.a(lib_a-impure.o)
 .debug_pubnames
                0x000006c5       0x1f /opt/altera/13.0sp1/nios2eds/bin/gnu/H-i686-pc-linux-gnu/bin/../lib/gcc/nios2-elf/4.1.2/mno-hw-mul/libgcc.a(lib2-mul.o)
 .debug_pubnames
                0x000006e4       0x1c ../NIOS2_VGA_bsp//libhal_bsp.a(alt_exit.o)

.debug_info     0x00000000     0x55eb
 *(.debug_info .gnu.linkonce.wi.*)
 .debug_info    0x00000000       0x6d ../NIOS2_VGA_bsp//obj/HAL/src/crt0.o
 .debug_info    0x0000006d      0x125 obj/default/main.o
 .debug_info    0x00000192      0x12e ../NIOS2_VGA_bsp//libhal_bsp.a(alt_load.o)
 .debug_info    0x000002c0      0x137 ../NIOS2_VGA_bsp//libhal_bsp.a(alt_main.o)
 .debug_info    0x000003f7      0x57d ../NIOS2_VGA_bsp//libhal_bsp.a(alt_sys_init.o)
 .debug_info    0x00000974      0x3d4 ../NIOS2_VGA_bsp//libhal_bsp.a(altera_avalon_jtag_uart_fd.o)
 .debug_info    0x00000d48      0x1ac ../NIOS2_VGA_bsp//libhal_bsp.a(altera_avalon_jtag_uart_read.o)
 .debug_info    0x00000ef4      0x18f ../NIOS2_VGA_bsp//libhal_bsp.a(altera_avalon_jtag_uart_write.o)
 .debug_info    0x00001083      0x221 ../NIOS2_VGA_bsp//libhal_bsp.a(altera_avalon_timer_sc.o)
 .debug_info    0x000012a4      0x4a0 ../NIOS2_VGA_bsp//libhal_bsp.a(altera_up_avalon_video_character_buffer_with_dma.o)
 .debug_info    0x00001744      0x34f ../NIOS2_VGA_bsp//libhal_bsp.a(alt_close.o)
 .debug_info    0x00001a93       0x8d ../NIOS2_VGA_bsp//libhal_bsp.a(alt_dcache_flush_all.o)
 .debug_info    0x00001b20      0x4dd ../NIOS2_VGA_bsp//libhal_bsp.a(alt_dev.o)
 .debug_info    0x00001ffd      0x1b7 ../NIOS2_VGA_bsp//libhal_bsp.a(alt_dev_llist_insert.o)
 .debug_info    0x000021b4       0xab ../NIOS2_VGA_bsp//libhal_bsp.a(alt_errno.o)
 .debug_info    0x0000225f      0x310 ../NIOS2_VGA_bsp//libhal_bsp.a(alt_find_dev.o)
 .debug_info    0x0000256f       0x8d ../NIOS2_VGA_bsp//libhal_bsp.a(alt_icache_flush_all.o)
 .debug_info    0x000025fc      0x341 ../NIOS2_VGA_bsp//libhal_bsp.a(alt_iic.o)
 .debug_info    0x0000293d      0x1f2 ../NIOS2_VGA_bsp//libhal_bsp.a(alt_iic_isr_register.o)
 .debug_info    0x00002b2f      0x4f6 ../NIOS2_VGA_bsp//libhal_bsp.a(alt_io_redirect.o)
 .debug_info    0x00003025       0x76 ../NIOS2_VGA_bsp//libhal_bsp.a(alt_irq_entry.o)
 .debug_info    0x0000309b      0x17b ../NIOS2_VGA_bsp//libhal_bsp.a(alt_irq_handler.o)
 .debug_info    0x00003216       0x92 ../NIOS2_VGA_bsp//libhal_bsp.a(alt_irq_vars.o)
 .debug_info    0x000032a8      0x40c ../NIOS2_VGA_bsp//libhal_bsp.a(alt_open.o)
 .debug_info    0x000036b4      0x2dd ../NIOS2_VGA_bsp//libhal_bsp.a(alt_release_fd.o)
 .debug_info    0x00003991      0x2a1 ../NIOS2_VGA_bsp//libhal_bsp.a(alt_tick.o)
 .debug_info    0x00003c32       0x8d ../NIOS2_VGA_bsp//libhal_bsp.a(altera_nios2_qsys_irq.o)
 .debug_info    0x00003cbf       0x7c ../NIOS2_VGA_bsp//libhal_bsp.a(alt_exception_entry.o)
 .debug_info    0x00003d3b      0x30e ../NIOS2_VGA_bsp//libhal_bsp.a(alt_find_file.o)
 .debug_info    0x00004049      0x331 ../NIOS2_VGA_bsp//libhal_bsp.a(alt_get_fd.o)
 .debug_info    0x0000437a       0x9f /opt/altera/13.0sp1/nios2eds/bin/gnu/H-i686-pc-linux-gnu/bin/../lib/gcc/nios2-elf/4.1.2/../../../../nios2-elf/lib/mno-hw-mul/libsmallc.a(lib_a-exit.o)
 .debug_info    0x00004419       0x8c /opt/altera/13.0sp1/nios2eds/bin/gnu/H-i686-pc-linux-gnu/bin/../lib/gcc/nios2-elf/4.1.2/../../../../nios2-elf/lib/mno-hw-mul/libsmallc.a(lib_a-int_errno.o)
 .debug_info    0x000044a5       0xef /opt/altera/13.0sp1/nios2eds/bin/gnu/H-i686-pc-linux-gnu/bin/../lib/gcc/nios2-elf/4.1.2/../../../../nios2-elf/lib/mno-hw-mul/libsmallc.a(lib_a-memcmp.o)
 .debug_info    0x00004594       0xb5 /opt/altera/13.0sp1/nios2eds/bin/gnu/H-i686-pc-linux-gnu/bin/../lib/gcc/nios2-elf/4.1.2/../../../../nios2-elf/lib/mno-hw-mul/libsmallc.a(lib_a-strcmp.o)
 .debug_info    0x00004649       0xc2 /opt/altera/13.0sp1/nios2eds/bin/gnu/H-i686-pc-linux-gnu/bin/../lib/gcc/nios2-elf/4.1.2/../../../../nios2-elf/lib/mno-hw-mul/libsmallc.a(lib_a-strlen.o)
 .debug_info    0x0000470b      0x6d5 /opt/altera/13.0sp1/nios2eds/bin/gnu/H-i686-pc-linux-gnu/bin/../lib/gcc/nios2-elf/4.1.2/../../../../nios2-elf/lib/mno-hw-mul/libsmallc.a(lib_a-__call_atexit.o)
 .debug_info    0x00004de0      0x636 /opt/altera/13.0sp1/nios2eds/bin/gnu/H-i686-pc-linux-gnu/bin/../lib/gcc/nios2-elf/4.1.2/../../../../nios2-elf/lib/mno-hw-mul/libsmallc.a(lib_a-impure.o)
 .debug_info    0x00005416       0xf3 /opt/altera/13.0sp1/nios2eds/bin/gnu/H-i686-pc-linux-gnu/bin/../lib/gcc/nios2-elf/4.1.2/mno-hw-mul/libgcc.a(lib2-mul.o)
 .debug_info    0x00005509       0xe2 ../NIOS2_VGA_bsp//libhal_bsp.a(alt_exit.o)

.debug_abbrev   0x00000000     0x1e8f
 *(.debug_abbrev)
 .debug_abbrev  0x00000000       0x12 ../NIOS2_VGA_bsp//obj/HAL/src/crt0.o
 .debug_abbrev  0x00000012       0x41 obj/default/main.o
 .debug_abbrev  0x00000053       0x97 ../NIOS2_VGA_bsp//libhal_bsp.a(alt_load.o)
 .debug_abbrev  0x000000ea       0xb7 ../NIOS2_VGA_bsp//libhal_bsp.a(alt_main.o)
 .debug_abbrev  0x000001a1      0x14d ../NIOS2_VGA_bsp//libhal_bsp.a(alt_sys_init.o)
 .debug_abbrev  0x000002ee       0xf2 ../NIOS2_VGA_bsp//libhal_bsp.a(altera_avalon_jtag_uart_fd.o)
 .debug_abbrev  0x000003e0       0xf0 ../NIOS2_VGA_bsp//libhal_bsp.a(altera_avalon_jtag_uart_read.o)
 .debug_abbrev  0x000004d0       0xf0 ../NIOS2_VGA_bsp//libhal_bsp.a(altera_avalon_jtag_uart_write.o)
 .debug_abbrev  0x000005c0      0x158 ../NIOS2_VGA_bsp//libhal_bsp.a(altera_avalon_timer_sc.o)
 .debug_abbrev  0x00000718      0x14b ../NIOS2_VGA_bsp//libhal_bsp.a(altera_up_avalon_video_character_buffer_with_dma.o)
 .debug_abbrev  0x00000863      0x119 ../NIOS2_VGA_bsp//libhal_bsp.a(alt_close.o)
 .debug_abbrev  0x0000097c       0x3f ../NIOS2_VGA_bsp//libhal_bsp.a(alt_dcache_flush_all.o)
 .debug_abbrev  0x000009bb       0xd6 ../NIOS2_VGA_bsp//libhal_bsp.a(alt_dev.o)
 .debug_abbrev  0x00000a91      0x117 ../NIOS2_VGA_bsp//libhal_bsp.a(alt_dev_llist_insert.o)
 .debug_abbrev  0x00000ba8       0x5e ../NIOS2_VGA_bsp//libhal_bsp.a(alt_errno.o)
 .debug_abbrev  0x00000c06       0xed ../NIOS2_VGA_bsp//libhal_bsp.a(alt_find_dev.o)
 .debug_abbrev  0x00000cf3       0x3f ../NIOS2_VGA_bsp//libhal_bsp.a(alt_icache_flush_all.o)
 .debug_abbrev  0x00000d32      0x160 ../NIOS2_VGA_bsp//libhal_bsp.a(alt_iic.o)
 .debug_abbrev  0x00000e92      0x17e ../NIOS2_VGA_bsp//libhal_bsp.a(alt_iic_isr_register.o)
 .debug_abbrev  0x00001010      0x10e ../NIOS2_VGA_bsp//libhal_bsp.a(alt_io_redirect.o)
 .debug_abbrev  0x0000111e       0x12 ../NIOS2_VGA_bsp//libhal_bsp.a(alt_irq_entry.o)
 .debug_abbrev  0x00001130      0x117 ../NIOS2_VGA_bsp//libhal_bsp.a(alt_irq_handler.o)
 .debug_abbrev  0x00001247       0x44 ../NIOS2_VGA_bsp//libhal_bsp.a(alt_irq_vars.o)
 .debug_abbrev  0x0000128b      0x177 ../NIOS2_VGA_bsp//libhal_bsp.a(alt_open.o)
 .debug_abbrev  0x00001402       0xdb ../NIOS2_VGA_bsp//libhal_bsp.a(alt_release_fd.o)
 .debug_abbrev  0x000014dd      0x15f ../NIOS2_VGA_bsp//libhal_bsp.a(alt_tick.o)
 .debug_abbrev  0x0000163c       0x3f ../NIOS2_VGA_bsp//libhal_bsp.a(altera_nios2_qsys_irq.o)
 .debug_abbrev  0x0000167b       0x12 ../NIOS2_VGA_bsp//libhal_bsp.a(alt_exception_entry.o)
 .debug_abbrev  0x0000168d       0xed ../NIOS2_VGA_bsp//libhal_bsp.a(alt_find_file.o)
 .debug_abbrev  0x0000177a      0x117 ../NIOS2_VGA_bsp//libhal_bsp.a(alt_get_fd.o)
 .debug_abbrev  0x00001891       0x4e /opt/altera/13.0sp1/nios2eds/bin/gnu/H-i686-pc-linux-gnu/bin/../lib/gcc/nios2-elf/4.1.2/../../../../nios2-elf/lib/mno-hw-mul/libsmallc.a(lib_a-exit.o)
 .debug_abbrev  0x000018df       0x3b /opt/altera/13.0sp1/nios2eds/bin/gnu/H-i686-pc-linux-gnu/bin/../lib/gcc/nios2-elf/4.1.2/../../../../nios2-elf/lib/mno-hw-mul/libsmallc.a(lib_a-int_errno.o)
 .debug_abbrev  0x0000191a       0x7c /opt/altera/13.0sp1/nios2eds/bin/gnu/H-i686-pc-linux-gnu/bin/../lib/gcc/nios2-elf/4.1.2/../../../../nios2-elf/lib/mno-hw-mul/libsmallc.a(lib_a-memcmp.o)
 .debug_abbrev  0x00001996       0x60 /opt/altera/13.0sp1/nios2eds/bin/gnu/H-i686-pc-linux-gnu/bin/../lib/gcc/nios2-elf/4.1.2/../../../../nios2-elf/lib/mno-hw-mul/libsmallc.a(lib_a-strcmp.o)
 .debug_abbrev  0x000019f6       0x7a /opt/altera/13.0sp1/nios2eds/bin/gnu/H-i686-pc-linux-gnu/bin/../lib/gcc/nios2-elf/4.1.2/../../../../nios2-elf/lib/mno-hw-mul/libsmallc.a(lib_a-strlen.o)
 .debug_abbrev  0x00001a70      0x1c6 /opt/altera/13.0sp1/nios2eds/bin/gnu/H-i686-pc-linux-gnu/bin/../lib/gcc/nios2-elf/4.1.2/../../../../nios2-elf/lib/mno-hw-mul/libsmallc.a(lib_a-__call_atexit.o)
 .debug_abbrev  0x00001c36      0x13f /opt/altera/13.0sp1/nios2eds/bin/gnu/H-i686-pc-linux-gnu/bin/../lib/gcc/nios2-elf/4.1.2/../../../../nios2-elf/lib/mno-hw-mul/libsmallc.a(lib_a-impure.o)
 .debug_abbrev  0x00001d75       0x7b /opt/altera/13.0sp1/nios2eds/bin/gnu/H-i686-pc-linux-gnu/bin/../lib/gcc/nios2-elf/4.1.2/mno-hw-mul/libgcc.a(lib2-mul.o)
 .debug_abbrev  0x00001df0       0x9f ../NIOS2_VGA_bsp//libhal_bsp.a(alt_exit.o)

.debug_line     0x00000000     0x5641
 *(.debug_line)
 .debug_line    0x00000000       0x66 ../NIOS2_VGA_bsp//obj/HAL/src/crt0.o
 .debug_line    0x00000066      0x1c1 obj/default/main.o
 .debug_line    0x00000227      0x225 ../NIOS2_VGA_bsp//libhal_bsp.a(alt_load.o)
 .debug_line    0x0000044c      0x2d8 ../NIOS2_VGA_bsp//libhal_bsp.a(alt_main.o)
 .debug_line    0x00000724      0x372 ../NIOS2_VGA_bsp//libhal_bsp.a(alt_sys_init.o)
 .debug_line    0x00000a96      0x1e0 ../NIOS2_VGA_bsp//libhal_bsp.a(altera_avalon_jtag_uart_fd.o)
 .debug_line    0x00000c76      0x331 ../NIOS2_VGA_bsp//libhal_bsp.a(altera_avalon_jtag_uart_read.o)
 .debug_line    0x00000fa7      0x302 ../NIOS2_VGA_bsp//libhal_bsp.a(altera_avalon_jtag_uart_write.o)
 .debug_line    0x000012a9      0x2c7 ../NIOS2_VGA_bsp//libhal_bsp.a(altera_avalon_timer_sc.o)
 .debug_line    0x00001570      0x389 ../NIOS2_VGA_bsp//libhal_bsp.a(altera_up_avalon_video_character_buffer_with_dma.o)
 .debug_line    0x000018f9      0x2c7 ../NIOS2_VGA_bsp//libhal_bsp.a(alt_close.o)
 .debug_line    0x00001bc0      0x1c3 ../NIOS2_VGA_bsp//libhal_bsp.a(alt_dcache_flush_all.o)
 .debug_line    0x00001d83      0x25a ../NIOS2_VGA_bsp//libhal_bsp.a(alt_dev.o)
 .debug_line    0x00001fdd      0x26a ../NIOS2_VGA_bsp//libhal_bsp.a(alt_dev_llist_insert.o)
 .debug_line    0x00002247      0x1b8 ../NIOS2_VGA_bsp//libhal_bsp.a(alt_errno.o)
 .debug_line    0x000023ff      0x26f ../NIOS2_VGA_bsp//libhal_bsp.a(alt_find_dev.o)
 .debug_line    0x0000266e      0x1c3 ../NIOS2_VGA_bsp//libhal_bsp.a(alt_icache_flush_all.o)
 .debug_line    0x00002831      0x28d ../NIOS2_VGA_bsp//libhal_bsp.a(alt_iic.o)
 .debug_line    0x00002abe      0x247 ../NIOS2_VGA_bsp//libhal_bsp.a(alt_iic_isr_register.o)
 .debug_line    0x00002d05      0x32a ../NIOS2_VGA_bsp//libhal_bsp.a(alt_io_redirect.o)
 .debug_line    0x0000302f       0x6b ../NIOS2_VGA_bsp//libhal_bsp.a(alt_irq_entry.o)
 .debug_line    0x0000309a      0x22d ../NIOS2_VGA_bsp//libhal_bsp.a(alt_irq_handler.o)
 .debug_line    0x000032c7       0x72 ../NIOS2_VGA_bsp//libhal_bsp.a(alt_irq_vars.o)
 .debug_line    0x00003339      0x2fd ../NIOS2_VGA_bsp//libhal_bsp.a(alt_open.o)
 .debug_line    0x00003636      0x11d ../NIOS2_VGA_bsp//libhal_bsp.a(alt_release_fd.o)
 .debug_line    0x00003753      0x300 ../NIOS2_VGA_bsp//libhal_bsp.a(alt_tick.o)
 .debug_line    0x00003a53      0x1dc ../NIOS2_VGA_bsp//libhal_bsp.a(altera_nios2_qsys_irq.o)
 .debug_line    0x00003c2f       0xab ../NIOS2_VGA_bsp//libhal_bsp.a(alt_exception_entry.o)
 .debug_line    0x00003cda      0x29a ../NIOS2_VGA_bsp//libhal_bsp.a(alt_find_file.o)
 .debug_line    0x00003f74      0x29d ../NIOS2_VGA_bsp//libhal_bsp.a(alt_get_fd.o)
 .debug_line    0x00004211      0x223 /opt/altera/13.0sp1/nios2eds/bin/gnu/H-i686-pc-linux-gnu/bin/../lib/gcc/nios2-elf/4.1.2/../../../../nios2-elf/lib/mno-hw-mul/libsmallc.a(lib_a-exit.o)
 .debug_line    0x00004434      0x1e2 /opt/altera/13.0sp1/nios2eds/bin/gnu/H-i686-pc-linux-gnu/bin/../lib/gcc/nios2-elf/4.1.2/../../../../nios2-elf/lib/mno-hw-mul/libsmallc.a(lib_a-int_errno.o)
 .debug_line    0x00004616      0x270 /opt/altera/13.0sp1/nios2eds/bin/gnu/H-i686-pc-linux-gnu/bin/../lib/gcc/nios2-elf/4.1.2/../../../../nios2-elf/lib/mno-hw-mul/libsmallc.a(lib_a-memcmp.o)
 .debug_line    0x00004886      0x260 /opt/altera/13.0sp1/nios2eds/bin/gnu/H-i686-pc-linux-gnu/bin/../lib/gcc/nios2-elf/4.1.2/../../../../nios2-elf/lib/mno-hw-mul/libsmallc.a(lib_a-strcmp.o)
 .debug_line    0x00004ae6      0x250 /opt/altera/13.0sp1/nios2eds/bin/gnu/H-i686-pc-linux-gnu/bin/../lib/gcc/nios2-elf/4.1.2/../../../../nios2-elf/lib/mno-hw-mul/libsmallc.a(lib_a-strlen.o)
 .debug_line    0x00004d36      0x360 /opt/altera/13.0sp1/nios2eds/bin/gnu/H-i686-pc-linux-gnu/bin/../lib/gcc/nios2-elf/4.1.2/../../../../nios2-elf/lib/mno-hw-mul/libsmallc.a(lib_a-__call_atexit.o)
 .debug_line    0x00005096      0x230 /opt/altera/13.0sp1/nios2eds/bin/gnu/H-i686-pc-linux-gnu/bin/../lib/gcc/nios2-elf/4.1.2/../../../../nios2-elf/lib/mno-hw-mul/libsmallc.a(lib_a-impure.o)
 .debug_line    0x000052c6      0x191 /opt/altera/13.0sp1/nios2eds/bin/gnu/H-i686-pc-linux-gnu/bin/../lib/gcc/nios2-elf/4.1.2/mno-hw-mul/libgcc.a(lib2-mul.o)
 .debug_line    0x00005457      0x1ea ../NIOS2_VGA_bsp//libhal_bsp.a(alt_exit.o)

.debug_frame    0x00000000      0x604
 *(.debug_frame)
 .debug_frame   0x00000000       0x2c obj/default/main.o
 .debug_frame   0x0000002c       0x38 ../NIOS2_VGA_bsp//libhal_bsp.a(alt_load.o)
 .debug_frame   0x00000064       0x28 ../NIOS2_VGA_bsp//libhal_bsp.a(alt_main.o)
 .debug_frame   0x0000008c       0x54 ../NIOS2_VGA_bsp//libhal_bsp.a(alt_sys_init.o)
 .debug_frame   0x000000e0       0x30 ../NIOS2_VGA_bsp//libhal_bsp.a(altera_avalon_jtag_uart_fd.o)
 .debug_frame   0x00000110       0x20 ../NIOS2_VGA_bsp//libhal_bsp.a(altera_avalon_jtag_uart_read.o)
 .debug_frame   0x00000130       0x20 ../NIOS2_VGA_bsp//libhal_bsp.a(altera_avalon_jtag_uart_write.o)
 .debug_frame   0x00000150       0x40 ../NIOS2_VGA_bsp//libhal_bsp.a(altera_avalon_timer_sc.o)
 .debug_frame   0x00000190       0x6c ../NIOS2_VGA_bsp//libhal_bsp.a(altera_up_avalon_video_character_buffer_with_dma.o)
 .debug_frame   0x000001fc       0x3c ../NIOS2_VGA_bsp//libhal_bsp.a(alt_close.o)
 .debug_frame   0x00000238       0x20 ../NIOS2_VGA_bsp//libhal_bsp.a(alt_dcache_flush_all.o)
 .debug_frame   0x00000258       0x20 ../NIOS2_VGA_bsp//libhal_bsp.a(alt_dev.o)
 .debug_frame   0x00000278       0x28 ../NIOS2_VGA_bsp//libhal_bsp.a(alt_dev_llist_insert.o)
 .debug_frame   0x000002a0       0x30 ../NIOS2_VGA_bsp//libhal_bsp.a(alt_find_dev.o)
 .debug_frame   0x000002d0       0x20 ../NIOS2_VGA_bsp//libhal_bsp.a(alt_icache_flush_all.o)
 .debug_frame   0x000002f0       0x50 ../NIOS2_VGA_bsp//libhal_bsp.a(alt_iic.o)
 .debug_frame   0x00000340       0x28 ../NIOS2_VGA_bsp//libhal_bsp.a(alt_iic_isr_register.o)
 .debug_frame   0x00000368       0x50 ../NIOS2_VGA_bsp//libhal_bsp.a(alt_io_redirect.o)
 .debug_frame   0x000003b8       0x28 ../NIOS2_VGA_bsp//libhal_bsp.a(alt_irq_handler.o)
 .debug_frame   0x000003e0       0x34 ../NIOS2_VGA_bsp//libhal_bsp.a(alt_open.o)
 .debug_frame   0x00000414       0x2c ../NIOS2_VGA_bsp//libhal_bsp.a(alt_release_fd.o)
 .debug_frame   0x00000440       0x3c ../NIOS2_VGA_bsp//libhal_bsp.a(alt_tick.o)
 .debug_frame   0x0000047c       0x20 ../NIOS2_VGA_bsp//libhal_bsp.a(altera_nios2_qsys_irq.o)
 .debug_frame   0x0000049c       0x30 ../NIOS2_VGA_bsp//libhal_bsp.a(alt_find_file.o)
 .debug_frame   0x000004cc       0x20 ../NIOS2_VGA_bsp//libhal_bsp.a(alt_get_fd.o)
 .debug_frame   0x000004ec       0x2c /opt/altera/13.0sp1/nios2eds/bin/gnu/H-i686-pc-linux-gnu/bin/../lib/gcc/nios2-elf/4.1.2/../../../../nios2-elf/lib/mno-hw-mul/libsmallc.a(lib_a-exit.o)
 .debug_frame   0x00000518       0x20 /opt/altera/13.0sp1/nios2eds/bin/gnu/H-i686-pc-linux-gnu/bin/../lib/gcc/nios2-elf/4.1.2/../../../../nios2-elf/lib/mno-hw-mul/libsmallc.a(lib_a-memcmp.o)
 .debug_frame   0x00000538       0x20 /opt/altera/13.0sp1/nios2eds/bin/gnu/H-i686-pc-linux-gnu/bin/../lib/gcc/nios2-elf/4.1.2/../../../../nios2-elf/lib/mno-hw-mul/libsmallc.a(lib_a-strcmp.o)
 .debug_frame   0x00000558       0x20 /opt/altera/13.0sp1/nios2eds/bin/gnu/H-i686-pc-linux-gnu/bin/../lib/gcc/nios2-elf/4.1.2/../../../../nios2-elf/lib/mno-hw-mul/libsmallc.a(lib_a-strlen.o)
 .debug_frame   0x00000578       0x4c /opt/altera/13.0sp1/nios2eds/bin/gnu/H-i686-pc-linux-gnu/bin/../lib/gcc/nios2-elf/4.1.2/../../../../nios2-elf/lib/mno-hw-mul/libsmallc.a(lib_a-__call_atexit.o)
 .debug_frame   0x000005c4       0x20 /opt/altera/13.0sp1/nios2eds/bin/gnu/H-i686-pc-linux-gnu/bin/../lib/gcc/nios2-elf/4.1.2/mno-hw-mul/libgcc.a(lib2-mul.o)
 .debug_frame   0x000005e4       0x20 ../NIOS2_VGA_bsp//libhal_bsp.a(alt_exit.o)

.debug_str      0x00000000     0x1446
 *(.debug_str)
 .debug_str     0x00000000       0x12 obj/default/main.o
 .debug_str     0x00000012      0x189 ../NIOS2_VGA_bsp//libhal_bsp.a(alt_load.o)
                                0x1c2 (size before relaxing)
 .debug_str     0x0000019b       0x70 ../NIOS2_VGA_bsp//libhal_bsp.a(alt_main.o)
                                0x14d (size before relaxing)
 .debug_str     0x0000020b      0x291 ../NIOS2_VGA_bsp//libhal_bsp.a(alt_sys_init.o)
                                0x3d1 (size before relaxing)
 .debug_str     0x0000049c       0x70 ../NIOS2_VGA_bsp//libhal_bsp.a(altera_avalon_jtag_uart_fd.o)
                                0x28e (size before relaxing)
 .debug_str     0x0000050c       0x48 ../NIOS2_VGA_bsp//libhal_bsp.a(altera_avalon_jtag_uart_read.o)
                                0x1c8 (size before relaxing)
 .debug_str     0x00000554       0x4a ../NIOS2_VGA_bsp//libhal_bsp.a(altera_avalon_jtag_uart_write.o)
                                0x1be (size before relaxing)
 .debug_str     0x0000059e       0xb6 ../NIOS2_VGA_bsp//libhal_bsp.a(altera_avalon_timer_sc.o)
                                0x1f4 (size before relaxing)
 .debug_str     0x00000654       0xcf ../NIOS2_VGA_bsp//libhal_bsp.a(altera_up_avalon_video_character_buffer_with_dma.o)
                                0x2d2 (size before relaxing)
 .debug_str     0x00000723       0x44 ../NIOS2_VGA_bsp//libhal_bsp.a(alt_close.o)
                                0x1bb (size before relaxing)
 .debug_str     0x00000767       0x34 ../NIOS2_VGA_bsp//libhal_bsp.a(alt_dcache_flush_all.o)
                                0x105 (size before relaxing)
 .debug_str     0x0000079b      0x120 ../NIOS2_VGA_bsp//libhal_bsp.a(alt_dev.o)
                                0x2b5 (size before relaxing)
 .debug_str     0x000008bb       0x59 ../NIOS2_VGA_bsp//libhal_bsp.a(alt_dev_llist_insert.o)
                                0x17c (size before relaxing)
 .debug_str     0x00000914       0x14 ../NIOS2_VGA_bsp//libhal_bsp.a(alt_errno.o)
                                 0xf5 (size before relaxing)
 .debug_str     0x00000928       0x24 ../NIOS2_VGA_bsp//libhal_bsp.a(alt_find_dev.o)
                                0x19c (size before relaxing)
 .debug_str     0x0000094c       0x34 ../NIOS2_VGA_bsp//libhal_bsp.a(alt_icache_flush_all.o)
                                0x105 (size before relaxing)
 .debug_str     0x00000980       0xc4 ../NIOS2_VGA_bsp//libhal_bsp.a(alt_iic.o)
                                0x1ee (size before relaxing)
 .debug_str     0x00000a44       0x4c ../NIOS2_VGA_bsp//libhal_bsp.a(alt_iic_isr_register.o)
                                0x198 (size before relaxing)
 .debug_str     0x00000a90       0x56 ../NIOS2_VGA_bsp//libhal_bsp.a(alt_io_redirect.o)
                                0x2c6 (size before relaxing)
 .debug_str     0x00000ae6       0x3a ../NIOS2_VGA_bsp//libhal_bsp.a(alt_irq_handler.o)
                                0x147 (size before relaxing)
 .debug_str     0x00000b20       0x17 ../NIOS2_VGA_bsp//libhal_bsp.a(alt_irq_vars.o)
                                 0xff (size before relaxing)
 .debug_str     0x00000b37       0x2f ../NIOS2_VGA_bsp//libhal_bsp.a(alt_open.o)
                                0x1fb (size before relaxing)
 .debug_str     0x00000b66       0x28 ../NIOS2_VGA_bsp//libhal_bsp.a(alt_release_fd.o)
                                0x198 (size before relaxing)
 .debug_str     0x00000b8e       0x78 ../NIOS2_VGA_bsp//libhal_bsp.a(alt_tick.o)
                                0x202 (size before relaxing)
 .debug_str     0x00000c06       0x3b ../NIOS2_VGA_bsp//libhal_bsp.a(altera_nios2_qsys_irq.o)
                                0x10c (size before relaxing)
 .debug_str     0x00000c41       0x26 ../NIOS2_VGA_bsp//libhal_bsp.a(alt_find_file.o)
                                0x1aa (size before relaxing)
 .debug_str     0x00000c67       0x30 ../NIOS2_VGA_bsp//libhal_bsp.a(alt_get_fd.o)
                                0x1cc (size before relaxing)
 .debug_str     0x00000c97       0xde /opt/altera/13.0sp1/nios2eds/bin/gnu/H-i686-pc-linux-gnu/bin/../lib/gcc/nios2-elf/4.1.2/../../../../nios2-elf/lib/mno-hw-mul/libsmallc.a(lib_a-exit.o)
                                0x17d (size before relaxing)
 .debug_str     0x00000d75       0xe1 /opt/altera/13.0sp1/nios2eds/bin/gnu/H-i686-pc-linux-gnu/bin/../lib/gcc/nios2-elf/4.1.2/../../../../nios2-elf/lib/mno-hw-mul/libsmallc.a(lib_a-int_errno.o)
                                0x17c (size before relaxing)
 .debug_str     0x00000e56       0xee /opt/altera/13.0sp1/nios2eds/bin/gnu/H-i686-pc-linux-gnu/bin/../lib/gcc/nios2-elf/4.1.2/../../../../nios2-elf/lib/mno-hw-mul/libsmallc.a(lib_a-memcmp.o)
                                0x183 (size before relaxing)
 .debug_str     0x00000f44       0x45 /opt/altera/13.0sp1/nios2eds/bin/gnu/H-i686-pc-linux-gnu/bin/../lib/gcc/nios2-elf/4.1.2/../../../../nios2-elf/lib/mno-hw-mul/libsmallc.a(lib_a-strcmp.o)
                                0x17c (size before relaxing)
 .debug_str     0x00000f89       0x45 /opt/altera/13.0sp1/nios2eds/bin/gnu/H-i686-pc-linux-gnu/bin/../lib/gcc/nios2-elf/4.1.2/../../../../nios2-elf/lib/mno-hw-mul/libsmallc.a(lib_a-strlen.o)
                                0x189 (size before relaxing)
 .debug_str     0x00000fce      0x334 /opt/altera/13.0sp1/nios2eds/bin/gnu/H-i686-pc-linux-gnu/bin/../lib/gcc/nios2-elf/4.1.2/../../../../nios2-elf/lib/mno-hw-mul/libsmallc.a(lib_a-__call_atexit.o)
                                0x496 (size before relaxing)
 .debug_str     0x00001302       0x49 /opt/altera/13.0sp1/nios2eds/bin/gnu/H-i686-pc-linux-gnu/bin/../lib/gcc/nios2-elf/4.1.2/../../../../nios2-elf/lib/mno-hw-mul/libsmallc.a(lib_a-impure.o)
                                0x462 (size before relaxing)
 .debug_str     0x0000134b       0xd1 /opt/altera/13.0sp1/nios2eds/bin/gnu/H-i686-pc-linux-gnu/bin/../lib/gcc/nios2-elf/4.1.2/mno-hw-mul/libgcc.a(lib2-mul.o)
                                0x17a (size before relaxing)
 .debug_str     0x0000141c       0x2a ../NIOS2_VGA_bsp//libhal_bsp.a(alt_exit.o)
                                0x101 (size before relaxing)

.debug_loc      0x00000000      0xee0
 *(.debug_loc)
 .debug_loc     0x00000000       0x2b obj/default/main.o
 .debug_loc     0x0000002b       0x1f ../NIOS2_VGA_bsp//libhal_bsp.a(alt_load.o)
 .debug_loc     0x0000004a       0x1f ../NIOS2_VGA_bsp//libhal_bsp.a(alt_main.o)
 .debug_loc     0x00000069       0x77 ../NIOS2_VGA_bsp//libhal_bsp.a(alt_sys_init.o)
 .debug_loc     0x000000e0       0x72 ../NIOS2_VGA_bsp//libhal_bsp.a(altera_avalon_jtag_uart_fd.o)
 .debug_loc     0x00000152       0x31 ../NIOS2_VGA_bsp//libhal_bsp.a(altera_avalon_jtag_uart_read.o)
 .debug_loc     0x00000183       0x26 ../NIOS2_VGA_bsp//libhal_bsp.a(altera_avalon_jtag_uart_write.o)
 .debug_loc     0x000001a9       0xdc ../NIOS2_VGA_bsp//libhal_bsp.a(altera_avalon_timer_sc.o)
 .debug_loc     0x00000285      0x112 ../NIOS2_VGA_bsp//libhal_bsp.a(altera_up_avalon_video_character_buffer_with_dma.o)
 .debug_loc     0x00000397       0x8f ../NIOS2_VGA_bsp//libhal_bsp.a(alt_close.o)
 .debug_loc     0x00000426       0x5b ../NIOS2_VGA_bsp//libhal_bsp.a(alt_dev_llist_insert.o)
 .debug_loc     0x00000481       0xef ../NIOS2_VGA_bsp//libhal_bsp.a(alt_find_dev.o)
 .debug_loc     0x00000570       0x72 ../NIOS2_VGA_bsp//libhal_bsp.a(alt_iic.o)
 .debug_loc     0x000005e2       0xf4 ../NIOS2_VGA_bsp//libhal_bsp.a(alt_iic_isr_register.o)
 .debug_loc     0x000006d6      0x15a ../NIOS2_VGA_bsp//libhal_bsp.a(alt_io_redirect.o)
 .debug_loc     0x00000830       0x5b ../NIOS2_VGA_bsp//libhal_bsp.a(alt_irq_handler.o)
 .debug_loc     0x0000088b      0x1fe ../NIOS2_VGA_bsp//libhal_bsp.a(alt_open.o)
 .debug_loc     0x00000a89       0x48 ../NIOS2_VGA_bsp//libhal_bsp.a(alt_release_fd.o)
 .debug_loc     0x00000ad1       0x71 ../NIOS2_VGA_bsp//libhal_bsp.a(alt_tick.o)
 .debug_loc     0x00000b42       0x9a ../NIOS2_VGA_bsp//libhal_bsp.a(alt_find_file.o)
 .debug_loc     0x00000bdc       0x29 ../NIOS2_VGA_bsp//libhal_bsp.a(alt_get_fd.o)
 .debug_loc     0x00000c05       0x3d /opt/altera/13.0sp1/nios2eds/bin/gnu/H-i686-pc-linux-gnu/bin/../lib/gcc/nios2-elf/4.1.2/../../../../nios2-elf/lib/mno-hw-mul/libsmallc.a(lib_a-exit.o)
 .debug_loc     0x00000c42       0x70 /opt/altera/13.0sp1/nios2eds/bin/gnu/H-i686-pc-linux-gnu/bin/../lib/gcc/nios2-elf/4.1.2/../../../../nios2-elf/lib/mno-hw-mul/libsmallc.a(lib_a-memcmp.o)
 .debug_loc     0x00000cb2       0x1e /opt/altera/13.0sp1/nios2eds/bin/gnu/H-i686-pc-linux-gnu/bin/../lib/gcc/nios2-elf/4.1.2/../../../../nios2-elf/lib/mno-hw-mul/libsmallc.a(lib_a-strlen.o)
 .debug_loc     0x00000cd0      0x1c1 /opt/altera/13.0sp1/nios2eds/bin/gnu/H-i686-pc-linux-gnu/bin/../lib/gcc/nios2-elf/4.1.2/../../../../nios2-elf/lib/mno-hw-mul/libsmallc.a(lib_a-__call_atexit.o)
 .debug_loc     0x00000e91       0x4f /opt/altera/13.0sp1/nios2eds/bin/gnu/H-i686-pc-linux-gnu/bin/../lib/gcc/nios2-elf/4.1.2/mno-hw-mul/libgcc.a(lib2-mul.o)

.debug_macinfo
 *(.debug_macinfo)

.debug_weaknames
 *(.debug_weaknames)

.debug_funcnames
 *(.debug_funcnames)

.debug_typenames
 *(.debug_typenames)

.debug_varnames
 *(.debug_varnames)

.debug_alt_sim_info
                0x00000000       0x10
 *(.debug_alt_sim_info)
 .debug_alt_sim_info
                0x00000000       0x10 ../NIOS2_VGA_bsp//obj/HAL/src/crt0.o
                0x0008d000                __alt_data_end = 0x8d000
                0x0008d000                PROVIDE (__alt_stack_pointer, __alt_data_end)
                0x0008993c                PROVIDE (__alt_stack_limit, __alt_stack_base)
                0x0008993c                PROVIDE (__alt_heap_start, end)
                0x0008d000                PROVIDE (__alt_heap_limit, 0x8d000)
OUTPUT(VGA_test.elf elf32-littlenios2)

.debug_ranges   0x00000000      0x120
 .debug_ranges  0x00000000       0x20 ../NIOS2_VGA_bsp//obj/HAL/src/crt0.o
 .debug_ranges  0x00000020       0x18 ../NIOS2_VGA_bsp//libhal_bsp.a(alt_sys_init.o)
 .debug_ranges  0x00000038       0x18 ../NIOS2_VGA_bsp//libhal_bsp.a(altera_avalon_timer_sc.o)
 .debug_ranges  0x00000050       0x18 ../NIOS2_VGA_bsp//libhal_bsp.a(alt_dev_llist_insert.o)
 .debug_ranges  0x00000068       0x28 ../NIOS2_VGA_bsp//libhal_bsp.a(alt_irq_entry.o)
 .debug_ranges  0x00000090       0x18 ../NIOS2_VGA_bsp//libhal_bsp.a(alt_irq_handler.o)
 .debug_ranges  0x000000a8       0x30 ../NIOS2_VGA_bsp//libhal_bsp.a(alt_open.o)
 .debug_ranges  0x000000d8       0x30 ../NIOS2_VGA_bsp//libhal_bsp.a(alt_exception_entry.o)
 .debug_ranges  0x00000108       0x18 /opt/altera/13.0sp1/nios2eds/bin/gnu/H-i686-pc-linux-gnu/bin/../lib/gcc/nios2-elf/4.1.2/../../../../nios2-elf/lib/mno-hw-mul/libsmallc.a(lib_a-__call_atexit.o)
