Archive member included because of file (symbol)

/opt/altera/13.0sp1/nios2eds/bin/gnu/H-i686-pc-linux-gnu/bin/../lib/gcc/nios2-elf/4.1.2/mno-hw-mul/libgcc.a(_fixunsdfsi.o)
                              obj/default/externalInterfaces.o (__fixunsdfsi)
/opt/altera/13.0sp1/nios2eds/bin/gnu/H-i686-pc-linux-gnu/bin/../lib/gcc/nios2-elf/4.1.2/mno-hw-mul/libgcc.a(_mul_sf.o)
                              obj/default/externalInterfaces.o (__mulsf3)
/opt/altera/13.0sp1/nios2eds/bin/gnu/H-i686-pc-linux-gnu/bin/../lib/gcc/nios2-elf/4.1.2/mno-hw-mul/libgcc.a(_si_to_sf.o)
                              obj/default/externalInterfaces.o (__floatsisf)
/opt/altera/13.0sp1/nios2eds/bin/gnu/H-i686-pc-linux-gnu/bin/../lib/gcc/nios2-elf/4.1.2/mno-hw-mul/libgcc.a(_sf_to_si.o)
                              obj/default/draw.o (__fixsfsi)
/opt/altera/13.0sp1/nios2eds/bin/gnu/H-i686-pc-linux-gnu/bin/../lib/gcc/nios2-elf/4.1.2/mno-hw-mul/libgcc.a(_thenan_sf.o)
                              /opt/altera/13.0sp1/nios2eds/bin/gnu/H-i686-pc-linux-gnu/bin/../lib/gcc/nios2-elf/4.1.2/mno-hw-mul/libgcc.a(_mul_sf.o) (__thenan_sf)
/opt/altera/13.0sp1/nios2eds/bin/gnu/H-i686-pc-linux-gnu/bin/../lib/gcc/nios2-elf/4.1.2/mno-hw-mul/libgcc.a(_usi_to_sf.o)
                              obj/default/draw.o (__floatunsisf)
/opt/altera/13.0sp1/nios2eds/bin/gnu/H-i686-pc-linux-gnu/bin/../lib/gcc/nios2-elf/4.1.2/mno-hw-mul/libgcc.a(_addsub_df.o)
                              /opt/altera/13.0sp1/nios2eds/bin/gnu/H-i686-pc-linux-gnu/bin/../lib/gcc/nios2-elf/4.1.2/mno-hw-mul/libgcc.a(_fixunsdfsi.o) (__subdf3)
/opt/altera/13.0sp1/nios2eds/bin/gnu/H-i686-pc-linux-gnu/bin/../lib/gcc/nios2-elf/4.1.2/mno-hw-mul/libgcc.a(_mul_df.o)
                              obj/default/externalInterfaces.o (__muldf3)
/opt/altera/13.0sp1/nios2eds/bin/gnu/H-i686-pc-linux-gnu/bin/../lib/gcc/nios2-elf/4.1.2/mno-hw-mul/libgcc.a(_ge_df.o)
                              /opt/altera/13.0sp1/nios2eds/bin/gnu/H-i686-pc-linux-gnu/bin/../lib/gcc/nios2-elf/4.1.2/mno-hw-mul/libgcc.a(_fixunsdfsi.o) (__gedf2)
/opt/altera/13.0sp1/nios2eds/bin/gnu/H-i686-pc-linux-gnu/bin/../lib/gcc/nios2-elf/4.1.2/mno-hw-mul/libgcc.a(_si_to_df.o)
                              obj/default/externalInterfaces.o (__floatsidf)
/opt/altera/13.0sp1/nios2eds/bin/gnu/H-i686-pc-linux-gnu/bin/../lib/gcc/nios2-elf/4.1.2/mno-hw-mul/libgcc.a(_df_to_si.o)
                              /opt/altera/13.0sp1/nios2eds/bin/gnu/H-i686-pc-linux-gnu/bin/../lib/gcc/nios2-elf/4.1.2/mno-hw-mul/libgcc.a(_fixunsdfsi.o) (__fixdfsi)
/opt/altera/13.0sp1/nios2eds/bin/gnu/H-i686-pc-linux-gnu/bin/../lib/gcc/nios2-elf/4.1.2/mno-hw-mul/libgcc.a(_thenan_df.o)
                              /opt/altera/13.0sp1/nios2eds/bin/gnu/H-i686-pc-linux-gnu/bin/../lib/gcc/nios2-elf/4.1.2/mno-hw-mul/libgcc.a(_addsub_df.o) (__thenan_df)
/opt/altera/13.0sp1/nios2eds/bin/gnu/H-i686-pc-linux-gnu/bin/../lib/gcc/nios2-elf/4.1.2/mno-hw-mul/libgcc.a(lib2-divmod.o)
                              obj/default/draw.o (__udivsi3)
/opt/altera/13.0sp1/nios2eds/bin/gnu/H-i686-pc-linux-gnu/bin/../lib/gcc/nios2-elf/4.1.2/mno-hw-mul/libgcc.a(lib2-mul.o)
                              obj/default/draw.o (__mulsi3)
/opt/altera/13.0sp1/nios2eds/bin/gnu/H-i686-pc-linux-gnu/bin/../lib/gcc/nios2-elf/4.1.2/mno-hw-mul/libgcc.a(_muldi3.o)
                              /opt/altera/13.0sp1/nios2eds/bin/gnu/H-i686-pc-linux-gnu/bin/../lib/gcc/nios2-elf/4.1.2/mno-hw-mul/libgcc.a(_mul_sf.o) (__muldi3)
/opt/altera/13.0sp1/nios2eds/bin/gnu/H-i686-pc-linux-gnu/bin/../lib/gcc/nios2-elf/4.1.2/mno-hw-mul/libgcc.a(_clzsi2.o)
                              /opt/altera/13.0sp1/nios2eds/bin/gnu/H-i686-pc-linux-gnu/bin/../lib/gcc/nios2-elf/4.1.2/mno-hw-mul/libgcc.a(_si_to_sf.o) (__clzsi2)
/opt/altera/13.0sp1/nios2eds/bin/gnu/H-i686-pc-linux-gnu/bin/../lib/gcc/nios2-elf/4.1.2/mno-hw-mul/libgcc.a(_pack_sf.o)
                              /opt/altera/13.0sp1/nios2eds/bin/gnu/H-i686-pc-linux-gnu/bin/../lib/gcc/nios2-elf/4.1.2/mno-hw-mul/libgcc.a(_mul_sf.o) (__pack_f)
/opt/altera/13.0sp1/nios2eds/bin/gnu/H-i686-pc-linux-gnu/bin/../lib/gcc/nios2-elf/4.1.2/mno-hw-mul/libgcc.a(_unpack_sf.o)
                              /opt/altera/13.0sp1/nios2eds/bin/gnu/H-i686-pc-linux-gnu/bin/../lib/gcc/nios2-elf/4.1.2/mno-hw-mul/libgcc.a(_mul_sf.o) (__unpack_f)
/opt/altera/13.0sp1/nios2eds/bin/gnu/H-i686-pc-linux-gnu/bin/../lib/gcc/nios2-elf/4.1.2/mno-hw-mul/libgcc.a(_pack_df.o)
                              /opt/altera/13.0sp1/nios2eds/bin/gnu/H-i686-pc-linux-gnu/bin/../lib/gcc/nios2-elf/4.1.2/mno-hw-mul/libgcc.a(_addsub_df.o) (__pack_d)
/opt/altera/13.0sp1/nios2eds/bin/gnu/H-i686-pc-linux-gnu/bin/../lib/gcc/nios2-elf/4.1.2/mno-hw-mul/libgcc.a(_unpack_df.o)
                              /opt/altera/13.0sp1/nios2eds/bin/gnu/H-i686-pc-linux-gnu/bin/../lib/gcc/nios2-elf/4.1.2/mno-hw-mul/libgcc.a(_addsub_df.o) (__unpack_d)
[...]
Memory Configuration

Name             Origin             Length             Attributes
SRAM_BEFORE_RESET 0x00000000         0x0004b000
reset            0x0004b000         0x00000020
SRAM             0x0004b020         0x00034fe0
*default*        0x00000000         0xffffffff

Linker script and memory map

LOAD ../spectrumAnalyzer_VHDL_bsp/obj/HAL/src/crt0.o
LOAD obj/default/draw.o
LOAD obj/default/externalInterfaces.o
LOAD obj/default/main.o
LOAD obj/default/text.o
LOAD /opt/altera/13.0sp1/nios2eds/bin/gnu/H-i686-pc-linux-gnu/bin/../lib/gcc/nios2-elf/4.1.2/../../../../nios2-elf/lib/mno-hw-mul/libstdc++.a
LOAD /opt/altera/13.0sp1/nios2eds/bin/gnu/H-i686-pc-linux-gnu/bin/../lib/gcc/nios2-elf/4.1.2/../../../../nios2-elf/lib/mno-hw-mul/libm.a
LOAD /opt/altera/13.0sp1/nios2eds/bin/gnu/H-i686-pc-linux-gnu/bin/../lib/gcc/nios2-elf/4.1.2/mno-hw-mul/libgcc.a
START GROUP
LOAD /opt/altera/13.0sp1/nios2eds/bin/gnu/H-i686-pc-linux-gnu/bin/../lib/gcc/nios2-elf/4.1.2/../../../../nios2-elf/lib/mno-hw-mul/libc.a
LOAD /opt/altera/13.0sp1/nios2eds/bin/gnu/H-i686-pc-linux-gnu/bin/../lib/gcc/nios2-elf/4.1.2/mno-hw-mul/libgcc.a
LOAD ../spectrumAnalyzer_VHDL_bsp/libhal_bsp.a
END GROUP
LOAD /opt/altera/13.0sp1/nios2eds/bin/gnu/H-i686-pc-linux-gnu/bin/../lib/gcc/nios2-elf/4.1.2/mno-hw-mul/libgcc.a
                0x00000000                __alt_mem_SRAM = 0x0

.entry          0x0004b000       0x20
 *(.entry)
 .entry         0x0004b000       0x20 ../spectrumAnalyzer_VHDL_bsp/obj/HAL/src/crt0.o
                0x0004b000                __reset

.exceptions     0x0004b020      0x164
                0x0004b020                PROVIDE (__ram_exceptions_start, ABSOLUTE (.))
                0x0004b020                . = ALIGN (0x20)
 *(.irq)
 *(.exceptions.entry.label)
 .exceptions.entry.label
                0x0004b020        0x0 ../spectrumAnalyzer_VHDL_bsp/libhal_bsp.a(alt_irq_entry.o)
                0x0004b020                alt_irq_entry
 .exceptions.entry.label
                0x0004b020        0x0 ../spectrumAnalyzer_VHDL_bsp/libhal_bsp.a(alt_exception_entry.o)
                0x0004b020                alt_exception
 *(.exceptions.entry.user)
 *(.exceptions.entry)
 .exceptions.entry
                0x0004b020       0x54 ../spectrumAnalyzer_VHDL_bsp/libhal_bsp.a(alt_exception_entry.o)
 *(.exceptions.irqtest.user)
 *(.exceptions.irqtest)
 .exceptions.irqtest
                0x0004b074       0x10 ../spectrumAnalyzer_VHDL_bsp/libhal_bsp.a(alt_irq_entry.o)
 *(.exceptions.irqhandler.user)
 *(.exceptions.irqhandler)
 .exceptions.irqhandler
                0x0004b084        0x4 ../spectrumAnalyzer_VHDL_bsp/libhal_bsp.a(alt_irq_entry.o)
 *(.exceptions.irqreturn.user)
 *(.exceptions.irqreturn)
 .exceptions.irqreturn
                0x0004b088        0x4 ../spectrumAnalyzer_VHDL_bsp/libhal_bsp.a(alt_irq_entry.o)
 *(.exceptions.notirq.label)
 .exceptions.notirq.label
                0x0004b08c        0x0 ../spectrumAnalyzer_VHDL_bsp/libhal_bsp.a(alt_irq_entry.o)
 *(.exceptions.notirq.user)
 *(.exceptions.notirq)
 .exceptions.notirq
                0x0004b08c        0x8 ../spectrumAnalyzer_VHDL_bsp/libhal_bsp.a(alt_exception_entry.o)
 *(.exceptions.soft.user)
 *(.exceptions.soft)
 *(.exceptions.unknown.user)
 *(.exceptions.unknown)
 .exceptions.unknown
                0x0004b094        0x4 ../spectrumAnalyzer_VHDL_bsp/libhal_bsp.a(alt_exception_entry.o)
 *(.exceptions.exit.label)
 .exceptions.exit.label
                0x0004b098        0x0 ../spectrumAnalyzer_VHDL_bsp/libhal_bsp.a(alt_irq_entry.o)
 .exceptions.exit.label
                0x0004b098        0x0 ../spectrumAnalyzer_VHDL_bsp/libhal_bsp.a(alt_exception_entry.o)
 *(.exceptions.exit.user)
 *(.exceptions.exit)
 .exceptions.exit
                0x0004b098       0x54 ../spectrumAnalyzer_VHDL_bsp/libhal_bsp.a(alt_exception_entry.o)
 *(.exceptions)
 .exceptions    0x0004b0ec       0x98 ../spectrumAnalyzer_VHDL_bsp/libhal_bsp.a(alt_irq_handler.o)
                0x0004b0ec                alt_irq_handler
                0x0004b184                PROVIDE (__ram_exceptions_end, ABSOLUTE (.))
                0x0004b020                PROVIDE (__flash_exceptions_start, LOADADDR (.exceptions))

.text           0x0004b184     0xda34
                0x0004b184                PROVIDE (stext, ABSOLUTE (.))
 *(.interp)
 *(.hash)
 *(.dynsym)
 *(.dynstr)
 *(.gnu.version)
 *(.gnu.version_d)
 *(.gnu.version_r)
 *(.rel.init)
 *(.rela.init)
 *(.rel.text .rel.text.* .rel.gnu.linkonce.t.*)
 *(.rela.text .rela.text.* .rela.gnu.linkonce.t.*)
 *(.rel.fini)
 *(.rela.fini)
 *(.rel.rodata .rel.rodata.* .rel.gnu.linkonce.r.*)
 *(.rela.rodata .rela.rodata.* .rela.gnu.linkonce.r.*)
 *(.rel.data .rel.data.* .rel.gnu.linkonce.d.*)
 *(.rela.data .rela.data.* .rela.gnu.linkonce.d.*)
 *(.rel.tdata .rel.tdata.* .rel.gnu.linkonce.td.*)
 *(.rela.tdata .rela.tdata.* .rela.gnu.linkonce.td.*)
 *(.rel.tbss .rel.tbss.* .rel.gnu.linkonce.tb.*)
 *(.rela.tbss .rela.tbss.* .rela.gnu.linkonce.tb.*)
 *(.rel.ctors)
 *(.rela.ctors)
 *(.rel.dtors)
 *(.rela.dtors)
 *(.rel.got)
 *(.rela.got)
 *(.rel.sdata .rel.sdata.* .rel.gnu.linkonce.s.*)
 *(.rela.sdata .rela.sdata.* .rela.gnu.linkonce.s.*)
 *(.rel.sbss .rel.sbss.* .rel.gnu.linkonce.sb.*)
 *(.rela.sbss .rela.sbss.* .rela.gnu.linkonce.sb.*)
 *(.rel.sdata2 .rel.sdata2.* .rel.gnu.linkonce.s2.*)
 *(.rela.sdata2 .rela.sdata2.* .rela.gnu.linkonce.s2.*)
 *(.rel.sbss2 .rel.sbss2.* .rel.gnu.linkonce.sb2.*)
 *(.rela.sbss2 .rela.sbss2.* .rela.gnu.linkonce.sb2.*)
 *(.rel.bss .rel.bss.* .rel.gnu.linkonce.b.*)
 *(.rela.bss .rela.bss.* .rela.gnu.linkonce.b.*)
 *(.rel.plt)
 *(.rela.plt)
 *(.rel.dyn)
 *(.init)
 *(.plt)
 *(.text .stub .text.* .gnu.linkonce.t.*)
 .text          0x0004b184       0x3c ../spectrumAnalyzer_VHDL_bsp/obj/HAL/src/crt0.o
                0x0004b184                _start
 .text          0x0004b1c0      0x528 obj/default/draw.o
                0x0004b1c0                swapVGABuffer
                0x0004b1fc                drawPartGraph
                0x0004b318                clearDrawingboard
                0x0004b354                drawFullGraph
                0x0004b3cc                drawHelpLines
                0x0004b5ec                prepareBackground
                0x0004b69c                initDraw
 .text          0x0004b6e8      0x4d4 obj/default/externalInterfaces.o
                0x0004b6e8                initExternal
                0x0004b834                getNextFFTData
                0x0004b87c                rotary_pressed
                0x0004b88c                getMinVal
                0x0004b89c                getPartFFTData
                0x0004ba5c                getFullFFTData
 .text          0x0004bbbc      0x210 obj/default/main.o
                0x0004bbbc                fillLUT
                0x0004bc30                main
 .text          0x0004bdcc      0x224 obj/default/text.o
                0x0004bdcc                displayHorRange
                0x0004bea8                prepareText
                0x0004bf20                displayFPS
                0x0004bfa4                initText
 .text          0x0004bff0       0xa4 /opt/altera/13.0sp1/nios2eds/bin/gnu/H-i686-pc-linux-gnu/bin/../lib/gcc/nios2-elf/4.1.2/mno-hw-mul/libgcc.a(_fixunsdfsi.o)
                0x0004bff0                __fixunsdfsi
 .text          0x0004c094      0x1e0 /opt/altera/13.0sp1/nios2eds/bin/gnu/H-i686-pc-linux-gnu/bin/../lib/gcc/nios2-elf/4.1.2/mno-hw-mul/libgcc.a(_mul_sf.o)
                0x0004c094                __mulsf3
 .text          0x0004c274       0x98 /opt/altera/13.0sp1/nios2eds/bin/gnu/H-i686-pc-linux-gnu/bin/../lib/gcc/nios2-elf/4.1.2/mno-hw-mul/libgcc.a(_si_to_sf.o)
                0x0004c274                __floatsisf
 .text          0x0004c30c       0x94 /opt/altera/13.0sp1/nios2eds/bin/gnu/H-i686-pc-linux-gnu/bin/../lib/gcc/nios2-elf/4.1.2/mno-hw-mul/libgcc.a(_sf_to_si.o)
                0x0004c30c                __fixsfsi
 .text          0x0004c3a0        0x0 /opt/altera/13.0sp1/nios2eds/bin/gnu/H-i686-pc-linux-gnu/bin/../lib/gcc/nios2-elf/4.1.2/mno-hw-mul/libgcc.a(_thenan_sf.o)
 .text          0x0004c3a0       0xc0 /opt/altera/13.0sp1/nios2eds/bin/gnu/H-i686-pc-linux-gnu/bin/../lib/gcc/nios2-elf/4.1.2/mno-hw-mul/libgcc.a(_usi_to_sf.o)
                0x0004c3a0                __floatunsisf
 .text          0x0004c460      0x504 /opt/altera/13.0sp1/nios2eds/bin/gnu/H-i686-pc-linux-gnu/bin/../lib/gcc/nios2-elf/4.1.2/mno-hw-mul/libgcc.a(_addsub_df.o)
                0x0004c870                __subdf3
                0x0004c8f0                __adddf3
 .text          0x0004c964      0x3c4 /opt/altera/13.0sp1/nios2eds/bin/gnu/H-i686-pc-linux-gnu/bin/../lib/gcc/nios2-elf/4.1.2/mno-hw-mul/libgcc.a(_mul_df.o)
                0x0004c964                __muldf3
 .text          0x0004cd28       0x88 /opt/altera/13.0sp1/nios2eds/bin/gnu/H-i686-pc-linux-gnu/bin/../lib/gcc/nios2-elf/4.1.2/mno-hw-mul/libgcc.a(_ge_df.o)
                0x0004cd28                __gedf2
 .text          0x0004cdb0       0xf8 /opt/altera/13.0sp1/nios2eds/bin/gnu/H-i686-pc-linux-gnu/bin/../lib/gcc/nios2-elf/4.1.2/mno-hw-mul/libgcc.a(_si_to_df.o)
                0x0004cdb0                __floatsidf
 .text          0x0004cea8       0xd8 /opt/altera/13.0sp1/nios2eds/bin/gnu/H-i686-pc-linux-gnu/bin/../lib/gcc/nios2-elf/4.1.2/mno-hw-mul/libgcc.a(_df_to_si.o)
                0x0004cea8                __fixdfsi
 .text          0x0004cf80        0x0 /opt/altera/13.0sp1/nios2eds/bin/gnu/H-i686-pc-linux-gnu/bin/../lib/gcc/nios2-elf/4.1.2/mno-hw-mul/libgcc.a(_thenan_df.o)
 .text          0x0004cf80      0x14c /opt/altera/13.0sp1/nios2eds/bin/gnu/H-i686-pc-linux-gnu/bin/../lib/gcc/nios2-elf/4.1.2/mno-hw-mul/libgcc.a(lib2-divmod.o)
                0x0004cffc                __divsi3
                0x0004d05c                __modsi3
                0x0004d0bc                __udivsi3
                0x0004d0c4                __umodsi3
 .text          0x0004d0cc       0x38 /opt/altera/13.0sp1/nios2eds/bin/gnu/H-i686-pc-linux-gnu/bin/../lib/gcc/nios2-elf/4.1.2/mno-hw-mul/libgcc.a(lib2-mul.o)
                0x0004d0cc                __mulsi3
 .text          0x0004d104      0x124 /opt/altera/13.0sp1/nios2eds/bin/gnu/H-i686-pc-linux-gnu/bin/../lib/gcc/nios2-elf/4.1.2/mno-hw-mul/libgcc.a(_muldi3.o)
                0x0004d104                __muldi3
 .text          0x0004d228       0x80 /opt/altera/13.0sp1/nios2eds/bin/gnu/H-i686-pc-linux-gnu/bin/../lib/gcc/nios2-elf/4.1.2/mno-hw-mul/libgcc.a(_clzsi2.o)
                0x0004d228                __clzsi2
 .text          0x0004d2a8      0x160 /opt/altera/13.0sp1/nios2eds/bin/gnu/H-i686-pc-linux-gnu/bin/../lib/gcc/nios2-elf/4.1.2/mno-hw-mul/libgcc.a(_pack_sf.o)
                0x0004d2a8                __pack_f
 .text          0x0004d408       0xc8 /opt/altera/13.0sp1/nios2eds/bin/gnu/H-i686-pc-linux-gnu/bin/../lib/gcc/nios2-elf/4.1.2/mno-hw-mul/libgcc.a(_unpack_sf.o)
                0x0004d408                __unpack_f
 .text          0x0004d4d0      0x314 /opt/altera/13.0sp1/nios2eds/bin/gnu/H-i686-pc-linux-gnu/bin/../lib/gcc/nios2-elf/4.1.2/mno-hw-mul/libgcc.a(_pack_df.o)
                0x0004d4d0                __pack_d
 .text          0x0004d7e4      0x138 /opt/altera/13.0sp1/nios2eds/bin/gnu/H-i686-pc-linux-gnu/bin/../lib/gcc/nios2-elf/4.1.2/mno-hw-mul/libgcc.a(_unpack_df.o)
                0x0004d7e4                __unpack_d
 .text          0x0004d91c       0xc8 /opt/altera/13.0sp1/nios2eds/bin/gnu/H-i686-pc-linux-gnu/bin/../lib/gcc/nios2-elf/4.1.2/mno-hw-mul/libgcc.a(_fpcmp_parts_df.o)
                0x0004d91c                __fpcmp_parts_d
 .text          0x0004d9e4        0x0 /opt/altera/13.0sp1/nios2eds/bin/gnu/H-i686-pc-linux-gnu/bin/../lib/gcc/nios2-elf/4.1.2/mno-hw-mul/libgcc.a(_clz.o)
 .text          0x0004d9e4       0x28 /opt/altera/13.0sp1/nios2eds/bin/gnu/H-i686-pc-linux-gnu/bin/../lib/gcc/nios2-elf/4.1.2/../../../../nios2-elf/lib/mno-hw-mul/libc.a(lib_a-malloc.o)
                0x0004d9e4                free
                0x0004d9f8                malloc
 .text          0x0004da0c      0x740 /opt/altera/13.0sp1/nios2eds/bin/gnu/H-i686-pc-linux-gnu/bin/../lib/gcc/nios2-elf/4.1.2/../../../../nios2-elf/lib/mno-hw-mul/libc.a(lib_a-mallocr.o)
                0x0004da0c                _malloc_r
 .text          0x0004e14c       0xb4 /opt/altera/13.0sp1/nios2eds/bin/gnu/H-i686-pc-linux-gnu/bin/../lib/gcc/nios2-elf/4.1.2/../../../../nios2-elf/lib/mno-hw-mul/libc.a(lib_a-puts.o)
                0x0004e14c                _puts_r
                0x0004e1ec                puts
 .text          0x0004e200       0x70 /opt/altera/13.0sp1/nios2eds/bin/gnu/H-i686-pc-linux-gnu/bin/../lib/gcc/nios2-elf/4.1.2/../../../../nios2-elf/lib/mno-hw-mul/libc.a(lib_a-sbrkr.o)
                0x0004e200                _sbrk_r
 .text          0x0004e270       0xd4 /opt/altera/13.0sp1/nios2eds/bin/gnu/H-i686-pc-linux-gnu/bin/../lib/gcc/nios2-elf/4.1.2/../../../../nios2-elf/lib/mno-hw-mul/libc.a(lib_a-sprintf.o)
                0x0004e270                sprintf
                0x0004e2e4                _sprintf_r
 .text          0x0004e344       0x74 /opt/altera/13.0sp1/nios2eds/bin/gnu/H-i686-pc-linux-gnu/bin/../lib/gcc/nios2-elf/4.1.2/../../../../nios2-elf/lib/mno-hw-mul/libc.a(lib_a-strlen.o)
                0x0004e344                strlen
 .text          0x0004e3b8       0x5c /opt/altera/13.0sp1/nios2eds/bin/gnu/H-i686-pc-linux-gnu/bin/../lib/gcc/nios2-elf/4.1.2/../../../../nios2-elf/lib/mno-hw-mul/libc.a(lib_a-time.o)
                0x0004e3b8                time
 .text          0x0004e414     0x1f40 /opt/altera/13.0sp1/nios2eds/bin/gnu/H-i686-pc-linux-gnu/bin/../lib/gcc/nios2-elf/4.1.2/../../../../nios2-elf/lib/mno-hw-mul/libc.a(lib_a-vfprintf.o)
                0x0004e46c                ___vfprintf_internal_r
                0x00050330                __vfprintf_internal
 .text          0x00050354      0x13c /opt/altera/13.0sp1/nios2eds/bin/gnu/H-i686-pc-linux-gnu/bin/../lib/gcc/nios2-elf/4.1.2/../../../../nios2-elf/lib/mno-hw-mul/libc.a(lib_a-wsetup.o)
                0x00050354                __swsetup_r
 .text          0x00050490     0x17f8 /opt/altera/13.0sp1/nios2eds/bin/gnu/H-i686-pc-linux-gnu/bin/../lib/gcc/nios2-elf/4.1.2/../../../../nios2-elf/lib/mno-hw-mul/libc.a(lib_a-dtoa.o)
                0x000506d4                _dtoa_r
 .text          0x00051c88      0x230 /opt/altera/13.0sp1/nios2eds/bin/gnu/H-i686-pc-linux-gnu/bin/../lib/gcc/nios2-elf/4.1.2/../../../../nios2-elf/lib/mno-hw-mul/libc.a(lib_a-fflush.o)
                0x00051c88                _fflush_r
                0x00051e84                fflush
 .text          0x00051eb8      0x2f4 /opt/altera/13.0sp1/nios2eds/bin/gnu/H-i686-pc-linux-gnu/bin/../lib/gcc/nios2-elf/4.1.2/../../../../nios2-elf/lib/mno-hw-mul/libc.a(lib_a-findfp.o)
                0x00051f10                __sfp_lock_acquire
                0x00051f14                __sfp_lock_release
                0x00051f18                __sinit_lock_acquire
                0x00051f1c                __sinit_lock_release
                0x00051f20                __sinit
                0x00051fd4                __fp_unlock_all
                0x00051fec                __fp_lock_all
                0x00052004                _cleanup_r
                0x00052010                _cleanup
                0x00052020                __sfmoreglue
                0x000520bc                __sfp
 .text          0x000521ac      0x440 /opt/altera/13.0sp1/nios2eds/bin/gnu/H-i686-pc-linux-gnu/bin/../lib/gcc/nios2-elf/4.1.2/../../../../nios2-elf/lib/mno-hw-mul/libc.a(lib_a-freer.o)
                0x000521ac                _malloc_trim_r
                0x000522d8                _free_r
 .text          0x000525ec      0x49c /opt/altera/13.0sp1/nios2eds/bin/gnu/H-i686-pc-linux-gnu/bin/../lib/gcc/nios2-elf/4.1.2/../../../../nios2-elf/lib/mno-hw-mul/libc.a(lib_a-fvwrite.o)
                0x000525ec                __sfvwrite_r
 .text          0x00052a88      0x180 /opt/altera/13.0sp1/nios2eds/bin/gnu/H-i686-pc-linux-gnu/bin/../lib/gcc/nios2-elf/4.1.2/../../../../nios2-elf/lib/mno-hw-mul/libc.a(lib_a-fwalk.o)
                0x00052a88                _fwalk_reent
                0x00052b50                _fwalk
 .text          0x00052c08       0x74 /opt/altera/13.0sp1/nios2eds/bin/gnu/H-i686-pc-linux-gnu/bin/../lib/gcc/nios2-elf/4.1.2/../../../../nios2-elf/lib/mno-hw-mul/libc.a(lib_a-gettimeofdayr.o)
                0x00052c08                _gettimeofday_r
 .text          0x00052c7c        0x0 /opt/altera/13.0sp1/nios2eds/bin/gnu/H-i686-pc-linux-gnu/bin/../lib/gcc/nios2-elf/4.1.2/../../../../nios2-elf/lib/mno-hw-mul/libc.a(lib_a-impure.o)
 .text          0x00052c7c        0x0 /opt/altera/13.0sp1/nios2eds/bin/gnu/H-i686-pc-linux-gnu/bin/../lib/gcc/nios2-elf/4.1.2/../../../../nios2-elf/lib/mno-hw-mul/libc.a(lib_a-int_errno.o)
 .text          0x00052c7c       0xc4 /opt/altera/13.0sp1/nios2eds/bin/gnu/H-i686-pc-linux-gnu/bin/../lib/gcc/nios2-elf/4.1.2/../../../../nios2-elf/lib/mno-hw-mul/libc.a(lib_a-locale.o)
                0x00052c7c                __locale_charset
                0x00052c84                _localeconv_r
                0x00052c90                localeconv
                0x00052ca0                _setlocale_r
                0x00052d24                setlocale
 .text          0x00052d40      0x194 /opt/altera/13.0sp1/nios2eds/bin/gnu/H-i686-pc-linux-gnu/bin/../lib/gcc/nios2-elf/4.1.2/../../../../nios2-elf/lib/mno-hw-mul/libc.a(lib_a-makebuf.o)
                0x00052d40                __smakebuf_r
 .text          0x00052ed4       0xe4 /opt/altera/13.0sp1/nios2eds/bin/gnu/H-i686-pc-linux-gnu/bin/../lib/gcc/nios2-elf/4.1.2/../../../../nios2-elf/lib/mno-hw-mul/libc.a(lib_a-memchr.o)
                0x00052ed4                memchr
 .text          0x00052fb8       0xa0 /opt/altera/13.0sp1/nios2eds/bin/gnu/H-i686-pc-linux-gnu/bin/../lib/gcc/nios2-elf/4.1.2/../../../../nios2-elf/lib/mno-hw-mul/libc.a(lib_a-memcpy.o)
                0x00052fb8                memcpy
 .text          0x00053058       0xe0 /opt/altera/13.0sp1/nios2eds/bin/gnu/H-i686-pc-linux-gnu/bin/../lib/gcc/nios2-elf/4.1.2/../../../../nios2-elf/lib/mno-hw-mul/libc.a(lib_a-memmove.o)
                0x00053058                memmove
 .text          0x00053138       0x98 /opt/altera/13.0sp1/nios2eds/bin/gnu/H-i686-pc-linux-gnu/bin/../lib/gcc/nios2-elf/4.1.2/../../../../nios2-elf/lib/mno-hw-mul/libc.a(lib_a-memset.o)
                0x00053138                memset
 .text          0x000531d0     0x108c /opt/altera/13.0sp1/nios2eds/bin/gnu/H-i686-pc-linux-gnu/bin/../lib/gcc/nios2-elf/4.1.2/../../../../nios2-elf/lib/mno-hw-mul/libc.a(lib_a-mprec.o)
                0x000531d0                _Bfree
                0x000531f8                __hi0bits
                0x00053268                __lo0bits
                0x0005332c                __mcmp
                0x0005338c                __ulp
                0x0005340c                __b2d
                0x0005352c                __ratio
                0x000535dc                _mprec_log10
                0x00053670                __copybits
                0x000536c8                __any_on
                0x00053750                _Balloc
                0x0005380c                __d2b
                0x00053988                __mdiff
                0x00053b14                __lshift
                0x00053c60                __multiply
                0x00053eb4                __i2b
                0x00053ef0                __multadd
                0x0005401c                __pow5mult
                0x0005413c                __s2b
 .text          0x0005425c      0x5f4 /opt/altera/13.0sp1/nios2eds/bin/gnu/H-i686-pc-linux-gnu/bin/../lib/gcc/nios2-elf/4.1.2/../../../../nios2-elf/lib/mno-hw-mul/libc.a(lib_a-reallocr.o)
                0x0005425c                _realloc_r
 .text          0x00054850       0x40 /opt/altera/13.0sp1/nios2eds/bin/gnu/H-i686-pc-linux-gnu/bin/../lib/gcc/nios2-elf/4.1.2/../../../../nios2-elf/lib/mno-hw-mul/libc.a(lib_a-s_isinfd.o)
                0x00054850                __isinfd
 .text          0x00054890       0x30 /opt/altera/13.0sp1/nios2eds/bin/gnu/H-i686-pc-linux-gnu/bin/../lib/gcc/nios2-elf/4.1.2/../../../../nios2-elf/lib/mno-hw-mul/libc.a(lib_a-s_isnand.o)
                0x00054890                __isnand
 .text          0x000548c0      0x14c /opt/altera/13.0sp1/nios2eds/bin/gnu/H-i686-pc-linux-gnu/bin/../lib/gcc/nios2-elf/4.1.2/../../../../nios2-elf/lib/mno-hw-mul/libc.a(lib_a-stdio.o)
                0x000548c0                __sclose
                0x000548c8                __sseek
                0x00054930                __swrite
                0x000549ac                __sread
 .text          0x00054a0c       0xbc /opt/altera/13.0sp1/nios2eds/bin/gnu/H-i686-pc-linux-gnu/bin/../lib/gcc/nios2-elf/4.1.2/../../../../nios2-elf/lib/mno-hw-mul/libc.a(lib_a-strcmp.o)
                0x00054a0c                strcmp
 .text          0x00054ac8       0x78 /opt/altera/13.0sp1/nios2eds/bin/gnu/H-i686-pc-linux-gnu/bin/../lib/gcc/nios2-elf/4.1.2/../../../../nios2-elf/lib/mno-hw-mul/libc.a(lib_a-writer.o)
                0x00054ac8                _write_r
 .text          0x00054b40       0xc8 /opt/altera/13.0sp1/nios2eds/bin/gnu/H-i686-pc-linux-gnu/bin/../lib/gcc/nios2-elf/4.1.2/../../../../nios2-elf/lib/mno-hw-mul/libc.a(lib_a-callocr.o)
                0x00054b40                _calloc_r
 .text          0x00054c08       0x70 /opt/altera/13.0sp1/nios2eds/bin/gnu/H-i686-pc-linux-gnu/bin/../lib/gcc/nios2-elf/4.1.2/../../../../nios2-elf/lib/mno-hw-mul/libc.a(lib_a-closer.o)
                0x00054c08                _close_r
 .text          0x00054c78      0x124 /opt/altera/13.0sp1/nios2eds/bin/gnu/H-i686-pc-linux-gnu/bin/../lib/gcc/nios2-elf/4.1.2/../../../../nios2-elf/lib/mno-hw-mul/libc.a(lib_a-fclose.o)
                0x00054c78                _fclose_r
                0x00054d88                fclose
 .text          0x00054d9c       0x74 /opt/altera/13.0sp1/nios2eds/bin/gnu/H-i686-pc-linux-gnu/bin/../lib/gcc/nios2-elf/4.1.2/../../../../nios2-elf/lib/mno-hw-mul/libc.a(lib_a-fstatr.o)
                0x00054d9c                _fstat_r
 .text          0x00054e10       0x70 /opt/altera/13.0sp1/nios2eds/bin/gnu/H-i686-pc-linux-gnu/bin/../lib/gcc/nios2-elf/4.1.2/../../../../nios2-elf/lib/mno-hw-mul/libc.a(lib_a-isattyr.o)
                0x00054e10                _isatty_r
 .text          0x00054e80       0x78 /opt/altera/13.0sp1/nios2eds/bin/gnu/H-i686-pc-linux-gnu/bin/../lib/gcc/nios2-elf/4.1.2/../../../../nios2-elf/lib/mno-hw-mul/libc.a(lib_a-lseekr.o)
                0x00054e80                _lseek_r
 .text          0x00054ef8       0x78 /opt/altera/13.0sp1/nios2eds/bin/gnu/H-i686-pc-linux-gnu/bin/../lib/gcc/nios2-elf/4.1.2/../../../../nios2-elf/lib/mno-hw-mul/libc.a(lib_a-readr.o)
                0x00054ef8                _read_r
 .text          0x00054f70      0x66c /opt/altera/13.0sp1/nios2eds/bin/gnu/H-i686-pc-linux-gnu/bin/../lib/gcc/nios2-elf/4.1.2/mno-hw-mul/libgcc.a(_udivdi3.o)
                0x00054f70                __udivdi3
 .text          0x000555dc      0x660 /opt/altera/13.0sp1/nios2eds/bin/gnu/H-i686-pc-linux-gnu/bin/../lib/gcc/nios2-elf/4.1.2/mno-hw-mul/libgcc.a(_umoddi3.o)
                0x000555dc                __umoddi3
 .text          0x00055c3c      0x258 /opt/altera/13.0sp1/nios2eds/bin/gnu/H-i686-pc-linux-gnu/bin/../lib/gcc/nios2-elf/4.1.2/mno-hw-mul/libgcc.a(_div_df.o)
                0x00055c3c                __divdf3
 .text          0x00055e94       0x88 /opt/altera/13.0sp1/nios2eds/bin/gnu/H-i686-pc-linux-gnu/bin/../lib/gcc/nios2-elf/4.1.2/mno-hw-mul/libgcc.a(_eq_df.o)
                0x00055e94                __eqdf2
 .text          0x00055f1c       0x88 /opt/altera/13.0sp1/nios2eds/bin/gnu/H-i686-pc-linux-gnu/bin/../lib/gcc/nios2-elf/4.1.2/mno-hw-mul/libgcc.a(_ne_df.o)
                0x00055f1c                __nedf2
 .text          0x00055fa4       0x88 /opt/altera/13.0sp1/nios2eds/bin/gnu/H-i686-pc-linux-gnu/bin/../lib/gcc/nios2-elf/4.1.2/mno-hw-mul/libgcc.a(_gt_df.o)
                0x00055fa4                __gtdf2
 .text          0x0005602c       0x88 /opt/altera/13.0sp1/nios2eds/bin/gnu/H-i686-pc-linux-gnu/bin/../lib/gcc/nios2-elf/4.1.2/mno-hw-mul/libgcc.a(_lt_df.o)
                0x0005602c                __ltdf2
 .text          0x000560b4      0x194 /opt/altera/13.0sp1/nios2eds/bin/gnu/H-i686-pc-linux-gnu/bin/../lib/gcc/nios2-elf/4.1.2/mno-hw-mul/libgcc.a(_usi_to_df.o)
                0x000560b4                __floatunsidf
 .text          0x00056248       0xf4 ../spectrumAnalyzer_VHDL_bsp/libhal_bsp.a(alt_close.o)
                0x00056248                close
 .text          0x0005633c        0x8 ../spectrumAnalyzer_VHDL_bsp/libhal_bsp.a(alt_dev.o)
 .text          0x00056344        0x0 ../spectrumAnalyzer_VHDL_bsp/libhal_bsp.a(alt_errno.o)
 .text          0x00056344       0xac ../spectrumAnalyzer_VHDL_bsp/libhal_bsp.a(alt_fstat.o)
                0x00056344                fstat
 .text          0x000563f0      0x18c ../spectrumAnalyzer_VHDL_bsp/libhal_bsp.a(alt_gettod.o)
                0x000563f0                gettimeofday
 .text          0x0005657c       0xa4 ../spectrumAnalyzer_VHDL_bsp/libhal_bsp.a(alt_isatty.o)
                0x0005657c                isatty
 .text          0x00056620       0xb4 ../spectrumAnalyzer_VHDL_bsp/libhal_bsp.a(alt_load.o)
                0x00056620                alt_load
 .text          0x000566d4       0xbc ../spectrumAnalyzer_VHDL_bsp/libhal_bsp.a(alt_lseek.o)
                0x000566d4                lseek
 .text          0x00056790       0x50 ../spectrumAnalyzer_VHDL_bsp/libhal_bsp.a(alt_main.o)
                0x00056790                alt_main
 .text          0x000567e0        0x8 ../spectrumAnalyzer_VHDL_bsp/libhal_bsp.a(alt_malloc_lock.o)
                0x000567e0                __malloc_lock
                0x000567e4                __malloc_unlock
 .text          0x000567e8      0x140 ../spectrumAnalyzer_VHDL_bsp/libhal_bsp.a(alt_read.o)
                0x000567e8                read
 .text          0x00056928       0x5c ../spectrumAnalyzer_VHDL_bsp/libhal_bsp.a(alt_release_fd.o)
                0x00056928                alt_release_fd
 .text          0x00056984       0x54 ../spectrumAnalyzer_VHDL_bsp/libhal_bsp.a(alt_sbrk.o)
                0x00056984                sbrk
 .text          0x000569d8      0x11c ../spectrumAnalyzer_VHDL_bsp/libhal_bsp.a(alt_tick.o)
                0x000569d8                alt_alarm_stop
                0x00056a0c                alt_tick
 .text          0x00056af4      0x13c ../spectrumAnalyzer_VHDL_bsp/libhal_bsp.a(alt_write.o)
                0x00056af4                write
 .text          0x00056c30      0x1a8 ../spectrumAnalyzer_VHDL_bsp/libhal_bsp.a(alt_sys_init.o)
                0x00056c30                alt_irq_init
                0x00056c50                alt_sys_init
 .text          0x00056dd8       0x3c ../spectrumAnalyzer_VHDL_bsp/libhal_bsp.a(altera_avalon_jtag_uart_fd.o)
                0x00056dd8                altera_avalon_jtag_uart_ioctl_fd
                0x00056de4                altera_avalon_jtag_uart_close_fd
                0x00056df4                altera_avalon_jtag_uart_write_fd
                0x00056e04                altera_avalon_jtag_uart_read_fd
 .text          0x00056e14      0x228 ../spectrumAnalyzer_VHDL_bsp/libhal_bsp.a(altera_avalon_jtag_uart_init.o)
                0x00056e14                altera_avalon_jtag_uart_close
                0x00056eb4                altera_avalon_jtag_uart_init
 .text          0x0005703c       0x88 ../spectrumAnalyzer_VHDL_bsp/libhal_bsp.a(altera_avalon_jtag_uart_ioctl.o)
                0x0005703c                altera_avalon_jtag_uart_ioctl
 .text          0x000570c4      0x16c ../spectrumAnalyzer_VHDL_bsp/libhal_bsp.a(altera_avalon_jtag_uart_read.o)
                0x000570c4                altera_avalon_jtag_uart_read
 .text          0x00057230      0x184 ../spectrumAnalyzer_VHDL_bsp/libhal_bsp.a(altera_avalon_jtag_uart_write.o)
                0x00057230                altera_avalon_jtag_uart_write
 .text          0x000573b4       0x8c ../spectrumAnalyzer_VHDL_bsp/libhal_bsp.a(altera_avalon_timer_sc.o)
                0x000573b4                alt_avalon_timer_sc_init
 .text          0x00057440      0x134 ../spectrumAnalyzer_VHDL_bsp/libhal_bsp.a(altera_up_avalon_video_character_buffer_with_dma.o)
                0x00057440                alt_up_char_buffer_string
                0x0005749c                alt_up_char_buffer_draw
                0x000574f4                alt_up_char_buffer_clear
                0x00057518                alt_up_char_buffer_open_dev
                0x00057524                alt_up_char_buffer_init
 .text          0x00057574      0xd0c ../spectrumAnalyzer_VHDL_bsp/libhal_bsp.a(altera_up_avalon_video_pixel_buffer_dma.o)
                0x00057574                helper_plot_pixel
                0x00057644                alt_up_pixel_buffer_dma_draw_vline
                0x00057828                alt_up_pixel_buffer_dma_draw_hline
                0x000579f8                alt_up_pixel_buffer_dma_draw_rectangle
                0x00057ac4                alt_up_pixel_buffer_dma_draw_box
                0x00057d40                alt_up_pixel_buffer_dma_clear_screen
                0x00057e08                alt_up_pixel_buffer_dma_swap_buffers
                0x00057e2c                alt_up_pixel_buffer_dma_draw
                0x00057f20                alt_up_pixel_buffer_dma_check_swap_buffers_status
                0x00057f30                alt_up_pixel_buffer_dma_change_back_buffer_address
                0x00057f58                alt_up_pixel_buffer_dma_open_dev
                0x00057f64                alt_up_pixel_buffer_dma_draw_line
 .text          0x00058280       0x94 ../spectrumAnalyzer_VHDL_bsp/libhal_bsp.a(alt_alarm_start.o)
                0x00058280                alt_alarm_start
 .text          0x00058314        0x4 ../spectrumAnalyzer_VHDL_bsp/libhal_bsp.a(alt_dcache_flush_all.o)
                0x00058314                alt_dcache_flush_all
 .text          0x00058318       0x7c ../spectrumAnalyzer_VHDL_bsp/libhal_bsp.a(alt_dev_llist_insert.o)
                0x00058318                alt_dev_llist_insert
 .text          0x00058394       0x94 ../spectrumAnalyzer_VHDL_bsp/libhal_bsp.a(alt_find_dev.o)
                0x00058394                alt_find_dev
 .text          0x00058428        0x4 ../spectrumAnalyzer_VHDL_bsp/libhal_bsp.a(alt_icache_flush_all.o)
                0x00058428                alt_icache_flush_all
 .text          0x0005842c       0x9c ../spectrumAnalyzer_VHDL_bsp/libhal_bsp.a(alt_iic.o)
                0x0005842c                alt_ic_irq_enabled
                0x00058444                alt_ic_irq_enable
                0x00058484                alt_ic_irq_disable
                0x000584c4                alt_ic_isr_register
 .text          0x000584c8       0x88 ../spectrumAnalyzer_VHDL_bsp/libhal_bsp.a(alt_iic_isr_register.o)
                0x000584c8                alt_iic_isr_register
 .text          0x00058550      0x14c ../spectrumAnalyzer_VHDL_bsp/libhal_bsp.a(alt_io_redirect.o)
                0x00058550                alt_io_redirect
 .text          0x0005869c        0x0 ../spectrumAnalyzer_VHDL_bsp/libhal_bsp.a(alt_irq_entry.o)
 .text          0x0005869c        0x0 ../spectrumAnalyzer_VHDL_bsp/libhal_bsp.a(alt_irq_handler.o)
 .text          0x0005869c        0x0 ../spectrumAnalyzer_VHDL_bsp/libhal_bsp.a(alt_irq_vars.o)
 .text          0x0005869c      0x18c ../spectrumAnalyzer_VHDL_bsp/libhal_bsp.a(alt_open.o)
                0x0005869c                open
 .text          0x00058828        0x8 ../spectrumAnalyzer_VHDL_bsp/libhal_bsp.a(altera_nios2_qsys_irq.o)
                0x00058828                altera_nios2_qsys_irq_init
 .text          0x00058830        0x0 ../spectrumAnalyzer_VHDL_bsp/libhal_bsp.a(alt_exception_entry.o)
 .text          0x00058830       0xb0 ../spectrumAnalyzer_VHDL_bsp/libhal_bsp.a(alt_find_file.o)
                0x00058830                alt_find_file
 .text          0x000588e0       0x60 ../spectrumAnalyzer_VHDL_bsp/libhal_bsp.a(alt_get_fd.o)
                0x000588e0                alt_get_fd
 .text          0x00058940       0x38 /opt/altera/13.0sp1/nios2eds/bin/gnu/H-i686-pc-linux-gnu/bin/../lib/gcc/nios2-elf/4.1.2/../../../../nios2-elf/lib/mno-hw-mul/libc.a(lib_a-exit.o)
                0x00058940                exit
 .text          0x00058978       0x74 /opt/altera/13.0sp1/nios2eds/bin/gnu/H-i686-pc-linux-gnu/bin/../lib/gcc/nios2-elf/4.1.2/../../../../nios2-elf/lib/mno-hw-mul/libc.a(lib_a-memcmp.o)
                0x00058978                memcmp
 .text          0x000589ec      0x1b4 /opt/altera/13.0sp1/nios2eds/bin/gnu/H-i686-pc-linux-gnu/bin/../lib/gcc/nios2-elf/4.1.2/../../../../nios2-elf/lib/mno-hw-mul/libc.a(lib_a-__call_atexit.o)
                0x000589f0                __call_exitprocs
 .text          0x00058ba0       0x14 ../spectrumAnalyzer_VHDL_bsp/libhal_bsp.a(alt_exit.o)
                0x00058ba0                _exit
 *(.gnu.warning.*)
 *(.fini)
                0x00058bb4                PROVIDE (__etext, ABSOLUTE (.))
                0x00058bb4                PROVIDE (_etext, ABSOLUTE (.))
                0x00058bb4                PROVIDE (etext, ABSOLUTE (.))
 *(.eh_frame_hdr)
                0x00058bb4                . = ALIGN (0x4)
                0x00058bb4                PROVIDE (__preinit_array_start, ABSOLUTE (.))
 *(.preinit_array)
                0x00058bb4                PROVIDE (__preinit_array_end, ABSOLUTE (.))
                0x00058bb4                PROVIDE (__init_array_start, ABSOLUTE (.))
 *(.init_array)
                0x00058bb4                PROVIDE (__init_array_end, ABSOLUTE (.))
                0x00058bb4                PROVIDE (__fini_array_start, ABSOLUTE (.))
 *(.fini_array)
                0x00058bb4                PROVIDE (__fini_array_end, ABSOLUTE (.))
 *(.eh_frame)
 *(.gcc_except_table)
 *(.dynamic)
                0x00058bb4                PROVIDE (__CTOR_LIST__, ABSOLUTE (.))
 *(.ctors)
 *(SORT(.ctors.*))
 .ctors.65535   0x00058bb4        0x4 /opt/altera/13.0sp1/nios2eds/bin/gnu/H-i686-pc-linux-gnu/bin/../lib/gcc/nios2-elf/4.1.2/../../../../nios2-elf/lib/mno-hw-mul/libc.a(lib_a-__call_atexit.o)
                0x00058bb8                PROVIDE (__CTOR_END__, ABSOLUTE (.))
                0x00058bb8                PROVIDE (__DTOR_LIST__, ABSOLUTE (.))
 *(.dtors)
 *(SORT(.dtors.*))
                0x00058bb8                PROVIDE (__DTOR_END__, ABSOLUTE (.))
 *(.jcr)
                0x00058bb8                . = ALIGN (0x4)

.rodata         0x00058bb8     0x1828
                0x00058bb8                PROVIDE (__ram_rodata_start, ABSOLUTE (.))
                0x00058bb8                . = ALIGN (0x4)
 *(.rodata .rodata.* .gnu.linkonce.r.*)
 .rodata.str1.4
                0x00058bb8       0x3a obj/default/draw.o
                                 0x3c (size before relaxing)
 *fill*         0x00058bf2        0x2 00
 .rodata.str1.4
                0x00058bf4        0x8 obj/default/externalInterfaces.o
 .rodata        0x00058bfc     0x1400 obj/default/main.o
                0x00058bfc                tempFFT
                0x00058ffc                cnst_hz
 .rodata.str1.4
                0x00059ffc       0x56 obj/default/text.o
                                 0x58 (size before relaxing)
 *fill*         0x0005a052        0x2 00
 .rodata        0x0005a054       0x10 /opt/altera/13.0sp1/nios2eds/bin/gnu/H-i686-pc-linux-gnu/bin/../lib/gcc/nios2-elf/4.1.2/mno-hw-mul/libgcc.a(_thenan_sf.o)
                0x0005a054                __thenan_sf
 .rodata        0x0005a064       0x14 /opt/altera/13.0sp1/nios2eds/bin/gnu/H-i686-pc-linux-gnu/bin/../lib/gcc/nios2-elf/4.1.2/mno-hw-mul/libgcc.a(_thenan_df.o)
                0x0005a064                __thenan_df
 .rodata        0x0005a078      0x100 /opt/altera/13.0sp1/nios2eds/bin/gnu/H-i686-pc-linux-gnu/bin/../lib/gcc/nios2-elf/4.1.2/mno-hw-mul/libgcc.a(_clz.o)
                0x0005a078                __clz_tab
 .rodata.str1.4
                0x0005a178        0x2 /opt/altera/13.0sp1/nios2eds/bin/gnu/H-i686-pc-linux-gnu/bin/../lib/gcc/nios2-elf/4.1.2/../../../../nios2-elf/lib/mno-hw-mul/libc.a(lib_a-puts.o)
                                  0x4 (size before relaxing)
 *fill*         0x0005a17a        0x2 00
 .rodata.str1.4
                0x0005a17c       0x5e /opt/altera/13.0sp1/nios2eds/bin/gnu/H-i686-pc-linux-gnu/bin/../lib/gcc/nios2-elf/4.1.2/../../../../nios2-elf/lib/mno-hw-mul/libc.a(lib_a-vfprintf.o)
                                 0x60 (size before relaxing)
 .rodata        0x0005a1da       0x20 /opt/altera/13.0sp1/nios2eds/bin/gnu/H-i686-pc-linux-gnu/bin/../lib/gcc/nios2-elf/4.1.2/../../../../nios2-elf/lib/mno-hw-mul/libc.a(lib_a-vfprintf.o)
 *fill*         0x0005a1fa        0x2 00
 .rodata.str1.4
                0x0005a1fc       0x10 /opt/altera/13.0sp1/nios2eds/bin/gnu/H-i686-pc-linux-gnu/bin/../lib/gcc/nios2-elf/4.1.2/../../../../nios2-elf/lib/mno-hw-mul/libc.a(lib_a-dtoa.o)
                                 0x14 (size before relaxing)
 .rodata.str1.4
                0x0005a20c        0x2 /opt/altera/13.0sp1/nios2eds/bin/gnu/H-i686-pc-linux-gnu/bin/../lib/gcc/nios2-elf/4.1.2/../../../../nios2-elf/lib/mno-hw-mul/libc.a(lib_a-impure.o)
                                  0x4 (size before relaxing)
 *fill*         0x0005a20e        0x2 00
 .rodata.str1.4
                0x0005a210        0xf /opt/altera/13.0sp1/nios2eds/bin/gnu/H-i686-pc-linux-gnu/bin/../lib/gcc/nios2-elf/4.1.2/../../../../nios2-elf/lib/mno-hw-mul/libc.a(lib_a-locale.o)
                                 0x18 (size before relaxing)
 *fill*         0x0005a21f        0x1 00
 .rodata        0x0005a220       0x30 /opt/altera/13.0sp1/nios2eds/bin/gnu/H-i686-pc-linux-gnu/bin/../lib/gcc/nios2-elf/4.1.2/../../../../nios2-elf/lib/mno-hw-mul/libc.a(lib_a-locale.o)
 .rodata        0x0005a250      0x124 /opt/altera/13.0sp1/nios2eds/bin/gnu/H-i686-pc-linux-gnu/bin/../lib/gcc/nios2-elf/4.1.2/../../../../nios2-elf/lib/mno-hw-mul/libc.a(lib_a-mprec.o)
                0x0005a250                __mprec_tens
                0x0005a318                __mprec_bigtens
                0x0005a340                __mprec_tinytens
 .rodata.str1.4
                0x0005a374        0xa ../spectrumAnalyzer_VHDL_bsp/libhal_bsp.a(alt_dev.o)
                                  0xc (size before relaxing)
 *fill*         0x0005a37e        0x2 00
 .rodata.str1.4
                0x0005a380        0xf ../spectrumAnalyzer_VHDL_bsp/libhal_bsp.a(alt_main.o)
                                 0x10 (size before relaxing)
 *fill*         0x0005a38f        0x1 00
 .rodata.str1.4
                0x0005a390       0x33 ../spectrumAnalyzer_VHDL_bsp/libhal_bsp.a(alt_sys_init.o)
                                 0x5c (size before relaxing)
 *fill*         0x0005a3c3        0x1 00
 .rodata.str1.4
                0x0005a3c4       0x1c ../spectrumAnalyzer_VHDL_bsp/libhal_bsp.a(altera_up_avalon_video_character_buffer_with_dma.o)
 *(.rodata1)
                0x0005a3e0                . = ALIGN (0x4)
                0x0005a3e0                PROVIDE (__ram_rodata_end, ABSOLUTE (.))
                0x00058bb8                PROVIDE (__flash_rodata_start, LOADADDR (.rodata))

.rwdata         0x0005a3e0     0x1b3c load address 0x0005bf1c
                0x0005a3e0                PROVIDE (__ram_rwdata_start, ABSOLUTE (.))
                0x0005a3e0                . = ALIGN (0x4)
 *(.got.plt)
 *(.got)
 *(.data1)
 *(.data .data.* .gnu.linkonce.d.*)
 .data          0x0005a3e0        0x0 ../spectrumAnalyzer_VHDL_bsp/obj/HAL/src/crt0.o
 .data          0x0005a3e0        0x0 obj/default/draw.o
 .data          0x0005a3e0        0x0 obj/default/externalInterfaces.o
 .data          0x0005a3e0        0x0 obj/default/main.o
 .data          0x0005a3e0        0x0 obj/default/text.o
 .data          0x0005a3e0        0x0 /opt/altera/13.0sp1/nios2eds/bin/gnu/H-i686-pc-linux-gnu/bin/../lib/gcc/nios2-elf/4.1.2/mno-hw-mul/libgcc.a(_fixunsdfsi.o)
 .data          0x0005a3e0        0x0 /opt/altera/13.0sp1/nios2eds/bin/gnu/H-i686-pc-linux-gnu/bin/../lib/gcc/nios2-elf/4.1.2/mno-hw-mul/libgcc.a(_mul_sf.o)
 .data          0x0005a3e0        0x0 /opt/altera/13.0sp1/nios2eds/bin/gnu/H-i686-pc-linux-gnu/bin/../lib/gcc/nios2-elf/4.1.2/mno-hw-mul/libgcc.a(_si_to_sf.o)
 .data          0x0005a3e0        0x0 /opt/altera/13.0sp1/nios2eds/bin/gnu/H-i686-pc-linux-gnu/bin/../lib/gcc/nios2-elf/4.1.2/mno-hw-mul/libgcc.a(_sf_to_si.o)
 .data          0x0005a3e0        0x0 /opt/altera/13.0sp1/nios2eds/bin/gnu/H-i686-pc-linux-gnu/bin/../lib/gcc/nios2-elf/4.1.2/mno-hw-mul/libgcc.a(_thenan_sf.o)
 .data          0x0005a3e0        0x0 /opt/altera/13.0sp1/nios2eds/bin/gnu/H-i686-pc-linux-gnu/bin/../lib/gcc/nios2-elf/4.1.2/mno-hw-mul/libgcc.a(_usi_to_sf.o)
 .data          0x0005a3e0        0x0 /opt/altera/13.0sp1/nios2eds/bin/gnu/H-i686-pc-linux-gnu/bin/../lib/gcc/nios2-elf/4.1.2/mno-hw-mul/libgcc.a(_addsub_df.o)
 .data          0x0005a3e0        0x0 /opt/altera/13.0sp1/nios2eds/bin/gnu/H-i686-pc-linux-gnu/bin/../lib/gcc/nios2-elf/4.1.2/mno-hw-mul/libgcc.a(_mul_df.o)
 .data          0x0005a3e0        0x0 /opt/altera/13.0sp1/nios2eds/bin/gnu/H-i686-pc-linux-gnu/bin/../lib/gcc/nios2-elf/4.1.2/mno-hw-mul/libgcc.a(_ge_df.o)
 .data          0x0005a3e0        0x0 /opt/altera/13.0sp1/nios2eds/bin/gnu/H-i686-pc-linux-gnu/bin/../lib/gcc/nios2-elf/4.1.2/mno-hw-mul/libgcc.a(_si_to_df.o)
 .data          0x0005a3e0        0x0 /opt/altera/13.0sp1/nios2eds/bin/gnu/H-i686-pc-linux-gnu/bin/../lib/gcc/nios2-elf/4.1.2/mno-hw-mul/libgcc.a(_df_to_si.o)
 .data          0x0005a3e0        0x0 /opt/altera/13.0sp1/nios2eds/bin/gnu/H-i686-pc-linux-gnu/bin/../lib/gcc/nios2-elf/4.1.2/mno-hw-mul/libgcc.a(_thenan_df.o)
 .data          0x0005a3e0        0x0 /opt/altera/13.0sp1/nios2eds/bin/gnu/H-i686-pc-linux-gnu/bin/../lib/gcc/nios2-elf/4.1.2/mno-hw-mul/libgcc.a(lib2-divmod.o)
 .data          0x0005a3e0        0x0 /opt/altera/13.0sp1/nios2eds/bin/gnu/H-i686-pc-linux-gnu/bin/../lib/gcc/nios2-elf/4.1.2/mno-hw-mul/libgcc.a(lib2-mul.o)
 .data          0x0005a3e0        0x0 /opt/altera/13.0sp1/nios2eds/bin/gnu/H-i686-pc-linux-gnu/bin/../lib/gcc/nios2-elf/4.1.2/mno-hw-mul/libgcc.a(_muldi3.o)
 .data          0x0005a3e0        0x0 /opt/altera/13.0sp1/nios2eds/bin/gnu/H-i686-pc-linux-gnu/bin/../lib/gcc/nios2-elf/4.1.2/mno-hw-mul/libgcc.a(_clzsi2.o)
 .data          0x0005a3e0        0x0 /opt/altera/13.0sp1/nios2eds/bin/gnu/H-i686-pc-linux-gnu/bin/../lib/gcc/nios2-elf/4.1.2/mno-hw-mul/libgcc.a(_pack_sf.o)
 .data          0x0005a3e0        0x0 /opt/altera/13.0sp1/nios2eds/bin/gnu/H-i686-pc-linux-gnu/bin/../lib/gcc/nios2-elf/4.1.2/mno-hw-mul/libgcc.a(_unpack_sf.o)
 .data          0x0005a3e0        0x0 /opt/altera/13.0sp1/nios2eds/bin/gnu/H-i686-pc-linux-gnu/bin/../lib/gcc/nios2-elf/4.1.2/mno-hw-mul/libgcc.a(_pack_df.o)
 .data          0x0005a3e0        0x0 /opt/altera/13.0sp1/nios2eds/bin/gnu/H-i686-pc-linux-gnu/bin/../lib/gcc/nios2-elf/4.1.2/mno-hw-mul/libgcc.a(_unpack_df.o)
 .data          0x0005a3e0        0x0 /opt/altera/13.0sp1/nios2eds/bin/gnu/H-i686-pc-linux-gnu/bin/../lib/gcc/nios2-elf/4.1.2/mno-hw-mul/libgcc.a(_fpcmp_parts_df.o)
 .data          0x0005a3e0        0x0 /opt/altera/13.0sp1/nios2eds/bin/gnu/H-i686-pc-linux-gnu/bin/../lib/gcc/nios2-elf/4.1.2/mno-hw-mul/libgcc.a(_clz.o)
 .data          0x0005a3e0        0x0 /opt/altera/13.0sp1/nios2eds/bin/gnu/H-i686-pc-linux-gnu/bin/../lib/gcc/nios2-elf/4.1.2/../../../../nios2-elf/lib/mno-hw-mul/libc.a(lib_a-malloc.o)
 .data          0x0005a3e0      0x408 /opt/altera/13.0sp1/nios2eds/bin/gnu/H-i686-pc-linux-gnu/bin/../lib/gcc/nios2-elf/4.1.2/../../../../nios2-elf/lib/mno-hw-mul/libc.a(lib_a-mallocr.o)
                0x0005a3e0                __malloc_av_
 .data          0x0005a7e8        0x0 /opt/altera/13.0sp1/nios2eds/bin/gnu/H-i686-pc-linux-gnu/bin/../lib/gcc/nios2-elf/4.1.2/../../../../nios2-elf/lib/mno-hw-mul/libc.a(lib_a-puts.o)
 .data          0x0005a7e8        0x0 /opt/altera/13.0sp1/nios2eds/bin/gnu/H-i686-pc-linux-gnu/bin/../lib/gcc/nios2-elf/4.1.2/../../../../nios2-elf/lib/mno-hw-mul/libc.a(lib_a-sbrkr.o)
 .data          0x0005a7e8        0x0 /opt/altera/13.0sp1/nios2eds/bin/gnu/H-i686-pc-linux-gnu/bin/../lib/gcc/nios2-elf/4.1.2/../../../../nios2-elf/lib/mno-hw-mul/libc.a(lib_a-sprintf.o)
 .data          0x0005a7e8        0x0 /opt/altera/13.0sp1/nios2eds/bin/gnu/H-i686-pc-linux-gnu/bin/../lib/gcc/nios2-elf/4.1.2/../../../../nios2-elf/lib/mno-hw-mul/libc.a(lib_a-strlen.o)
 .data          0x0005a7e8        0x0 /opt/altera/13.0sp1/nios2eds/bin/gnu/H-i686-pc-linux-gnu/bin/../lib/gcc/nios2-elf/4.1.2/../../../../nios2-elf/lib/mno-hw-mul/libc.a(lib_a-time.o)
 .data          0x0005a7e8        0x0 /opt/altera/13.0sp1/nios2eds/bin/gnu/H-i686-pc-linux-gnu/bin/../lib/gcc/nios2-elf/4.1.2/../../../../nios2-elf/lib/mno-hw-mul/libc.a(lib_a-vfprintf.o)
 .data          0x0005a7e8        0x0 /opt/altera/13.0sp1/nios2eds/bin/gnu/H-i686-pc-linux-gnu/bin/../lib/gcc/nios2-elf/4.1.2/../../../../nios2-elf/lib/mno-hw-mul/libc.a(lib_a-wsetup.o)
 .data          0x0005a7e8        0x0 /opt/altera/13.0sp1/nios2eds/bin/gnu/H-i686-pc-linux-gnu/bin/../lib/gcc/nios2-elf/4.1.2/../../../../nios2-elf/lib/mno-hw-mul/libc.a(lib_a-dtoa.o)
 .data          0x0005a7e8        0x0 /opt/altera/13.0sp1/nios2eds/bin/gnu/H-i686-pc-linux-gnu/bin/../lib/gcc/nios2-elf/4.1.2/../../../../nios2-elf/lib/mno-hw-mul/libc.a(lib_a-fflush.o)
 .data          0x0005a7e8        0x0 /opt/altera/13.0sp1/nios2eds/bin/gnu/H-i686-pc-linux-gnu/bin/../lib/gcc/nios2-elf/4.1.2/../../../../nios2-elf/lib/mno-hw-mul/libc.a(lib_a-findfp.o)
 .data          0x0005a7e8        0x0 /opt/altera/13.0sp1/nios2eds/bin/gnu/H-i686-pc-linux-gnu/bin/../lib/gcc/nios2-elf/4.1.2/../../../../nios2-elf/lib/mno-hw-mul/libc.a(lib_a-freer.o)
 .data          0x0005a7e8        0x0 /opt/altera/13.0sp1/nios2eds/bin/gnu/H-i686-pc-linux-gnu/bin/../lib/gcc/nios2-elf/4.1.2/../../../../nios2-elf/lib/mno-hw-mul/libc.a(lib_a-fvwrite.o)
 .data          0x0005a7e8        0x0 /opt/altera/13.0sp1/nios2eds/bin/gnu/H-i686-pc-linux-gnu/bin/../lib/gcc/nios2-elf/4.1.2/../../../../nios2-elf/lib/mno-hw-mul/libc.a(lib_a-fwalk.o)
 .data          0x0005a7e8        0x0 /opt/altera/13.0sp1/nios2eds/bin/gnu/H-i686-pc-linux-gnu/bin/../lib/gcc/nios2-elf/4.1.2/../../../../nios2-elf/lib/mno-hw-mul/libc.a(lib_a-gettimeofdayr.o)
 .data          0x0005a7e8      0x400 /opt/altera/13.0sp1/nios2eds/bin/gnu/H-i686-pc-linux-gnu/bin/../lib/gcc/nios2-elf/4.1.2/../../../../nios2-elf/lib/mno-hw-mul/libc.a(lib_a-impure.o)
 .data          0x0005abe8        0x0 /opt/altera/13.0sp1/nios2eds/bin/gnu/H-i686-pc-linux-gnu/bin/../lib/gcc/nios2-elf/4.1.2/../../../../nios2-elf/lib/mno-hw-mul/libc.a(lib_a-int_errno.o)
 .data          0x0005abe8        0xc /opt/altera/13.0sp1/nios2eds/bin/gnu/H-i686-pc-linux-gnu/bin/../lib/gcc/nios2-elf/4.1.2/../../../../nios2-elf/lib/mno-hw-mul/libc.a(lib_a-locale.o)
                0x0005abe8                __lc_ctype
 .data          0x0005abf4        0x0 /opt/altera/13.0sp1/nios2eds/bin/gnu/H-i686-pc-linux-gnu/bin/../lib/gcc/nios2-elf/4.1.2/../../../../nios2-elf/lib/mno-hw-mul/libc.a(lib_a-makebuf.o)
 .data          0x0005abf4        0x0 /opt/altera/13.0sp1/nios2eds/bin/gnu/H-i686-pc-linux-gnu/bin/../lib/gcc/nios2-elf/4.1.2/../../../../nios2-elf/lib/mno-hw-mul/libc.a(lib_a-memchr.o)
 .data          0x0005abf4        0x0 /opt/altera/13.0sp1/nios2eds/bin/gnu/H-i686-pc-linux-gnu/bin/../lib/gcc/nios2-elf/4.1.2/../../../../nios2-elf/lib/mno-hw-mul/libc.a(lib_a-memcpy.o)
 .data          0x0005abf4        0x0 /opt/altera/13.0sp1/nios2eds/bin/gnu/H-i686-pc-linux-gnu/bin/../lib/gcc/nios2-elf/4.1.2/../../../../nios2-elf/lib/mno-hw-mul/libc.a(lib_a-memmove.o)
 .data          0x0005abf4        0x0 /opt/altera/13.0sp1/nios2eds/bin/gnu/H-i686-pc-linux-gnu/bin/../lib/gcc/nios2-elf/4.1.2/../../../../nios2-elf/lib/mno-hw-mul/libc.a(lib_a-memset.o)
 .data          0x0005abf4        0x0 /opt/altera/13.0sp1/nios2eds/bin/gnu/H-i686-pc-linux-gnu/bin/../lib/gcc/nios2-elf/4.1.2/../../../../nios2-elf/lib/mno-hw-mul/libc.a(lib_a-mprec.o)
 .data          0x0005abf4        0x0 /opt/altera/13.0sp1/nios2eds/bin/gnu/H-i686-pc-linux-gnu/bin/../lib/gcc/nios2-elf/4.1.2/../../../../nios2-elf/lib/mno-hw-mul/libc.a(lib_a-reallocr.o)
 .data          0x0005abf4        0x0 /opt/altera/13.0sp1/nios2eds/bin/gnu/H-i686-pc-linux-gnu/bin/../lib/gcc/nios2-elf/4.1.2/../../../../nios2-elf/lib/mno-hw-mul/libc.a(lib_a-s_isinfd.o)
 .data          0x0005abf4        0x0 /opt/altera/13.0sp1/nios2eds/bin/gnu/H-i686-pc-linux-gnu/bin/../lib/gcc/nios2-elf/4.1.2/../../../../nios2-elf/lib/mno-hw-mul/libc.a(lib_a-s_isnand.o)
 .data          0x0005abf4        0x0 /opt/altera/13.0sp1/nios2eds/bin/gnu/H-i686-pc-linux-gnu/bin/../lib/gcc/nios2-elf/4.1.2/../../../../nios2-elf/lib/mno-hw-mul/libc.a(lib_a-stdio.o)
 .data          0x0005abf4        0x0 /opt/altera/13.0sp1/nios2eds/bin/gnu/H-i686-pc-linux-gnu/bin/../lib/gcc/nios2-elf/4.1.2/../../../../nios2-elf/lib/mno-hw-mul/libc.a(lib_a-strcmp.o)
 .data          0x0005abf4        0x0 /opt/altera/13.0sp1/nios2eds/bin/gnu/H-i686-pc-linux-gnu/bin/../lib/gcc/nios2-elf/4.1.2/../../../../nios2-elf/lib/mno-hw-mul/libc.a(lib_a-writer.o)
 .data          0x0005abf4        0x0 /opt/altera/13.0sp1/nios2eds/bin/gnu/H-i686-pc-linux-gnu/bin/../lib/gcc/nios2-elf/4.1.2/../../../../nios2-elf/lib/mno-hw-mul/libc.a(lib_a-callocr.o)
 .data          0x0005abf4        0x0 /opt/altera/13.0sp1/nios2eds/bin/gnu/H-i686-pc-linux-gnu/bin/../lib/gcc/nios2-elf/4.1.2/../../../../nios2-elf/lib/mno-hw-mul/libc.a(lib_a-closer.o)
 .data          0x0005abf4        0x0 /opt/altera/13.0sp1/nios2eds/bin/gnu/H-i686-pc-linux-gnu/bin/../lib/gcc/nios2-elf/4.1.2/../../../../nios2-elf/lib/mno-hw-mul/libc.a(lib_a-fclose.o)
 .data          0x0005abf4        0x0 /opt/altera/13.0sp1/nios2eds/bin/gnu/H-i686-pc-linux-gnu/bin/../lib/gcc/nios2-elf/4.1.2/../../../../nios2-elf/lib/mno-hw-mul/libc.a(lib_a-fstatr.o)
 .data          0x0005abf4        0x0 /opt/altera/13.0sp1/nios2eds/bin/gnu/H-i686-pc-linux-gnu/bin/../lib/gcc/nios2-elf/4.1.2/../../../../nios2-elf/lib/mno-hw-mul/libc.a(lib_a-isattyr.o)
 .data          0x0005abf4        0x0 /opt/altera/13.0sp1/nios2eds/bin/gnu/H-i686-pc-linux-gnu/bin/../lib/gcc/nios2-elf/4.1.2/../../../../nios2-elf/lib/mno-hw-mul/libc.a(lib_a-lseekr.o)
 .data          0x0005abf4        0x0 /opt/altera/13.0sp1/nios2eds/bin/gnu/H-i686-pc-linux-gnu/bin/../lib/gcc/nios2-elf/4.1.2/../../../../nios2-elf/lib/mno-hw-mul/libc.a(lib_a-readr.o)
 .data          0x0005abf4        0x0 /opt/altera/13.0sp1/nios2eds/bin/gnu/H-i686-pc-linux-gnu/bin/../lib/gcc/nios2-elf/4.1.2/mno-hw-mul/libgcc.a(_udivdi3.o)
 .data          0x0005abf4        0x0 /opt/altera/13.0sp1/nios2eds/bin/gnu/H-i686-pc-linux-gnu/bin/../lib/gcc/nios2-elf/4.1.2/mno-hw-mul/libgcc.a(_umoddi3.o)
 .data          0x0005abf4        0x0 /opt/altera/13.0sp1/nios2eds/bin/gnu/H-i686-pc-linux-gnu/bin/../lib/gcc/nios2-elf/4.1.2/mno-hw-mul/libgcc.a(_div_df.o)
 .data          0x0005abf4        0x0 /opt/altera/13.0sp1/nios2eds/bin/gnu/H-i686-pc-linux-gnu/bin/../lib/gcc/nios2-elf/4.1.2/mno-hw-mul/libgcc.a(_eq_df.o)
 .data          0x0005abf4        0x0 /opt/altera/13.0sp1/nios2eds/bin/gnu/H-i686-pc-linux-gnu/bin/../lib/gcc/nios2-elf/4.1.2/mno-hw-mul/libgcc.a(_ne_df.o)
 .data          0x0005abf4        0x0 /opt/altera/13.0sp1/nios2eds/bin/gnu/H-i686-pc-linux-gnu/bin/../lib/gcc/nios2-elf/4.1.2/mno-hw-mul/libgcc.a(_gt_df.o)
 .data          0x0005abf4        0x0 /opt/altera/13.0sp1/nios2eds/bin/gnu/H-i686-pc-linux-gnu/bin/../lib/gcc/nios2-elf/4.1.2/mno-hw-mul/libgcc.a(_lt_df.o)
 .data          0x0005abf4        0x0 /opt/altera/13.0sp1/nios2eds/bin/gnu/H-i686-pc-linux-gnu/bin/../lib/gcc/nios2-elf/4.1.2/mno-hw-mul/libgcc.a(_usi_to_df.o)
 .data          0x0005abf4        0x0 ../spectrumAnalyzer_VHDL_bsp/libhal_bsp.a(alt_close.o)
 .data          0x0005abf4      0x1a8 ../spectrumAnalyzer_VHDL_bsp/libhal_bsp.a(alt_dev.o)
                0x0005abf4                alt_dev_null
                0x0005ac1c                alt_fd_list
 .data          0x0005ad9c        0x0 ../spectrumAnalyzer_VHDL_bsp/libhal_bsp.a(alt_errno.o)
 .data          0x0005ad9c        0x0 ../spectrumAnalyzer_VHDL_bsp/libhal_bsp.a(alt_fstat.o)
 .data          0x0005ad9c        0x0 ../spectrumAnalyzer_VHDL_bsp/libhal_bsp.a(alt_gettod.o)
 .data          0x0005ad9c        0x0 ../spectrumAnalyzer_VHDL_bsp/libhal_bsp.a(alt_isatty.o)
 .data          0x0005ad9c        0x0 ../spectrumAnalyzer_VHDL_bsp/libhal_bsp.a(alt_load.o)
 .data          0x0005ad9c        0x0 ../spectrumAnalyzer_VHDL_bsp/libhal_bsp.a(alt_lseek.o)
 .data          0x0005ad9c        0x0 ../spectrumAnalyzer_VHDL_bsp/libhal_bsp.a(alt_main.o)
 .data          0x0005ad9c        0x0 ../spectrumAnalyzer_VHDL_bsp/libhal_bsp.a(alt_malloc_lock.o)
 .data          0x0005ad9c        0x0 ../spectrumAnalyzer_VHDL_bsp/libhal_bsp.a(alt_read.o)
 .data          0x0005ad9c        0x0 ../spectrumAnalyzer_VHDL_bsp/libhal_bsp.a(alt_release_fd.o)
 .data          0x0005ad9c        0x0 ../spectrumAnalyzer_VHDL_bsp/libhal_bsp.a(alt_sbrk.o)
 .data          0x0005ad9c        0x0 ../spectrumAnalyzer_VHDL_bsp/libhal_bsp.a(alt_tick.o)
 .data          0x0005ad9c        0x0 ../spectrumAnalyzer_VHDL_bsp/libhal_bsp.a(alt_write.o)
 .data          0x0005ad9c     0x10fc ../spectrumAnalyzer_VHDL_bsp/libhal_bsp.a(alt_sys_init.o)
 .data          0x0005be98        0x0 ../spectrumAnalyzer_VHDL_bsp/libhal_bsp.a(altera_avalon_jtag_uart_fd.o)
 .data          0x0005be98        0x0 ../spectrumAnalyzer_VHDL_bsp/libhal_bsp.a(altera_avalon_jtag_uart_init.o)
 .data          0x0005be98        0x0 ../spectrumAnalyzer_VHDL_bsp/libhal_bsp.a(altera_avalon_jtag_uart_ioctl.o)
 .data          0x0005be98        0x0 ../spectrumAnalyzer_VHDL_bsp/libhal_bsp.a(altera_avalon_jtag_uart_read.o)
 .data          0x0005be98        0x0 ../spectrumAnalyzer_VHDL_bsp/libhal_bsp.a(altera_avalon_jtag_uart_write.o)
 .data          0x0005be98        0x0 ../spectrumAnalyzer_VHDL_bsp/libhal_bsp.a(altera_avalon_timer_sc.o)
 .data          0x0005be98        0x0 ../spectrumAnalyzer_VHDL_bsp/libhal_bsp.a(altera_up_avalon_video_character_buffer_with_dma.o)
 .data          0x0005be98        0x0 ../spectrumAnalyzer_VHDL_bsp/libhal_bsp.a(altera_up_avalon_video_pixel_buffer_dma.o)
 .data          0x0005be98        0x0 ../spectrumAnalyzer_VHDL_bsp/libhal_bsp.a(alt_alarm_start.o)
 .data          0x0005be98        0x0 ../spectrumAnalyzer_VHDL_bsp/libhal_bsp.a(alt_dcache_flush_all.o)
 .data          0x0005be98        0x0 ../spectrumAnalyzer_VHDL_bsp/libhal_bsp.a(alt_dev_llist_insert.o)
 .data          0x0005be98        0x0 ../spectrumAnalyzer_VHDL_bsp/libhal_bsp.a(alt_find_dev.o)
 .data          0x0005be98        0x0 ../spectrumAnalyzer_VHDL_bsp/libhal_bsp.a(alt_icache_flush_all.o)
 .data          0x0005be98        0x0 ../spectrumAnalyzer_VHDL_bsp/libhal_bsp.a(alt_iic.o)
 .data          0x0005be98        0x0 ../spectrumAnalyzer_VHDL_bsp/libhal_bsp.a(alt_iic_isr_register.o)
 .data          0x0005be98        0x0 ../spectrumAnalyzer_VHDL_bsp/libhal_bsp.a(alt_io_redirect.o)
 .data          0x0005be98        0x0 ../spectrumAnalyzer_VHDL_bsp/libhal_bsp.a(alt_irq_entry.o)
 .data          0x0005be98        0x0 ../spectrumAnalyzer_VHDL_bsp/libhal_bsp.a(alt_irq_handler.o)
 .data          0x0005be98        0x0 ../spectrumAnalyzer_VHDL_bsp/libhal_bsp.a(alt_irq_vars.o)
 .data          0x0005be98        0x0 ../spectrumAnalyzer_VHDL_bsp/libhal_bsp.a(alt_open.o)
 .data          0x0005be98        0x0 ../spectrumAnalyzer_VHDL_bsp/libhal_bsp.a(altera_nios2_qsys_irq.o)
 .data          0x0005be98        0x0 ../spectrumAnalyzer_VHDL_bsp/libhal_bsp.a(alt_exception_entry.o)
 .data          0x0005be98        0x0 ../spectrumAnalyzer_VHDL_bsp/libhal_bsp.a(alt_find_file.o)
 .data          0x0005be98        0x0 ../spectrumAnalyzer_VHDL_bsp/libhal_bsp.a(alt_get_fd.o)
 .data          0x0005be98        0x0 /opt/altera/13.0sp1/nios2eds/bin/gnu/H-i686-pc-linux-gnu/bin/../lib/gcc/nios2-elf/4.1.2/../../../../nios2-elf/lib/mno-hw-mul/libc.a(lib_a-exit.o)
 .data          0x0005be98        0x0 /opt/altera/13.0sp1/nios2eds/bin/gnu/H-i686-pc-linux-gnu/bin/../lib/gcc/nios2-elf/4.1.2/../../../../nios2-elf/lib/mno-hw-mul/libc.a(lib_a-memcmp.o)
 .data          0x0005be98        0x0 /opt/altera/13.0sp1/nios2eds/bin/gnu/H-i686-pc-linux-gnu/bin/../lib/gcc/nios2-elf/4.1.2/../../../../nios2-elf/lib/mno-hw-mul/libc.a(lib_a-__call_atexit.o)
 .data          0x0005be98        0x0 ../spectrumAnalyzer_VHDL_bsp/libhal_bsp.a(alt_exit.o)
                0x00063e98                _gp = ABSOLUTE ((. + 0x8000))
                0x00063e98                PROVIDE (gp, _gp)
 *(.rwdata .rwdata.*)
 *(.sdata .sdata.* .gnu.linkonce.s.*)
 .sdata         0x0005be98        0xc obj/default/draw.o
                0x0005be98                pixelBufferName
                0x0005be9c                drawX0
                0x0005be9e                drawX1
                0x0005bea0                drawY0
                0x0005bea2                drawY1
 .sdata         0x0005bea4       0x2c obj/default/externalInterfaces.o
                0x0005bea4                fft_in_0
                0x0005bea8                fft_in_1
                0x0005beac                fft_in_2
                0x0005beb0                fft_in_3
                0x0005beb4                fft_in_4
                0x0005beb8                fft_in_5
                0x0005bebc                fft_in_6
                0x0005bec0                fft_in_7
                0x0005bec4                control_in
                0x0005bec8                control_out
                0x0005becc                rotary_val
 .sdata         0x0005bed0        0x8 obj/default/main.o
                0x0005bed0                ledR
                0x0005bed4                ledG
 .sdata         0x0005bed8        0x4 obj/default/text.o
                0x0005bed8                charBufferName
 .sdata         0x0005bedc        0x8 /opt/altera/13.0sp1/nios2eds/bin/gnu/H-i686-pc-linux-gnu/bin/../lib/gcc/nios2-elf/4.1.2/../../../../nios2-elf/lib/mno-hw-mul/libc.a(lib_a-mallocr.o)
                0x0005bedc                __malloc_trim_threshold
                0x0005bee0                __malloc_sbrk_base
 .sdata         0x0005bee4        0x8 /opt/altera/13.0sp1/nios2eds/bin/gnu/H-i686-pc-linux-gnu/bin/../lib/gcc/nios2-elf/4.1.2/../../../../nios2-elf/lib/mno-hw-mul/libc.a(lib_a-impure.o)
                0x0005bee4                _impure_ptr
                0x0005bee8                _global_impure_ptr
 .sdata         0x0005beec        0x8 /opt/altera/13.0sp1/nios2eds/bin/gnu/H-i686-pc-linux-gnu/bin/../lib/gcc/nios2-elf/4.1.2/../../../../nios2-elf/lib/mno-hw-mul/libc.a(lib_a-locale.o)
                0x0005beec                __mb_cur_max
 .sdata         0x0005bef4       0x14 ../spectrumAnalyzer_VHDL_bsp/libhal_bsp.a(alt_dev.o)
                0x0005bef4                alt_fs_list
                0x0005befc                alt_dev_list
                0x0005bf04                alt_max_fd
 .sdata         0x0005bf08        0x4 ../spectrumAnalyzer_VHDL_bsp/libhal_bsp.a(alt_errno.o)
                0x0005bf08                alt_errno
 .sdata         0x0005bf0c        0x4 ../spectrumAnalyzer_VHDL_bsp/libhal_bsp.a(alt_sbrk.o)
 .sdata         0x0005bf10        0x8 ../spectrumAnalyzer_VHDL_bsp/libhal_bsp.a(alt_tick.o)
                0x0005bf10                alt_alarm_list
 .sdata         0x0005bf18        0x4 ../spectrumAnalyzer_VHDL_bsp/libhal_bsp.a(alt_irq_vars.o)
                0x0005bf18                alt_priority_mask
 *(.sdata2 .sdata2.* .gnu.linkonce.s2.*)
                0x0005bf1c                . = ALIGN (0x4)
                0x0005bf1c                _edata = ABSOLUTE (.)
                0x0005bf1c                PROVIDE (edata, ABSOLUTE (.))
                0x0005bf1c                PROVIDE (__ram_rwdata_end, ABSOLUTE (.))
                0x0005bf1c                PROVIDE (__flash_rwdata_start, LOADADDR (.rwdata))

.bss            0x0005da58      0x48c
                0x0005da58                __bss_start = ABSOLUTE (.)
                0x0005da58                PROVIDE (__sbss_start, ABSOLUTE (.))
                0x0005da58                PROVIDE (___sbss_start, ABSOLUTE (.))
 *(.dynsbss)
 *(.sbss .sbss.* .gnu.linkonce.sb.*)
 .sbss          0x0005da58        0x4 obj/default/draw.o
                0x0005da58                pixel_buffer_dev
 .sbss          0x0005da5c        0x4 obj/default/externalInterfaces.o
 .sbss          0x0005da60        0x1 obj/default/main.o
                0x0005da60                rangeChanged
 *fill*         0x0005da61        0x3 00
 .sbss          0x0005da64        0xc obj/default/text.o
                0x0005da64                lastTime
                0x0005da68                frames
                0x0005da6c                char_buffer_dev
 .sbss          0x0005da70        0xc /opt/altera/13.0sp1/nios2eds/bin/gnu/H-i686-pc-linux-gnu/bin/../lib/gcc/nios2-elf/4.1.2/../../../../nios2-elf/lib/mno-hw-mul/libc.a(lib_a-mallocr.o)
                0x0005da70                __malloc_top_pad
                0x0005da74                __malloc_max_sbrked_mem
                0x0005da78                __malloc_max_total_mem
 .sbss          0x0005da7c        0x4 /opt/altera/13.0sp1/nios2eds/bin/gnu/H-i686-pc-linux-gnu/bin/../lib/gcc/nios2-elf/4.1.2/../../../../nios2-elf/lib/mno-hw-mul/libc.a(lib_a-int_errno.o)
                0x0005da7c                errno
 .sbss          0x0005da80        0xc /opt/altera/13.0sp1/nios2eds/bin/gnu/H-i686-pc-linux-gnu/bin/../lib/gcc/nios2-elf/4.1.2/../../../../nios2-elf/lib/mno-hw-mul/libc.a(lib_a-locale.o)
                0x0005da80                __nlocale_changed
                0x0005da84                __mlocale_changed
                0x0005da88                _PathLocale
 .sbss          0x0005da8c       0x10 ../spectrumAnalyzer_VHDL_bsp/libhal_bsp.a(alt_gettod.o)
                0x0005da8c                alt_timezone
                0x0005da94                alt_resettime
 .sbss          0x0005da9c        0xc ../spectrumAnalyzer_VHDL_bsp/libhal_bsp.a(alt_main.o)
                0x0005da9c                alt_argc
                0x0005daa0                alt_argv
                0x0005daa4                alt_envp
 .sbss          0x0005daa8        0x8 ../spectrumAnalyzer_VHDL_bsp/libhal_bsp.a(alt_tick.o)
                0x0005daa8                _alt_tick_rate
                0x0005daac                _alt_nticks
 .sbss          0x0005dab0        0x4 ../spectrumAnalyzer_VHDL_bsp/libhal_bsp.a(alt_irq_vars.o)
                0x0005dab0                alt_irq_active
 *(.sbss2 .sbss2.* .gnu.linkonce.sb2.*)
 *(.scommon)
                0x0005dab4                PROVIDE (__sbss_end, ABSOLUTE (.))
                0x0005dab4                PROVIDE (___sbss_end, ABSOLUTE (.))
 *(.dynbss)
 *(.bss .bss.* .gnu.linkonce.b.*)
 .bss           0x0005dab4        0x0 ../spectrumAnalyzer_VHDL_bsp/obj/HAL/src/crt0.o
 .bss           0x0005dab4        0x0 obj/default/draw.o
 .bss           0x0005dab4        0x0 obj/default/externalInterfaces.o
 .bss           0x0005dab4        0x0 obj/default/main.o
 .bss           0x0005dab4        0x0 obj/default/text.o
 .bss           0x0005dab4        0x0 /opt/altera/13.0sp1/nios2eds/bin/gnu/H-i686-pc-linux-gnu/bin/../lib/gcc/nios2-elf/4.1.2/mno-hw-mul/libgcc.a(_fixunsdfsi.o)
 .bss           0x0005dab4        0x0 /opt/altera/13.0sp1/nios2eds/bin/gnu/H-i686-pc-linux-gnu/bin/../lib/gcc/nios2-elf/4.1.2/mno-hw-mul/libgcc.a(_mul_sf.o)
 .bss           0x0005dab4        0x0 /opt/altera/13.0sp1/nios2eds/bin/gnu/H-i686-pc-linux-gnu/bin/../lib/gcc/nios2-elf/4.1.2/mno-hw-mul/libgcc.a(_si_to_sf.o)
 .bss           0x0005dab4        0x0 /opt/altera/13.0sp1/nios2eds/bin/gnu/H-i686-pc-linux-gnu/bin/../lib/gcc/nios2-elf/4.1.2/mno-hw-mul/libgcc.a(_sf_to_si.o)
 .bss           0x0005dab4        0x0 /opt/altera/13.0sp1/nios2eds/bin/gnu/H-i686-pc-linux-gnu/bin/../lib/gcc/nios2-elf/4.1.2/mno-hw-mul/libgcc.a(_thenan_sf.o)
 .bss           0x0005dab4        0x0 /opt/altera/13.0sp1/nios2eds/bin/gnu/H-i686-pc-linux-gnu/bin/../lib/gcc/nios2-elf/4.1.2/mno-hw-mul/libgcc.a(_usi_to_sf.o)
 .bss           0x0005dab4        0x0 /opt/altera/13.0sp1/nios2eds/bin/gnu/H-i686-pc-linux-gnu/bin/../lib/gcc/nios2-elf/4.1.2/mno-hw-mul/libgcc.a(_addsub_df.o)
 .bss           0x0005dab4        0x0 /opt/altera/13.0sp1/nios2eds/bin/gnu/H-i686-pc-linux-gnu/bin/../lib/gcc/nios2-elf/4.1.2/mno-hw-mul/libgcc.a(_mul_df.o)
 .bss           0x0005dab4        0x0 /opt/altera/13.0sp1/nios2eds/bin/gnu/H-i686-pc-linux-gnu/bin/../lib/gcc/nios2-elf/4.1.2/mno-hw-mul/libgcc.a(_ge_df.o)
 .bss           0x0005dab4        0x0 /opt/altera/13.0sp1/nios2eds/bin/gnu/H-i686-pc-linux-gnu/bin/../lib/gcc/nios2-elf/4.1.2/mno-hw-mul/libgcc.a(_si_to_df.o)
 .bss           0x0005dab4        0x0 /opt/altera/13.0sp1/nios2eds/bin/gnu/H-i686-pc-linux-gnu/bin/../lib/gcc/nios2-elf/4.1.2/mno-hw-mul/libgcc.a(_df_to_si.o)
 .bss           0x0005dab4        0x0 /opt/altera/13.0sp1/nios2eds/bin/gnu/H-i686-pc-linux-gnu/bin/../lib/gcc/nios2-elf/4.1.2/mno-hw-mul/libgcc.a(_thenan_df.o)
 .bss           0x0005dab4        0x0 /opt/altera/13.0sp1/nios2eds/bin/gnu/H-i686-pc-linux-gnu/bin/../lib/gcc/nios2-elf/4.1.2/mno-hw-mul/libgcc.a(lib2-divmod.o)
 .bss           0x0005dab4        0x0 /opt/altera/13.0sp1/nios2eds/bin/gnu/H-i686-pc-linux-gnu/bin/../lib/gcc/nios2-elf/4.1.2/mno-hw-mul/libgcc.a(lib2-mul.o)
 .bss           0x0005dab4        0x0 /opt/altera/13.0sp1/nios2eds/bin/gnu/H-i686-pc-linux-gnu/bin/../lib/gcc/nios2-elf/4.1.2/mno-hw-mul/libgcc.a(_muldi3.o)
 .bss           0x0005dab4        0x0 /opt/altera/13.0sp1/nios2eds/bin/gnu/H-i686-pc-linux-gnu/bin/../lib/gcc/nios2-elf/4.1.2/mno-hw-mul/libgcc.a(_clzsi2.o)
 .bss           0x0005dab4        0x0 /opt/altera/13.0sp1/nios2eds/bin/gnu/H-i686-pc-linux-gnu/bin/../lib/gcc/nios2-elf/4.1.2/mno-hw-mul/libgcc.a(_pack_sf.o)
 .bss           0x0005dab4        0x0 /opt/altera/13.0sp1/nios2eds/bin/gnu/H-i686-pc-linux-gnu/bin/../lib/gcc/nios2-elf/4.1.2/mno-hw-mul/libgcc.a(_unpack_sf.o)
 .bss           0x0005dab4        0x0 /opt/altera/13.0sp1/nios2eds/bin/gnu/H-i686-pc-linux-gnu/bin/../lib/gcc/nios2-elf/4.1.2/mno-hw-mul/libgcc.a(_pack_df.o)
 .bss           0x0005dab4        0x0 /opt/altera/13.0sp1/nios2eds/bin/gnu/H-i686-pc-linux-gnu/bin/../lib/gcc/nios2-elf/4.1.2/mno-hw-mul/libgcc.a(_unpack_df.o)
 .bss           0x0005dab4        0x0 /opt/altera/13.0sp1/nios2eds/bin/gnu/H-i686-pc-linux-gnu/bin/../lib/gcc/nios2-elf/4.1.2/mno-hw-mul/libgcc.a(_fpcmp_parts_df.o)
 .bss           0x0005dab4        0x0 /opt/altera/13.0sp1/nios2eds/bin/gnu/H-i686-pc-linux-gnu/bin/../lib/gcc/nios2-elf/4.1.2/mno-hw-mul/libgcc.a(_clz.o)
 .bss           0x0005dab4        0x0 /opt/altera/13.0sp1/nios2eds/bin/gnu/H-i686-pc-linux-gnu/bin/../lib/gcc/nios2-elf/4.1.2/../../../../nios2-elf/lib/mno-hw-mul/libc.a(lib_a-malloc.o)
 .bss           0x0005dab4       0x28 /opt/altera/13.0sp1/nios2eds/bin/gnu/H-i686-pc-linux-gnu/bin/../lib/gcc/nios2-elf/4.1.2/../../../../nios2-elf/lib/mno-hw-mul/libc.a(lib_a-mallocr.o)
                0x0005dab4                __malloc_current_mallinfo
 .bss           0x0005dadc        0x0 /opt/altera/13.0sp1/nios2eds/bin/gnu/H-i686-pc-linux-gnu/bin/../lib/gcc/nios2-elf/4.1.2/../../../../nios2-elf/lib/mno-hw-mul/libc.a(lib_a-puts.o)
 .bss           0x0005dadc        0x0 /opt/altera/13.0sp1/nios2eds/bin/gnu/H-i686-pc-linux-gnu/bin/../lib/gcc/nios2-elf/4.1.2/../../../../nios2-elf/lib/mno-hw-mul/libc.a(lib_a-sbrkr.o)
 .bss           0x0005dadc        0x0 /opt/altera/13.0sp1/nios2eds/bin/gnu/H-i686-pc-linux-gnu/bin/../lib/gcc/nios2-elf/4.1.2/../../../../nios2-elf/lib/mno-hw-mul/libc.a(lib_a-sprintf.o)
 .bss           0x0005dadc        0x0 /opt/altera/13.0sp1/nios2eds/bin/gnu/H-i686-pc-linux-gnu/bin/../lib/gcc/nios2-elf/4.1.2/../../../../nios2-elf/lib/mno-hw-mul/libc.a(lib_a-strlen.o)
 .bss           0x0005dadc        0x0 /opt/altera/13.0sp1/nios2eds/bin/gnu/H-i686-pc-linux-gnu/bin/../lib/gcc/nios2-elf/4.1.2/../../../../nios2-elf/lib/mno-hw-mul/libc.a(lib_a-time.o)
 .bss           0x0005dadc        0x0 /opt/altera/13.0sp1/nios2eds/bin/gnu/H-i686-pc-linux-gnu/bin/../lib/gcc/nios2-elf/4.1.2/../../../../nios2-elf/lib/mno-hw-mul/libc.a(lib_a-vfprintf.o)
 .bss           0x0005dadc        0x0 /opt/altera/13.0sp1/nios2eds/bin/gnu/H-i686-pc-linux-gnu/bin/../lib/gcc/nios2-elf/4.1.2/../../../../nios2-elf/lib/mno-hw-mul/libc.a(lib_a-wsetup.o)
 .bss           0x0005dadc        0x0 /opt/altera/13.0sp1/nios2eds/bin/gnu/H-i686-pc-linux-gnu/bin/../lib/gcc/nios2-elf/4.1.2/../../../../nios2-elf/lib/mno-hw-mul/libc.a(lib_a-dtoa.o)
 .bss           0x0005dadc        0x0 /opt/altera/13.0sp1/nios2eds/bin/gnu/H-i686-pc-linux-gnu/bin/../lib/gcc/nios2-elf/4.1.2/../../../../nios2-elf/lib/mno-hw-mul/libc.a(lib_a-fflush.o)
 .bss           0x0005dadc        0x0 /opt/altera/13.0sp1/nios2eds/bin/gnu/H-i686-pc-linux-gnu/bin/../lib/gcc/nios2-elf/4.1.2/../../../../nios2-elf/lib/mno-hw-mul/libc.a(lib_a-findfp.o)
 .bss           0x0005dadc        0x0 /opt/altera/13.0sp1/nios2eds/bin/gnu/H-i686-pc-linux-gnu/bin/../lib/gcc/nios2-elf/4.1.2/../../../../nios2-elf/lib/mno-hw-mul/libc.a(lib_a-freer.o)
 .bss           0x0005dadc        0x0 /opt/altera/13.0sp1/nios2eds/bin/gnu/H-i686-pc-linux-gnu/bin/../lib/gcc/nios2-elf/4.1.2/../../../../nios2-elf/lib/mno-hw-mul/libc.a(lib_a-fvwrite.o)
 .bss           0x0005dadc        0x0 /opt/altera/13.0sp1/nios2eds/bin/gnu/H-i686-pc-linux-gnu/bin/../lib/gcc/nios2-elf/4.1.2/../../../../nios2-elf/lib/mno-hw-mul/libc.a(lib_a-fwalk.o)
 .bss           0x0005dadc        0x0 /opt/altera/13.0sp1/nios2eds/bin/gnu/H-i686-pc-linux-gnu/bin/../lib/gcc/nios2-elf/4.1.2/../../../../nios2-elf/lib/mno-hw-mul/libc.a(lib_a-gettimeofdayr.o)
 .bss           0x0005dadc        0x0 /opt/altera/13.0sp1/nios2eds/bin/gnu/H-i686-pc-linux-gnu/bin/../lib/gcc/nios2-elf/4.1.2/../../../../nios2-elf/lib/mno-hw-mul/libc.a(lib_a-impure.o)
 .bss           0x0005dadc        0x0 /opt/altera/13.0sp1/nios2eds/bin/gnu/H-i686-pc-linux-gnu/bin/../lib/gcc/nios2-elf/4.1.2/../../../../nios2-elf/lib/mno-hw-mul/libc.a(lib_a-int_errno.o)
 .bss           0x0005dadc        0x0 /opt/altera/13.0sp1/nios2eds/bin/gnu/H-i686-pc-linux-gnu/bin/../lib/gcc/nios2-elf/4.1.2/../../../../nios2-elf/lib/mno-hw-mul/libc.a(lib_a-locale.o)
 .bss           0x0005dadc        0x0 /opt/altera/13.0sp1/nios2eds/bin/gnu/H-i686-pc-linux-gnu/bin/../lib/gcc/nios2-elf/4.1.2/../../../../nios2-elf/lib/mno-hw-mul/libc.a(lib_a-makebuf.o)
 .bss           0x0005dadc        0x0 /opt/altera/13.0sp1/nios2eds/bin/gnu/H-i686-pc-linux-gnu/bin/../lib/gcc/nios2-elf/4.1.2/../../../../nios2-elf/lib/mno-hw-mul/libc.a(lib_a-memchr.o)
 .bss           0x0005dadc        0x0 /opt/altera/13.0sp1/nios2eds/bin/gnu/H-i686-pc-linux-gnu/bin/../lib/gcc/nios2-elf/4.1.2/../../../../nios2-elf/lib/mno-hw-mul/libc.a(lib_a-memcpy.o)
 .bss           0x0005dadc        0x0 /opt/altera/13.0sp1/nios2eds/bin/gnu/H-i686-pc-linux-gnu/bin/../lib/gcc/nios2-elf/4.1.2/../../../../nios2-elf/lib/mno-hw-mul/libc.a(lib_a-memmove.o)
 .bss           0x0005dadc        0x0 /opt/altera/13.0sp1/nios2eds/bin/gnu/H-i686-pc-linux-gnu/bin/../lib/gcc/nios2-elf/4.1.2/../../../../nios2-elf/lib/mno-hw-mul/libc.a(lib_a-memset.o)
 .bss           0x0005dadc        0x0 /opt/altera/13.0sp1/nios2eds/bin/gnu/H-i686-pc-linux-gnu/bin/../lib/gcc/nios2-elf/4.1.2/../../../../nios2-elf/lib/mno-hw-mul/libc.a(lib_a-mprec.o)
 .bss           0x0005dadc        0x0 /opt/altera/13.0sp1/nios2eds/bin/gnu/H-i686-pc-linux-gnu/bin/../lib/gcc/nios2-elf/4.1.2/../../../../nios2-elf/lib/mno-hw-mul/libc.a(lib_a-reallocr.o)
 .bss           0x0005dadc        0x0 /opt/altera/13.0sp1/nios2eds/bin/gnu/H-i686-pc-linux-gnu/bin/../lib/gcc/nios2-elf/4.1.2/../../../../nios2-elf/lib/mno-hw-mul/libc.a(lib_a-s_isinfd.o)
 .bss           0x0005dadc        0x0 /opt/altera/13.0sp1/nios2eds/bin/gnu/H-i686-pc-linux-gnu/bin/../lib/gcc/nios2-elf/4.1.2/../../../../nios2-elf/lib/mno-hw-mul/libc.a(lib_a-s_isnand.o)
 .bss           0x0005dadc        0x0 /opt/altera/13.0sp1/nios2eds/bin/gnu/H-i686-pc-linux-gnu/bin/../lib/gcc/nios2-elf/4.1.2/../../../../nios2-elf/lib/mno-hw-mul/libc.a(lib_a-stdio.o)
 .bss           0x0005dadc        0x0 /opt/altera/13.0sp1/nios2eds/bin/gnu/H-i686-pc-linux-gnu/bin/../lib/gcc/nios2-elf/4.1.2/../../../../nios2-elf/lib/mno-hw-mul/libc.a(lib_a-strcmp.o)
 .bss           0x0005dadc        0x0 /opt/altera/13.0sp1/nios2eds/bin/gnu/H-i686-pc-linux-gnu/bin/../lib/gcc/nios2-elf/4.1.2/../../../../nios2-elf/lib/mno-hw-mul/libc.a(lib_a-writer.o)
 .bss           0x0005dadc        0x0 /opt/altera/13.0sp1/nios2eds/bin/gnu/H-i686-pc-linux-gnu/bin/../lib/gcc/nios2-elf/4.1.2/../../../../nios2-elf/lib/mno-hw-mul/libc.a(lib_a-callocr.o)
 .bss           0x0005dadc        0x0 /opt/altera/13.0sp1/nios2eds/bin/gnu/H-i686-pc-linux-gnu/bin/../lib/gcc/nios2-elf/4.1.2/../../../../nios2-elf/lib/mno-hw-mul/libc.a(lib_a-closer.o)
 .bss           0x0005dadc        0x0 /opt/altera/13.0sp1/nios2eds/bin/gnu/H-i686-pc-linux-gnu/bin/../lib/gcc/nios2-elf/4.1.2/../../../../nios2-elf/lib/mno-hw-mul/libc.a(lib_a-fclose.o)
 .bss           0x0005dadc        0x0 /opt/altera/13.0sp1/nios2eds/bin/gnu/H-i686-pc-linux-gnu/bin/../lib/gcc/nios2-elf/4.1.2/../../../../nios2-elf/lib/mno-hw-mul/libc.a(lib_a-fstatr.o)
 .bss           0x0005dadc        0x0 /opt/altera/13.0sp1/nios2eds/bin/gnu/H-i686-pc-linux-gnu/bin/../lib/gcc/nios2-elf/4.1.2/../../../../nios2-elf/lib/mno-hw-mul/libc.a(lib_a-isattyr.o)
 .bss           0x0005dadc        0x0 /opt/altera/13.0sp1/nios2eds/bin/gnu/H-i686-pc-linux-gnu/bin/../lib/gcc/nios2-elf/4.1.2/../../../../nios2-elf/lib/mno-hw-mul/libc.a(lib_a-lseekr.o)
 .bss           0x0005dadc        0x0 /opt/altera/13.0sp1/nios2eds/bin/gnu/H-i686-pc-linux-gnu/bin/../lib/gcc/nios2-elf/4.1.2/../../../../nios2-elf/lib/mno-hw-mul/libc.a(lib_a-readr.o)
 .bss           0x0005dadc        0x0 /opt/altera/13.0sp1/nios2eds/bin/gnu/H-i686-pc-linux-gnu/bin/../lib/gcc/nios2-elf/4.1.2/mno-hw-mul/libgcc.a(_udivdi3.o)
 .bss           0x0005dadc        0x0 /opt/altera/13.0sp1/nios2eds/bin/gnu/H-i686-pc-linux-gnu/bin/../lib/gcc/nios2-elf/4.1.2/mno-hw-mul/libgcc.a(_umoddi3.o)
 .bss           0x0005dadc        0x0 /opt/altera/13.0sp1/nios2eds/bin/gnu/H-i686-pc-linux-gnu/bin/../lib/gcc/nios2-elf/4.1.2/mno-hw-mul/libgcc.a(_div_df.o)
 .bss           0x0005dadc        0x0 /opt/altera/13.0sp1/nios2eds/bin/gnu/H-i686-pc-linux-gnu/bin/../lib/gcc/nios2-elf/4.1.2/mno-hw-mul/libgcc.a(_eq_df.o)
 .bss           0x0005dadc        0x0 /opt/altera/13.0sp1/nios2eds/bin/gnu/H-i686-pc-linux-gnu/bin/../lib/gcc/nios2-elf/4.1.2/mno-hw-mul/libgcc.a(_ne_df.o)
 .bss           0x0005dadc        0x0 /opt/altera/13.0sp1/nios2eds/bin/gnu/H-i686-pc-linux-gnu/bin/../lib/gcc/nios2-elf/4.1.2/mno-hw-mul/libgcc.a(_gt_df.o)
 .bss           0x0005dadc        0x0 /opt/altera/13.0sp1/nios2eds/bin/gnu/H-i686-pc-linux-gnu/bin/../lib/gcc/nios2-elf/4.1.2/mno-hw-mul/libgcc.a(_lt_df.o)
 .bss           0x0005dadc        0x0 /opt/altera/13.0sp1/nios2eds/bin/gnu/H-i686-pc-linux-gnu/bin/../lib/gcc/nios2-elf/4.1.2/mno-hw-mul/libgcc.a(_usi_to_df.o)
 .bss           0x0005dadc        0x0 ../spectrumAnalyzer_VHDL_bsp/libhal_bsp.a(alt_close.o)
 .bss           0x0005dadc        0x0 ../spectrumAnalyzer_VHDL_bsp/libhal_bsp.a(alt_dev.o)
 .bss           0x0005dadc        0x0 ../spectrumAnalyzer_VHDL_bsp/libhal_bsp.a(alt_errno.o)
 .bss           0x0005dadc        0x0 ../spectrumAnalyzer_VHDL_bsp/libhal_bsp.a(alt_fstat.o)
 .bss           0x0005dadc        0x0 ../spectrumAnalyzer_VHDL_bsp/libhal_bsp.a(alt_gettod.o)
 .bss           0x0005dadc        0x0 ../spectrumAnalyzer_VHDL_bsp/libhal_bsp.a(alt_isatty.o)
 .bss           0x0005dadc        0x0 ../spectrumAnalyzer_VHDL_bsp/libhal_bsp.a(alt_load.o)
 .bss           0x0005dadc        0x0 ../spectrumAnalyzer_VHDL_bsp/libhal_bsp.a(alt_lseek.o)
 .bss           0x0005dadc        0x0 ../spectrumAnalyzer_VHDL_bsp/libhal_bsp.a(alt_main.o)
 .bss           0x0005dadc        0x0 ../spectrumAnalyzer_VHDL_bsp/libhal_bsp.a(alt_malloc_lock.o)
 .bss           0x0005dadc        0x0 ../spectrumAnalyzer_VHDL_bsp/libhal_bsp.a(alt_read.o)
 .bss           0x0005dadc        0x0 ../spectrumAnalyzer_VHDL_bsp/libhal_bsp.a(alt_release_fd.o)
 .bss           0x0005dadc        0x0 ../spectrumAnalyzer_VHDL_bsp/libhal_bsp.a(alt_sbrk.o)
 .bss           0x0005dadc        0x0 ../spectrumAnalyzer_VHDL_bsp/libhal_bsp.a(alt_tick.o)
 .bss           0x0005dadc        0x0 ../spectrumAnalyzer_VHDL_bsp/libhal_bsp.a(alt_write.o)
 .bss           0x0005dadc        0x0 ../spectrumAnalyzer_VHDL_bsp/libhal_bsp.a(alt_sys_init.o)
 .bss           0x0005dadc        0x0 ../spectrumAnalyzer_VHDL_bsp/libhal_bsp.a(altera_avalon_jtag_uart_fd.o)
 .bss           0x0005dadc        0x0 ../spectrumAnalyzer_VHDL_bsp/libhal_bsp.a(altera_avalon_jtag_uart_init.o)
 .bss           0x0005dadc        0x0 ../spectrumAnalyzer_VHDL_bsp/libhal_bsp.a(altera_avalon_jtag_uart_ioctl.o)
 .bss           0x0005dadc        0x0 ../spectrumAnalyzer_VHDL_bsp/libhal_bsp.a(altera_avalon_jtag_uart_read.o)
 .bss           0x0005dadc        0x0 ../spectrumAnalyzer_VHDL_bsp/libhal_bsp.a(altera_avalon_jtag_uart_write.o)
 .bss           0x0005dadc        0x0 ../spectrumAnalyzer_VHDL_bsp/libhal_bsp.a(altera_avalon_timer_sc.o)
 .bss           0x0005dadc        0x0 ../spectrumAnalyzer_VHDL_bsp/libhal_bsp.a(altera_up_avalon_video_character_buffer_with_dma.o)
 .bss           0x0005dadc        0x0 ../spectrumAnalyzer_VHDL_bsp/libhal_bsp.a(altera_up_avalon_video_pixel_buffer_dma.o)
 .bss           0x0005dadc        0x0 ../spectrumAnalyzer_VHDL_bsp/libhal_bsp.a(alt_alarm_start.o)
 .bss           0x0005dadc        0x0 ../spectrumAnalyzer_VHDL_bsp/libhal_bsp.a(alt_dcache_flush_all.o)
 .bss           0x0005dadc        0x0 ../spectrumAnalyzer_VHDL_bsp/libhal_bsp.a(alt_dev_llist_insert.o)
 .bss           0x0005dadc        0x0 ../spectrumAnalyzer_VHDL_bsp/libhal_bsp.a(alt_find_dev.o)
 .bss           0x0005dadc        0x0 ../spectrumAnalyzer_VHDL_bsp/libhal_bsp.a(alt_icache_flush_all.o)
 .bss           0x0005dadc        0x0 ../spectrumAnalyzer_VHDL_bsp/libhal_bsp.a(alt_iic.o)
 .bss           0x0005dadc        0x0 ../spectrumAnalyzer_VHDL_bsp/libhal_bsp.a(alt_iic_isr_register.o)
 .bss           0x0005dadc        0x0 ../spectrumAnalyzer_VHDL_bsp/libhal_bsp.a(alt_io_redirect.o)
 .bss           0x0005dadc        0x0 ../spectrumAnalyzer_VHDL_bsp/libhal_bsp.a(alt_irq_entry.o)
 .bss           0x0005dadc        0x0 ../spectrumAnalyzer_VHDL_bsp/libhal_bsp.a(alt_irq_handler.o)
 .bss           0x0005dadc        0x0 ../spectrumAnalyzer_VHDL_bsp/libhal_bsp.a(alt_irq_vars.o)
 .bss           0x0005dadc        0x0 ../spectrumAnalyzer_VHDL_bsp/libhal_bsp.a(alt_open.o)
 .bss           0x0005dadc        0x0 ../spectrumAnalyzer_VHDL_bsp/libhal_bsp.a(altera_nios2_qsys_irq.o)
 .bss           0x0005dadc        0x0 ../spectrumAnalyzer_VHDL_bsp/libhal_bsp.a(alt_exception_entry.o)
 .bss           0x0005dadc        0x0 ../spectrumAnalyzer_VHDL_bsp/libhal_bsp.a(alt_find_file.o)
 .bss           0x0005dadc        0x0 ../spectrumAnalyzer_VHDL_bsp/libhal_bsp.a(alt_get_fd.o)
 .bss           0x0005dadc        0x0 /opt/altera/13.0sp1/nios2eds/bin/gnu/H-i686-pc-linux-gnu/bin/../lib/gcc/nios2-elf/4.1.2/../../../../nios2-elf/lib/mno-hw-mul/libc.a(lib_a-exit.o)
 .bss           0x0005dadc        0x0 /opt/altera/13.0sp1/nios2eds/bin/gnu/H-i686-pc-linux-gnu/bin/../lib/gcc/nios2-elf/4.1.2/../../../../nios2-elf/lib/mno-hw-mul/libc.a(lib_a-memcmp.o)
 .bss           0x0005dadc        0x0 /opt/altera/13.0sp1/nios2eds/bin/gnu/H-i686-pc-linux-gnu/bin/../lib/gcc/nios2-elf/4.1.2/../../../../nios2-elf/lib/mno-hw-mul/libc.a(lib_a-__call_atexit.o)
 .bss           0x0005dadc        0x0 ../spectrumAnalyzer_VHDL_bsp/libhal_bsp.a(alt_exit.o)
 *(COMMON)
 COMMON         0x0005dadc      0x173 obj/default/externalInterfaces.o
                0x0005dadc                fft_in
                0x0005db1c                fullLUT
 *fill*         0x0005dc4f        0x1 00
 COMMON         0x0005dc50      0x194 obj/default/main.o
                0x0005dc50                LUT
 COMMON         0x0005dde4      0x100 ../spectrumAnalyzer_VHDL_bsp/libhal_bsp.a(alt_irq_handler.o)
                0x0005dde4                alt_irq
                0x0005dee4                . = ALIGN (0x4)
                0x0005dee4                __bss_end = ABSOLUTE (.)

.SRAM           0x0005dee4        0x0
                0x0005dee4                PROVIDE (_alt_partition_SRAM_start, ABSOLUTE (.))
 *(.SRAM. SRAM.*)
                0x0005dee4                . = ALIGN (0x4)
                0x0005dee4                PROVIDE (_alt_partition_SRAM_end, ABSOLUTE (.))
                0x0005dee4                _end = ABSOLUTE (.)
                0x0005dee4                end = ABSOLUTE (.)
                0x0005dee4                __alt_stack_base = ABSOLUTE (.)
                0x0005dee4                PROVIDE (_alt_partition_SRAM_load_addr, LOADADDR (.SRAM))

.stab
 *(.stab)

.stabstr
 *(.stabstr)

.stab.excl
 *(.stab.excl)

.stab.exclstr
 *(.stab.exclstr)

.stab.index
 *(.stab.index)

.stab.indexstr
 *(.stab.indexstr)

.comment        0x00000000       0x26
 *(.comment)
 .comment       0x00000000       0x26 obj/default/draw.o
                                 0x27 (size before relaxing)
 .comment       0x00000000       0x27 obj/default/externalInterfaces.o
 .comment       0x00000000       0x27 obj/default/main.o
 .comment       0x00000000       0x27 obj/default/text.o
 .comment       0x00000000       0x27 /opt/altera/13.0sp1/nios2eds/bin/gnu/H-i686-pc-linux-gnu/bin/../lib/gcc/nios2-elf/4.1.2/mno-hw-mul/libgcc.a(_fixunsdfsi.o)
 .comment       0x00000000       0x27 /opt/altera/13.0sp1/nios2eds/bin/gnu/H-i686-pc-linux-gnu/bin/../lib/gcc/nios2-elf/4.1.2/mno-hw-mul/libgcc.a(_mul_sf.o)
 .comment       0x00000000       0x27 /opt/altera/13.0sp1/nios2eds/bin/gnu/H-i686-pc-linux-gnu/bin/../lib/gcc/nios2-elf/4.1.2/mno-hw-mul/libgcc.a(_si_to_sf.o)
 .comment       0x00000000       0x27 /opt/altera/13.0sp1/nios2eds/bin/gnu/H-i686-pc-linux-gnu/bin/../lib/gcc/nios2-elf/4.1.2/mno-hw-mul/libgcc.a(_sf_to_si.o)
 .comment       0x00000000       0x27 /opt/altera/13.0sp1/nios2eds/bin/gnu/H-i686-pc-linux-gnu/bin/../lib/gcc/nios2-elf/4.1.2/mno-hw-mul/libgcc.a(_thenan_sf.o)
 .comment       0x00000000       0x27 /opt/altera/13.0sp1/nios2eds/bin/gnu/H-i686-pc-linux-gnu/bin/../lib/gcc/nios2-elf/4.1.2/mno-hw-mul/libgcc.a(_usi_to_sf.o)
 .comment       0x00000000       0x27 /opt/altera/13.0sp1/nios2eds/bin/gnu/H-i686-pc-linux-gnu/bin/../lib/gcc/nios2-elf/4.1.2/mno-hw-mul/libgcc.a(_addsub_df.o)
 .comment       0x00000000       0x27 /opt/altera/13.0sp1/nios2eds/bin/gnu/H-i686-pc-linux-gnu/bin/../lib/gcc/nios2-elf/4.1.2/mno-hw-mul/libgcc.a(_mul_df.o)
 .comment       0x00000000       0x27 /opt/altera/13.0sp1/nios2eds/bin/gnu/H-i686-pc-linux-gnu/bin/../lib/gcc/nios2-elf/4.1.2/mno-hw-mul/libgcc.a(_ge_df.o)
 .comment       0x00000000       0x27 /opt/altera/13.0sp1/nios2eds/bin/gnu/H-i686-pc-linux-gnu/bin/../lib/gcc/nios2-elf/4.1.2/mno-hw-mul/libgcc.a(_si_to_df.o)
 .comment       0x00000000       0x27 /opt/altera/13.0sp1/nios2eds/bin/gnu/H-i686-pc-linux-gnu/bin/../lib/gcc/nios2-elf/4.1.2/mno-hw-mul/libgcc.a(_df_to_si.o)
 .comment       0x00000000       0x27 /opt/altera/13.0sp1/nios2eds/bin/gnu/H-i686-pc-linux-gnu/bin/../lib/gcc/nios2-elf/4.1.2/mno-hw-mul/libgcc.a(_thenan_df.o)
 .comment       0x00000000       0x27 /opt/altera/13.0sp1/nios2eds/bin/gnu/H-i686-pc-linux-gnu/bin/../lib/gcc/nios2-elf/4.1.2/mno-hw-mul/libgcc.a(lib2-divmod.o)
 .comment       0x00000000       0x27 /opt/altera/13.0sp1/nios2eds/bin/gnu/H-i686-pc-linux-gnu/bin/../lib/gcc/nios2-elf/4.1.2/mno-hw-mul/libgcc.a(lib2-mul.o)
 .comment       0x00000000       0x27 /opt/altera/13.0sp1/nios2eds/bin/gnu/H-i686-pc-linux-gnu/bin/../lib/gcc/nios2-elf/4.1.2/mno-hw-mul/libgcc.a(_muldi3.o)
 .comment       0x00000000       0x27 /opt/altera/13.0sp1/nios2eds/bin/gnu/H-i686-pc-linux-gnu/bin/../lib/gcc/nios2-elf/4.1.2/mno-hw-mul/libgcc.a(_clzsi2.o)
 .comment       0x00000000       0x27 /opt/altera/13.0sp1/nios2eds/bin/gnu/H-i686-pc-linux-gnu/bin/../lib/gcc/nios2-elf/4.1.2/mno-hw-mul/libgcc.a(_pack_sf.o)
 .comment       0x00000000       0x27 /opt/altera/13.0sp1/nios2eds/bin/gnu/H-i686-pc-linux-gnu/bin/../lib/gcc/nios2-elf/4.1.2/mno-hw-mul/libgcc.a(_unpack_sf.o)
 .comment       0x00000000       0x27 /opt/altera/13.0sp1/nios2eds/bin/gnu/H-i686-pc-linux-gnu/bin/../lib/gcc/nios2-elf/4.1.2/mno-hw-mul/libgcc.a(_pack_df.o)
 .comment       0x00000000       0x27 /opt/altera/13.0sp1/nios2eds/bin/gnu/H-i686-pc-linux-gnu/bin/../lib/gcc/nios2-elf/4.1.2/mno-hw-mul/libgcc.a(_unpack_df.o)
 .comment       0x00000000       0x27 /opt/altera/13.0sp1/nios2eds/bin/gnu/H-i686-pc-linux-gnu/bin/../lib/gcc/nios2-elf/4.1.2/mno-hw-mul/libgcc.a(_fpcmp_parts_df.o)
 .comment       0x00000000       0x27 /opt/altera/13.0sp1/nios2eds/bin/gnu/H-i686-pc-linux-gnu/bin/../lib/gcc/nios2-elf/4.1.2/mno-hw-mul/libgcc.a(_clz.o)
 .comment       0x00000000       0x27 /opt/altera/13.0sp1/nios2eds/bin/gnu/H-i686-pc-linux-gnu/bin/../lib/gcc/nios2-elf/4.1.2/../../../../nios2-elf/lib/mno-hw-mul/libc.a(lib_a-malloc.o)
 .comment       0x00000000       0x27 /opt/altera/13.0sp1/nios2eds/bin/gnu/H-i686-pc-linux-gnu/bin/../lib/gcc/nios2-elf/4.1.2/../../../../nios2-elf/lib/mno-hw-mul/libc.a(lib_a-mallocr.o)
 .comment       0x00000000       0x27 /opt/altera/13.0sp1/nios2eds/bin/gnu/H-i686-pc-linux-gnu/bin/../lib/gcc/nios2-elf/4.1.2/../../../../nios2-elf/lib/mno-hw-mul/libc.a(lib_a-puts.o)
 .comment       0x00000000       0x27 /opt/altera/13.0sp1/nios2eds/bin/gnu/H-i686-pc-linux-gnu/bin/../lib/gcc/nios2-elf/4.1.2/../../../../nios2-elf/lib/mno-hw-mul/libc.a(lib_a-sbrkr.o)
 .comment       0x00000000       0x27 /opt/altera/13.0sp1/nios2eds/bin/gnu/H-i686-pc-linux-gnu/bin/../lib/gcc/nios2-elf/4.1.2/../../../../nios2-elf/lib/mno-hw-mul/libc.a(lib_a-sprintf.o)
 .comment       0x00000000       0x27 /opt/altera/13.0sp1/nios2eds/bin/gnu/H-i686-pc-linux-gnu/bin/../lib/gcc/nios2-elf/4.1.2/../../../../nios2-elf/lib/mno-hw-mul/libc.a(lib_a-strlen.o)
 .comment       0x00000000       0x27 /opt/altera/13.0sp1/nios2eds/bin/gnu/H-i686-pc-linux-gnu/bin/../lib/gcc/nios2-elf/4.1.2/../../../../nios2-elf/lib/mno-hw-mul/libc.a(lib_a-time.o)
 .comment       0x00000000       0x27 /opt/altera/13.0sp1/nios2eds/bin/gnu/H-i686-pc-linux-gnu/bin/../lib/gcc/nios2-elf/4.1.2/../../../../nios2-elf/lib/mno-hw-mul/libc.a(lib_a-vfprintf.o)
 .comment       0x00000000       0x27 /opt/altera/13.0sp1/nios2eds/bin/gnu/H-i686-pc-linux-gnu/bin/../lib/gcc/nios2-elf/4.1.2/../../../../nios2-elf/lib/mno-hw-mul/libc.a(lib_a-wsetup.o)
 .comment       0x00000000       0x27 /opt/altera/13.0sp1/nios2eds/bin/gnu/H-i686-pc-linux-gnu/bin/../lib/gcc/nios2-elf/4.1.2/../../../../nios2-elf/lib/mno-hw-mul/libc.a(lib_a-dtoa.o)
 .comment       0x00000000       0x27 /opt/altera/13.0sp1/nios2eds/bin/gnu/H-i686-pc-linux-gnu/bin/../lib/gcc/nios2-elf/4.1.2/../../../../nios2-elf/lib/mno-hw-mul/libc.a(lib_a-fflush.o)
 .comment       0x00000000       0x27 /opt/altera/13.0sp1/nios2eds/bin/gnu/H-i686-pc-linux-gnu/bin/../lib/gcc/nios2-elf/4.1.2/../../../../nios2-elf/lib/mno-hw-mul/libc.a(lib_a-findfp.o)
 .comment       0x00000000       0x27 /opt/altera/13.0sp1/nios2eds/bin/gnu/H-i686-pc-linux-gnu/bin/../lib/gcc/nios2-elf/4.1.2/../../../../nios2-elf/lib/mno-hw-mul/libc.a(lib_a-freer.o)
 .comment       0x00000000       0x27 /opt/altera/13.0sp1/nios2eds/bin/gnu/H-i686-pc-linux-gnu/bin/../lib/gcc/nios2-elf/4.1.2/../../../../nios2-elf/lib/mno-hw-mul/libc.a(lib_a-fvwrite.o)
 .comment       0x00000000       0x27 /opt/altera/13.0sp1/nios2eds/bin/gnu/H-i686-pc-linux-gnu/bin/../lib/gcc/nios2-elf/4.1.2/../../../../nios2-elf/lib/mno-hw-mul/libc.a(lib_a-fwalk.o)
 .comment       0x00000000       0x27 /opt/altera/13.0sp1/nios2eds/bin/gnu/H-i686-pc-linux-gnu/bin/../lib/gcc/nios2-elf/4.1.2/../../../../nios2-elf/lib/mno-hw-mul/libc.a(lib_a-gettimeofdayr.o)
 .comment       0x00000000       0x27 /opt/altera/13.0sp1/nios2eds/bin/gnu/H-i686-pc-linux-gnu/bin/../lib/gcc/nios2-elf/4.1.2/../../../../nios2-elf/lib/mno-hw-mul/libc.a(lib_a-impure.o)
 .comment       0x00000000       0x27 /opt/altera/13.0sp1/nios2eds/bin/gnu/H-i686-pc-linux-gnu/bin/../lib/gcc/nios2-elf/4.1.2/../../../../nios2-elf/lib/mno-hw-mul/libc.a(lib_a-int_errno.o)
 .comment       0x00000000       0x27 /opt/altera/13.0sp1/nios2eds/bin/gnu/H-i686-pc-linux-gnu/bin/../lib/gcc/nios2-elf/4.1.2/../../../../nios2-elf/lib/mno-hw-mul/libc.a(lib_a-locale.o)
 .comment       0x00000000       0x27 /opt/altera/13.0sp1/nios2eds/bin/gnu/H-i686-pc-linux-gnu/bin/../lib/gcc/nios2-elf/4.1.2/../../../../nios2-elf/lib/mno-hw-mul/libc.a(lib_a-makebuf.o)
 .comment       0x00000000       0x27 /opt/altera/13.0sp1/nios2eds/bin/gnu/H-i686-pc-linux-gnu/bin/../lib/gcc/nios2-elf/4.1.2/../../../../nios2-elf/lib/mno-hw-mul/libc.a(lib_a-memchr.o)
 .comment       0x00000000       0x27 /opt/altera/13.0sp1/nios2eds/bin/gnu/H-i686-pc-linux-gnu/bin/../lib/gcc/nios2-elf/4.1.2/../../../../nios2-elf/lib/mno-hw-mul/libc.a(lib_a-memcpy.o)
 .comment       0x00000000       0x27 /opt/altera/13.0sp1/nios2eds/bin/gnu/H-i686-pc-linux-gnu/bin/../lib/gcc/nios2-elf/4.1.2/../../../../nios2-elf/lib/mno-hw-mul/libc.a(lib_a-memmove.o)
 .comment       0x00000000       0x27 /opt/altera/13.0sp1/nios2eds/bin/gnu/H-i686-pc-linux-gnu/bin/../lib/gcc/nios2-elf/4.1.2/../../../../nios2-elf/lib/mno-hw-mul/libc.a(lib_a-memset.o)
 .comment       0x00000000       0x27 /opt/altera/13.0sp1/nios2eds/bin/gnu/H-i686-pc-linux-gnu/bin/../lib/gcc/nios2-elf/4.1.2/../../../../nios2-elf/lib/mno-hw-mul/libc.a(lib_a-mprec.o)
 .comment       0x00000000       0x27 /opt/altera/13.0sp1/nios2eds/bin/gnu/H-i686-pc-linux-gnu/bin/../lib/gcc/nios2-elf/4.1.2/../../../../nios2-elf/lib/mno-hw-mul/libc.a(lib_a-reallocr.o)
 .comment       0x00000000       0x27 /opt/altera/13.0sp1/nios2eds/bin/gnu/H-i686-pc-linux-gnu/bin/../lib/gcc/nios2-elf/4.1.2/../../../../nios2-elf/lib/mno-hw-mul/libc.a(lib_a-s_isinfd.o)
 .comment       0x00000000       0x27 /opt/altera/13.0sp1/nios2eds/bin/gnu/H-i686-pc-linux-gnu/bin/../lib/gcc/nios2-elf/4.1.2/../../../../nios2-elf/lib/mno-hw-mul/libc.a(lib_a-s_isnand.o)
 .comment       0x00000000       0x27 /opt/altera/13.0sp1/nios2eds/bin/gnu/H-i686-pc-linux-gnu/bin/../lib/gcc/nios2-elf/4.1.2/../../../../nios2-elf/lib/mno-hw-mul/libc.a(lib_a-stdio.o)
 .comment       0x00000000       0x27 /opt/altera/13.0sp1/nios2eds/bin/gnu/H-i686-pc-linux-gnu/bin/../lib/gcc/nios2-elf/4.1.2/../../../../nios2-elf/lib/mno-hw-mul/libc.a(lib_a-strcmp.o)
 .comment       0x00000000       0x27 /opt/altera/13.0sp1/nios2eds/bin/gnu/H-i686-pc-linux-gnu/bin/../lib/gcc/nios2-elf/4.1.2/../../../../nios2-elf/lib/mno-hw-mul/libc.a(lib_a-writer.o)
 .comment       0x00000000       0x27 /opt/altera/13.0sp1/nios2eds/bin/gnu/H-i686-pc-linux-gnu/bin/../lib/gcc/nios2-elf/4.1.2/../../../../nios2-elf/lib/mno-hw-mul/libc.a(lib_a-callocr.o)
 .comment       0x00000000       0x27 /opt/altera/13.0sp1/nios2eds/bin/gnu/H-i686-pc-linux-gnu/bin/../lib/gcc/nios2-elf/4.1.2/../../../../nios2-elf/lib/mno-hw-mul/libc.a(lib_a-closer.o)
 .comment       0x00000000       0x27 /opt/altera/13.0sp1/nios2eds/bin/gnu/H-i686-pc-linux-gnu/bin/../lib/gcc/nios2-elf/4.1.2/../../../../nios2-elf/lib/mno-hw-mul/libc.a(lib_a-fclose.o)
 .comment       0x00000000       0x27 /opt/altera/13.0sp1/nios2eds/bin/gnu/H-i686-pc-linux-gnu/bin/../lib/gcc/nios2-elf/4.1.2/../../../../nios2-elf/lib/mno-hw-mul/libc.a(lib_a-fstatr.o)
 .comment       0x00000000       0x27 /opt/altera/13.0sp1/nios2eds/bin/gnu/H-i686-pc-linux-gnu/bin/../lib/gcc/nios2-elf/4.1.2/../../../../nios2-elf/lib/mno-hw-mul/libc.a(lib_a-isattyr.o)
 .comment       0x00000000       0x27 /opt/altera/13.0sp1/nios2eds/bin/gnu/H-i686-pc-linux-gnu/bin/../lib/gcc/nios2-elf/4.1.2/../../../../nios2-elf/lib/mno-hw-mul/libc.a(lib_a-lseekr.o)
 .comment       0x00000000       0x27 /opt/altera/13.0sp1/nios2eds/bin/gnu/H-i686-pc-linux-gnu/bin/../lib/gcc/nios2-elf/4.1.2/../../../../nios2-elf/lib/mno-hw-mul/libc.a(lib_a-readr.o)
 .comment       0x00000000       0x27 /opt/altera/13.0sp1/nios2eds/bin/gnu/H-i686-pc-linux-gnu/bin/../lib/gcc/nios2-elf/4.1.2/mno-hw-mul/libgcc.a(_udivdi3.o)
 .comment       0x00000000       0x27 /opt/altera/13.0sp1/nios2eds/bin/gnu/H-i686-pc-linux-gnu/bin/../lib/gcc/nios2-elf/4.1.2/mno-hw-mul/libgcc.a(_umoddi3.o)
 .comment       0x00000000       0x27 /opt/altera/13.0sp1/nios2eds/bin/gnu/H-i686-pc-linux-gnu/bin/../lib/gcc/nios2-elf/4.1.2/mno-hw-mul/libgcc.a(_div_df.o)
 .comment       0x00000000       0x27 /opt/altera/13.0sp1/nios2eds/bin/gnu/H-i686-pc-linux-gnu/bin/../lib/gcc/nios2-elf/4.1.2/mno-hw-mul/libgcc.a(_eq_df.o)
 .comment       0x00000000       0x27 /opt/altera/13.0sp1/nios2eds/bin/gnu/H-i686-pc-linux-gnu/bin/../lib/gcc/nios2-elf/4.1.2/mno-hw-mul/libgcc.a(_ne_df.o)
 .comment       0x00000000       0x27 /opt/altera/13.0sp1/nios2eds/bin/gnu/H-i686-pc-linux-gnu/bin/../lib/gcc/nios2-elf/4.1.2/mno-hw-mul/libgcc.a(_gt_df.o)
 .comment       0x00000000       0x27 /opt/altera/13.0sp1/nios2eds/bin/gnu/H-i686-pc-linux-gnu/bin/../lib/gcc/nios2-elf/4.1.2/mno-hw-mul/libgcc.a(_lt_df.o)
 .comment       0x00000000       0x27 /opt/altera/13.0sp1/nios2eds/bin/gnu/H-i686-pc-linux-gnu/bin/../lib/gcc/nios2-elf/4.1.2/mno-hw-mul/libgcc.a(_usi_to_df.o)
 .comment       0x00000000       0x27 ../spectrumAnalyzer_VHDL_bsp/libhal_bsp.a(alt_close.o)
 .comment       0x00000000       0x27 ../spectrumAnalyzer_VHDL_bsp/libhal_bsp.a(alt_dev.o)
 .comment       0x00000000       0x27 ../spectrumAnalyzer_VHDL_bsp/libhal_bsp.a(alt_errno.o)
 .comment       0x00000000       0x27 ../spectrumAnalyzer_VHDL_bsp/libhal_bsp.a(alt_fstat.o)
 .comment       0x00000000       0x27 ../spectrumAnalyzer_VHDL_bsp/libhal_bsp.a(alt_gettod.o)
 .comment       0x00000000       0x27 ../spectrumAnalyzer_VHDL_bsp/libhal_bsp.a(alt_isatty.o)
 .comment       0x00000000       0x27 ../spectrumAnalyzer_VHDL_bsp/libhal_bsp.a(alt_load.o)
 .comment       0x00000000       0x27 ../spectrumAnalyzer_VHDL_bsp/libhal_bsp.a(alt_lseek.o)
 .comment       0x00000000       0x27 ../spectrumAnalyzer_VHDL_bsp/libhal_bsp.a(alt_main.o)
 .comment       0x00000000       0x27 ../spectrumAnalyzer_VHDL_bsp/libhal_bsp.a(alt_malloc_lock.o)
 .comment       0x00000000       0x27 ../spectrumAnalyzer_VHDL_bsp/libhal_bsp.a(alt_read.o)
 .comment       0x00000000       0x27 ../spectrumAnalyzer_VHDL_bsp/libhal_bsp.a(alt_release_fd.o)
 .comment       0x00000000       0x27 ../spectrumAnalyzer_VHDL_bsp/libhal_bsp.a(alt_sbrk.o)
 .comment       0x00000000       0x27 ../spectrumAnalyzer_VHDL_bsp/libhal_bsp.a(alt_tick.o)