Archive member included because of file (symbol)

/opt/altera/13.0sp1/nios2eds/bin/gnu/H-i686-pc-linux-gnu/bin/../lib/gcc/nios2-elf/4.1.2/mno-hw-mul/libgcc.a(_mul_sf.o)
                              obj/default/externalInterfaces.o (__mulsf3)
/opt/altera/13.0sp1/nios2eds/bin/gnu/H-i686-pc-linux-gnu/bin/../lib/gcc/nios2-elf/4.1.2/mno-hw-mul/libgcc.a(_si_to_sf.o)
                              obj/default/externalInterfaces.o (__floatsisf)
/opt/altera/13.0sp1/nios2eds/bin/gnu/H-i686-pc-linux-gnu/bin/../lib/gcc/nios2-elf/4.1.2/mno-hw-mul/libgcc.a(_sf_to_si.o)
                              obj/default/draw.o (__fixsfsi)
/opt/altera/13.0sp1/nios2eds/bin/gnu/H-i686-pc-linux-gnu/bin/../lib/gcc/nios2-elf/4.1.2/mno-hw-mul/libgcc.a(_thenan_sf.o)
                              /opt/altera/13.0sp1/nios2eds/bin/gnu/H-i686-pc-linux-gnu/bin/../lib/gcc/nios2-elf/4.1.2/mno-hw-mul/libgcc.a(_mul_sf.o) (__thenan_sf)
/opt/altera/13.0sp1/nios2eds/bin/gnu/H-i686-pc-linux-gnu/bin/../lib/gcc/nios2-elf/4.1.2/mno-hw-mul/libgcc.a(_usi_to_sf.o)
                              obj/default/draw.o (__floatunsisf)
/opt/altera/13.0sp1/nios2eds/bin/gnu/H-i686-pc-linux-gnu/bin/../lib/gcc/nios2-elf/4.1.2/mno-hw-mul/libgcc.a(lib2-divmod.o)
                              obj/default/draw.o (__udivsi3)
/opt/altera/13.0sp1/nios2eds/bin/gnu/H-i686-pc-linux-gnu/bin/../lib/gcc/nios2-elf/4.1.2/mno-hw-mul/libgcc.a(lib2-mul.o)
                              obj/default/draw.o (__mulsi3)
/opt/altera/13.0sp1/nios2eds/bin/gnu/H-i686-pc-linux-gnu/bin/../lib/gcc/nios2-elf/4.1.2/mno-hw-mul/libgcc.a(_muldi3.o)
                              /opt/altera/13.0sp1/nios2eds/bin/gnu/H-i686-pc-linux-gnu/bin/../lib/gcc/nios2-elf/4.1.2/mno-hw-mul/libgcc.a(_mul_sf.o) (__muldi3)
/opt/altera/13.0sp1/nios2eds/bin/gnu/H-i686-pc-linux-gnu/bin/../lib/gcc/nios2-elf/4.1.2/mno-hw-mul/libgcc.a(_clzsi2.o)
                              /opt/altera/13.0sp1/nios2eds/bin/gnu/H-i686-pc-linux-gnu/bin/../lib/gcc/nios2-elf/4.1.2/mno-hw-mul/libgcc.a(_si_to_sf.o) (__clzsi2)
/opt/altera/13.0sp1/nios2eds/bin/gnu/H-i686-pc-linux-gnu/bin/../lib/gcc/nios2-elf/4.1.2/mno-hw-mul/libgcc.a(_pack_sf.o)
                              /opt/altera/13.0sp1/nios2eds/bin/gnu/H-i686-pc-linux-gnu/bin/../lib/gcc/nios2-elf/4.1.2/mno-hw-mul/libgcc.a(_mul_sf.o) (__pack_f)
/opt/altera/13.0sp1/nios2eds/bin/gnu/H-i686-pc-linux-gnu/bin/../lib/gcc/nios2-elf/4.1.2/mno-hw-mul/libgcc.a(_unpack_sf.o)
                              /opt/altera/13.0sp1/nios2eds/bin/gnu/H-i686-pc-linux-gnu/bin/../lib/gcc/nios2-elf/4.1.2/mno-hw-mul/libgcc.a(_mul_sf.o) (__unpack_f)
/opt/altera/13.0sp1/nios2eds/bin/gnu/H-i686-pc-linux-gnu/bin/../lib/gcc/nios2-elf/4.1.2/mno-hw-mul/libgcc.a(_clz.o)
                              /opt/altera/13.0sp1/nios2eds/bin/gnu/H-i686-pc-linux-gnu/bin/../lib/gcc/nios2-elf/4.1.2/mno-hw-mul/libgcc.a(_clzsi2.o) (__clz_tab)
/opt/altera/13.0sp1/nios2eds/bin/gnu/H-i686-pc-linux-gnu/bin/../lib/gcc/nios2-elf/4.1.2/../../../../nios2-elf/lib/mno-hw-mul/libc.a(lib_a-malloc.o)
                              obj/default/main.o (free)
/opt/altera/13.0sp1/nios2eds/bin/gnu/H-i686-pc-linux-gnu/bin/../lib/gcc/nios2-elf/4.1.2/../../../../nios2-elf/lib/mno-hw-mul/libc.a(lib_a-mallocr.o)
                              /opt/altera/13.0sp1/nios2eds/bin/gnu/H-i686-pc-linux-gnu/bin/../lib/gcc/nios2-elf/4.1.2/../../../../nios2-elf/lib/mno-hw-mul/libc.a(lib_a-malloc.o) (_malloc_r)
/opt/altera/13.0sp1/nios2eds/bin/gnu/H-i686-pc-linux-gnu/bin/../lib/gcc/nios2-elf/4.1.2/../../../../nios2-elf/lib/mno-hw-mul/libc.a(lib_a-puts.o)
                              obj/default/draw.o (puts)
/opt/altera/13.0sp1/nios2eds/bin/gnu/H-i686-pc-linux-gnu/bin/../lib/gcc/nios2-elf/4.1.2/../../../../nios2-elf/lib/mno-hw-mul/libc.a(lib_a-sbrkr.o)
                              /opt/altera/13.0sp1/nios2eds/bin/gnu/H-i686-pc-linux-gnu/bin/../lib/gcc/nios2-elf/4.1.2/../../../../nios2-elf/lib/mno-hw-mul/libc.a(lib_a-mallocr.o) (_sbrk_r)
/opt/altera/13.0sp1/nios2eds/bin/gnu/H-i686-pc-linux-gnu/bin/../lib/gcc/nios2-elf/4.1.2/../../../../nios2-elf/lib/mno-hw-mul/libc.a(lib_a-sprintf.o)
                              obj/default/text.o (sprintf)
/opt/altera/13.0sp1/nios2eds/bin/gnu/H-i686-pc-linux-gnu/bin/../lib/gcc/nios2-elf/4.1.2/../../../../nios2-elf/lib/mno-hw-mul/libc.a(lib_a-strlen.o)
                              obj/default/text.o (strlen)
/opt/altera/13.0sp1/nios2eds/bin/gnu/H-i686-pc-linux-gnu/bin/../lib/gcc/nios2-elf/4.1.2/../../../../nios2-elf/lib/mno-hw-mul/libc.a(lib_a-time.o)
                              obj/default/text.o (time)
/opt/altera/13.0sp1/nios2eds/bin/gnu/H-i686-pc-linux-gnu/bin/../lib/gcc/nios2-elf/4.1.2/../../../../nios2-elf/lib/mno-hw-mul/libc.a(lib_a-vfprintf.o)
                              /opt/altera/13.0sp1/nios2eds/bin/gnu/H-i686-pc-linux-gnu/bin/../lib/gcc/nios2-elf/4.1.2/../../../../nios2-elf/lib/mno-hw-mul/libc.a(lib_a-sprintf.o) (___vfprintf_internal_r)
[...]
Memory Configuration

Name             Origin             Length             Attributes
SRAM_BEFORE_RESET 0x00000000         0x0004b000
reset            0x0004b000         0x00000020
SRAM             0x0004b020         0x00034fe0
*default*        0x00000000         0xffffffff

Linker script and memory map

LOAD ../spectrumAnalyzer_VHDL_bsp/obj/HAL/src/crt0.o
LOAD obj/default/draw.o
LOAD obj/default/externalInterfaces.o
LOAD obj/default/main.o
LOAD obj/default/text.o
LOAD /opt/altera/13.0sp1/nios2eds/bin/gnu/H-i686-pc-linux-gnu/bin/../lib/gcc/nios2-elf/4.1.2/../../../../nios2-elf/lib/mno-hw-mul/libstdc++.a
LOAD /opt/altera/13.0sp1/nios2eds/bin/gnu/H-i686-pc-linux-gnu/bin/../lib/gcc/nios2-elf/4.1.2/../../../../nios2-elf/lib/mno-hw-mul/libm.a
LOAD /opt/altera/13.0sp1/nios2eds/bin/gnu/H-i686-pc-linux-gnu/bin/../lib/gcc/nios2-elf/4.1.2/mno-hw-mul/libgcc.a
START GROUP
LOAD /opt/altera/13.0sp1/nios2eds/bin/gnu/H-i686-pc-linux-gnu/bin/../lib/gcc/nios2-elf/4.1.2/../../../../nios2-elf/lib/mno-hw-mul/libc.a
LOAD /opt/altera/13.0sp1/nios2eds/bin/gnu/H-i686-pc-linux-gnu/bin/../lib/gcc/nios2-elf/4.1.2/mno-hw-mul/libgcc.a
LOAD ../spectrumAnalyzer_VHDL_bsp/libhal_bsp.a
END GROUP
LOAD /opt/altera/13.0sp1/nios2eds/bin/gnu/H-i686-pc-linux-gnu/bin/../lib/gcc/nios2-elf/4.1.2/mno-hw-mul/libgcc.a
                0x00000000                __alt_mem_SRAM = 0x0

.entry          0x0004b000       0x20
 *(.entry)
 .entry         0x0004b000       0x20 ../spectrumAnalyzer_VHDL_bsp/obj/HAL/src/crt0.o
                0x0004b000                __reset

.exceptions     0x0004b020      0x164
                0x0004b020                PROVIDE (__ram_exceptions_start, ABSOLUTE (.))
                0x0004b020                . = ALIGN (0x20)
 *(.irq)
 *(.exceptions.entry.label)
 .exceptions.entry.label
                0x0004b020        0x0 ../spectrumAnalyzer_VHDL_bsp/libhal_bsp.a(alt_irq_entry.o)
                0x0004b020                alt_irq_entry
 .exceptions.entry.label
                0x0004b020        0x0 ../spectrumAnalyzer_VHDL_bsp/libhal_bsp.a(alt_exception_entry.o)
                0x0004b020                alt_exception
 *(.exceptions.entry.user)
 *(.exceptions.entry)
 .exceptions.entry
                0x0004b020       0x54 ../spectrumAnalyzer_VHDL_bsp/libhal_bsp.a(alt_exception_entry.o)
 *(.exceptions.irqtest.user)
 *(.exceptions.irqtest)
 .exceptions.irqtest
                0x0004b074       0x10 ../spectrumAnalyzer_VHDL_bsp/libhal_bsp.a(alt_irq_entry.o)
 *(.exceptions.irqhandler.user)
 *(.exceptions.irqhandler)
 .exceptions.irqhandler
                0x0004b084        0x4 ../spectrumAnalyzer_VHDL_bsp/libhal_bsp.a(alt_irq_entry.o)
 *(.exceptions.irqreturn.user)
 *(.exceptions.irqreturn)
 .exceptions.irqreturn
                0x0004b088        0x4 ../spectrumAnalyzer_VHDL_bsp/libhal_bsp.a(alt_irq_entry.o)
 *(.exceptions.notirq.label)
 .exceptions.notirq.label
                0x0004b08c        0x0 ../spectrumAnalyzer_VHDL_bsp/libhal_bsp.a(alt_irq_entry.o)
 *(.exceptions.notirq.user)
 *(.exceptions.notirq)
 .exceptions.notirq
                0x0004b08c        0x8 ../spectrumAnalyzer_VHDL_bsp/libhal_bsp.a(alt_exception_entry.o)
 *(.exceptions.soft.user)
 *(.exceptions.soft)
 *(.exceptions.unknown.user)
 *(.exceptions.unknown)
 .exceptions.unknown
                0x0004b094        0x4 ../spectrumAnalyzer_VHDL_bsp/libhal_bsp.a(alt_exception_entry.o)
 *(.exceptions.exit.label)
 .exceptions.exit.label
                0x0004b098        0x0 ../spectrumAnalyzer_VHDL_bsp/libhal_bsp.a(alt_irq_entry.o)
 .exceptions.exit.label
                0x0004b098        0x0 ../spectrumAnalyzer_VHDL_bsp/libhal_bsp.a(alt_exception_entry.o)
 *(.exceptions.exit.user)
 *(.exceptions.exit)
 .exceptions.exit
                0x0004b098       0x54 ../spectrumAnalyzer_VHDL_bsp/libhal_bsp.a(alt_exception_entry.o)
 *(.exceptions)
 .exceptions    0x0004b0ec       0x98 ../spectrumAnalyzer_VHDL_bsp/libhal_bsp.a(alt_irq_handler.o)
                0x0004b0ec                alt_irq_handler
                0x0004b184                PROVIDE (__ram_exceptions_end, ABSOLUTE (.))
                0x0004b020                PROVIDE (__flash_exceptions_start, LOADADDR (.exceptions))

.text           0x0004b184     0xd894
                0x0004b184                PROVIDE (stext, ABSOLUTE (.))
 *(.interp)
 *(.hash)
 *(.dynsym)
 *(.dynstr)
 *(.gnu.version)
 *(.gnu.version_d)
 *(.gnu.version_r)
 *(.rel.init)
 *(.rela.init)
 *(.rel.text .rel.text.* .rel.gnu.linkonce.t.*)
 *(.rela.text .rela.text.* .rela.gnu.linkonce.t.*)
 *(.rel.fini)
 *(.rela.fini)
 *(.rel.rodata .rel.rodata.* .rel.gnu.linkonce.r.*)
 *(.rela.rodata .rela.rodata.* .rela.gnu.linkonce.r.*)
 *(.rel.data .rel.data.* .rel.gnu.linkonce.d.*)
 *(.rela.data .rela.data.* .rela.gnu.linkonce.d.*)
 *(.rel.tdata .rel.tdata.* .rel.gnu.linkonce.td.*)
 *(.rela.tdata .rela.tdata.* .rela.gnu.linkonce.td.*)
 *(.rel.tbss .rel.tbss.* .rel.gnu.linkonce.tb.*)
 *(.rela.tbss .rela.tbss.* .rela.gnu.linkonce.tb.*)
 *(.rel.ctors)
 *(.rela.ctors)
 *(.rel.dtors)
 *(.rela.dtors)
 *(.rel.got)
 *(.rela.got)
 *(.rel.sdata .rel.sdata.* .rel.gnu.linkonce.s.*)
 *(.rela.sdata .rela.sdata.* .rela.gnu.linkonce.s.*)
 *(.rel.sbss .rel.sbss.* .rel.gnu.linkonce.sb.*)
 *(.rela.sbss .rela.sbss.* .rela.gnu.linkonce.sb.*)
 *(.rel.sdata2 .rel.sdata2.* .rel.gnu.linkonce.s2.*)
 *(.rela.sdata2 .rela.sdata2.* .rela.gnu.linkonce.s2.*)
 *(.rel.sbss2 .rel.sbss2.* .rel.gnu.linkonce.sb2.*)
 *(.rela.sbss2 .rela.sbss2.* .rela.gnu.linkonce.sb2.*)
 *(.rel.bss .rel.bss.* .rel.gnu.linkonce.b.*)
 *(.rela.bss .rela.bss.* .rela.gnu.linkonce.b.*)
 *(.rel.plt)
 *(.rela.plt)
 *(.rel.dyn)
 *(.init)
 *(.plt)
 *(.text .stub .text.* .gnu.linkonce.t.*)
 .text          0x0004b184       0x3c ../spectrumAnalyzer_VHDL_bsp/obj/HAL/src/crt0.o
                0x0004b184                _start
 .text          0x0004b1c0      0x4f8 obj/default/draw.o
                0x0004b1c0                swapVGABuffer
                0x0004b1fc                drawPartGraph
                0x0004b318                clearDrawingboard
                0x0004b354                drawFullGraph
                0x0004b3cc                drawHelpLines
                0x0004b5bc                prepareBackground
                0x0004b66c                initDraw
 .text          0x0004b6b8      0x408 obj/default/externalInterfaces.o
                0x0004b6b8                initExternal
                0x0004b810                getNextFFTData
                0x0004b858                rotary_pressed
                0x0004b868                getMinVal
                0x0004b878                getPartFFTData
                0x0004b9cc                getFullFFTData
 .text          0x0004bac0      0x210 obj/default/main.o
                0x0004bac0                fillLUT
                0x0004bb34                main
 .text          0x0004bcd0      0x224 obj/default/text.o
                0x0004bcd0                displayHorRange
                0x0004bdac                prepareText
                0x0004be24                displayFPS
                0x0004bea8                initText
 .text          0x0004bef4      0x1e0 /opt/altera/13.0sp1/nios2eds/bin/gnu/H-i686-pc-linux-gnu/bin/../lib/gcc/nios2-elf/4.1.2/mno-hw-mul/libgcc.a(_mul_sf.o)
                0x0004bef4                __mulsf3
 .text          0x0004c0d4       0x98 /opt/altera/13.0sp1/nios2eds/bin/gnu/H-i686-pc-linux-gnu/bin/../lib/gcc/nios2-elf/4.1.2/mno-hw-mul/libgcc.a(_si_to_sf.o)
                0x0004c0d4                __floatsisf
 .text          0x0004c16c       0x94 /opt/altera/13.0sp1/nios2eds/bin/gnu/H-i686-pc-linux-gnu/bin/../lib/gcc/nios2-elf/4.1.2/mno-hw-mul/libgcc.a(_sf_to_si.o)
                0x0004c16c                __fixsfsi
 .text          0x0004c200        0x0 /opt/altera/13.0sp1/nios2eds/bin/gnu/H-i686-pc-linux-gnu/bin/../lib/gcc/nios2-elf/4.1.2/mno-hw-mul/libgcc.a(_thenan_sf.o)
 .text          0x0004c200       0xc0 /opt/altera/13.0sp1/nios2eds/bin/gnu/H-i686-pc-linux-gnu/bin/../lib/gcc/nios2-elf/4.1.2/mno-hw-mul/libgcc.a(_usi_to_sf.o)
                0x0004c200                __floatunsisf
 .text          0x0004c2c0      0x14c /opt/altera/13.0sp1/nios2eds/bin/gnu/H-i686-pc-linux-gnu/bin/../lib/gcc/nios2-elf/4.1.2/mno-hw-mul/libgcc.a(lib2-divmod.o)
                0x0004c33c                __divsi3
                0x0004c39c                __modsi3
                0x0004c3fc                __udivsi3
                0x0004c404                __umodsi3
 .text          0x0004c40c       0x38 /opt/altera/13.0sp1/nios2eds/bin/gnu/H-i686-pc-linux-gnu/bin/../lib/gcc/nios2-elf/4.1.2/mno-hw-mul/libgcc.a(lib2-mul.o)
                0x0004c40c                __mulsi3
 .text          0x0004c444      0x124 /opt/altera/13.0sp1/nios2eds/bin/gnu/H-i686-pc-linux-gnu/bin/../lib/gcc/nios2-elf/4.1.2/mno-hw-mul/libgcc.a(_muldi3.o)
                0x0004c444                __muldi3
 .text          0x0004c568       0x80 /opt/altera/13.0sp1/nios2eds/bin/gnu/H-i686-pc-linux-gnu/bin/../lib/gcc/nios2-elf/4.1.2/mno-hw-mul/libgcc.a(_clzsi2.o)
                0x0004c568                __clzsi2
 .text          0x0004c5e8      0x160 /opt/altera/13.0sp1/nios2eds/bin/gnu/H-i686-pc-linux-gnu/bin/../lib/gcc/nios2-elf/4.1.2/mno-hw-mul/libgcc.a(_pack_sf.o)
                0x0004c5e8                __pack_f
 .text          0x0004c748       0xc8 /opt/altera/13.0sp1/nios2eds/bin/gnu/H-i686-pc-linux-gnu/bin/../lib/gcc/nios2-elf/4.1.2/mno-hw-mul/libgcc.a(_unpack_sf.o)
                0x0004c748                __unpack_f
 .text          0x0004c810        0x0 /opt/altera/13.0sp1/nios2eds/bin/gnu/H-i686-pc-linux-gnu/bin/../lib/gcc/nios2-elf/4.1.2/mno-hw-mul/libgcc.a(_clz.o)
 .text          0x0004c810       0x28 /opt/altera/13.0sp1/nios2eds/bin/gnu/H-i686-pc-linux-gnu/bin/../lib/gcc/nios2-elf/4.1.2/../../../../nios2-elf/lib/mno-hw-mul/libc.a(lib_a-malloc.o)
                0x0004c810                free
                0x0004c824                malloc
 .text          0x0004c838      0x740 /opt/altera/13.0sp1/nios2eds/bin/gnu/H-i686-pc-linux-gnu/bin/../lib/gcc/nios2-elf/4.1.2/../../../../nios2-elf/lib/mno-hw-mul/libc.a(lib_a-mallocr.o)
                0x0004c838                _malloc_r
 .text          0x0004cf78       0xb4 /opt/altera/13.0sp1/nios2eds/bin/gnu/H-i686-pc-linux-gnu/bin/../lib/gcc/nios2-elf/4.1.2/../../../../nios2-elf/lib/mno-hw-mul/libc.a(lib_a-puts.o)
                0x0004cf78                _puts_r
                0x0004d018                puts
 .text          0x0004d02c       0x70 /opt/altera/13.0sp1/nios2eds/bin/gnu/H-i686-pc-linux-gnu/bin/../lib/gcc/nios2-elf/4.1.2/../../../../nios2-elf/lib/mno-hw-mul/libc.a(lib_a-sbrkr.o)
                0x0004d02c                _sbrk_r
 .text          0x0004d09c       0xd4 /opt/altera/13.0sp1/nios2eds/bin/gnu/H-i686-pc-linux-gnu/bin/../lib/gcc/nios2-elf/4.1.2/../../../../nios2-elf/lib/mno-hw-mul/libc.a(lib_a-sprintf.o)
                0x0004d09c                sprintf
                0x0004d110                _sprintf_r
 .text          0x0004d170       0x74 /opt/altera/13.0sp1/nios2eds/bin/gnu/H-i686-pc-linux-gnu/bin/../lib/gcc/nios2-elf/4.1.2/../../../../nios2-elf/lib/mno-hw-mul/libc.a(lib_a-strlen.o)
                0x0004d170                strlen
 .text          0x0004d1e4       0x5c /opt/altera/13.0sp1/nios2eds/bin/gnu/H-i686-pc-linux-gnu/bin/../lib/gcc/nios2-elf/4.1.2/../../../../nios2-elf/lib/mno-hw-mul/libc.a(lib_a-time.o)
                0x0004d1e4                time
 .text          0x0004d240     0x1f40 /opt/altera/13.0sp1/nios2eds/bin/gnu/H-i686-pc-linux-gnu/bin/../lib/gcc/nios2-elf/4.1.2/../../../../nios2-elf/lib/mno-hw-mul/libc.a(lib_a-vfprintf.o)
                0x0004d298                ___vfprintf_internal_r
                0x0004f15c                __vfprintf_internal
 .text          0x0004f180      0x13c /opt/altera/13.0sp1/nios2eds/bin/gnu/H-i686-pc-linux-gnu/bin/../lib/gcc/nios2-elf/4.1.2/../../../../nios2-elf/lib/mno-hw-mul/libc.a(lib_a-wsetup.o)
                0x0004f180                __swsetup_r
 .text          0x0004f2bc     0x17f8 /opt/altera/13.0sp1/nios2eds/bin/gnu/H-i686-pc-linux-gnu/bin/../lib/gcc/nios2-elf/4.1.2/../../../../nios2-elf/lib/mno-hw-mul/libc.a(lib_a-dtoa.o)
                0x0004f500                _dtoa_r
 .text          0x00050ab4      0x230 /opt/altera/13.0sp1/nios2eds/bin/gnu/H-i686-pc-linux-gnu/bin/../lib/gcc/nios2-elf/4.1.2/../../../../nios2-elf/lib/mno-hw-mul/libc.a(lib_a-fflush.o)
                0x00050ab4                _fflush_r
                0x00050cb0                fflush
 .text          0x00050ce4      0x2f4 /opt/altera/13.0sp1/nios2eds/bin/gnu/H-i686-pc-linux-gnu/bin/../lib/gcc/nios2-elf/4.1.2/../../../../nios2-elf/lib/mno-hw-mul/libc.a(lib_a-findfp.o)
                0x00050d3c                __sfp_lock_acquire
                0x00050d40                __sfp_lock_release
                0x00050d44                __sinit_lock_acquire
                0x00050d48                __sinit_lock_release
                0x00050d4c                __sinit
                0x00050e00                __fp_unlock_all
                0x00050e18                __fp_lock_all
                0x00050e30                _cleanup_r
                0x00050e3c                _cleanup
                0x00050e4c                __sfmoreglue
                0x00050ee8                __sfp
 .text          0x00050fd8      0x440 /opt/altera/13.0sp1/nios2eds/bin/gnu/H-i686-pc-linux-gnu/bin/../lib/gcc/nios2-elf/4.1.2/../../../../nios2-elf/lib/mno-hw-mul/libc.a(lib_a-freer.o)
                0x00050fd8                _malloc_trim_r
                0x00051104                _free_r
 .text          0x00051418      0x49c /opt/altera/13.0sp1/nios2eds/bin/gnu/H-i686-pc-linux-gnu/bin/../lib/gcc/nios2-elf/4.1.2/../../../../nios2-elf/lib/mno-hw-mul/libc.a(lib_a-fvwrite.o)
                0x00051418                __sfvwrite_r
 .text          0x000518b4      0x180 /opt/altera/13.0sp1/nios2eds/bin/gnu/H-i686-pc-linux-gnu/bin/../lib/gcc/nios2-elf/4.1.2/../../../../nios2-elf/lib/mno-hw-mul/libc.a(lib_a-fwalk.o)
                0x000518b4                _fwalk_reent
                0x0005197c                _fwalk
 .text          0x00051a34       0x74 /opt/altera/13.0sp1/nios2eds/bin/gnu/H-i686-pc-linux-gnu/bin/../lib/gcc/nios2-elf/4.1.2/../../../../nios2-elf/lib/mno-hw-mul/libc.a(lib_a-gettimeofdayr.o)
                0x00051a34                _gettimeofday_r
 .text          0x00051aa8        0x0 /opt/altera/13.0sp1/nios2eds/bin/gnu/H-i686-pc-linux-gnu/bin/../lib/gcc/nios2-elf/4.1.2/../../../../nios2-elf/lib/mno-hw-mul/libc.a(lib_a-impure.o)
 .text          0x00051aa8        0x0 /opt/altera/13.0sp1/nios2eds/bin/gnu/H-i686-pc-linux-gnu/bin/../lib/gcc/nios2-elf/4.1.2/../../../../nios2-elf/lib/mno-hw-mul/libc.a(lib_a-int_errno.o)
 .text          0x00051aa8       0xc4 /opt/altera/13.0sp1/nios2eds/bin/gnu/H-i686-pc-linux-gnu/bin/../lib/gcc/nios2-elf/4.1.2/../../../../nios2-elf/lib/mno-hw-mul/libc.a(lib_a-locale.o)
                0x00051aa8                __locale_charset
                0x00051ab0                _localeconv_r
                0x00051abc                localeconv
                0x00051acc                _setlocale_r
                0x00051b50                setlocale
 .text          0x00051b6c      0x194 /opt/altera/13.0sp1/nios2eds/bin/gnu/H-i686-pc-linux-gnu/bin/../lib/gcc/nios2-elf/4.1.2/../../../../nios2-elf/lib/mno-hw-mul/libc.a(lib_a-makebuf.o)
                0x00051b6c                __smakebuf_r
 .text          0x00051d00       0xe4 /opt/altera/13.0sp1/nios2eds/bin/gnu/H-i686-pc-linux-gnu/bin/../lib/gcc/nios2-elf/4.1.2/../../../../nios2-elf/lib/mno-hw-mul/libc.a(lib_a-memchr.o)
                0x00051d00                memchr
 .text          0x00051de4       0xa0 /opt/altera/13.0sp1/nios2eds/bin/gnu/H-i686-pc-linux-gnu/bin/../lib/gcc/nios2-elf/4.1.2/../../../../nios2-elf/lib/mno-hw-mul/libc.a(lib_a-memcpy.o)
                0x00051de4                memcpy
 .text          0x00051e84       0xe0 /opt/altera/13.0sp1/nios2eds/bin/gnu/H-i686-pc-linux-gnu/bin/../lib/gcc/nios2-elf/4.1.2/../../../../nios2-elf/lib/mno-hw-mul/libc.a(lib_a-memmove.o)
                0x00051e84                memmove
 .text          0x00051f64       0x98 /opt/altera/13.0sp1/nios2eds/bin/gnu/H-i686-pc-linux-gnu/bin/../lib/gcc/nios2-elf/4.1.2/../../../../nios2-elf/lib/mno-hw-mul/libc.a(lib_a-memset.o)
                0x00051f64                memset
 .text          0x00051ffc     0x108c /opt/altera/13.0sp1/nios2eds/bin/gnu/H-i686-pc-linux-gnu/bin/../lib/gcc/nios2-elf/4.1.2/../../../../nios2-elf/lib/mno-hw-mul/libc.a(lib_a-mprec.o)
                0x00051ffc                _Bfree
                0x00052024                __hi0bits
                0x00052094                __lo0bits
                0x00052158                __mcmp
                0x000521b8                __ulp
                0x00052238                __b2d
                0x00052358                __ratio
                0x00052408                _mprec_log10
                0x0005249c                __copybits
                0x000524f4                __any_on
                0x0005257c                _Balloc
                0x00052638                __d2b
                0x000527b4                __mdiff
                0x00052940                __lshift
                0x00052a8c                __multiply
                0x00052ce0                __i2b
                0x00052d1c                __multadd
                0x00052e48                __pow5mult
                0x00052f68                __s2b
 .text          0x00053088      0x5f4 /opt/altera/13.0sp1/nios2eds/bin/gnu/H-i686-pc-linux-gnu/bin/../lib/gcc/nios2-elf/4.1.2/../../../../nios2-elf/lib/mno-hw-mul/libc.a(lib_a-reallocr.o)
                0x00053088                _realloc_r
 .text          0x0005367c       0x40 /opt/altera/13.0sp1/nios2eds/bin/gnu/H-i686-pc-linux-gnu/bin/../lib/gcc/nios2-elf/4.1.2/../../../../nios2-elf/lib/mno-hw-mul/libc.a(lib_a-s_isinfd.o)
                0x0005367c                __isinfd
 .text          0x000536bc       0x30 /opt/altera/13.0sp1/nios2eds/bin/gnu/H-i686-pc-linux-gnu/bin/../lib/gcc/nios2-elf/4.1.2/../../../../nios2-elf/lib/mno-hw-mul/libc.a(lib_a-s_isnand.o)
                0x000536bc                __isnand
 .text          0x000536ec      0x14c /opt/altera/13.0sp1/nios2eds/bin/gnu/H-i686-pc-linux-gnu/bin/../lib/gcc/nios2-elf/4.1.2/../../../../nios2-elf/lib/mno-hw-mul/libc.a(lib_a-stdio.o)
                0x000536ec                __sclose
                0x000536f4                __sseek
                0x0005375c                __swrite
                0x000537d8                __sread
 .text          0x00053838       0xbc /opt/altera/13.0sp1/nios2eds/bin/gnu/H-i686-pc-linux-gnu/bin/../lib/gcc/nios2-elf/4.1.2/../../../../nios2-elf/lib/mno-hw-mul/libc.a(lib_a-strcmp.o)
                0x00053838                strcmp
 .text          0x000538f4       0x78 /opt/altera/13.0sp1/nios2eds/bin/gnu/H-i686-pc-linux-gnu/bin/../lib/gcc/nios2-elf/4.1.2/../../../../nios2-elf/lib/mno-hw-mul/libc.a(lib_a-writer.o)
                0x000538f4                _write_r
 .text          0x0005396c       0xc8 /opt/altera/13.0sp1/nios2eds/bin/gnu/H-i686-pc-linux-gnu/bin/../lib/gcc/nios2-elf/4.1.2/../../../../nios2-elf/lib/mno-hw-mul/libc.a(lib_a-callocr.o)
                0x0005396c                _calloc_r
 .text          0x00053a34       0x70 /opt/altera/13.0sp1/nios2eds/bin/gnu/H-i686-pc-linux-gnu/bin/../lib/gcc/nios2-elf/4.1.2/../../../../nios2-elf/lib/mno-hw-mul/libc.a(lib_a-closer.o)
                0x00053a34                _close_r
 .text          0x00053aa4      0x124 /opt/altera/13.0sp1/nios2eds/bin/gnu/H-i686-pc-linux-gnu/bin/../lib/gcc/nios2-elf/4.1.2/../../../../nios2-elf/lib/mno-hw-mul/libc.a(lib_a-fclose.o)
                0x00053aa4                _fclose_r
                0x00053bb4                fclose
 .text          0x00053bc8       0x74 /opt/altera/13.0sp1/nios2eds/bin/gnu/H-i686-pc-linux-gnu/bin/../lib/gcc/nios2-elf/4.1.2/../../../../nios2-elf/lib/mno-hw-mul/libc.a(lib_a-fstatr.o)
                0x00053bc8                _fstat_r
 .text          0x00053c3c       0x70 /opt/altera/13.0sp1/nios2eds/bin/gnu/H-i686-pc-linux-gnu/bin/../lib/gcc/nios2-elf/4.1.2/../../../../nios2-elf/lib/mno-hw-mul/libc.a(lib_a-isattyr.o)
                0x00053c3c                _isatty_r
 .text          0x00053cac       0x78 /opt/altera/13.0sp1/nios2eds/bin/gnu/H-i686-pc-linux-gnu/bin/../lib/gcc/nios2-elf/4.1.2/../../../../nios2-elf/lib/mno-hw-mul/libc.a(lib_a-lseekr.o)
                0x00053cac                _lseek_r
 .text          0x00053d24       0x78 /opt/altera/13.0sp1/nios2eds/bin/gnu/H-i686-pc-linux-gnu/bin/../lib/gcc/nios2-elf/4.1.2/../../../../nios2-elf/lib/mno-hw-mul/libc.a(lib_a-readr.o)
                0x00053d24                _read_r
 .text          0x00053d9c      0x66c /opt/altera/13.0sp1/nios2eds/bin/gnu/H-i686-pc-linux-gnu/bin/../lib/gcc/nios2-elf/4.1.2/mno-hw-mul/libgcc.a(_udivdi3.o)
                0x00053d9c                __udivdi3
 .text          0x00054408      0x660 /opt/altera/13.0sp1/nios2eds/bin/gnu/H-i686-pc-linux-gnu/bin/../lib/gcc/nios2-elf/4.1.2/mno-hw-mul/libgcc.a(_umoddi3.o)
                0x00054408                __umoddi3
 .text          0x00054a68      0x504 /opt/altera/13.0sp1/nios2eds/bin/gnu/H-i686-pc-linux-gnu/bin/../lib/gcc/nios2-elf/4.1.2/mno-hw-mul/libgcc.a(_addsub_df.o)
                0x00054e78                __subdf3
                0x00054ef8                __adddf3
 .text          0x00054f6c      0x3c4 /opt/altera/13.0sp1/nios2eds/bin/gnu/H-i686-pc-linux-gnu/bin/../lib/gcc/nios2-elf/4.1.2/mno-hw-mul/libgcc.a(_mul_df.o)
                0x00054f6c                __muldf3
 .text          0x00055330      0x258 /opt/altera/13.0sp1/nios2eds/bin/gnu/H-i686-pc-linux-gnu/bin/../lib/gcc/nios2-elf/4.1.2/mno-hw-mul/libgcc.a(_div_df.o)
                0x00055330                __divdf3
 .text          0x00055588       0x88 /opt/altera/13.0sp1/nios2eds/bin/gnu/H-i686-pc-linux-gnu/bin/../lib/gcc/nios2-elf/4.1.2/mno-hw-mul/libgcc.a(_eq_df.o)
                0x00055588                __eqdf2
 .text          0x00055610       0x88 /opt/altera/13.0sp1/nios2eds/bin/gnu/H-i686-pc-linux-gnu/bin/../lib/gcc/nios2-elf/4.1.2/mno-hw-mul/libgcc.a(_ne_df.o)
                0x00055610                __nedf2
 .text          0x00055698       0x88 /opt/altera/13.0sp1/nios2eds/bin/gnu/H-i686-pc-linux-gnu/bin/../lib/gcc/nios2-elf/4.1.2/mno-hw-mul/libgcc.a(_gt_df.o)
                0x00055698                __gtdf2
 .text          0x00055720       0x88 /opt/altera/13.0sp1/nios2eds/bin/gnu/H-i686-pc-linux-gnu/bin/../lib/gcc/nios2-elf/4.1.2/mno-hw-mul/libgcc.a(_ge_df.o)
                0x00055720                __gedf2
 .text          0x000557a8       0x88 /opt/altera/13.0sp1/nios2eds/bin/gnu/H-i686-pc-linux-gnu/bin/../lib/gcc/nios2-elf/4.1.2/mno-hw-mul/libgcc.a(_lt_df.o)
                0x000557a8                __ltdf2
 .text          0x00055830       0xf8 /opt/altera/13.0sp1/nios2eds/bin/gnu/H-i686-pc-linux-gnu/bin/../lib/gcc/nios2-elf/4.1.2/mno-hw-mul/libgcc.a(_si_to_df.o)
                0x00055830                __floatsidf
 .text          0x00055928       0xd8 /opt/altera/13.0sp1/nios2eds/bin/gnu/H-i686-pc-linux-gnu/bin/../lib/gcc/nios2-elf/4.1.2/mno-hw-mul/libgcc.a(_df_to_si.o)
                0x00055928                __fixdfsi
 .text          0x00055a00        0x0 /opt/altera/13.0sp1/nios2eds/bin/gnu/H-i686-pc-linux-gnu/bin/../lib/gcc/nios2-elf/4.1.2/mno-hw-mul/libgcc.a(_thenan_df.o)
 .text          0x00055a00      0x194 /opt/altera/13.0sp1/nios2eds/bin/gnu/H-i686-pc-linux-gnu/bin/../lib/gcc/nios2-elf/4.1.2/mno-hw-mul/libgcc.a(_usi_to_df.o)
                0x00055a00                __floatunsidf
 .text          0x00055b94      0x314 /opt/altera/13.0sp1/nios2eds/bin/gnu/H-i686-pc-linux-gnu/bin/../lib/gcc/nios2-elf/4.1.2/mno-hw-mul/libgcc.a(_pack_df.o)
                0x00055b94                __pack_d
 .text          0x00055ea8      0x138 /opt/altera/13.0sp1/nios2eds/bin/gnu/H-i686-pc-linux-gnu/bin/../lib/gcc/nios2-elf/4.1.2/mno-hw-mul/libgcc.a(_unpack_df.o)
                0x00055ea8                __unpack_d
 .text          0x00055fe0       0xc8 /opt/altera/13.0sp1/nios2eds/bin/gnu/H-i686-pc-linux-gnu/bin/../lib/gcc/nios2-elf/4.1.2/mno-hw-mul/libgcc.a(_fpcmp_parts_df.o)
                0x00055fe0                __fpcmp_parts_d
 .text          0x000560a8       0xf4 ../spectrumAnalyzer_VHDL_bsp/libhal_bsp.a(alt_close.o)
                0x000560a8                close
 .text          0x0005619c        0x8 ../spectrumAnalyzer_VHDL_bsp/libhal_bsp.a(alt_dev.o)
 .text          0x000561a4        0x0 ../spectrumAnalyzer_VHDL_bsp/libhal_bsp.a(alt_errno.o)
 .text          0x000561a4       0xac ../spectrumAnalyzer_VHDL_bsp/libhal_bsp.a(alt_fstat.o)
                0x000561a4                fstat
 .text          0x00056250      0x18c ../spectrumAnalyzer_VHDL_bsp/libhal_bsp.a(alt_gettod.o)
                0x00056250                gettimeofday
 .text          0x000563dc       0xa4 ../spectrumAnalyzer_VHDL_bsp/libhal_bsp.a(alt_isatty.o)
                0x000563dc                isatty
 .text          0x00056480       0xb4 ../spectrumAnalyzer_VHDL_bsp/libhal_bsp.a(alt_load.o)
                0x00056480                alt_load
 .text          0x00056534       0xbc ../spectrumAnalyzer_VHDL_bsp/libhal_bsp.a(alt_lseek.o)
                0x00056534                lseek
 .text          0x000565f0       0x50 ../spectrumAnalyzer_VHDL_bsp/libhal_bsp.a(alt_main.o)
                0x000565f0                alt_main
 .text          0x00056640        0x8 ../spectrumAnalyzer_VHDL_bsp/libhal_bsp.a(alt_malloc_lock.o)
                0x00056640                __malloc_lock
                0x00056644                __malloc_unlock
 .text          0x00056648      0x140 ../spectrumAnalyzer_VHDL_bsp/libhal_bsp.a(alt_read.o)
                0x00056648                read
 .text          0x00056788       0x5c ../spectrumAnalyzer_VHDL_bsp/libhal_bsp.a(alt_release_fd.o)
                0x00056788                alt_release_fd
 .text          0x000567e4       0x54 ../spectrumAnalyzer_VHDL_bsp/libhal_bsp.a(alt_sbrk.o)
                0x000567e4                sbrk
 .text          0x00056838      0x11c ../spectrumAnalyzer_VHDL_bsp/libhal_bsp.a(alt_tick.o)
                0x00056838                alt_alarm_stop
                0x0005686c                alt_tick
 .text          0x00056954      0x13c ../spectrumAnalyzer_VHDL_bsp/libhal_bsp.a(alt_write.o)
                0x00056954                write
 .text          0x00056a90      0x1a8 ../spectrumAnalyzer_VHDL_bsp/libhal_bsp.a(alt_sys_init.o)
                0x00056a90                alt_irq_init
                0x00056ab0                alt_sys_init
 .text          0x00056c38       0x3c ../spectrumAnalyzer_VHDL_bsp/libhal_bsp.a(altera_avalon_jtag_uart_fd.o)
                0x00056c38                altera_avalon_jtag_uart_ioctl_fd
                0x00056c44                altera_avalon_jtag_uart_close_fd
                0x00056c54                altera_avalon_jtag_uart_write_fd
                0x00056c64                altera_avalon_jtag_uart_read_fd
 .text          0x00056c74      0x228 ../spectrumAnalyzer_VHDL_bsp/libhal_bsp.a(altera_avalon_jtag_uart_init.o)
                0x00056c74                altera_avalon_jtag_uart_close
                0x00056d14                altera_avalon_jtag_uart_init
 .text          0x00056e9c       0x88 ../spectrumAnalyzer_VHDL_bsp/libhal_bsp.a(altera_avalon_jtag_uart_ioctl.o)
                0x00056e9c                altera_avalon_jtag_uart_ioctl
 .text          0x00056f24      0x16c ../spectrumAnalyzer_VHDL_bsp/libhal_bsp.a(altera_avalon_jtag_uart_read.o)
                0x00056f24                altera_avalon_jtag_uart_read
 .text          0x00057090      0x184 ../spectrumAnalyzer_VHDL_bsp/libhal_bsp.a(altera_avalon_jtag_uart_write.o)
                0x00057090                altera_avalon_jtag_uart_write
 .text          0x00057214       0x8c ../spectrumAnalyzer_VHDL_bsp/libhal_bsp.a(altera_avalon_timer_sc.o)
                0x00057214                alt_avalon_timer_sc_init
 .text          0x000572a0      0x134 ../spectrumAnalyzer_VHDL_bsp/libhal_bsp.a(altera_up_avalon_video_character_buffer_with_dma.o)
                0x000572a0                alt_up_char_buffer_string
                0x000572fc                alt_up_char_buffer_draw
                0x00057354                alt_up_char_buffer_clear
                0x00057378                alt_up_char_buffer_open_dev
                0x00057384                alt_up_char_buffer_init
 .text          0x000573d4      0xd0c ../spectrumAnalyzer_VHDL_bsp/libhal_bsp.a(altera_up_avalon_video_pixel_buffer_dma.o)
                0x000573d4                helper_plot_pixel
                0x000574a4                alt_up_pixel_buffer_dma_draw_vline
                0x00057688                alt_up_pixel_buffer_dma_draw_hline
                0x00057858                alt_up_pixel_buffer_dma_draw_rectangle
                0x00057924                alt_up_pixel_buffer_dma_draw_box
                0x00057ba0                alt_up_pixel_buffer_dma_clear_screen
                0x00057c68                alt_up_pixel_buffer_dma_swap_buffers
                0x00057c8c                alt_up_pixel_buffer_dma_draw
                0x00057d80                alt_up_pixel_buffer_dma_check_swap_buffers_status
                0x00057d90                alt_up_pixel_buffer_dma_change_back_buffer_address
                0x00057db8                alt_up_pixel_buffer_dma_open_dev
                0x00057dc4                alt_up_pixel_buffer_dma_draw_line
 .text          0x000580e0       0x94 ../spectrumAnalyzer_VHDL_bsp/libhal_bsp.a(alt_alarm_start.o)
                0x000580e0                alt_alarm_start
 .text          0x00058174        0x4 ../spectrumAnalyzer_VHDL_bsp/libhal_bsp.a(alt_dcache_flush_all.o)
                0x00058174                alt_dcache_flush_all
 .text          0x00058178       0x7c ../spectrumAnalyzer_VHDL_bsp/libhal_bsp.a(alt_dev_llist_insert.o)
                0x00058178                alt_dev_llist_insert
 .text          0x000581f4       0x94 ../spectrumAnalyzer_VHDL_bsp/libhal_bsp.a(alt_find_dev.o)
                0x000581f4                alt_find_dev
 .text          0x00058288        0x4 ../spectrumAnalyzer_VHDL_bsp/libhal_bsp.a(alt_icache_flush_all.o)
                0x00058288                alt_icache_flush_all
 .text          0x0005828c       0x9c ../spectrumAnalyzer_VHDL_bsp/libhal_bsp.a(alt_iic.o)
                0x0005828c                alt_ic_irq_enabled
                0x000582a4                alt_ic_irq_enable
                0x000582e4                alt_ic_irq_disable
                0x00058324                alt_ic_isr_register
 .text          0x00058328       0x88 ../spectrumAnalyzer_VHDL_bsp/libhal_bsp.a(alt_iic_isr_register.o)
                0x00058328                alt_iic_isr_register
 .text          0x000583b0      0x14c ../spectrumAnalyzer_VHDL_bsp/libhal_bsp.a(alt_io_redirect.o)
                0x000583b0                alt_io_redirect
 .text          0x000584fc        0x0 ../spectrumAnalyzer_VHDL_bsp/libhal_bsp.a(alt_irq_entry.o)
 .text          0x000584fc        0x0 ../spectrumAnalyzer_VHDL_bsp/libhal_bsp.a(alt_irq_handler.o)
 .text          0x000584fc        0x0 ../spectrumAnalyzer_VHDL_bsp/libhal_bsp.a(alt_irq_vars.o)
 .text          0x000584fc      0x18c ../spectrumAnalyzer_VHDL_bsp/libhal_bsp.a(alt_open.o)
                0x000584fc                open
 .text          0x00058688        0x8 ../spectrumAnalyzer_VHDL_bsp/libhal_bsp.a(altera_nios2_qsys_irq.o)
                0x00058688                altera_nios2_qsys_irq_init
 .text          0x00058690        0x0 ../spectrumAnalyzer_VHDL_bsp/libhal_bsp.a(alt_exception_entry.o)
 .text          0x00058690       0xb0 ../spectrumAnalyzer_VHDL_bsp/libhal_bsp.a(alt_find_file.o)
                0x00058690                alt_find_file
 .text          0x00058740       0x60 ../spectrumAnalyzer_VHDL_bsp/libhal_bsp.a(alt_get_fd.o)
                0x00058740                alt_get_fd
 .text          0x000587a0       0x38 /opt/altera/13.0sp1/nios2eds/bin/gnu/H-i686-pc-linux-gnu/bin/../lib/gcc/nios2-elf/4.1.2/../../../../nios2-elf/lib/mno-hw-mul/libc.a(lib_a-exit.o)
                0x000587a0                exit
 .text          0x000587d8       0x74 /opt/altera/13.0sp1/nios2eds/bin/gnu/H-i686-pc-linux-gnu/bin/../lib/gcc/nios2-elf/4.1.2/../../../../nios2-elf/lib/mno-hw-mul/libc.a(lib_a-memcmp.o)
                0x000587d8                memcmp
 .text          0x0005884c      0x1b4 /opt/altera/13.0sp1/nios2eds/bin/gnu/H-i686-pc-linux-gnu/bin/../lib/gcc/nios2-elf/4.1.2/../../../../nios2-elf/lib/mno-hw-mul/libc.a(lib_a-__call_atexit.o)
                0x00058850                __call_exitprocs
 .text          0x00058a00       0x14 ../spectrumAnalyzer_VHDL_bsp/libhal_bsp.a(alt_exit.o)
                0x00058a00                _exit
 *(.gnu.warning.*)
 *(.fini)
                0x00058a14                PROVIDE (__etext, ABSOLUTE (.))
                0x00058a14                PROVIDE (_etext, ABSOLUTE (.))
                0x00058a14                PROVIDE (etext, ABSOLUTE (.))
 *(.eh_frame_hdr)
                0x00058a14                . = ALIGN (0x4)
                0x00058a14                PROVIDE (__preinit_array_start, ABSOLUTE (.))
 *(.preinit_array)
                0x00058a14                PROVIDE (__preinit_array_end, ABSOLUTE (.))
                0x00058a14                PROVIDE (__init_array_start, ABSOLUTE (.))
 *(.init_array)
                0x00058a14                PROVIDE (__init_array_end, ABSOLUTE (.))
                0x00058a14                PROVIDE (__fini_array_start, ABSOLUTE (.))
 *(.fini_array)
                0x00058a14                PROVIDE (__fini_array_end, ABSOLUTE (.))
 *(.eh_frame)
 *(.gcc_except_table)
 *(.dynamic)
                0x00058a14                PROVIDE (__CTOR_LIST__, ABSOLUTE (.))
 *(.ctors)
 *(SORT(.ctors.*))
 .ctors.65535   0x00058a14        0x4 /opt/altera/13.0sp1/nios2eds/bin/gnu/H-i686-pc-linux-gnu/bin/../lib/gcc/nios2-elf/4.1.2/../../../../nios2-elf/lib/mno-hw-mul/libc.a(lib_a-__call_atexit.o)
                0x00058a18                PROVIDE (__CTOR_END__, ABSOLUTE (.))
                0x00058a18                PROVIDE (__DTOR_LIST__, ABSOLUTE (.))
 *(.dtors)
 *(SORT(.dtors.*))
                0x00058a18                PROVIDE (__DTOR_END__, ABSOLUTE (.))
 *(.jcr)
                0x00058a18                . = ALIGN (0x4)

.rodata         0x00058a18     0x1828
                0x00058a18                PROVIDE (__ram_rodata_start, ABSOLUTE (.))
                0x00058a18                . = ALIGN (0x4)
 *(.rodata .rodata.* .gnu.linkonce.r.*)
 .rodata.str1.4
                0x00058a18       0x3a obj/default/draw.o
                                 0x3c (size before relaxing)
 *fill*         0x00058a52        0x2 00
 .rodata.str1.4
                0x00058a54        0x8 obj/default/externalInterfaces.o
 .rodata        0x00058a5c     0x1400 obj/default/main.o
                0x00058a5c                tempFFT
                0x00058e5c                cnst_hz
 .rodata.str1.4
                0x00059e5c       0x56 obj/default/text.o
                                 0x58 (size before relaxing)
 *fill*         0x00059eb2        0x2 00
 .rodata        0x00059eb4       0x10 /opt/altera/13.0sp1/nios2eds/bin/gnu/H-i686-pc-linux-gnu/bin/../lib/gcc/nios2-elf/4.1.2/mno-hw-mul/libgcc.a(_thenan_sf.o)
                0x00059eb4                __thenan_sf
 .rodata        0x00059ec4      0x100 /opt/altera/13.0sp1/nios2eds/bin/gnu/H-i686-pc-linux-gnu/bin/../lib/gcc/nios2-elf/4.1.2/mno-hw-mul/libgcc.a(_clz.o)
                0x00059ec4                __clz_tab
 .rodata.str1.4
                0x00059fc4        0x2 /opt/altera/13.0sp1/nios2eds/bin/gnu/H-i686-pc-linux-gnu/bin/../lib/gcc/nios2-elf/4.1.2/../../../../nios2-elf/lib/mno-hw-mul/libc.a(lib_a-puts.o)
                                  0x4 (size before relaxing)
 *fill*         0x00059fc6        0x2 00
 .rodata.str1.4
                0x00059fc8       0x5e /opt/altera/13.0sp1/nios2eds/bin/gnu/H-i686-pc-linux-gnu/bin/../lib/gcc/nios2-elf/4.1.2/../../../../nios2-elf/lib/mno-hw-mul/libc.a(lib_a-vfprintf.o)
                                 0x60 (size before relaxing)
 .rodata        0x0005a026       0x20 /opt/altera/13.0sp1/nios2eds/bin/gnu/H-i686-pc-linux-gnu/bin/../lib/gcc/nios2-elf/4.1.2/../../../../nios2-elf/lib/mno-hw-mul/libc.a(lib_a-vfprintf.o)
 *fill*         0x0005a046        0x2 00
 .rodata.str1.4
                0x0005a048       0x10 /opt/altera/13.0sp1/nios2eds/bin/gnu/H-i686-pc-linux-gnu/bin/../lib/gcc/nios2-elf/4.1.2/../../../../nios2-elf/lib/mno-hw-mul/libc.a(lib_a-dtoa.o)
                                 0x14 (size before relaxing)
 .rodata.str1.4
                0x0005a058        0x2 /opt/altera/13.0sp1/nios2eds/bin/gnu/H-i686-pc-linux-gnu/bin/../lib/gcc/nios2-elf/4.1.2/../../../../nios2-elf/lib/mno-hw-mul/libc.a(lib_a-impure.o)
                                  0x4 (size before relaxing)
 *fill*         0x0005a05a        0x2 00
 .rodata.str1.4
                0x0005a05c        0xf /opt/altera/13.0sp1/nios2eds/bin/gnu/H-i686-pc-linux-gnu/bin/../lib/gcc/nios2-elf/4.1.2/../../../../nios2-elf/lib/mno-hw-mul/libc.a(lib_a-locale.o)
                                 0x18 (size before relaxing)
 *fill*         0x0005a06b        0x1 00
 .rodata        0x0005a06c       0x30 /opt/altera/13.0sp1/nios2eds/bin/gnu/H-i686-pc-linux-gnu/bin/../lib/gcc/nios2-elf/4.1.2/../../../../nios2-elf/lib/mno-hw-mul/libc.a(lib_a-locale.o)
 .rodata        0x0005a09c      0x124 /opt/altera/13.0sp1/nios2eds/bin/gnu/H-i686-pc-linux-gnu/bin/../lib/gcc/nios2-elf/4.1.2/../../../../nios2-elf/lib/mno-hw-mul/libc.a(lib_a-mprec.o)
                0x0005a09c                __mprec_tens
                0x0005a164                __mprec_bigtens
                0x0005a18c                __mprec_tinytens
 .rodata        0x0005a1c0       0x14 /opt/altera/13.0sp1/nios2eds/bin/gnu/H-i686-pc-linux-gnu/bin/../lib/gcc/nios2-elf/4.1.2/mno-hw-mul/libgcc.a(_thenan_df.o)
                0x0005a1c0                __thenan_df
 .rodata.str1.4
                0x0005a1d4        0xa ../spectrumAnalyzer_VHDL_bsp/libhal_bsp.a(alt_dev.o)
                                  0xc (size before relaxing)
 *fill*         0x0005a1de        0x2 00
 .rodata.str1.4
                0x0005a1e0        0xf ../spectrumAnalyzer_VHDL_bsp/libhal_bsp.a(alt_main.o)
                                 0x10 (size before relaxing)
 *fill*         0x0005a1ef        0x1 00
 .rodata.str1.4
                0x0005a1f0       0x33 ../spectrumAnalyzer_VHDL_bsp/libhal_bsp.a(alt_sys_init.o)
                                 0x5c (size before relaxing)
 *fill*         0x0005a223        0x1 00
 .rodata.str1.4
                0x0005a224       0x1c ../spectrumAnalyzer_VHDL_bsp/libhal_bsp.a(altera_up_avalon_video_character_buffer_with_dma.o)
 *(.rodata1)
                0x0005a240                . = ALIGN (0x4)
                0x0005a240                PROVIDE (__ram_rodata_end, ABSOLUTE (.))
                0x00058a18                PROVIDE (__flash_rodata_start, LOADADDR (.rodata))

.rwdata         0x0005a240     0x1b2c load address 0x0005bd6c
                0x0005a240                PROVIDE (__ram_rwdata_start, ABSOLUTE (.))
                0x0005a240                . = ALIGN (0x4)
 *(.got.plt)
 *(.got)
 *(.data1)
 *(.data .data.* .gnu.linkonce.d.*)
 .data          0x0005a240        0x0 ../spectrumAnalyzer_VHDL_bsp/obj/HAL/src/crt0.o
 .data          0x0005a240        0x0 obj/default/draw.o
 .data          0x0005a240        0x0 obj/default/externalInterfaces.o
 .data          0x0005a240        0x0 obj/default/main.o
 .data          0x0005a240        0x0 obj/default/text.o
 .data          0x0005a240        0x0 /opt/altera/13.0sp1/nios2eds/bin/gnu/H-i686-pc-linux-gnu/bin/../lib/gcc/nios2-elf/4.1.2/mno-hw-mul/libgcc.a(_mul_sf.o)
 .data          0x0005a240        0x0 /opt/altera/13.0sp1/nios2eds/bin/gnu/H-i686-pc-linux-gnu/bin/../lib/gcc/nios2-elf/4.1.2/mno-hw-mul/libgcc.a(_si_to_sf.o)
 .data          0x0005a240        0x0 /opt/altera/13.0sp1/nios2eds/bin/gnu/H-i686-pc-linux-gnu/bin/../lib/gcc/nios2-elf/4.1.2/mno-hw-mul/libgcc.a(_sf_to_si.o)
 .data          0x0005a240        0x0 /opt/altera/13.0sp1/nios2eds/bin/gnu/H-i686-pc-linux-gnu/bin/../lib/gcc/nios2-elf/4.1.2/mno-hw-mul/libgcc.a(_thenan_sf.o)
 .data          0x0005a240        0x0 /opt/altera/13.0sp1/nios2eds/bin/gnu/H-i686-pc-linux-gnu/bin/../lib/gcc/nios2-elf/4.1.2/mno-hw-mul/libgcc.a(_usi_to_sf.o)
 .data          0x0005a240        0x0 /opt/altera/13.0sp1/nios2eds/bin/gnu/H-i686-pc-linux-gnu/bin/../lib/gcc/nios2-elf/4.1.2/mno-hw-mul/libgcc.a(lib2-divmod.o)
 .data          0x0005a240        0x0 /opt/altera/13.0sp1/nios2eds/bin/gnu/H-i686-pc-linux-gnu/bin/../lib/gcc/nios2-elf/4.1.2/mno-hw-mul/libgcc.a(lib2-mul.o)
 .data          0x0005a240        0x0 /opt/altera/13.0sp1/nios2eds/bin/gnu/H-i686-pc-linux-gnu/bin/../lib/gcc/nios2-elf/4.1.2/mno-hw-mul/libgcc.a(_muldi3.o)
 .data          0x0005a240        0x0 /opt/altera/13.0sp1/nios2eds/bin/gnu/H-i686-pc-linux-gnu/bin/../lib/gcc/nios2-elf/4.1.2/mno-hw-mul/libgcc.a(_clzsi2.o)
 .data          0x0005a240        0x0 /opt/altera/13.0sp1/nios2eds/bin/gnu/H-i686-pc-linux-gnu/bin/../lib/gcc/nios2-elf/4.1.2/mno-hw-mul/libgcc.a(_pack_sf.o)
 .data          0x0005a240        0x0 /opt/altera/13.0sp1/nios2eds/bin/gnu/H-i686-pc-linux-gnu/bin/../lib/gcc/nios2-elf/4.1.2/mno-hw-mul/libgcc.a(_unpack_sf.o)
 .data          0x0005a240        0x0 /opt/altera/13.0sp1/nios2eds/bin/gnu/H-i686-pc-linux-gnu/bin/../lib/gcc/nios2-elf/4.1.2/mno-hw-mul/libgcc.a(_clz.o)
 .data          0x0005a240        0x0 /opt/altera/13.0sp1/nios2eds/bin/gnu/H-i686-pc-linux-gnu/bin/../lib/gcc/nios2-elf/4.1.2/../../../../nios2-elf/lib/mno-hw-mul/libc.a(lib_a-malloc.o)
 .data          0x0005a240      0x408 /opt/altera/13.0sp1/nios2eds/bin/gnu/H-i686-pc-linux-gnu/bin/../lib/gcc/nios2-elf/4.1.2/../../../../nios2-elf/lib/mno-hw-mul/libc.a(lib_a-mallocr.o)
                0x0005a240                __malloc_av_
 .data          0x0005a648        0x0 /opt/altera/13.0sp1/nios2eds/bin/gnu/H-i686-pc-linux-gnu/bin/../lib/gcc/nios2-elf/4.1.2/../../../../nios2-elf/lib/mno-hw-mul/libc.a(lib_a-puts.o)
 .data          0x0005a648        0x0 /opt/altera/13.0sp1/nios2eds/bin/gnu/H-i686-pc-linux-gnu/bin/../lib/gcc/nios2-elf/4.1.2/../../../../nios2-elf/lib/mno-hw-mul/libc.a(lib_a-sbrkr.o)
 .data          0x0005a648        0x0 /opt/altera/13.0sp1/nios2eds/bin/gnu/H-i686-pc-linux-gnu/bin/../lib/gcc/nios2-elf/4.1.2/../../../../nios2-elf/lib/mno-hw-mul/libc.a(lib_a-sprintf.o)
 .data          0x0005a648        0x0 /opt/altera/13.0sp1/nios2eds/bin/gnu/H-i686-pc-linux-gnu/bin/../lib/gcc/nios2-elf/4.1.2/../../../../nios2-elf/lib/mno-hw-mul/libc.a(lib_a-strlen.o)
 .data          0x0005a648        0x0 /opt/altera/13.0sp1/nios2eds/bin/gnu/H-i686-pc-linux-gnu/bin/../lib/gcc/nios2-elf/4.1.2/../../../../nios2-elf/lib/mno-hw-mul/libc.a(lib_a-time.o)
 .data          0x0005a648        0x0 /opt/altera/13.0sp1/nios2eds/bin/gnu/H-i686-pc-linux-gnu/bin/../lib/gcc/nios2-elf/4.1.2/../../../../nios2-elf/lib/mno-hw-mul/libc.a(lib_a-vfprintf.o)
 .data          0x0005a648        0x0 /opt/altera/13.0sp1/nios2eds/bin/gnu/H-i686-pc-linux-gnu/bin/../lib/gcc/nios2-elf/4.1.2/../../../../nios2-elf/lib/mno-hw-mul/libc.a(lib_a-wsetup.o)
 .data          0x0005a648        0x0 /opt/altera/13.0sp1/nios2eds/bin/gnu/H-i686-pc-linux-gnu/bin/../lib/gcc/nios2-elf/4.1.2/../../../../nios2-elf/lib/mno-hw-mul/libc.a(lib_a-dtoa.o)
 .data          0x0005a648        0x0 /opt/altera/13.0sp1/nios2eds/bin/gnu/H-i686-pc-linux-gnu/bin/../lib/gcc/nios2-elf/4.1.2/../../../../nios2-elf/lib/mno-hw-mul/libc.a(lib_a-fflush.o)
 .data          0x0005a648        0x0 /opt/altera/13.0sp1/nios2eds/bin/gnu/H-i686-pc-linux-gnu/bin/../lib/gcc/nios2-elf/4.1.2/../../../../nios2-elf/lib/mno-hw-mul/libc.a(lib_a-findfp.o)
 .data          0x0005a648        0x0 /opt/altera/13.0sp1/nios2eds/bin/gnu/H-i686-pc-linux-gnu/bin/../lib/gcc/nios2-elf/4.1.2/../../../../nios2-elf/lib/mno-hw-mul/libc.a(lib_a-freer.o)
 .data          0x0005a648        0x0 /opt/altera/13.0sp1/nios2eds/bin/gnu/H-i686-pc-linux-gnu/bin/../lib/gcc/nios2-elf/4.1.2/../../../../nios2-elf/lib/mno-hw-mul/libc.a(lib_a-fvwrite.o)
 .data          0x0005a648        0x0 /opt/altera/13.0sp1/nios2eds/bin/gnu/H-i686-pc-linux-gnu/bin/../lib/gcc/nios2-elf/4.1.2/../../../../nios2-elf/lib/mno-hw-mul/libc.a(lib_a-fwalk.o)
 .data          0x0005a648        0x0 /opt/altera/13.0sp1/nios2eds/bin/gnu/H-i686-pc-linux-gnu/bin/../lib/gcc/nios2-elf/4.1.2/../../../../nios2-elf/lib/mno-hw-mul/libc.a(lib_a-gettimeofdayr.o)
 .data          0x0005a648      0x400 /opt/altera/13.0sp1/nios2eds/bin/gnu/H-i686-pc-linux-gnu/bin/../lib/gcc/nios2-elf/4.1.2/../../../../nios2-elf/lib/mno-hw-mul/libc.a(lib_a-impure.o)
 .data          0x0005aa48        0x0 /opt/altera/13.0sp1/nios2eds/bin/gnu/H-i686-pc-linux-gnu/bin/../lib/gcc/nios2-elf/4.1.2/../../../../nios2-elf/lib/mno-hw-mul/libc.a(lib_a-int_errno.o)
 .data          0x0005aa48        0xc /opt/altera/13.0sp1/nios2eds/bin/gnu/H-i686-pc-linux-gnu/bin/../lib/gcc/nios2-elf/4.1.2/../../../../nios2-elf/lib/mno-hw-mul/libc.a(lib_a-locale.o)
                0x0005aa48                __lc_ctype
 .data          0x0005aa54        0x0 /opt/altera/13.0sp1/nios2eds/bin/gnu/H-i686-pc-linux-gnu/bin/../lib/gcc/nios2-elf/4.1.2/../../../../nios2-elf/lib/mno-hw-mul/libc.a(lib_a-makebuf.o)
 .data          0x0005aa54        0x0 /opt/altera/13.0sp1/nios2eds/bin/gnu/H-i686-pc-linux-gnu/bin/../lib/gcc/nios2-elf/4.1.2/../../../../nios2-elf/lib/mno-hw-mul/libc.a(lib_a-memchr.o)
 .data          0x0005aa54        0x0 /opt/altera/13.0sp1/nios2eds/bin/gnu/H-i686-pc-linux-gnu/bin/../lib/gcc/nios2-elf/4.1.2/../../../../nios2-elf/lib/mno-hw-mul/libc.a(lib_a-memcpy.o)
 .data          0x0005aa54        0x0 /opt/altera/13.0sp1/nios2eds/bin/gnu/H-i686-pc-linux-gnu/bin/../lib/gcc/nios2-elf/4.1.2/../../../../nios2-elf/lib/mno-hw-mul/libc.a(lib_a-memmove.o)
 .data          0x0005aa54        0x0 /opt/altera/13.0sp1/nios2eds/bin/gnu/H-i686-pc-linux-gnu/bin/../lib/gcc/nios2-elf/4.1.2/../../../../nios2-elf/lib/mno-hw-mul/libc.a(lib_a-memset.o)
 .data          0x0005aa54        0x0 /opt/altera/13.0sp1/nios2eds/bin/gnu/H-i686-pc-linux-gnu/bin/../lib/gcc/nios2-elf/4.1.2/../../../../nios2-elf/lib/mno-hw-mul/libc.a(lib_a-mprec.o)
 .data          0x0005aa54        0x0 /opt/altera/13.0sp1/nios2eds/bin/gnu/H-i686-pc-linux-gnu/bin/../lib/gcc/nios2-elf/4.1.2/../../../../nios2-elf/lib/mno-hw-mul/libc.a(lib_a-reallocr.o)
 .data          0x0005aa54        0x0 /opt/altera/13.0sp1/nios2eds/bin/gnu/H-i686-pc-linux-gnu/bin/../lib/gcc/nios2-elf/4.1.2/../../../../nios2-elf/lib/mno-hw-mul/libc.a(lib_a-s_isinfd.o)
 .data          0x0005aa54        0x0 /opt/altera/13.0sp1/nios2eds/bin/gnu/H-i686-pc-linux-gnu/bin/../lib/gcc/nios2-elf/4.1.2/../../../../nios2-elf/lib/mno-hw-mul/libc.a(lib_a-s_isnand.o)
 .data          0x0005aa54        0x0 /opt/altera/13.0sp1/nios2eds/bin/gnu/H-i686-pc-linux-gnu/bin/../lib/gcc/nios2-elf/4.1.2/../../../../nios2-elf/lib/mno-hw-mul/libc.a(lib_a-stdio.o)
 .data          0x0005aa54        0x0 /opt/altera/13.0sp1/nios2eds/bin/gnu/H-i686-pc-linux-gnu/bin/../lib/gcc/nios2-elf/4.1.2/../../../../nios2-elf/lib/mno-hw-mul/libc.a(lib_a-strcmp.o)
 .data          0x0005aa54        0x0 /opt/altera/13.0sp1/nios2eds/bin/gnu/H-i686-pc-linux-gnu/bin/../lib/gcc/nios2-elf/4.1.2/../../../../nios2-elf/lib/mno-hw-mul/libc.a(lib_a-writer.o)
 .data          0x0005aa54        0x0 /opt/altera/13.0sp1/nios2eds/bin/gnu/H-i686-pc-linux-gnu/bin/../lib/gcc/nios2-elf/4.1.2/../../../../nios2-elf/lib/mno-hw-mul/libc.a(lib_a-callocr.o)
 .data          0x0005aa54        0x0 /opt/altera/13.0sp1/nios2eds/bin/gnu/H-i686-pc-linux-gnu/bin/../lib/gcc/nios2-elf/4.1.2/../../../../nios2-elf/lib/mno-hw-mul/libc.a(lib_a-closer.o)
 .data          0x0005aa54        0x0 /opt/altera/13.0sp1/nios2eds/bin/gnu/H-i686-pc-linux-gnu/bin/../lib/gcc/nios2-elf/4.1.2/../../../../nios2-elf/lib/mno-hw-mul/libc.a(lib_a-fclose.o)
 .data          0x0005aa54        0x0 /opt/altera/13.0sp1/nios2eds/bin/gnu/H-i686-pc-linux-gnu/bin/../lib/gcc/nios2-elf/4.1.2/../../../../nios2-elf/lib/mno-hw-mul/libc.a(lib_a-fstatr.o)
 .data          0x0005aa54        0x0 /opt/altera/13.0sp1/nios2eds/bin/gnu/H-i686-pc-linux-gnu/bin/../lib/gcc/nios2-elf/4.1.2/../../../../nios2-elf/lib/mno-hw-mul/libc.a(lib_a-isattyr.o)
 .data          0x0005aa54        0x0 /opt/altera/13.0sp1/nios2eds/bin/gnu/H-i686-pc-linux-gnu/bin/../lib/gcc/nios2-elf/4.1.2/../../../../nios2-elf/lib/mno-hw-mul/libc.a(lib_a-lseekr.o)
 .data          0x0005aa54        0x0 /opt/altera/13.0sp1/nios2eds/bin/gnu/H-i686-pc-linux-gnu/bin/../lib/gcc/nios2-elf/4.1.2/../../../../nios2-elf/lib/mno-hw-mul/libc.a(lib_a-readr.o)
 .data          0x0005aa54        0x0 /opt/altera/13.0sp1/nios2eds/bin/gnu/H-i686-pc-linux-gnu/bin/../lib/gcc/nios2-elf/4.1.2/mno-hw-mul/libgcc.a(_udivdi3.o)
 .data          0x0005aa54        0x0 /opt/altera/13.0sp1/nios2eds/bin/gnu/H-i686-pc-linux-gnu/bin/../lib/gcc/nios2-elf/4.1.2/mno-hw-mul/libgcc.a(_umoddi3.o)
 .data          0x0005aa54        0x0 /opt/altera/13.0sp1/nios2eds/bin/gnu/H-i686-pc-linux-gnu/bin/../lib/gcc/nios2-elf/4.1.2/mno-hw-mul/libgcc.a(_addsub_df.o)
 .data          0x0005aa54        0x0 /opt/altera/13.0sp1/nios2eds/bin/gnu/H-i686-pc-linux-gnu/bin/../lib/gcc/nios2-elf/4.1.2/mno-hw-mul/libgcc.a(_mul_df.o)
 .data          0x0005aa54        0x0 /opt/altera/13.0sp1/nios2eds/bin/gnu/H-i686-pc-linux-gnu/bin/../lib/gcc/nios2-elf/4.1.2/mno-hw-mul/libgcc.a(_div_df.o)
 .data          0x0005aa54        0x0 /opt/altera/13.0sp1/nios2eds/bin/gnu/H-i686-pc-linux-gnu/bin/../lib/gcc/nios2-elf/4.1.2/mno-hw-mul/libgcc.a(_eq_df.o)
 .data          0x0005aa54        0x0 /opt/altera/13.0sp1/nios2eds/bin/gnu/H-i686-pc-linux-gnu/bin/../lib/gcc/nios2-elf/4.1.2/mno-hw-mul/libgcc.a(_ne_df.o)
 .data          0x0005aa54        0x0 /opt/altera/13.0sp1/nios2eds/bin/gnu/H-i686-pc-linux-gnu/bin/../lib/gcc/nios2-elf/4.1.2/mno-hw-mul/libgcc.a(_gt_df.o)
 .data          0x0005aa54        0x0 /opt/altera/13.0sp1/nios2eds/bin/gnu/H-i686-pc-linux-gnu/bin/../lib/gcc/nios2-elf/4.1.2/mno-hw-mul/libgcc.a(_ge_df.o)
 .data          0x0005aa54        0x0 /opt/altera/13.0sp1/nios2eds/bin/gnu/H-i686-pc-linux-gnu/bin/../lib/gcc/nios2-elf/4.1.2/mno-hw-mul/libgcc.a(_lt_df.o)
 .data          0x0005aa54        0x0 /opt/altera/13.0sp1/nios2eds/bin/gnu/H-i686-pc-linux-gnu/bin/../lib/gcc/nios2-elf/4.1.2/mno-hw-mul/libgcc.a(_si_to_df.o)
 .data          0x0005aa54        0x0 /opt/altera/13.0sp1/nios2eds/bin/gnu/H-i686-pc-linux-gnu/bin/../lib/gcc/nios2-elf/4.1.2/mno-hw-mul/libgcc.a(_df_to_si.o)
 .data          0x0005aa54        0x0 /opt/altera/13.0sp1/nios2eds/bin/gnu/H-i686-pc-linux-gnu/bin/../lib/gcc/nios2-elf/4.1.2/mno-hw-mul/libgcc.a(_thenan_df.o)
 .data          0x0005aa54        0x0 /opt/altera/13.0sp1/nios2eds/bin/gnu/H-i686-pc-linux-gnu/bin/../lib/gcc/nios2-elf/4.1.2/mno-hw-mul/libgcc.a(_usi_to_df.o)
 .data          0x0005aa54        0x0 /opt/altera/13.0sp1/nios2eds/bin/gnu/H-i686-pc-linux-gnu/bin/../lib/gcc/nios2-elf/4.1.2/mno-hw-mul/libgcc.a(_pack_df.o)
 .data          0x0005aa54        0x0 /opt/altera/13.0sp1/nios2eds/bin/gnu/H-i686-pc-linux-gnu/bin/../lib/gcc/nios2-elf/4.1.2/mno-hw-mul/libgcc.a(_unpack_df.o)
 .data          0x0005aa54        0x0 /opt/altera/13.0sp1/nios2eds/bin/gnu/H-i686-pc-linux-gnu/bin/../lib/gcc/nios2-elf/4.1.2/mno-hw-mul/libgcc.a(_fpcmp_parts_df.o)
 .data          0x0005aa54        0x0 ../spectrumAnalyzer_VHDL_bsp/libhal_bsp.a(alt_close.o)
 .data          0x0005aa54      0x1a8 ../spectrumAnalyzer_VHDL_bsp/libhal_bsp.a(alt_dev.o)
                0x0005aa54                alt_dev_null
                0x0005aa7c                alt_fd_list
 .data          0x0005abfc        0x0 ../spectrumAnalyzer_VHDL_bsp/libhal_bsp.a(alt_errno.o)
 .data          0x0005abfc        0x0 ../spectrumAnalyzer_VHDL_bsp/libhal_bsp.a(alt_fstat.o)
 .data          0x0005abfc        0x0 ../spectrumAnalyzer_VHDL_bsp/libhal_bsp.a(alt_gettod.o)
 .data          0x0005abfc        0x0 ../spectrumAnalyzer_VHDL_bsp/libhal_bsp.a(alt_isatty.o)
 .data          0x0005abfc        0x0 ../spectrumAnalyzer_VHDL_bsp/libhal_bsp.a(alt_load.o)
 .data          0x0005abfc        0x0 ../spectrumAnalyzer_VHDL_bsp/libhal_bsp.a(alt_lseek.o)
 .data          0x0005abfc        0x0 ../spectrumAnalyzer_VHDL_bsp/libhal_bsp.a(alt_main.o)
 .data          0x0005abfc        0x0 ../spectrumAnalyzer_VHDL_bsp/libhal_bsp.a(alt_malloc_lock.o)
 .data          0x0005abfc        0x0 ../spectrumAnalyzer_VHDL_bsp/libhal_bsp.a(alt_read.o)
 .data          0x0005abfc        0x0 ../spectrumAnalyzer_VHDL_bsp/libhal_bsp.a(alt_release_fd.o)
 .data          0x0005abfc        0x0 ../spectrumAnalyzer_VHDL_bsp/libhal_bsp.a(alt_sbrk.o)
 .data          0x0005abfc        0x0 ../spectrumAnalyzer_VHDL_bsp/libhal_bsp.a(alt_tick.o)
 .data          0x0005abfc        0x0 ../spectrumAnalyzer_VHDL_bsp/libhal_bsp.a(alt_write.o)
 .data          0x0005abfc     0x10fc ../spectrumAnalyzer_VHDL_bsp/libhal_bsp.a(alt_sys_init.o)
 .data          0x0005bcf8        0x0 ../spectrumAnalyzer_VHDL_bsp/libhal_bsp.a(altera_avalon_jtag_uart_fd.o)
 .data          0x0005bcf8        0x0 ../spectrumAnalyzer_VHDL_bsp/libhal_bsp.a(altera_avalon_jtag_uart_init.o)
 .data          0x0005bcf8        0x0 ../spectrumAnalyzer_VHDL_bsp/libhal_bsp.a(altera_avalon_jtag_uart_ioctl.o)
 .data          0x0005bcf8        0x0 ../spectrumAnalyzer_VHDL_bsp/libhal_bsp.a(altera_avalon_jtag_uart_read.o)
 .data          0x0005bcf8        0x0 ../spectrumAnalyzer_VHDL_bsp/libhal_bsp.a(altera_avalon_jtag_uart_write.o)
 .data          0x0005bcf8        0x0 ../spectrumAnalyzer_VHDL_bsp/libhal_bsp.a(altera_avalon_timer_sc.o)
 .data          0x0005bcf8        0x0 ../spectrumAnalyzer_VHDL_bsp/libhal_bsp.a(altera_up_avalon_video_character_buffer_with_dma.o)
 .data          0x0005bcf8        0x0 ../spectrumAnalyzer_VHDL_bsp/libhal_bsp.a(altera_up_avalon_video_pixel_buffer_dma.o)
 .data          0x0005bcf8        0x0 ../spectrumAnalyzer_VHDL_bsp/libhal_bsp.a(alt_alarm_start.o)
 .data          0x0005bcf8        0x0 ../spectrumAnalyzer_VHDL_bsp/libhal_bsp.a(alt_dcache_flush_all.o)
 .data          0x0005bcf8        0x0 ../spectrumAnalyzer_VHDL_bsp/libhal_bsp.a(alt_dev_llist_insert.o)
 .data          0x0005bcf8        0x0 ../spectrumAnalyzer_VHDL_bsp/libhal_bsp.a(alt_find_dev.o)
 .data          0x0005bcf8        0x0 ../spectrumAnalyzer_VHDL_bsp/libhal_bsp.a(alt_icache_flush_all.o)
 .data          0x0005bcf8        0x0 ../spectrumAnalyzer_VHDL_bsp/libhal_bsp.a(alt_iic.o)
 .data          0x0005bcf8        0x0 ../spectrumAnalyzer_VHDL_bsp/libhal_bsp.a(alt_iic_isr_register.o)
 .data          0x0005bcf8        0x0 ../spectrumAnalyzer_VHDL_bsp/libhal_bsp.a(alt_io_redirect.o)
 .data          0x0005bcf8        0x0 ../spectrumAnalyzer_VHDL_bsp/libhal_bsp.a(alt_irq_entry.o)
 .data          0x0005bcf8        0x0 ../spectrumAnalyzer_VHDL_bsp/libhal_bsp.a(alt_irq_handler.o)
 .data          0x0005bcf8        0x0 ../spectrumAnalyzer_VHDL_bsp/libhal_bsp.a(alt_irq_vars.o)
 .data          0x0005bcf8        0x0 ../spectrumAnalyzer_VHDL_bsp/libhal_bsp.a(alt_open.o)
 .data          0x0005bcf8        0x0 ../spectrumAnalyzer_VHDL_bsp/libhal_bsp.a(altera_nios2_qsys_irq.o)
 .data          0x0005bcf8        0x0 ../spectrumAnalyzer_VHDL_bsp/libhal_bsp.a(alt_exception_entry.o)
 .data          0x0005bcf8        0x0 ../spectrumAnalyzer_VHDL_bsp/libhal_bsp.a(alt_find_file.o)
 .data          0x0005bcf8        0x0 ../spectrumAnalyzer_VHDL_bsp/libhal_bsp.a(alt_get_fd.o)
 .data          0x0005bcf8        0x0 /opt/altera/13.0sp1/nios2eds/bin/gnu/H-i686-pc-linux-gnu/bin/../lib/gcc/nios2-elf/4.1.2/../../../../nios2-elf/lib/mno-hw-mul/libc.a(lib_a-exit.o)
 .data          0x0005bcf8        0x0 /opt/altera/13.0sp1/nios2eds/bin/gnu/H-i686-pc-linux-gnu/bin/../lib/gcc/nios2-elf/4.1.2/../../../../nios2-elf/lib/mno-hw-mul/libc.a(lib_a-memcmp.o)
 .data          0x0005bcf8        0x0 /opt/altera/13.0sp1/nios2eds/bin/gnu/H-i686-pc-linux-gnu/bin/../lib/gcc/nios2-elf/4.1.2/../../../../nios2-elf/lib/mno-hw-mul/libc.a(lib_a-__call_atexit.o)
 .data          0x0005bcf8        0x0 ../spectrumAnalyzer_VHDL_bsp/libhal_bsp.a(alt_exit.o)
                0x00063cf8                _gp = ABSOLUTE ((. + 0x8000))
                0x00063cf8                PROVIDE (gp, _gp)
 *(.rwdata .rwdata.*)
 *(.sdata .sdata.* .gnu.linkonce.s.*)
 .sdata         0x0005bcf8        0xc obj/default/draw.o
                0x0005bcf8                pixelBufferName
                0x0005bcfc                drawX0
                0x0005bcfe                drawX1
                0x0005bd00                drawY0
                0x0005bd02                drawY1
 .sdata         0x0005bd04       0x1c obj/default/externalInterfaces.o
                0x0005bd04                fft_in_0
                0x0005bd08                fft_in_1
                0x0005bd0c                fft_in_2
                0x0005bd10                fft_in_3
                0x0005bd14                control_in
                0x0005bd18                control_out
                0x0005bd1c                rotary_val
 .sdata         0x0005bd20        0x8 obj/default/main.o
                0x0005bd20                ledR
                0x0005bd24                ledG
 .sdata         0x0005bd28        0x4 obj/default/text.o
                0x0005bd28                charBufferName
 .sdata         0x0005bd2c        0x8 /opt/altera/13.0sp1/nios2eds/bin/gnu/H-i686-pc-linux-gnu/bin/../lib/gcc/nios2-elf/4.1.2/../../../../nios2-elf/lib/mno-hw-mul/libc.a(lib_a-mallocr.o)
                0x0005bd2c                __malloc_trim_threshold
                0x0005bd30                __malloc_sbrk_base
 .sdata         0x0005bd34        0x8 /opt/altera/13.0sp1/nios2eds/bin/gnu/H-i686-pc-linux-gnu/bin/../lib/gcc/nios2-elf/4.1.2/../../../../nios2-elf/lib/mno-hw-mul/libc.a(lib_a-impure.o)
                0x0005bd34                _impure_ptr
                0x0005bd38                _global_impure_ptr
 .sdata         0x0005bd3c        0x8 /opt/altera/13.0sp1/nios2eds/bin/gnu/H-i686-pc-linux-gnu/bin/../lib/gcc/nios2-elf/4.1.2/../../../../nios2-elf/lib/mno-hw-mul/libc.a(lib_a-locale.o)
                0x0005bd3c                __mb_cur_max
 .sdata         0x0005bd44       0x14 ../spectrumAnalyzer_VHDL_bsp/libhal_bsp.a(alt_dev.o)
                0x0005bd44                alt_fs_list
                0x0005bd4c                alt_dev_list
                0x0005bd54                alt_max_fd
 .sdata         0x0005bd58        0x4 ../spectrumAnalyzer_VHDL_bsp/libhal_bsp.a(alt_errno.o)
                0x0005bd58                alt_errno
 .sdata         0x0005bd5c        0x4 ../spectrumAnalyzer_VHDL_bsp/libhal_bsp.a(alt_sbrk.o)
 .sdata         0x0005bd60        0x8 ../spectrumAnalyzer_VHDL_bsp/libhal_bsp.a(alt_tick.o)
                0x0005bd60                alt_alarm_list
 .sdata         0x0005bd68        0x4 ../spectrumAnalyzer_VHDL_bsp/libhal_bsp.a(alt_irq_vars.o)
                0x0005bd68                alt_priority_mask
 *(.sdata2 .sdata2.* .gnu.linkonce.s2.*)
                0x0005bd6c                . = ALIGN (0x4)
                0x0005bd6c                _edata = ABSOLUTE (.)
                0x0005bd6c                PROVIDE (edata, ABSOLUTE (.))
                0x0005bd6c                PROVIDE (__ram_rwdata_end, ABSOLUTE (.))
                0x0005bd6c                PROVIDE (__flash_rwdata_start, LOADADDR (.rwdata))

.bss            0x0005d898      0x488
                0x0005d898                __bss_start = ABSOLUTE (.)
                0x0005d898                PROVIDE (__sbss_start, ABSOLUTE (.))
                0x0005d898                PROVIDE (___sbss_start, ABSOLUTE (.))
 *(.dynsbss)
 *(.sbss .sbss.* .gnu.linkonce.sb.*)
 .sbss          0x0005d898        0x4 obj/default/draw.o
                0x0005d898                pixel_buffer_dev
 .sbss          0x0005d89c        0x1 obj/default/main.o
                0x0005d89c                rangeChanged
 *fill*         0x0005d89d        0x3 00
 .sbss          0x0005d8a0        0xc obj/default/text.o
                0x0005d8a0                lastTime
                0x0005d8a4                frames
                0x0005d8a8                char_buffer_dev
 .sbss          0x0005d8ac        0xc /opt/altera/13.0sp1/nios2eds/bin/gnu/H-i686-pc-linux-gnu/bin/../lib/gcc/nios2-elf/4.1.2/../../../../nios2-elf/lib/mno-hw-mul/libc.a(lib_a-mallocr.o)
                0x0005d8ac                __malloc_top_pad
                0x0005d8b0                __malloc_max_sbrked_mem
                0x0005d8b4                __malloc_max_total_mem
 .sbss          0x0005d8b8        0x4 /opt/altera/13.0sp1/nios2eds/bin/gnu/H-i686-pc-linux-gnu/bin/../lib/gcc/nios2-elf/4.1.2/../../../../nios2-elf/lib/mno-hw-mul/libc.a(lib_a-int_errno.o)
                0x0005d8b8                errno
 .sbss          0x0005d8bc        0xc /opt/altera/13.0sp1/nios2eds/bin/gnu/H-i686-pc-linux-gnu/bin/../lib/gcc/nios2-elf/4.1.2/../../../../nios2-elf/lib/mno-hw-mul/libc.a(lib_a-locale.o)
                0x0005d8bc                __nlocale_changed
                0x0005d8c0                __mlocale_changed
                0x0005d8c4                _PathLocale
 .sbss          0x0005d8c8       0x10 ../spectrumAnalyzer_VHDL_bsp/libhal_bsp.a(alt_gettod.o)
                0x0005d8c8                alt_timezone
                0x0005d8d0                alt_resettime
 .sbss          0x0005d8d8        0xc ../spectrumAnalyzer_VHDL_bsp/libhal_bsp.a(alt_main.o)
                0x0005d8d8                alt_argc
                0x0005d8dc                alt_argv
                0x0005d8e0                alt_envp
 .sbss          0x0005d8e4        0x8 ../spectrumAnalyzer_VHDL_bsp/libhal_bsp.a(alt_tick.o)
                0x0005d8e4                _alt_tick_rate
                0x0005d8e8                _alt_nticks
 .sbss          0x0005d8ec        0x4 ../spectrumAnalyzer_VHDL_bsp/libhal_bsp.a(alt_irq_vars.o)
                0x0005d8ec                alt_irq_active
 *(.sbss2 .sbss2.* .gnu.linkonce.sb2.*)
 *(.scommon)
                0x0005d8f0                PROVIDE (__sbss_end, ABSOLUTE (.))
                0x0005d8f0                PROVIDE (___sbss_end, ABSOLUTE (.))
 *(.dynbss)
 *(.bss .bss.* .gnu.linkonce.b.*)
 .bss           0x0005d8f0        0x0 ../spectrumAnalyzer_VHDL_bsp/obj/HAL/src/crt0.o
 .bss           0x0005d8f0        0x0 obj/default/draw.o
 .bss           0x0005d8f0        0x0 obj/default/externalInterfaces.o
 .bss           0x0005d8f0        0x0 obj/default/main.o
 .bss           0x0005d8f0        0x0 obj/default/text.o
 .bss           0x0005d8f0        0x0 /opt/altera/13.0sp1/nios2eds/bin/gnu/H-i686-pc-linux-gnu/bin/../lib/gcc/nios2-elf/4.1.2/mno-hw-mul/libgcc.a(_mul_sf.o)
 .bss           0x0005d8f0        0x0 /opt/altera/13.0sp1/nios2eds/bin/gnu/H-i686-pc-linux-gnu/bin/../lib/gcc/nios2-elf/4.1.2/mno-hw-mul/libgcc.a(_si_to_sf.o)
 .bss           0x0005d8f0        0x0 /opt/altera/13.0sp1/nios2eds/bin/gnu/H-i686-pc-linux-gnu/bin/../lib/gcc/nios2-elf/4.1.2/mno-hw-mul/libgcc.a(_sf_to_si.o)
 .bss           0x0005d8f0        0x0 /opt/altera/13.0sp1/nios2eds/bin/gnu/H-i686-pc-linux-gnu/bin/../lib/gcc/nios2-elf/4.1.2/mno-hw-mul/libgcc.a(_thenan_sf.o)
 .bss           0x0005d8f0        0x0 /opt/altera/13.0sp1/nios2eds/bin/gnu/H-i686-pc-linux-gnu/bin/../lib/gcc/nios2-elf/4.1.2/mno-hw-mul/libgcc.a(_usi_to_sf.o)
 .bss           0x0005d8f0        0x0 /opt/altera/13.0sp1/nios2eds/bin/gnu/H-i686-pc-linux-gnu/bin/../lib/gcc/nios2-elf/4.1.2/mno-hw-mul/libgcc.a(lib2-divmod.o)
 .bss           0x0005d8f0        0x0 /opt/altera/13.0sp1/nios2eds/bin/gnu/H-i686-pc-linux-gnu/bin/../lib/gcc/nios2-elf/4.1.2/mno-hw-mul/libgcc.a(lib2-mul.o)
 .bss           0x0005d8f0        0x0 /opt/altera/13.0sp1/nios2eds/bin/gnu/H-i686-pc-linux-gnu/bin/../lib/gcc/nios2-elf/4.1.2/mno-hw-mul/libgcc.a(_muldi3.o)
 .bss           0x0005d8f0        0x0 /opt/altera/13.0sp1/nios2eds/bin/gnu/H-i686-pc-linux-gnu/bin/../lib/gcc/nios2-elf/4.1.2/mno-hw-mul/libgcc.a(_clzsi2.o)
 .bss           0x0005d8f0        0x0 /opt/altera/13.0sp1/nios2eds/bin/gnu/H-i686-pc-linux-gnu/bin/../lib/gcc/nios2-elf/4.1.2/mno-hw-mul/libgcc.a(_pack_sf.o)
 .bss           0x0005d8f0        0x0 /opt/altera/13.0sp1/nios2eds/bin/gnu/H-i686-pc-linux-gnu/bin/../lib/gcc/nios2-elf/4.1.2/mno-hw-mul/libgcc.a(_unpack_sf.o)
 .bss           0x0005d8f0        0x0 /opt/altera/13.0sp1/nios2eds/bin/gnu/H-i686-pc-linux-gnu/bin/../lib/gcc/nios2-elf/4.1.2/mno-hw-mul/libgcc.a(_clz.o)
 .bss           0x0005d8f0        0x0 /opt/altera/13.0sp1/nios2eds/bin/gnu/H-i686-pc-linux-gnu/bin/../lib/gcc/nios2-elf/4.1.2/../../../../nios2-elf/lib/mno-hw-mul/libc.a(lib_a-malloc.o)
 .bss           0x0005d8f0       0x28 /opt/altera/13.0sp1/nios2eds/bin/gnu/H-i686-pc-linux-gnu/bin/../lib/gcc/nios2-elf/4.1.2/../../../../nios2-elf/lib/mno-hw-mul/libc.a(lib_a-mallocr.o)
                0x0005d8f0                __malloc_current_mallinfo
 .bss           0x0005d918        0x0 /opt/altera/13.0sp1/nios2eds/bin/gnu/H-i686-pc-linux-gnu/bin/../lib/gcc/nios2-elf/4.1.2/../../../../nios2-elf/lib/mno-hw-mul/libc.a(lib_a-puts.o)
 .bss           0x0005d918        0x0 /opt/altera/13.0sp1/nios2eds/bin/gnu/H-i686-pc-linux-gnu/bin/../lib/gcc/nios2-elf/4.1.2/../../../../nios2-elf/lib/mno-hw-mul/libc.a(lib_a-sbrkr.o)
 .bss           0x0005d918        0x0 /opt/altera/13.0sp1/nios2eds/bin/gnu/H-i686-pc-linux-gnu/bin/../lib/gcc/nios2-elf/4.1.2/../../../../nios2-elf/lib/mno-hw-mul/libc.a(lib_a-sprintf.o)
 .bss           0x0005d918        0x0 /opt/altera/13.0sp1/nios2eds/bin/gnu/H-i686-pc-linux-gnu/bin/../lib/gcc/nios2-elf/4.1.2/../../../../nios2-elf/lib/mno-hw-mul/libc.a(lib_a-strlen.o)
 .bss           0x0005d918        0x0 /opt/altera/13.0sp1/nios2eds/bin/gnu/H-i686-pc-linux-gnu/bin/../lib/gcc/nios2-elf/4.1.2/../../../../nios2-elf/lib/mno-hw-mul/libc.a(lib_a-time.o)
 .bss           0x0005d918        0x0 /opt/altera/13.0sp1/nios2eds/bin/gnu/H-i686-pc-linux-gnu/bin/../lib/gcc/nios2-elf/4.1.2/../../../../nios2-elf/lib/mno-hw-mul/libc.a(lib_a-vfprintf.o)
 .bss           0x0005d918        0x0 /opt/altera/13.0sp1/nios2eds/bin/gnu/H-i686-pc-linux-gnu/bin/../lib/gcc/nios2-elf/4.1.2/../../../../nios2-elf/lib/mno-hw-mul/libc.a(lib_a-wsetup.o)
 .bss           0x0005d918        0x0 /opt/altera/13.0sp1/nios2eds/bin/gnu/H-i686-pc-linux-gnu/bin/../lib/gcc/nios2-elf/4.1.2/../../../../nios2-elf/lib/mno-hw-mul/libc.a(lib_a-dtoa.o)
 .bss           0x0005d918        0x0 /opt/altera/13.0sp1/nios2eds/bin/gnu/H-i686-pc-linux-gnu/bin/../lib/gcc/nios2-elf/4.1.2/../../../../nios2-elf/lib/mno-hw-mul/libc.a(lib_a-fflush.o)
 .bss           0x0005d918        0x0 /opt/altera/13.0sp1/nios2eds/bin/gnu/H-i686-pc-linux-gnu/bin/../lib/gcc/nios2-elf/4.1.2/../../../../nios2-elf/lib/mno-hw-mul/libc.a(lib_a-findfp.o)
 .bss           0x0005d918        0x0 /opt/altera/13.0sp1/nios2eds/bin/gnu/H-i686-pc-linux-gnu/bin/../lib/gcc/nios2-elf/4.1.2/../../../../nios2-elf/lib/mno-hw-mul/libc.a(lib_a-freer.o)
 .bss           0x0005d918        0x0 /opt/altera/13.0sp1/nios2eds/bin/gnu/H-i686-pc-linux-gnu/bin/../lib/gcc/nios2-elf/4.1.2/../../../../nios2-elf/lib/mno-hw-mul/libc.a(lib_a-fvwrite.o)
 .bss           0x0005d918        0x0 /opt/altera/13.0sp1/nios2eds/bin/gnu/H-i686-pc-linux-gnu/bin/../lib/gcc/nios2-elf/4.1.2/../../../../nios2-elf/lib/mno-hw-mul/libc.a(lib_a-fwalk.o)
 .bss           0x0005d918        0x0 /opt/altera/13.0sp1/nios2eds/bin/gnu/H-i686-pc-linux-gnu/bin/../lib/gcc/nios2-elf/4.1.2/../../../../nios2-elf/lib/mno-hw-mul/libc.a(lib_a-gettimeofdayr.o)
 .bss           0x0005d918        0x0 /opt/altera/13.0sp1/nios2eds/bin/gnu/H-i686-pc-linux-gnu/bin/../lib/gcc/nios2-elf/4.1.2/../../../../nios2-elf/lib/mno-hw-mul/libc.a(lib_a-impure.o)
 .bss           0x0005d918        0x0 /opt/altera/13.0sp1/nios2eds/bin/gnu/H-i686-pc-linux-gnu/bin/../lib/gcc/nios2-elf/4.1.2/../../../../nios2-elf/lib/mno-hw-mul/libc.a(lib_a-int_errno.o)
 .bss           0x0005d918        0x0 /opt/altera/13.0sp1/nios2eds/bin/gnu/H-i686-pc-linux-gnu/bin/../lib/gcc/nios2-elf/4.1.2/../../../../nios2-elf/lib/mno-hw-mul/libc.a(lib_a-locale.o)
 .bss           0x0005d918        0x0 /opt/altera/13.0sp1/nios2eds/bin/gnu/H-i686-pc-linux-gnu/bin/../lib/gcc/nios2-elf/4.1.2/../../../../nios2-elf/lib/mno-hw-mul/libc.a(lib_a-makebuf.o)
 .bss           0x0005d918        0x0 /opt/altera/13.0sp1/nios2eds/bin/gnu/H-i686-pc-linux-gnu/bin/../lib/gcc/nios2-elf/4.1.2/../../../../nios2-elf/lib/mno-hw-mul/libc.a(lib_a-memchr.o)
 .bss           0x0005d918        0x0 /opt/altera/13.0sp1/nios2eds/bin/gnu/H-i686-pc-linux-gnu/bin/../lib/gcc/nios2-elf/4.1.2/../../../../nios2-elf/lib/mno-hw-mul/libc.a(lib_a-memcpy.o)
 .bss           0x0005d918        0x0 /opt/altera/13.0sp1/nios2eds/bin/gnu/H-i686-pc-linux-gnu/bin/../lib/gcc/nios2-elf/4.1.2/../../../../nios2-elf/lib/mno-hw-mul/libc.a(lib_a-memmove.o)
 .bss           0x0005d918        0x0 /opt/altera/13.0sp1/nios2eds/bin/gnu/H-i686-pc-linux-gnu/bin/../lib/gcc/nios2-elf/4.1.2/../../../../nios2-elf/lib/mno-hw-mul/libc.a(lib_a-memset.o)
 .bss           0x0005d918        0x0 /opt/altera/13.0sp1/nios2eds/bin/gnu/H-i686-pc-linux-gnu/bin/../lib/gcc/nios2-elf/4.1.2/../../../../nios2-elf/lib/mno-hw-mul/libc.a(lib_a-mprec.o)
 .bss           0x0005d918        0x0 /opt/altera/13.0sp1/nios2eds/bin/gnu/H-i686-pc-linux-gnu/bin/../lib/gcc/nios2-elf/4.1.2/../../../../nios2-elf/lib/mno-hw-mul/libc.a(lib_a-reallocr.o)
 .bss           0x0005d918        0x0 /opt/altera/13.0sp1/nios2eds/bin/gnu/H-i686-pc-linux-gnu/bin/../lib/gcc/nios2-elf/4.1.2/../../../../nios2-elf/lib/mno-hw-mul/libc.a(lib_a-s_isinfd.o)
 .bss           0x0005d918        0x0 /opt/altera/13.0sp1/nios2eds/bin/gnu/H-i686-pc-linux-gnu/bin/../lib/gcc/nios2-elf/4.1.2/../../../../nios2-elf/lib/mno-hw-mul/libc.a(lib_a-s_isnand.o)
 .bss           0x0005d918        0x0 /opt/altera/13.0sp1/nios2eds/bin/gnu/H-i686-pc-linux-gnu/bin/../lib/gcc/nios2-elf/4.1.2/../../../../nios2-elf/lib/mno-hw-mul/libc.a(lib_a-stdio.o)
 .bss           0x0005d918        0x0 /opt/altera/13.0sp1/nios2eds/bin/gnu/H-i686-pc-linux-gnu/bin/../lib/gcc/nios2-elf/4.1.2/../../../../nios2-elf/lib/mno-hw-mul/libc.a(lib_a-strcmp.o)
 .bss           0x0005d918        0x0 /opt/altera/13.0sp1/nios2eds/bin/gnu/H-i686-pc-linux-gnu/bin/../lib/gcc/nios2-elf/4.1.2/../../../../nios2-elf/lib/mno-hw-mul/libc.a(lib_a-writer.o)
 .bss           0x0005d918        0x0 /opt/altera/13.0sp1/nios2eds/bin/gnu/H-i686-pc-linux-gnu/bin/../lib/gcc/nios2-elf/4.1.2/../../../../nios2-elf/lib/mno-hw-mul/libc.a(lib_a-callocr.o)
 .bss           0x0005d918        0x0 /opt/altera/13.0sp1/nios2eds/bin/gnu/H-i686-pc-linux-gnu/bin/../lib/gcc/nios2-elf/4.1.2/../../../../nios2-elf/lib/mno-hw-mul/libc.a(lib_a-closer.o)
 .bss           0x0005d918        0x0 /opt/altera/13.0sp1/nios2eds/bin/gnu/H-i686-pc-linux-gnu/bin/../lib/gcc/nios2-elf/4.1.2/../../../../nios2-elf/lib/mno-hw-mul/libc.a(lib_a-fclose.o)
 .bss           0x0005d918        0x0 /opt/altera/13.0sp1/nios2eds/bin/gnu/H-i686-pc-linux-gnu/bin/../lib/gcc/nios2-elf/4.1.2/../../../../nios2-elf/lib/mno-hw-mul/libc.a(lib_a-fstatr.o)
 .bss           0x0005d918        0x0 /opt/altera/13.0sp1/nios2eds/bin/gnu/H-i686-pc-linux-gnu/bin/../lib/gcc/nios2-elf/4.1.2/../../../../nios2-elf/lib/mno-hw-mul/libc.a(lib_a-isattyr.o)
 .bss           0x0005d918        0x0 /opt/altera/13.0sp1/nios2eds/bin/gnu/H-i686-pc-linux-gnu/bin/../lib/gcc/nios2-elf/4.1.2/../../../../nios2-elf/lib/mno-hw-mul/libc.a(lib_a-lseekr.o)
 .bss           0x0005d918        0x0 /opt/altera/13.0sp1/nios2eds/bin/gnu/H-i686-pc-linux-gnu/bin/../lib/gcc/nios2-elf/4.1.2/../../../../nios2-elf/lib/mno-hw-mul/libc.a(lib_a-readr.o)
 .bss           0x0005d918        0x0 /opt/altera/13.0sp1/nios2eds/bin/gnu/H-i686-pc-linux-gnu/bin/../lib/gcc/nios2-elf/4.1.2/mno-hw-mul/libgcc.a(_udivdi3.o)
 .bss           0x0005d918        0x0 /opt/altera/13.0sp1/nios2eds/bin/gnu/H-i686-pc-linux-gnu/bin/../lib/gcc/nios2-elf/4.1.2/mno-hw-mul/libgcc.a(_umoddi3.o)
 .bss           0x0005d918        0x0 /opt/altera/13.0sp1/nios2eds/bin/gnu/H-i686-pc-linux-gnu/bin/../lib/gcc/nios2-elf/4.1.2/mno-hw-mul/libgcc.a(_addsub_df.o)
 .bss           0x0005d918        0x0 /opt/altera/13.0sp1/nios2eds/bin/gnu/H-i686-pc-linux-gnu/bin/../lib/gcc/nios2-elf/4.1.2/mno-hw-mul/libgcc.a(_mul_df.o)
 .bss           0x0005d918        0x0 /opt/altera/13.0sp1/nios2eds/bin/gnu/H-i686-pc-linux-gnu/bin/../lib/gcc/nios2-elf/4.1.2/mno-hw-mul/libgcc.a(_div_df.o)
 .bss           0x0005d918        0x0 /opt/altera/13.0sp1/nios2eds/bin/gnu/H-i686-pc-linux-gnu/bin/../lib/gcc/nios2-elf/4.1.2/mno-hw-mul/libgcc.a(_eq_df.o)
 .bss           0x0005d918        0x0 /opt/altera/13.0sp1/nios2eds/bin/gnu/H-i686-pc-linux-gnu/bin/../lib/gcc/nios2-elf/4.1.2/mno-hw-mul/libgcc.a(_ne_df.o)
 .bss           0x0005d918        0x0 /opt/altera/13.0sp1/nios2eds/bin/gnu/H-i686-pc-linux-gnu/bin/../lib/gcc/nios2-elf/4.1.2/mno-hw-mul/libgcc.a(_gt_df.o)
 .bss           0x0005d918        0x0 /opt/altera/13.0sp1/nios2eds/bin/gnu/H-i686-pc-linux-gnu/bin/../lib/gcc/nios2-elf/4.1.2/mno-hw-mul/libgcc.a(_ge_df.o)
 .bss           0x0005d918        0x0 /opt/altera/13.0sp1/nios2eds/bin/gnu/H-i686-pc-linux-gnu/bin/../lib/gcc/nios2-elf/4.1.2/mno-hw-mul/libgcc.a(_lt_df.o)
 .bss           0x0005d918        0x0 /opt/altera/13.0sp1/nios2eds/bin/gnu/H-i686-pc-linux-gnu/bin/../lib/gcc/nios2-elf/4.1.2/mno-hw-mul/libgcc.a(_si_to_df.o)
 .bss           0x0005d918        0x0 /opt/altera/13.0sp1/nios2eds/bin/gnu/H-i686-pc-linux-gnu/bin/../lib/gcc/nios2-elf/4.1.2/mno-hw-mul/libgcc.a(_df_to_si.o)
 .bss           0x0005d918        0x0 /opt/altera/13.0sp1/nios2eds/bin/gnu/H-i686-pc-linux-gnu/bin/../lib/gcc/nios2-elf/4.1.2/mno-hw-mul/libgcc.a(_thenan_df.o)
 .bss           0x0005d918        0x0 /opt/altera/13.0sp1/nios2eds/bin/gnu/H-i686-pc-linux-gnu/bin/../lib/gcc/nios2-elf/4.1.2/mno-hw-mul/libgcc.a(_usi_to_df.o)
 .bss           0x0005d918        0x0 /opt/altera/13.0sp1/nios2eds/bin/gnu/H-i686-pc-linux-gnu/bin/../lib/gcc/nios2-elf/4.1.2/mno-hw-mul/libgcc.a(_pack_df.o)
 .bss           0x0005d918        0x0 /opt/altera/13.0sp1/nios2eds/bin/gnu/H-i686-pc-linux-gnu/bin/../lib/gcc/nios2-elf/4.1.2/mno-hw-mul/libgcc.a(_unpack_df.o)
 .bss           0x0005d918        0x0 /opt/altera/13.0sp1/nios2eds/bin/gnu/H-i686-pc-linux-gnu/bin/../lib/gcc/nios2-elf/4.1.2/mno-hw-mul/libgcc.a(_fpcmp_parts_df.o)
 .bss           0x0005d918        0x0 ../spectrumAnalyzer_VHDL_bsp/libhal_bsp.a(alt_close.o)
 .bss           0x0005d918        0x0 ../spectrumAnalyzer_VHDL_bsp/libhal_bsp.a(alt_dev.o)
 .bss           0x0005d918        0x0 ../spectrumAnalyzer_VHDL_bsp/libhal_bsp.a(alt_errno.o)
 .bss           0x0005d918        0x0 ../spectrumAnalyzer_VHDL_bsp/libhal_bsp.a(alt_fstat.o)
 .bss           0x0005d918        0x0 ../spectrumAnalyzer_VHDL_bsp/libhal_bsp.a(alt_gettod.o)
 .bss           0x0005d918        0x0 ../spectrumAnalyzer_VHDL_bsp/libhal_bsp.a(alt_isatty.o)
 .bss           0x0005d918        0x0 ../spectrumAnalyzer_VHDL_bsp/libhal_bsp.a(alt_load.o)
 .bss           0x0005d918        0x0 ../spectrumAnalyzer_VHDL_bsp/libhal_bsp.a(alt_lseek.o)
 .bss           0x0005d918        0x0 ../spectrumAnalyzer_VHDL_bsp/libhal_bsp.a(alt_main.o)
 .bss           0x0005d918        0x0 ../spectrumAnalyzer_VHDL_bsp/libhal_bsp.a(alt_malloc_lock.o)
 .bss           0x0005d918        0x0 ../spectrumAnalyzer_VHDL_bsp/libhal_bsp.a(alt_read.o)
 .bss           0x0005d918        0x0 ../spectrumAnalyzer_VHDL_bsp/libhal_bsp.a(alt_release_fd.o)
 .bss           0x0005d918        0x0 ../spectrumAnalyzer_VHDL_bsp/libhal_bsp.a(alt_sbrk.o)
 .bss           0x0005d918        0x0 ../spectrumAnalyzer_VHDL_bsp/libhal_bsp.a(alt_tick.o)
 .bss           0x0005d918        0x0 ../spectrumAnalyzer_VHDL_bsp/libhal_bsp.a(alt_write.o)
 .bss           0x0005d918        0x0 ../spectrumAnalyzer_VHDL_bsp/libhal_bsp.a(alt_sys_init.o)
 .bss           0x0005d918        0x0 ../spectrumAnalyzer_VHDL_bsp/libhal_bsp.a(altera_avalon_jtag_uart_fd.o)
 .bss           0x0005d918        0x0 ../spectrumAnalyzer_VHDL_bsp/libhal_bsp.a(altera_avalon_jtag_uart_init.o)
 .bss           0x0005d918        0x0 ../spectrumAnalyzer_VHDL_bsp/libhal_bsp.a(altera_avalon_jtag_uart_ioctl.o)
 .bss           0x0005d918        0x0 ../spectrumAnalyzer_VHDL_bsp/libhal_bsp.a(altera_avalon_jtag_uart_read.o)
 .bss           0x0005d918        0x0 ../spectrumAnalyzer_VHDL_bsp/libhal_bsp.a(altera_avalon_jtag_uart_write.o)
 .bss           0x0005d918        0x0 ../spectrumAnalyzer_VHDL_bsp/libhal_bsp.a(altera_avalon_timer_sc.o)
 .bss           0x0005d918        0x0 ../spectrumAnalyzer_VHDL_bsp/libhal_bsp.a(altera_up_avalon_video_character_buffer_with_dma.o)
 .bss           0x0005d918        0x0 ../spectrumAnalyzer_VHDL_bsp/libhal_bsp.a(altera_up_avalon_video_pixel_buffer_dma.o)
 .bss           0x0005d918        0x0 ../spectrumAnalyzer_VHDL_bsp/libhal_bsp.a(alt_alarm_start.o)
 .bss           0x0005d918        0x0 ../spectrumAnalyzer_VHDL_bsp/libhal_bsp.a(alt_dcache_flush_all.o)
 .bss           0x0005d918        0x0 ../spectrumAnalyzer_VHDL_bsp/libhal_bsp.a(alt_dev_llist_insert.o)
 .bss           0x0005d918        0x0 ../spectrumAnalyzer_VHDL_bsp/libhal_bsp.a(alt_find_dev.o)
 .bss           0x0005d918        0x0 ../spectrumAnalyzer_VHDL_bsp/libhal_bsp.a(alt_icache_flush_all.o)
 .bss           0x0005d918        0x0 ../spectrumAnalyzer_VHDL_bsp/libhal_bsp.a(alt_iic.o)
 .bss           0x0005d918        0x0 ../spectrumAnalyzer_VHDL_bsp/libhal_bsp.a(alt_iic_isr_register.o)
 .bss           0x0005d918        0x0 ../spectrumAnalyzer_VHDL_bsp/libhal_bsp.a(alt_io_redirect.o)
 .bss           0x0005d918        0x0 ../spectrumAnalyzer_VHDL_bsp/libhal_bsp.a(alt_irq_entry.o)
 .bss           0x0005d918        0x0 ../spectrumAnalyzer_VHDL_bsp/libhal_bsp.a(alt_irq_handler.o)
 .bss           0x0005d918        0x0 ../spectrumAnalyzer_VHDL_bsp/libhal_bsp.a(alt_irq_vars.o)
 .bss           0x0005d918        0x0 ../spectrumAnalyzer_VHDL_bsp/libhal_bsp.a(alt_open.o)
 .bss           0x0005d918        0x0 ../spectrumAnalyzer_VHDL_bsp/libhal_bsp.a(altera_nios2_qsys_irq.o)
 .bss           0x0005d918        0x0 ../spectrumAnalyzer_VHDL_bsp/libhal_bsp.a(alt_exception_entry.o)
 .bss           0x0005d918        0x0 ../spectrumAnalyzer_VHDL_bsp/libhal_bsp.a(alt_find_file.o)
 .bss           0x0005d918        0x0 ../spectrumAnalyzer_VHDL_bsp/libhal_bsp.a(alt_get_fd.o)
 .bss           0x0005d918        0x0 /opt/altera/13.0sp1/nios2eds/bin/gnu/H-i686-pc-linux-gnu/bin/../lib/gcc/nios2-elf/4.1.2/../../../../nios2-elf/lib/mno-hw-mul/libc.a(lib_a-exit.o)
 .bss           0x0005d918        0x0 /opt/altera/13.0sp1/nios2eds/bin/gnu/H-i686-pc-linux-gnu/bin/../lib/gcc/nios2-elf/4.1.2/../../../../nios2-elf/lib/mno-hw-mul/libc.a(lib_a-memcmp.o)
 .bss           0x0005d918        0x0 /opt/altera/13.0sp1/nios2eds/bin/gnu/H-i686-pc-linux-gnu/bin/../lib/gcc/nios2-elf/4.1.2/../../../../nios2-elf/lib/mno-hw-mul/libc.a(lib_a-__call_atexit.o)
 .bss           0x0005d918        0x0 ../spectrumAnalyzer_VHDL_bsp/libhal_bsp.a(alt_exit.o)
 *(COMMON)
 COMMON         0x0005d918      0x173 obj/default/externalInterfaces.o
                0x0005d918                fft_in
                0x0005d958                fullLUT
 *fill*         0x0005da8b        0x1 00
 COMMON         0x0005da8c      0x194 obj/default/main.o
                0x0005da8c                LUT
 COMMON         0x0005dc20      0x100 ../spectrumAnalyzer_VHDL_bsp/libhal_bsp.a(alt_irq_handler.o)
                0x0005dc20                alt_irq
                0x0005dd20                . = ALIGN (0x4)
                0x0005dd20                __bss_end = ABSOLUTE (.)

.SRAM           0x0005dd20        0x0
                0x0005dd20                PROVIDE (_alt_partition_SRAM_start, ABSOLUTE (.))
 *(.SRAM. SRAM.*)
                0x0005dd20                . = ALIGN (0x4)
                0x0005dd20                PROVIDE (_alt_partition_SRAM_end, ABSOLUTE (.))
                0x0005dd20                _end = ABSOLUTE (.)
                0x0005dd20                end = ABSOLUTE (.)
                0x0005dd20                __alt_stack_base = ABSOLUTE (.)
                0x0005dd20                PROVIDE (_alt_partition_SRAM_load_addr, LOADADDR (.SRAM))

.stab
 *(.stab)

.stabstr
 *(.stabstr)

.stab.excl
 *(.stab.excl)

.stab.exclstr
 *(.stab.exclstr)

.stab.index
 *(.stab.index)

.stab.indexstr
 *(.stab.indexstr)

.comment        0x00000000       0x26
 *(.comment)
 .comment       0x00000000       0x26 obj/default/draw.o
                                 0x27 (size before relaxing)
 .comment       0x00000000       0x27 obj/default/externalInterfaces.o
 .comment       0x00000000       0x27 obj/default/main.o
 .comment       0x00000000       0x27 obj/default/text.o
 .comment       0x00000000       0x27 /opt/altera/13.0sp1/nios2eds/bin/gnu/H-i686-pc-linux-gnu/bin/../lib/gcc/nios2-elf/4.1.2/mno-hw-mul/libgcc.a(_mul_sf.o)
 .comment       0x00000000       0x27 /opt/altera/13.0sp1/nios2eds/bin/gnu/H-i686-pc-linux-gnu/bin/../lib/gcc/nios2-elf/4.1.2/mno-hw-mul/libgcc.a(_si_to_sf.o)
 .comment       0x00000000       0x27 /opt/altera/13.0sp1/nios2eds/bin/gnu/H-i686-pc-linux-gnu/bin/../lib/gcc/nios2-elf/4.1.2/mno-hw-mul/libgcc.a(_sf_to_si.o)
 .comment       0x00000000       0x27 /opt/altera/13.0sp1/nios2eds/bin/gnu/H-i686-pc-linux-gnu/bin/../lib/gcc/nios2-elf/4.1.2/mno-hw-mul/libgcc.a(_thenan_sf.o)
 .comment       0x00000000       0x27 /opt/altera/13.0sp1/nios2eds/bin/gnu/H-i686-pc-linux-gnu/bin/../lib/gcc/nios2-elf/4.1.2/mno-hw-mul/libgcc.a(_usi_to_sf.o)
 .comment       0x00000000       0x27 /opt/altera/13.0sp1/nios2eds/bin/gnu/H-i686-pc-linux-gnu/bin/../lib/gcc/nios2-elf/4.1.2/mno-hw-mul/libgcc.a(lib2-divmod.o)
 .comment       0x00000000       0x27 /opt/altera/13.0sp1/nios2eds/bin/gnu/H-i686-pc-linux-gnu/bin/../lib/gcc/nios2-elf/4.1.2/mno-hw-mul/libgcc.a(lib2-mul.o)
 .comment       0x00000000       0x27 /opt/altera/13.0sp1/nios2eds/bin/gnu/H-i686-pc-linux-gnu/bin/../lib/gcc/nios2-elf/4.1.2/mno-hw-mul/libgcc.a(_muldi3.o)
 .comment       0x00000000       0x27 /opt/altera/13.0sp1/nios2eds/bin/gnu/H-i686-pc-linux-gnu/bin/../lib/gcc/nios2-elf/4.1.2/mno-hw-mul/libgcc.a(_clzsi2.o)
 .comment       0x00000000       0x27 /opt/altera/13.0sp1/nios2eds/bin/gnu/H-i686-pc-linux-gnu/bin/../lib/gcc/nios2-elf/4.1.2/mno-hw-mul/libgcc.a(_pack_sf.o)
 .comment       0x00000000       0x27 /opt/altera/13.0sp1/nios2eds/bin/gnu/H-i686-pc-linux-gnu/bin/../lib/gcc/nios2-elf/4.1.2/mno-hw-mul/libgcc.a(_unpack_sf.o)
 .comment       0x00000000       0x27 /opt/altera/13.0sp1/nios2eds/bin/gnu/H-i686-pc-linux-gnu/bin/../lib/gcc/nios2-elf/4.1.2/mno-hw-mul/libgcc.a(_clz.o)
 .comment       0x00000000       0x27 /opt/altera/13.0sp1/nios2eds/bin/gnu/H-i686-pc-linux-gnu/bin/../lib/gcc/nios2-elf/4.1.2/../../../../nios2-elf/lib/mno-hw-mul/libc.a(lib_a-malloc.o)
 .comment       0x00000000       0x27 /opt/altera/13.0sp1/nios2eds/bin/gnu/H-i686-pc-linux-gnu/bin/../lib/gcc/nios2-elf/4.1.2/../../../../nios2-elf/lib/mno-hw-mul/libc.a(lib_a-mallocr.o)
 .comment       0x00000000       0x27 /opt/altera/13.0sp1/nios2eds/bin/gnu/H-i686-pc-linux-gnu/bin/../lib/gcc/nios2-elf/4.1.2/../../../../nios2-elf/lib/mno-hw-mul/libc.a(lib_a-puts.o)
 .comment       0x00000000       0x27 /opt/altera/13.0sp1/nios2eds/bin/gnu/H-i686-pc-linux-gnu/bin/../lib/gcc/nios2-elf/4.1.2/../../../../nios2-elf/lib/mno-hw-mul/libc.a(lib_a-sbrkr.o)
 .comment       0x00000000       0x27 /opt/altera/13.0sp1/nios2eds/bin/gnu/H-i686-pc-linux-gnu/bin/../lib/gcc/nios2-elf/4.1.2/../../../../nios2-elf/lib/mno-hw-mul/libc.a(lib_a-sprintf.o)
 .comment       0x00000000       0x27 /opt/altera/13.0sp1/nios2eds/bin/gnu/H-i686-pc-linux-gnu/bin/../lib/gcc/nios2-elf/4.1.2/../../../../nios2-elf/lib/mno-hw-mul/libc.a(lib_a-strlen.o)
 .comment       0x00000000       0x27 /opt/altera/13.0sp1/nios2eds/bin/gnu/H-i686-pc-linux-gnu/bin/../lib/gcc/nios2-elf/4.1.2/../../../../nios2-elf/lib/mno-hw-mul/libc.a(lib_a-time.o)
 .comment       0x00000000       0x27 /opt/altera/13.0sp1/nios2eds/bin/gnu/H-i686-pc-linux-gnu/bin/../lib/gcc/nios2-elf/4.1.2/../../../../nios2-elf/lib/mno-hw-mul/libc.a(lib_a-vfprintf.o)
 .comment       0x00000000       0x27 /opt/altera/13.0sp1/nios2eds/bin/gnu/H-i686-pc-linux-gnu/bin/../lib/gcc/nios2-elf/4.1.2/../../../../nios2-elf/lib/mno-hw-mul/libc.a(lib_a-wsetup.o)
 .comment       0x00000000       0x27 /opt/altera/13.0sp1/nios2eds/bin/gnu/H-i686-pc-linux-gnu/bin/../lib/gcc/nios2-elf/4.1.2/../../../../nios2-elf/lib/mno-hw-mul/libc.a(lib_a-dtoa.o)
 .comment       0x00000000       0x27 /opt/altera/13.0sp1/nios2eds/bin/gnu/H-i686-pc-linux-gnu/bin/../lib/gcc/nios2-elf/4.1.2/../../../../nios2-elf/lib/mno-hw-mul/libc.a(lib_a-fflush.o)
 .comment       0x00000000       0x27 /opt/altera/13.0sp1/nios2eds/bin/gnu/H-i686-pc-linux-gnu/bin/../lib/gcc/nios2-elf/4.1.2/../../../../nios2-elf/lib/mno-hw-mul/libc.a(lib_a-findfp.o)
 .comment       0x00000000       0x27 /opt/altera/13.0sp1/nios2eds/bin/gnu/H-i686-pc-linux-gnu/bin/../lib/gcc/nios2-elf/4.1.2/../../../../nios2-elf/lib/mno-hw-mul/libc.a(lib_a-freer.o)
 .comment       0x00000000       0x27 /opt/altera/13.0sp1/nios2eds/bin/gnu/H-i686-pc-linux-gnu/bin/../lib/gcc/nios2-elf/4.1.2/../../../../nios2-elf/lib/mno-hw-mul/libc.a(lib_a-fvwrite.o)
 .comment       0x00000000       0x27 /opt/altera/13.0sp1/nios2eds/bin/gnu/H-i686-pc-linux-gnu/bin/../lib/gcc/nios2-elf/4.1.2/../../../../nios2-elf/lib/mno-hw-mul/libc.a(lib_a-fwalk.o)
 .comment       0x00000000       0x27 /opt/altera/13.0sp1/nios2eds/bin/gnu/H-i686-pc-linux-gnu/bin/../lib/gcc/nios2-elf/4.1.2/../../../../nios2-elf/lib/mno-hw-mul/libc.a(lib_a-gettimeofdayr.o)
 .comment       0x00000000       0x27 /opt/altera/13.0sp1/nios2eds/bin/gnu/H-i686-pc-linux-gnu/bin/../lib/gcc/nios2-elf/4.1.2/../../../../nios2-elf/lib/mno-hw-mul/libc.a(lib_a-impure.o)
 .comment       0x00000000       0x27 /opt/altera/13.0sp1/nios2eds/bin/gnu/H-i686-pc-linux-gnu/bin/../lib/gcc/nios2-elf/4.1.2/../../../../nios2-elf/lib/mno-hw-mul/libc.a(lib_a-int_errno.o)
 .comment       0x00000000       0x27 /opt/altera/13.0sp1/nios2eds/bin/gnu/H-i686-pc-linux-gnu/bin/../lib/gcc/nios2-elf/4.1.2/../../../../nios2-elf/lib/mno-hw-mul/libc.a(lib_a-locale.o)
 .comment       0x00000000       0x27 /opt/altera/13.0sp1/nios2eds/bin/gnu/H-i686-pc-linux-gnu/bin/../lib/gcc/nios2-elf/4.1.2/../../../../nios2-elf/lib/mno-hw-mul/libc.a(lib_a-makebuf.o)
 .comment       0x00000000       0x27 /opt/altera/13.0sp1/nios2eds/bin/gnu/H-i686-pc-linux-gnu/bin/../lib/gcc/nios2-elf/4.1.2/../../../../nios2-elf/lib/mno-hw-mul/libc.a(lib_a-memchr.o)
 .comment       0x00000000       0x27 /opt/altera/13.0sp1/nios2eds/bin/gnu/H-i686-pc-linux-gnu/bin/../lib/gcc/nios2-elf/4.1.2/../../../../nios2-elf/lib/mno-hw-mul/libc.a(lib_a-memcpy.o)
 .comment       0x00000000       0x27 /opt/altera/13.0sp1/nios2eds/bin/gnu/H-i686-pc-linux-gnu/bin/../lib/gcc/nios2-elf/4.1.2/../../../../nios2-elf/lib/mno-hw-mul/libc.a(lib_a-memmove.o)
 .comment       0x00000000       0x27 /opt/altera/13.0sp1/nios2eds/bin/gnu/H-i686-pc-linux-gnu/bin/../lib/gcc/nios2-elf/4.1.2/../../../../nios2-elf/lib/mno-hw-mul/libc.a(lib_a-memset.o)
 .comment       0x00000000       0x27 /opt/altera/13.0sp1/nios2eds/bin/gnu/H-i686-pc-linux-gnu/bin/../lib/gcc/nios2-elf/4.1.2/../../../../nios2-elf/lib/mno-hw-mul/libc.a(lib_a-mprec.o)
 .comment       0x00000000       0x27 /opt/altera/13.0sp1/nios2eds/bin/gnu/H-i686-pc-linux-gnu/bin/../lib/gcc/nios2-elf/4.1.2/../../../../nios2-elf/lib/mno-hw-mul/libc.a(lib_a-reallocr.o)
 .comment       0x00000000       0x27 /opt/altera/13.0sp1/nios2eds/bin/gnu/H-i686-pc-linux-gnu/bin/../lib/gcc/nios2-elf/4.1.2/../../../../nios2-elf/lib/mno-hw-mul/libc.a(lib_a-s_isinfd.o)
 .comment       0x00000000       0x27 /opt/altera/13.0sp1/nios2eds/bin/gnu/H-i686-pc-linux-gnu/bin/../lib/gcc/nios2-elf/4.1.2/../../../../nios2-elf/lib/mno-hw-mul/libc.a(lib_a-s_isnand.o)
 .comment       0x00000000       0x27 /opt/altera/13.0sp1/nios2eds/bin/gnu/H-i686-pc-linux-gnu/bin/../lib/gcc/nios2-elf/4.1.2/../../../../nios2-elf/lib/mno-hw-mul/libc.a(lib_a-stdio.o)
 .comment       0x00000000       0x27 /opt/altera/13.0sp1/nios2eds/bin/gnu/H-i686-pc-linux-gnu/bin/../lib/gcc/nios2-elf/4.1.2/../../../../nios2-elf/lib/mno-hw-mul/libc.a(lib_a-strcmp.o)
 .comment       0x00000000       0x27 /opt/altera/13.0sp1/nios2eds/bin/gnu/H-i686-pc-linux-gnu/bin/../lib/gcc/nios2-elf/4.1.2/../../../../nios2-elf/lib/mno-hw-mul/libc.a(lib_a-writer.o)
 .comment       0x00000000       0x27 /opt/altera/13.0sp1/nios2eds/bin/gnu/H-i686-pc-linux-gnu/bin/../lib/gcc/nios2-elf/4.1.2/../../../../nios2-elf/lib/mno-hw-mul/libc.a(lib_a-callocr.o)
 .comment       0x00000000       0x27 /opt/altera/13.0sp1/nios2eds/bin/gnu/H-i686-pc-linux-gnu/bin/../lib/gcc/nios2-elf/4.1.2/../../../../nios2-elf/lib/mno-hw-mul/libc.a(lib_a-closer.o)
 .comment       0x00000000       0x27 /opt/altera/13.0sp1/nios2eds/bin/gnu/H-i686-pc-linux-gnu/bin/../lib/gcc/nios2-elf/4.1.2/../../../../nios2-elf/lib/mno-hw-mul/libc.a(lib_a-fclose.o)
 .comment       0x00000000       0x27 /opt/altera/13.0sp1/nios2eds/bin/gnu/H-i686-pc-linux-gnu/bin/../lib/gcc/nios2-elf/4.1.2/../../../../nios2-elf/lib/mno-hw-mul/libc.a(lib_a-fstatr.o)
 .comment       0x00000000       0x27 /opt/altera/13.0sp1/nios2eds/bin/gnu/H-i686-pc-linux-gnu/bin/../lib/gcc/nios2-elf/4.1.2/../../../../nios2-elf/lib/mno-hw-mul/libc.a(lib_a-isattyr.o)
 .comment       0x00000000       0x27 /opt/altera/13.0sp1/nios2eds/bin/gnu/H-i686-pc-linux-gnu/bin/../lib/gcc/nios2-elf/4.1.2/../../../../nios2-elf/lib/mno-hw-mul/libc.a(lib_a-lseekr.o)
 .comment       0x00000000       0x27 /opt/altera/13.0sp1/nios2eds/bin/gnu/H-i686-pc-linux-gnu/bin/../lib/gcc/nios2-elf/4.1.2/../../../../nios2-elf/lib/mno-hw-mul/libc.a(lib_a-readr.o)
 .comment       0x00000000       0x27 /opt/altera/13.0sp1/nios2eds/bin/gnu/H-i686-pc-linux-gnu/bin/../lib/gcc/nios2-elf/4.1.2/mno-hw-mul/libgcc.a(_udivdi3.o)
 .comment       0x00000000       0x27 /opt/altera/13.0sp1/nios2eds/bin/gnu/H-i686-pc-linux-gnu/bin/../lib/gcc/nios2-elf/4.1.2/mno-hw-mul/libgcc.a(_umoddi3.o)
 .comment       0x00000000       0x27 /opt/altera/13.0sp1/nios2eds/bin/gnu/H-i686-pc-linux-gnu/bin/../lib/gcc/nios2-elf/4.1.2/mno-hw-mul/libgcc.a(_addsub_df.o)
 .comment       0x00000000       0x27 /opt/altera/13.0sp1/nios2eds/bin/gnu/H-i686-pc-linux-gnu/bin/../lib/gcc/nios2-elf/4.1.2/mno-hw-mul/libgcc.a(_mul_df.o)
 .comment       0x00000000       0x27 /opt/altera/13.0sp1/nios2eds/bin/gnu/H-i686-pc-linux-gnu/bin/../lib/gcc/nios2-elf/4.1.2/mno-hw-mul/libgcc.a(_div_df.o)
 .comment       0x00000000       0x27 /opt/altera/13.0sp1/nios2eds/bin/gnu/H-i686-pc-linux-gnu/bin/../lib/gcc/nios2-elf/4.1.2/mno-hw-mul/libgcc.a(_eq_df.o)
 .comment       0x00000000       0x27 /opt/altera/13.0sp1/nios2eds/bin/gnu/H-i686-pc-linux-gnu/bin/../lib/gcc/nios2-elf/4.1.2/mno-hw-mul/libgcc.a(_ne_df.o)
 .comment       0x00000000       0x27 /opt/altera/13.0sp1/nios2eds/bin/gnu/H-i686-pc-linux-gnu/bin/../lib/gcc/nios2-elf/4.1.2/mno-hw-mul/libgcc.a(_gt_df.o)
 .comment       0x00000000       0x27 /opt/altera/13.0sp1/nios2eds/bin/gnu/H-i686-pc-linux-gnu/bin/../lib/gcc/nios2-elf/4.1.2/mno-hw-mul/libgcc.a(_ge_df.o)
 .comment       0x00000000       0x27 /opt/altera/13.0sp1/nios2eds/bin/gnu/H-i686-pc-linux-gnu/bin/../lib/gcc/nios2-elf/4.1.2/mno-hw-mul/libgcc.a(_lt_df.o)
 .comment       0x00000000       0x27 /opt/altera/13.0sp1/nios2eds/bin/gnu/H-i686-pc-linux-gnu/bin/../lib/gcc/nios2-elf/4.1.2/mno-hw-mul/libgcc.a(_si_to_df.o)
 .comment       0x00000000       0x27 /opt/altera/13.0sp1/nios2eds/bin/gnu/H-i686-pc-linux-gnu/bin/../lib/gcc/nios2-elf/4.1.2/mno-hw-mul/libgcc.a(_df_to_si.o)
 .comment       0x00000000       0x27 /opt/altera/13.0sp1/nios2eds/bin/gnu/H-i686-pc-linux-gnu/bin/../lib/gcc/nios2-elf/4.1.2/mno-hw-mul/libgcc.a(_thenan_df.o)
 .comment       0x00000000       0x27 /opt/altera/13.0sp1/nios2eds/bin/gnu/H-i686-pc-linux-gnu/bin/../lib/gcc/nios2-elf/4.1.2/mno-hw-mul/libgcc.a(_usi_to_df.o)
 .comment       0x00000000       0x27 /opt/altera/13.0sp1/nios2eds/bin/gnu/H-i686-pc-linux-gnu/bin/../lib/gcc/nios2-elf/4.1.2/mno-hw-mul/libgcc.a(_pack_df.o)
 .comment       0x00000000       0x27 /opt/altera/13.0sp1/nios2eds/bin/gnu/H-i686-pc-linux-gnu/bin/../lib/gcc/nios2-elf/4.1.2/mno-hw-mul/libgcc.a(_unpack_df.o)
 .comment       0x00000000       0x27 /opt/altera/13.0sp1/nios2eds/bin/gnu/H-i686-pc-linux-gnu/bin/../lib/gcc/nios2-elf/4.1.2/mno-hw-mul/libgcc.a(_fpcmp_parts_df.o)
 .comment       0x00000000       0x27 ../spectrumAnalyzer_VHDL_bsp/libhal_bsp.a(alt_close.o)
 .comment       0x00000000       0x27 ../spectrumAnalyzer_VHDL_bsp/libhal_bsp.a(alt_dev.o)
 .comment       0x00000000       0x27 ../spectrumAnalyzer_VHDL_bsp/libhal_bsp.a(alt_errno.o)
 .comment       0x00000000       0x27 ../spectrumAnalyzer_VHDL_bsp/libhal_bsp.a(alt_fstat.o)
 .comment       0x00000000       0x27 ../spectrumAnalyzer_VHDL_bsp/libhal_bsp.a(alt_gettod.o)
 .comment       0x00000000       0x27 ../spectrumAnalyzer_VHDL_bsp/libhal_bsp.a(alt_isatty.o)
 .comment       0x00000000       0x27 ../spectrumAnalyzer_VHDL_bsp/libhal_bsp.a(alt_load.o)
 .comment       0x00000000       0x27 ../spectrumAnalyzer_VHDL_bsp/libhal_bsp.a(alt_lseek.o)
 .comment       0x00000000       0x27 ../spectrumAnalyzer_VHDL_bsp/libhal_bsp.a(alt_main.o)
 .comment       0x00000000       0x27 ../spectrumAnalyzer_VHDL_bsp/libhal_bsp.a(alt_malloc_lock.o)
 .comment       0x00000000       0x27 ../spectrumAnalyzer_VHDL_bsp/libhal_bsp.a(alt_read.o)
 .comment       0x00000000       0x27 ../spectrumAnalyzer_VHDL_bsp/libhal_bsp.a(alt_release_fd.o)
 .comment       0x00000000       0x27 ../spectrumAnalyzer_VHDL_bsp/libhal_bsp.a(alt_sbrk.o)
 .comment       0x00000000       0x27 ../spectrumAnalyzer_VHDL_bsp/libhal_bsp.a(alt_tick.o)
 .comment       0x00000000       0x27 ../spectrumAnalyzer_VHDL_bsp/libhal_bsp.a(alt_write.o)
 .comment       0x00000000       0x27 ../spectrumAnalyzer_VHDL_bsp/libhal_bsp.a(alt_sys_init.o)
 .comment       0x00000000       0x27 ../spectrumAnalyzer_VHDL_bsp/libhal_bsp.a(altera_avalon_jtag_uart_fd.o)
 .comment       0x00000000       0x27 ../spectrumAnalyzer_VHDL_bsp/libhal_bsp.a(altera_avalon_jtag_uart_init.o)
 .comment       0x00000000       0x27 ../spectrumAnalyzer_VHDL_bsp/libhal_bsp.a(altera_avalon_jtag_uart_ioctl.o)
 .comment       0x00000000       0x27 ../spectrumAnalyzer_VHDL_bsp/libhal_bsp.a(altera_avalon_jtag_uart_read.o)
 .comment       0x00000000       0x27 ../spectrumAnalyzer_VHDL_bsp/libhal_bsp.a(altera_avalon_jtag_uart_write.o)
 .comment       0x00000000       0x27 ../spectrumAnalyzer_VHDL_bsp/libhal_bsp.a(altera_avalon_timer_sc.o)
 .comment       0x00000000       0x27 ../spectrumAnalyzer_VHDL_bsp/libhal_bsp.a(altera_up_avalon_video_character_buffer_with_dma.o)