Archive member included because of file (symbol)

/opt/altera/13.0sp1/nios2eds/bin/gnu/H-i686-pc-linux-gnu/bin/../lib/gcc/nios2-elf/4.1.2/mno-hw-mul/libgcc.a(_addsub_sf.o)
                              obj/default/draw.o (__subsf3)
/opt/altera/13.0sp1/nios2eds/bin/gnu/H-i686-pc-linux-gnu/bin/../lib/gcc/nios2-elf/4.1.2/mno-hw-mul/libgcc.a(_div_sf.o)
                              obj/default/draw.o (__divsf3)
/opt/altera/13.0sp1/nios2eds/bin/gnu/H-i686-pc-linux-gnu/bin/../lib/gcc/nios2-elf/4.1.2/mno-hw-mul/libgcc.a(_ge_sf.o)
                              obj/default/draw.o (__gesf2)
/opt/altera/13.0sp1/nios2eds/bin/gnu/H-i686-pc-linux-gnu/bin/../lib/gcc/nios2-elf/4.1.2/mno-hw-mul/libgcc.a(_lt_sf.o)
                              obj/default/draw.o (__ltsf2)
/opt/altera/13.0sp1/nios2eds/bin/gnu/H-i686-pc-linux-gnu/bin/../lib/gcc/nios2-elf/4.1.2/mno-hw-mul/libgcc.a(_sf_to_si.o)
                              obj/default/draw.o (__fixsfsi)
/opt/altera/13.0sp1/nios2eds/bin/gnu/H-i686-pc-linux-gnu/bin/../lib/gcc/nios2-elf/4.1.2/mno-hw-mul/libgcc.a(_sf_to_df.o)
                              obj/default/draw.o (__extendsfdf2)
/opt/altera/13.0sp1/nios2eds/bin/gnu/H-i686-pc-linux-gnu/bin/../lib/gcc/nios2-elf/4.1.2/mno-hw-mul/libgcc.a(_thenan_sf.o)
                              /opt/altera/13.0sp1/nios2eds/bin/gnu/H-i686-pc-linux-gnu/bin/../lib/gcc/nios2-elf/4.1.2/mno-hw-mul/libgcc.a(_addsub_sf.o) (__thenan_sf)
/opt/altera/13.0sp1/nios2eds/bin/gnu/H-i686-pc-linux-gnu/bin/../lib/gcc/nios2-elf/4.1.2/mno-hw-mul/libgcc.a(_usi_to_sf.o)
                              obj/default/draw.o (__floatunsisf)
/opt/altera/13.0sp1/nios2eds/bin/gnu/H-i686-pc-linux-gnu/bin/../lib/gcc/nios2-elf/4.1.2/mno-hw-mul/libgcc.a(_addsub_df.o)
                              obj/default/draw.o (__adddf3)
/opt/altera/13.0sp1/nios2eds/bin/gnu/H-i686-pc-linux-gnu/bin/../lib/gcc/nios2-elf/4.1.2/mno-hw-mul/libgcc.a(_div_df.o)
                              obj/default/draw.o (__divdf3)
/opt/altera/13.0sp1/nios2eds/bin/gnu/H-i686-pc-linux-gnu/bin/../lib/gcc/nios2-elf/4.1.2/mno-hw-mul/libgcc.a(_make_df.o)
                              /opt/altera/13.0sp1/nios2eds/bin/gnu/H-i686-pc-linux-gnu/bin/../lib/gcc/nios2-elf/4.1.2/mno-hw-mul/libgcc.a(_sf_to_df.o) (__make_dp)
/opt/altera/13.0sp1/nios2eds/bin/gnu/H-i686-pc-linux-gnu/bin/../lib/gcc/nios2-elf/4.1.2/mno-hw-mul/libgcc.a(_df_to_sf.o)
                              obj/default/draw.o (__truncdfsf2)
/opt/altera/13.0sp1/nios2eds/bin/gnu/H-i686-pc-linux-gnu/bin/../lib/gcc/nios2-elf/4.1.2/mno-hw-mul/libgcc.a(_thenan_df.o)
                              /opt/altera/13.0sp1/nios2eds/bin/gnu/H-i686-pc-linux-gnu/bin/../lib/gcc/nios2-elf/4.1.2/mno-hw-mul/libgcc.a(_addsub_df.o) (__thenan_df)
/opt/altera/13.0sp1/nios2eds/bin/gnu/H-i686-pc-linux-gnu/bin/../lib/gcc/nios2-elf/4.1.2/mno-hw-mul/libgcc.a(_usi_to_df.o)
                              obj/default/draw.o (__floatunsidf)
/opt/altera/13.0sp1/nios2eds/bin/gnu/H-i686-pc-linux-gnu/bin/../lib/gcc/nios2-elf/4.1.2/mno-hw-mul/libgcc.a(lib2-mul.o)
                              obj/default/main.o (__mulsi3)
/opt/altera/13.0sp1/nios2eds/bin/gnu/H-i686-pc-linux-gnu/bin/../lib/gcc/nios2-elf/4.1.2/mno-hw-mul/libgcc.a(_clzsi2.o)
                              /opt/altera/13.0sp1/nios2eds/bin/gnu/H-i686-pc-linux-gnu/bin/../lib/gcc/nios2-elf/4.1.2/mno-hw-mul/libgcc.a(_usi_to_sf.o) (__clzsi2)
/opt/altera/13.0sp1/nios2eds/bin/gnu/H-i686-pc-linux-gnu/bin/../lib/gcc/nios2-elf/4.1.2/mno-hw-mul/libgcc.a(_pack_sf.o)
                              /opt/altera/13.0sp1/nios2eds/bin/gnu/H-i686-pc-linux-gnu/bin/../lib/gcc/nios2-elf/4.1.2/mno-hw-mul/libgcc.a(_addsub_sf.o) (__pack_f)
/opt/altera/13.0sp1/nios2eds/bin/gnu/H-i686-pc-linux-gnu/bin/../lib/gcc/nios2-elf/4.1.2/mno-hw-mul/libgcc.a(_unpack_sf.o)
                              /opt/altera/13.0sp1/nios2eds/bin/gnu/H-i686-pc-linux-gnu/bin/../lib/gcc/nios2-elf/4.1.2/mno-hw-mul/libgcc.a(_addsub_sf.o) (__unpack_f)
/opt/altera/13.0sp1/nios2eds/bin/gnu/H-i686-pc-linux-gnu/bin/../lib/gcc/nios2-elf/4.1.2/mno-hw-mul/libgcc.a(_fpcmp_parts_sf.o)
                              /opt/altera/13.0sp1/nios2eds/bin/gnu/H-i686-pc-linux-gnu/bin/../lib/gcc/nios2-elf/4.1.2/mno-hw-mul/libgcc.a(_ge_sf.o) (__fpcmp_parts_f)
/opt/altera/13.0sp1/nios2eds/bin/gnu/H-i686-pc-linux-gnu/bin/../lib/gcc/nios2-elf/4.1.2/mno-hw-mul/libgcc.a(_make_sf.o)
                              /opt/altera/13.0sp1/nios2eds/bin/gnu/H-i686-pc-linux-gnu/bin/../lib/gcc/nios2-elf/4.1.2/mno-hw-mul/libgcc.a(_df_to_sf.o) (__make_fp)
/opt/altera/13.0sp1/nios2eds/bin/gnu/H-i686-pc-linux-gnu/bin/../lib/gcc/nios2-elf/4.1.2/mno-hw-mul/libgcc.a(_pack_df.o)
                              /opt/altera/13.0sp1/nios2eds/bin/gnu/H-i686-pc-linux-gnu/bin/../lib/gcc/nios2-elf/4.1.2/mno-hw-mul/libgcc.a(_addsub_df.o) (__pack_d)
/opt/altera/13.0sp1/nios2eds/bin/gnu/H-i686-pc-linux-gnu/bin/../lib/gcc/nios2-elf/4.1.2/mno-hw-mul/libgcc.a(_unpack_df.o)
[...]
Memory Configuration

Name             Origin             Length             Attributes
SRAM_BEFORE_RESET 0x00000000         0x0004b000
reset            0x0004b000         0x00000020
SRAM             0x0004b020         0x00034fe0
*default*        0x00000000         0xffffffff

Linker script and memory map

LOAD ../spectrumAnalyzer_VHDL_bsp/obj/HAL/src/crt0.o
LOAD obj/default/draw.o
LOAD obj/default/externalInterfaces.o
LOAD obj/default/main.o
LOAD obj/default/text.o
LOAD /opt/altera/13.0sp1/nios2eds/bin/gnu/H-i686-pc-linux-gnu/bin/../lib/gcc/nios2-elf/4.1.2/../../../../nios2-elf/lib/mno-hw-mul/libstdc++.a
LOAD /opt/altera/13.0sp1/nios2eds/bin/gnu/H-i686-pc-linux-gnu/bin/../lib/gcc/nios2-elf/4.1.2/../../../../nios2-elf/lib/mno-hw-mul/libm.a
LOAD /opt/altera/13.0sp1/nios2eds/bin/gnu/H-i686-pc-linux-gnu/bin/../lib/gcc/nios2-elf/4.1.2/mno-hw-mul/libgcc.a
START GROUP
LOAD /opt/altera/13.0sp1/nios2eds/bin/gnu/H-i686-pc-linux-gnu/bin/../lib/gcc/nios2-elf/4.1.2/../../../../nios2-elf/lib/mno-hw-mul/libc.a
LOAD /opt/altera/13.0sp1/nios2eds/bin/gnu/H-i686-pc-linux-gnu/bin/../lib/gcc/nios2-elf/4.1.2/mno-hw-mul/libgcc.a
LOAD ../spectrumAnalyzer_VHDL_bsp/libhal_bsp.a
END GROUP
LOAD /opt/altera/13.0sp1/nios2eds/bin/gnu/H-i686-pc-linux-gnu/bin/../lib/gcc/nios2-elf/4.1.2/mno-hw-mul/libgcc.a
                0x00000000                __alt_mem_SRAM = 0x0

.entry          0x0004b000       0x20
 *(.entry)
 .entry         0x0004b000       0x20 ../spectrumAnalyzer_VHDL_bsp/obj/HAL/src/crt0.o
                0x0004b000                __reset

.exceptions     0x0004b020      0x194
                0x0004b020                PROVIDE (__ram_exceptions_start, ABSOLUTE (.))
                0x0004b020                . = ALIGN (0x20)
 *(.irq)
 *(.exceptions.entry.label)
 .exceptions.entry.label
                0x0004b020        0x0 ../spectrumAnalyzer_VHDL_bsp/libhal_bsp.a(alt_irq_entry.o)
                0x0004b020                alt_irq_entry
 .exceptions.entry.label
                0x0004b020        0x0 ../spectrumAnalyzer_VHDL_bsp/libhal_bsp.a(alt_exception_entry.o)
                0x0004b020                alt_exception
 *(.exceptions.entry.user)
 *(.exceptions.entry)
 .exceptions.entry
                0x0004b020       0x54 ../spectrumAnalyzer_VHDL_bsp/libhal_bsp.a(alt_exception_entry.o)
 *(.exceptions.irqtest.user)
 *(.exceptions.irqtest)
 .exceptions.irqtest
                0x0004b074       0x10 ../spectrumAnalyzer_VHDL_bsp/libhal_bsp.a(alt_irq_entry.o)
 *(.exceptions.irqhandler.user)
 *(.exceptions.irqhandler)
 .exceptions.irqhandler
                0x0004b084        0x4 ../spectrumAnalyzer_VHDL_bsp/libhal_bsp.a(alt_irq_entry.o)
 *(.exceptions.irqreturn.user)
 *(.exceptions.irqreturn)
 .exceptions.irqreturn
                0x0004b088        0x4 ../spectrumAnalyzer_VHDL_bsp/libhal_bsp.a(alt_irq_entry.o)
 *(.exceptions.notirq.label)
 .exceptions.notirq.label
                0x0004b08c        0x0 ../spectrumAnalyzer_VHDL_bsp/libhal_bsp.a(alt_irq_entry.o)
 *(.exceptions.notirq.user)
 *(.exceptions.notirq)
 .exceptions.notirq
                0x0004b08c        0x8 ../spectrumAnalyzer_VHDL_bsp/libhal_bsp.a(alt_exception_entry.o)
 *(.exceptions.soft.user)
 *(.exceptions.soft)
 *(.exceptions.unknown.user)
 *(.exceptions.unknown)
 .exceptions.unknown
                0x0004b094        0x4 ../spectrumAnalyzer_VHDL_bsp/libhal_bsp.a(alt_exception_entry.o)
 *(.exceptions.exit.label)
 .exceptions.exit.label
                0x0004b098        0x0 ../spectrumAnalyzer_VHDL_bsp/libhal_bsp.a(alt_irq_entry.o)
 .exceptions.exit.label
                0x0004b098        0x0 ../spectrumAnalyzer_VHDL_bsp/libhal_bsp.a(alt_exception_entry.o)
 *(.exceptions.exit.user)
 *(.exceptions.exit)
 .exceptions.exit
                0x0004b098       0x54 ../spectrumAnalyzer_VHDL_bsp/libhal_bsp.a(alt_exception_entry.o)
 *(.exceptions)
 .exceptions    0x0004b0ec       0xc8 ../spectrumAnalyzer_VHDL_bsp/libhal_bsp.a(alt_irq_handler.o)
                0x0004b0ec                alt_irq_handler
                0x0004b1b4                PROVIDE (__ram_exceptions_end, ABSOLUTE (.))
                0x0004b020                PROVIDE (__flash_exceptions_start, LOADADDR (.exceptions))

.text           0x0004b1b4     0xfa04
                0x0004b1b4                PROVIDE (stext, ABSOLUTE (.))
 *(.interp)
 *(.hash)
 *(.dynsym)
 *(.dynstr)
 *(.gnu.version)
 *(.gnu.version_d)
 *(.gnu.version_r)
 *(.rel.init)
 *(.rela.init)
 *(.rel.text .rel.text.* .rel.gnu.linkonce.t.*)
 *(.rela.text .rela.text.* .rela.gnu.linkonce.t.*)
 *(.rel.fini)
 *(.rela.fini)
 *(.rel.rodata .rel.rodata.* .rel.gnu.linkonce.r.*)
 *(.rela.rodata .rela.rodata.* .rela.gnu.linkonce.r.*)
 *(.rel.data .rel.data.* .rel.gnu.linkonce.d.*)
 *(.rela.data .rela.data.* .rela.gnu.linkonce.d.*)
 *(.rel.tdata .rel.tdata.* .rel.gnu.linkonce.td.*)
 *(.rela.tdata .rela.tdata.* .rela.gnu.linkonce.td.*)
 *(.rel.tbss .rel.tbss.* .rel.gnu.linkonce.tb.*)
 *(.rela.tbss .rela.tbss.* .rela.gnu.linkonce.tb.*)
 *(.rel.ctors)
 *(.rela.ctors)
 *(.rel.dtors)
 *(.rela.dtors)
 *(.rel.got)
 *(.rela.got)
 *(.rel.sdata .rel.sdata.* .rel.gnu.linkonce.s.*)
 *(.rela.sdata .rela.sdata.* .rela.gnu.linkonce.s.*)
 *(.rel.sbss .rel.sbss.* .rel.gnu.linkonce.sb.*)
 *(.rela.sbss .rela.sbss.* .rela.gnu.linkonce.sb.*)
 *(.rel.sdata2 .rel.sdata2.* .rel.gnu.linkonce.s2.*)
 *(.rela.sdata2 .rela.sdata2.* .rela.gnu.linkonce.s2.*)
 *(.rel.sbss2 .rel.sbss2.* .rel.gnu.linkonce.sb2.*)
 *(.rela.sbss2 .rela.sbss2.* .rela.gnu.linkonce.sb2.*)
 *(.rel.bss .rel.bss.* .rel.gnu.linkonce.b.*)
 *(.rela.bss .rela.bss.* .rela.gnu.linkonce.b.*)
 *(.rel.plt)
 *(.rela.plt)
 *(.rel.dyn)
 *(.init)
 *(.plt)
 *(.text .stub .text.* .gnu.linkonce.t.*)
 .text          0x0004b1b4       0x3c ../spectrumAnalyzer_VHDL_bsp/obj/HAL/src/crt0.o
                0x0004b1b4                _start
 .text          0x0004b1f0      0x4d0 obj/default/draw.o
                0x0004b1f0                initDraw
                0x0004b24c                prepareBackground
                0x0004b2ec                clearDrawingboard
                0x0004b348                drawHelpLines
                0x0004b3f8                drawGraph
                0x0004b668                swapVGABuffer
 .text          0x0004b6c0      0x418 obj/default/externalInterfaces.o
                0x0004b6c0                initExternal
                0x0004b994                getFFTData
 .text          0x0004bad8      0x258 obj/default/main.o
                0x0004bad8                fillLUT
                0x0004bbb8                main
 .text          0x0004bd30      0x2c8 obj/default/text.o
                0x0004bd30                initText
                0x0004bd8c                displayFPS
                0x0004be28                prepareText
                0x0004beb4                displayHorRange
 .text          0x0004bff8      0x2b8 /opt/altera/13.0sp1/nios2eds/bin/gnu/H-i686-pc-linux-gnu/bin/../lib/gcc/nios2-elf/4.1.2/mno-hw-mul/libgcc.a(_addsub_sf.o)
                0x0004c1dc                __subsf3
                0x0004c24c                __addsf3
 .text          0x0004c2b0      0x174 /opt/altera/13.0sp1/nios2eds/bin/gnu/H-i686-pc-linux-gnu/bin/../lib/gcc/nios2-elf/4.1.2/mno-hw-mul/libgcc.a(_div_sf.o)
                0x0004c2b0                __divsf3
 .text          0x0004c424       0x78 /opt/altera/13.0sp1/nios2eds/bin/gnu/H-i686-pc-linux-gnu/bin/../lib/gcc/nios2-elf/4.1.2/mno-hw-mul/libgcc.a(_ge_sf.o)
                0x0004c424                __gesf2
 .text          0x0004c49c       0x78 /opt/altera/13.0sp1/nios2eds/bin/gnu/H-i686-pc-linux-gnu/bin/../lib/gcc/nios2-elf/4.1.2/mno-hw-mul/libgcc.a(_lt_sf.o)
                0x0004c49c                __ltsf2
 .text          0x0004c514       0x94 /opt/altera/13.0sp1/nios2eds/bin/gnu/H-i686-pc-linux-gnu/bin/../lib/gcc/nios2-elf/4.1.2/mno-hw-mul/libgcc.a(_sf_to_si.o)
                0x0004c514                __fixsfsi
 .text          0x0004c5a8       0x54 /opt/altera/13.0sp1/nios2eds/bin/gnu/H-i686-pc-linux-gnu/bin/../lib/gcc/nios2-elf/4.1.2/mno-hw-mul/libgcc.a(_sf_to_df.o)
                0x0004c5a8                __extendsfdf2
 .text          0x0004c5fc        0x0 /opt/altera/13.0sp1/nios2eds/bin/gnu/H-i686-pc-linux-gnu/bin/../lib/gcc/nios2-elf/4.1.2/mno-hw-mul/libgcc.a(_thenan_sf.o)
 .text          0x0004c5fc       0xc0 /opt/altera/13.0sp1/nios2eds/bin/gnu/H-i686-pc-linux-gnu/bin/../lib/gcc/nios2-elf/4.1.2/mno-hw-mul/libgcc.a(_usi_to_sf.o)
                0x0004c5fc                __floatunsisf
 .text          0x0004c6bc      0x504 /opt/altera/13.0sp1/nios2eds/bin/gnu/H-i686-pc-linux-gnu/bin/../lib/gcc/nios2-elf/4.1.2/mno-hw-mul/libgcc.a(_addsub_df.o)
                0x0004cacc                __subdf3
                0x0004cb4c                __adddf3
 .text          0x0004cbc0      0x258 /opt/altera/13.0sp1/nios2eds/bin/gnu/H-i686-pc-linux-gnu/bin/../lib/gcc/nios2-elf/4.1.2/mno-hw-mul/libgcc.a(_div_df.o)
                0x0004cbc0                __divdf3
 .text          0x0004ce18       0x38 /opt/altera/13.0sp1/nios2eds/bin/gnu/H-i686-pc-linux-gnu/bin/../lib/gcc/nios2-elf/4.1.2/mno-hw-mul/libgcc.a(_make_df.o)
                0x0004ce18                __make_dp
 .text          0x0004ce50       0x74 /opt/altera/13.0sp1/nios2eds/bin/gnu/H-i686-pc-linux-gnu/bin/../lib/gcc/nios2-elf/4.1.2/mno-hw-mul/libgcc.a(_df_to_sf.o)
                0x0004ce50                __truncdfsf2
 .text          0x0004cec4        0x0 /opt/altera/13.0sp1/nios2eds/bin/gnu/H-i686-pc-linux-gnu/bin/../lib/gcc/nios2-elf/4.1.2/mno-hw-mul/libgcc.a(_thenan_df.o)
 .text          0x0004cec4      0x194 /opt/altera/13.0sp1/nios2eds/bin/gnu/H-i686-pc-linux-gnu/bin/../lib/gcc/nios2-elf/4.1.2/mno-hw-mul/libgcc.a(_usi_to_df.o)
                0x0004cec4                __floatunsidf
 .text          0x0004d058       0x38 /opt/altera/13.0sp1/nios2eds/bin/gnu/H-i686-pc-linux-gnu/bin/../lib/gcc/nios2-elf/4.1.2/mno-hw-mul/libgcc.a(lib2-mul.o)
                0x0004d058                __mulsi3
 .text          0x0004d090       0x80 /opt/altera/13.0sp1/nios2eds/bin/gnu/H-i686-pc-linux-gnu/bin/../lib/gcc/nios2-elf/4.1.2/mno-hw-mul/libgcc.a(_clzsi2.o)
                0x0004d090                __clzsi2
 .text          0x0004d110      0x160 /opt/altera/13.0sp1/nios2eds/bin/gnu/H-i686-pc-linux-gnu/bin/../lib/gcc/nios2-elf/4.1.2/mno-hw-mul/libgcc.a(_pack_sf.o)
                0x0004d110                __pack_f
 .text          0x0004d270       0xc8 /opt/altera/13.0sp1/nios2eds/bin/gnu/H-i686-pc-linux-gnu/bin/../lib/gcc/nios2-elf/4.1.2/mno-hw-mul/libgcc.a(_unpack_sf.o)
                0x0004d270                __unpack_f
 .text          0x0004d338       0xa8 /opt/altera/13.0sp1/nios2eds/bin/gnu/H-i686-pc-linux-gnu/bin/../lib/gcc/nios2-elf/4.1.2/mno-hw-mul/libgcc.a(_fpcmp_parts_sf.o)
                0x0004d338                __fpcmp_parts_f
 .text          0x0004d3e0       0x2c /opt/altera/13.0sp1/nios2eds/bin/gnu/H-i686-pc-linux-gnu/bin/../lib/gcc/nios2-elf/4.1.2/mno-hw-mul/libgcc.a(_make_sf.o)
                0x0004d3e0                __make_fp
 .text          0x0004d40c      0x314 /opt/altera/13.0sp1/nios2eds/bin/gnu/H-i686-pc-linux-gnu/bin/../lib/gcc/nios2-elf/4.1.2/mno-hw-mul/libgcc.a(_pack_df.o)
                0x0004d40c                __pack_d
 .text          0x0004d720      0x138 /opt/altera/13.0sp1/nios2eds/bin/gnu/H-i686-pc-linux-gnu/bin/../lib/gcc/nios2-elf/4.1.2/mno-hw-mul/libgcc.a(_unpack_df.o)
                0x0004d720                __unpack_d
 .text          0x0004d858        0x0 /opt/altera/13.0sp1/nios2eds/bin/gnu/H-i686-pc-linux-gnu/bin/../lib/gcc/nios2-elf/4.1.2/mno-hw-mul/libgcc.a(_clz.o)
 .text          0x0004d858       0x28 /opt/altera/13.0sp1/nios2eds/bin/gnu/H-i686-pc-linux-gnu/bin/../lib/gcc/nios2-elf/4.1.2/../../../../nios2-elf/lib/mno-hw-mul/libc.a(lib_a-malloc.o)
                0x0004d858                free
                0x0004d86c                malloc
 .text          0x0004d880      0x740 /opt/altera/13.0sp1/nios2eds/bin/gnu/H-i686-pc-linux-gnu/bin/../lib/gcc/nios2-elf/4.1.2/../../../../nios2-elf/lib/mno-hw-mul/libc.a(lib_a-mallocr.o)
                0x0004d880                _malloc_r
 .text          0x0004dfc0       0xb4 /opt/altera/13.0sp1/nios2eds/bin/gnu/H-i686-pc-linux-gnu/bin/../lib/gcc/nios2-elf/4.1.2/../../../../nios2-elf/lib/mno-hw-mul/libc.a(lib_a-puts.o)
                0x0004dfc0                _puts_r
                0x0004e060                puts
 .text          0x0004e074       0x70 /opt/altera/13.0sp1/nios2eds/bin/gnu/H-i686-pc-linux-gnu/bin/../lib/gcc/nios2-elf/4.1.2/../../../../nios2-elf/lib/mno-hw-mul/libc.a(lib_a-sbrkr.o)
                0x0004e074                _sbrk_r
 .text          0x0004e0e4       0xd4 /opt/altera/13.0sp1/nios2eds/bin/gnu/H-i686-pc-linux-gnu/bin/../lib/gcc/nios2-elf/4.1.2/../../../../nios2-elf/lib/mno-hw-mul/libc.a(lib_a-sprintf.o)
                0x0004e0e4                sprintf
                0x0004e158                _sprintf_r
 .text          0x0004e1b8       0x74 /opt/altera/13.0sp1/nios2eds/bin/gnu/H-i686-pc-linux-gnu/bin/../lib/gcc/nios2-elf/4.1.2/../../../../nios2-elf/lib/mno-hw-mul/libc.a(lib_a-strlen.o)
                0x0004e1b8                strlen
 .text          0x0004e22c       0x5c /opt/altera/13.0sp1/nios2eds/bin/gnu/H-i686-pc-linux-gnu/bin/../lib/gcc/nios2-elf/4.1.2/../../../../nios2-elf/lib/mno-hw-mul/libc.a(lib_a-time.o)
                0x0004e22c                time
 .text          0x0004e288     0x1f40 /opt/altera/13.0sp1/nios2eds/bin/gnu/H-i686-pc-linux-gnu/bin/../lib/gcc/nios2-elf/4.1.2/../../../../nios2-elf/lib/mno-hw-mul/libc.a(lib_a-vfprintf.o)
                0x0004e2e0                ___vfprintf_internal_r
                0x000501a4                __vfprintf_internal
 .text          0x000501c8      0x13c /opt/altera/13.0sp1/nios2eds/bin/gnu/H-i686-pc-linux-gnu/bin/../lib/gcc/nios2-elf/4.1.2/../../../../nios2-elf/lib/mno-hw-mul/libc.a(lib_a-wsetup.o)
                0x000501c8                __swsetup_r
 .text          0x00050304     0x17f8 /opt/altera/13.0sp1/nios2eds/bin/gnu/H-i686-pc-linux-gnu/bin/../lib/gcc/nios2-elf/4.1.2/../../../../nios2-elf/lib/mno-hw-mul/libc.a(lib_a-dtoa.o)
                0x00050548                _dtoa_r
 .text          0x00051afc      0x230 /opt/altera/13.0sp1/nios2eds/bin/gnu/H-i686-pc-linux-gnu/bin/../lib/gcc/nios2-elf/4.1.2/../../../../nios2-elf/lib/mno-hw-mul/libc.a(lib_a-fflush.o)
                0x00051afc                _fflush_r
                0x00051cf8                fflush
 .text          0x00051d2c      0x2f4 /opt/altera/13.0sp1/nios2eds/bin/gnu/H-i686-pc-linux-gnu/bin/../lib/gcc/nios2-elf/4.1.2/../../../../nios2-elf/lib/mno-hw-mul/libc.a(lib_a-findfp.o)
                0x00051d84                __sfp_lock_acquire
                0x00051d88                __sfp_lock_release
                0x00051d8c                __sinit_lock_acquire
                0x00051d90                __sinit_lock_release
                0x00051d94                __sinit
                0x00051e48                __fp_unlock_all
                0x00051e60                __fp_lock_all
                0x00051e78                _cleanup_r
                0x00051e84                _cleanup
                0x00051e94                __sfmoreglue
                0x00051f30                __sfp
 .text          0x00052020      0x440 /opt/altera/13.0sp1/nios2eds/bin/gnu/H-i686-pc-linux-gnu/bin/../lib/gcc/nios2-elf/4.1.2/../../../../nios2-elf/lib/mno-hw-mul/libc.a(lib_a-freer.o)
                0x00052020                _malloc_trim_r
                0x0005214c                _free_r
 .text          0x00052460      0x49c /opt/altera/13.0sp1/nios2eds/bin/gnu/H-i686-pc-linux-gnu/bin/../lib/gcc/nios2-elf/4.1.2/../../../../nios2-elf/lib/mno-hw-mul/libc.a(lib_a-fvwrite.o)
                0x00052460                __sfvwrite_r
 .text          0x000528fc      0x180 /opt/altera/13.0sp1/nios2eds/bin/gnu/H-i686-pc-linux-gnu/bin/../lib/gcc/nios2-elf/4.1.2/../../../../nios2-elf/lib/mno-hw-mul/libc.a(lib_a-fwalk.o)
                0x000528fc                _fwalk_reent
                0x000529c4                _fwalk
 .text          0x00052a7c       0x74 /opt/altera/13.0sp1/nios2eds/bin/gnu/H-i686-pc-linux-gnu/bin/../lib/gcc/nios2-elf/4.1.2/../../../../nios2-elf/lib/mno-hw-mul/libc.a(lib_a-gettimeofdayr.o)
                0x00052a7c                _gettimeofday_r
 .text          0x00052af0        0x0 /opt/altera/13.0sp1/nios2eds/bin/gnu/H-i686-pc-linux-gnu/bin/../lib/gcc/nios2-elf/4.1.2/../../../../nios2-elf/lib/mno-hw-mul/libc.a(lib_a-impure.o)
 .text          0x00052af0        0x0 /opt/altera/13.0sp1/nios2eds/bin/gnu/H-i686-pc-linux-gnu/bin/../lib/gcc/nios2-elf/4.1.2/../../../../nios2-elf/lib/mno-hw-mul/libc.a(lib_a-int_errno.o)
 .text          0x00052af0       0xc4 /opt/altera/13.0sp1/nios2eds/bin/gnu/H-i686-pc-linux-gnu/bin/../lib/gcc/nios2-elf/4.1.2/../../../../nios2-elf/lib/mno-hw-mul/libc.a(lib_a-locale.o)
                0x00052af0                __locale_charset
                0x00052af8                _localeconv_r
                0x00052b04                localeconv
                0x00052b14                _setlocale_r
                0x00052b98                setlocale
 .text          0x00052bb4      0x194 /opt/altera/13.0sp1/nios2eds/bin/gnu/H-i686-pc-linux-gnu/bin/../lib/gcc/nios2-elf/4.1.2/../../../../nios2-elf/lib/mno-hw-mul/libc.a(lib_a-makebuf.o)
                0x00052bb4                __smakebuf_r
 .text          0x00052d48       0xe4 /opt/altera/13.0sp1/nios2eds/bin/gnu/H-i686-pc-linux-gnu/bin/../lib/gcc/nios2-elf/4.1.2/../../../../nios2-elf/lib/mno-hw-mul/libc.a(lib_a-memchr.o)
                0x00052d48                memchr
 .text          0x00052e2c       0xa0 /opt/altera/13.0sp1/nios2eds/bin/gnu/H-i686-pc-linux-gnu/bin/../lib/gcc/nios2-elf/4.1.2/../../../../nios2-elf/lib/mno-hw-mul/libc.a(lib_a-memcpy.o)
                0x00052e2c                memcpy
 .text          0x00052ecc       0xe0 /opt/altera/13.0sp1/nios2eds/bin/gnu/H-i686-pc-linux-gnu/bin/../lib/gcc/nios2-elf/4.1.2/../../../../nios2-elf/lib/mno-hw-mul/libc.a(lib_a-memmove.o)
                0x00052ecc                memmove
 .text          0x00052fac       0x98 /opt/altera/13.0sp1/nios2eds/bin/gnu/H-i686-pc-linux-gnu/bin/../lib/gcc/nios2-elf/4.1.2/../../../../nios2-elf/lib/mno-hw-mul/libc.a(lib_a-memset.o)
                0x00052fac                memset
 .text          0x00053044     0x108c /opt/altera/13.0sp1/nios2eds/bin/gnu/H-i686-pc-linux-gnu/bin/../lib/gcc/nios2-elf/4.1.2/../../../../nios2-elf/lib/mno-hw-mul/libc.a(lib_a-mprec.o)
                0x00053044                _Bfree
                0x0005306c                __hi0bits
                0x000530dc                __lo0bits
                0x000531a0                __mcmp
                0x00053200                __ulp
                0x00053280                __b2d
                0x000533a0                __ratio
                0x00053450                _mprec_log10
                0x000534e4                __copybits
                0x0005353c                __any_on
                0x000535c4                _Balloc
                0x00053680                __d2b
                0x000537fc                __mdiff
                0x00053988                __lshift
                0x00053ad4                __multiply
                0x00053d28                __i2b
                0x00053d64                __multadd
                0x00053e90                __pow5mult
                0x00053fb0                __s2b
 .text          0x000540d0      0x5f4 /opt/altera/13.0sp1/nios2eds/bin/gnu/H-i686-pc-linux-gnu/bin/../lib/gcc/nios2-elf/4.1.2/../../../../nios2-elf/lib/mno-hw-mul/libc.a(lib_a-reallocr.o)
                0x000540d0                _realloc_r
 .text          0x000546c4       0x40 /opt/altera/13.0sp1/nios2eds/bin/gnu/H-i686-pc-linux-gnu/bin/../lib/gcc/nios2-elf/4.1.2/../../../../nios2-elf/lib/mno-hw-mul/libc.a(lib_a-s_isinfd.o)
                0x000546c4                __isinfd
 .text          0x00054704       0x30 /opt/altera/13.0sp1/nios2eds/bin/gnu/H-i686-pc-linux-gnu/bin/../lib/gcc/nios2-elf/4.1.2/../../../../nios2-elf/lib/mno-hw-mul/libc.a(lib_a-s_isnand.o)
                0x00054704                __isnand
 .text          0x00054734      0x14c /opt/altera/13.0sp1/nios2eds/bin/gnu/H-i686-pc-linux-gnu/bin/../lib/gcc/nios2-elf/4.1.2/../../../../nios2-elf/lib/mno-hw-mul/libc.a(lib_a-stdio.o)
                0x00054734                __sclose
                0x0005473c                __sseek
                0x000547a4                __swrite
                0x00054820                __sread
 .text          0x00054880       0xbc /opt/altera/13.0sp1/nios2eds/bin/gnu/H-i686-pc-linux-gnu/bin/../lib/gcc/nios2-elf/4.1.2/../../../../nios2-elf/lib/mno-hw-mul/libc.a(lib_a-strcmp.o)
                0x00054880                strcmp
 .text          0x0005493c       0x78 /opt/altera/13.0sp1/nios2eds/bin/gnu/H-i686-pc-linux-gnu/bin/../lib/gcc/nios2-elf/4.1.2/../../../../nios2-elf/lib/mno-hw-mul/libc.a(lib_a-writer.o)
                0x0005493c                _write_r
 .text          0x000549b4       0xc8 /opt/altera/13.0sp1/nios2eds/bin/gnu/H-i686-pc-linux-gnu/bin/../lib/gcc/nios2-elf/4.1.2/../../../../nios2-elf/lib/mno-hw-mul/libc.a(lib_a-callocr.o)
                0x000549b4                _calloc_r
 .text          0x00054a7c       0x70 /opt/altera/13.0sp1/nios2eds/bin/gnu/H-i686-pc-linux-gnu/bin/../lib/gcc/nios2-elf/4.1.2/../../../../nios2-elf/lib/mno-hw-mul/libc.a(lib_a-closer.o)
                0x00054a7c                _close_r
 .text          0x00054aec      0x124 /opt/altera/13.0sp1/nios2eds/bin/gnu/H-i686-pc-linux-gnu/bin/../lib/gcc/nios2-elf/4.1.2/../../../../nios2-elf/lib/mno-hw-mul/libc.a(lib_a-fclose.o)
                0x00054aec                _fclose_r
                0x00054bfc                fclose
 .text          0x00054c10       0x74 /opt/altera/13.0sp1/nios2eds/bin/gnu/H-i686-pc-linux-gnu/bin/../lib/gcc/nios2-elf/4.1.2/../../../../nios2-elf/lib/mno-hw-mul/libc.a(lib_a-fstatr.o)
                0x00054c10                _fstat_r
 .text          0x00054c84       0x70 /opt/altera/13.0sp1/nios2eds/bin/gnu/H-i686-pc-linux-gnu/bin/../lib/gcc/nios2-elf/4.1.2/../../../../nios2-elf/lib/mno-hw-mul/libc.a(lib_a-isattyr.o)
                0x00054c84                _isatty_r
 .text          0x00054cf4       0x78 /opt/altera/13.0sp1/nios2eds/bin/gnu/H-i686-pc-linux-gnu/bin/../lib/gcc/nios2-elf/4.1.2/../../../../nios2-elf/lib/mno-hw-mul/libc.a(lib_a-lseekr.o)
                0x00054cf4                _lseek_r
 .text          0x00054d6c       0x78 /opt/altera/13.0sp1/nios2eds/bin/gnu/H-i686-pc-linux-gnu/bin/../lib/gcc/nios2-elf/4.1.2/../../../../nios2-elf/lib/mno-hw-mul/libc.a(lib_a-readr.o)
                0x00054d6c                _read_r
 .text          0x00054de4      0x66c /opt/altera/13.0sp1/nios2eds/bin/gnu/H-i686-pc-linux-gnu/bin/../lib/gcc/nios2-elf/4.1.2/mno-hw-mul/libgcc.a(_udivdi3.o)
                0x00054de4                __udivdi3
 .text          0x00055450      0x660 /opt/altera/13.0sp1/nios2eds/bin/gnu/H-i686-pc-linux-gnu/bin/../lib/gcc/nios2-elf/4.1.2/mno-hw-mul/libgcc.a(_umoddi3.o)
                0x00055450                __umoddi3
 .text          0x00055ab0      0x3c4 /opt/altera/13.0sp1/nios2eds/bin/gnu/H-i686-pc-linux-gnu/bin/../lib/gcc/nios2-elf/4.1.2/mno-hw-mul/libgcc.a(_mul_df.o)
                0x00055ab0                __muldf3
 .text          0x00055e74       0x88 /opt/altera/13.0sp1/nios2eds/bin/gnu/H-i686-pc-linux-gnu/bin/../lib/gcc/nios2-elf/4.1.2/mno-hw-mul/libgcc.a(_eq_df.o)
                0x00055e74                __eqdf2
 .text          0x00055efc       0x88 /opt/altera/13.0sp1/nios2eds/bin/gnu/H-i686-pc-linux-gnu/bin/../lib/gcc/nios2-elf/4.1.2/mno-hw-mul/libgcc.a(_ne_df.o)
                0x00055efc                __nedf2
 .text          0x00055f84       0x88 /opt/altera/13.0sp1/nios2eds/bin/gnu/H-i686-pc-linux-gnu/bin/../lib/gcc/nios2-elf/4.1.2/mno-hw-mul/libgcc.a(_gt_df.o)
                0x00055f84                __gtdf2
 .text          0x0005600c       0x88 /opt/altera/13.0sp1/nios2eds/bin/gnu/H-i686-pc-linux-gnu/bin/../lib/gcc/nios2-elf/4.1.2/mno-hw-mul/libgcc.a(_ge_df.o)
                0x0005600c                __gedf2
 .text          0x00056094       0x88 /opt/altera/13.0sp1/nios2eds/bin/gnu/H-i686-pc-linux-gnu/bin/../lib/gcc/nios2-elf/4.1.2/mno-hw-mul/libgcc.a(_lt_df.o)
                0x00056094                __ltdf2
 .text          0x0005611c       0xf8 /opt/altera/13.0sp1/nios2eds/bin/gnu/H-i686-pc-linux-gnu/bin/../lib/gcc/nios2-elf/4.1.2/mno-hw-mul/libgcc.a(_si_to_df.o)
                0x0005611c                __floatsidf
 .text          0x00056214       0xd8 /opt/altera/13.0sp1/nios2eds/bin/gnu/H-i686-pc-linux-gnu/bin/../lib/gcc/nios2-elf/4.1.2/mno-hw-mul/libgcc.a(_df_to_si.o)
                0x00056214                __fixdfsi
 .text          0x000562ec      0x14c /opt/altera/13.0sp1/nios2eds/bin/gnu/H-i686-pc-linux-gnu/bin/../lib/gcc/nios2-elf/4.1.2/mno-hw-mul/libgcc.a(lib2-divmod.o)
                0x00056368                __divsi3
                0x000563c8                __modsi3
                0x00056428                __udivsi3
                0x00056430                __umodsi3
 .text          0x00056438      0x124 /opt/altera/13.0sp1/nios2eds/bin/gnu/H-i686-pc-linux-gnu/bin/../lib/gcc/nios2-elf/4.1.2/mno-hw-mul/libgcc.a(_muldi3.o)
                0x00056438                __muldi3
 .text          0x0005655c       0xc8 /opt/altera/13.0sp1/nios2eds/bin/gnu/H-i686-pc-linux-gnu/bin/../lib/gcc/nios2-elf/4.1.2/mno-hw-mul/libgcc.a(_fpcmp_parts_df.o)
                0x0005655c                __fpcmp_parts_d
 .text          0x00056624      0x160 ../spectrumAnalyzer_VHDL_bsp/libhal_bsp.a(alt_close.o)
                0x00056624                close
 .text          0x00056784       0x2c ../spectrumAnalyzer_VHDL_bsp/libhal_bsp.a(alt_dev.o)
 .text          0x000567b0        0x0 ../spectrumAnalyzer_VHDL_bsp/libhal_bsp.a(alt_errno.o)
 .text          0x000567b0      0x138 ../spectrumAnalyzer_VHDL_bsp/libhal_bsp.a(alt_fstat.o)
                0x000567b0                fstat
 .text          0x000568e8      0x21c ../spectrumAnalyzer_VHDL_bsp/libhal_bsp.a(alt_gettod.o)
                0x000568e8                gettimeofday
 .text          0x00056b04      0x124 ../spectrumAnalyzer_VHDL_bsp/libhal_bsp.a(alt_isatty.o)
                0x00056b04                isatty
 .text          0x00056c28       0xec ../spectrumAnalyzer_VHDL_bsp/libhal_bsp.a(alt_load.o)
                0x00056c28                alt_load
 .text          0x00056d14      0x154 ../spectrumAnalyzer_VHDL_bsp/libhal_bsp.a(alt_lseek.o)
                0x00056d14                lseek
 .text          0x00056e68       0x5c ../spectrumAnalyzer_VHDL_bsp/libhal_bsp.a(alt_main.o)
                0x00056e68                alt_main
 .text          0x00056ec4       0x40 ../spectrumAnalyzer_VHDL_bsp/libhal_bsp.a(alt_malloc_lock.o)
                0x00056ec4                __malloc_lock
                0x00056ee4                __malloc_unlock
 .text          0x00056f04      0x184 ../spectrumAnalyzer_VHDL_bsp/libhal_bsp.a(alt_read.o)
                0x00056f04                read
 .text          0x00057088       0x78 ../spectrumAnalyzer_VHDL_bsp/libhal_bsp.a(alt_release_fd.o)
                0x00057088                alt_release_fd
 .text          0x00057100       0xbc ../spectrumAnalyzer_VHDL_bsp/libhal_bsp.a(alt_sbrk.o)
                0x00057100                sbrk
 .text          0x000571bc      0x1a4 ../spectrumAnalyzer_VHDL_bsp/libhal_bsp.a(alt_tick.o)
                0x000571bc                alt_alarm_stop
                0x00057254                alt_tick
 .text          0x00057360      0x184 ../spectrumAnalyzer_VHDL_bsp/libhal_bsp.a(alt_write.o)
                0x00057360                write
 .text          0x000574e4      0x37c ../spectrumAnalyzer_VHDL_bsp/libhal_bsp.a(alt_sys_init.o)
                0x000574e4                alt_irq_init
                0x00057518                alt_sys_init
 .text          0x00057860      0x148 ../spectrumAnalyzer_VHDL_bsp/libhal_bsp.a(altera_avalon_jtag_uart_fd.o)
                0x00057860                altera_avalon_jtag_uart_read_fd
                0x000578b8                altera_avalon_jtag_uart_write_fd
                0x00057910                altera_avalon_jtag_uart_close_fd
                0x00057958                altera_avalon_jtag_uart_ioctl_fd
 .text          0x000579a8      0x40c ../spectrumAnalyzer_VHDL_bsp/libhal_bsp.a(altera_avalon_jtag_uart_init.o)
                0x000579a8                altera_avalon_jtag_uart_init
                0x00057d40                altera_avalon_jtag_uart_close
 .text          0x00057db4       0xf4 ../spectrumAnalyzer_VHDL_bsp/libhal_bsp.a(altera_avalon_jtag_uart_ioctl.o)
                0x00057db4                altera_avalon_jtag_uart_ioctl
 .text          0x00057ea8      0x224 ../spectrumAnalyzer_VHDL_bsp/libhal_bsp.a(altera_avalon_jtag_uart_read.o)
                0x00057ea8                altera_avalon_jtag_uart_read
 .text          0x000580cc      0x240 ../spectrumAnalyzer_VHDL_bsp/libhal_bsp.a(altera_avalon_jtag_uart_write.o)
                0x000580cc                altera_avalon_jtag_uart_write
 .text          0x0005830c      0x100 ../spectrumAnalyzer_VHDL_bsp/libhal_bsp.a(altera_avalon_timer_sc.o)
                0x0005837c                alt_avalon_timer_sc_init
 .text          0x0005840c      0x304 ../spectrumAnalyzer_VHDL_bsp/libhal_bsp.a(altera_up_avalon_video_character_buffer_with_dma.o)
                0x0005840c                alt_up_char_buffer_init
                0x00058490                alt_up_char_buffer_open_dev
                0x000584d0                alt_up_char_buffer_draw
                0x000585a0                alt_up_char_buffer_string
                0x000586b4                alt_up_char_buffer_clear
 .text          0x00058710     0x15a0 ../spectrumAnalyzer_VHDL_bsp/libhal_bsp.a(altera_up_avalon_video_pixel_buffer_dma.o)
                0x00058710                alt_up_pixel_buffer_dma_open_dev
                0x00058750                alt_up_pixel_buffer_dma_draw
                0x000588fc                alt_up_pixel_buffer_dma_change_back_buffer_address
                0x00058954                alt_up_pixel_buffer_dma_swap_buffers
                0x000589ac                alt_up_pixel_buffer_dma_check_swap_buffers_status
                0x000589e0                alt_up_pixel_buffer_dma_clear_screen
                0x00058b4c                alt_up_pixel_buffer_dma_draw_box
                0x00059048                alt_up_pixel_buffer_dma_draw_hline
                0x000593a0                alt_up_pixel_buffer_dma_draw_vline
                0x00059778                alt_up_pixel_buffer_dma_draw_rectangle
                0x0005983c                helper_plot_pixel
                0x00059914                alt_up_pixel_buffer_dma_draw_line
 .text          0x00059cb0      0x154 ../spectrumAnalyzer_VHDL_bsp/libhal_bsp.a(alt_alarm_start.o)
                0x00059cb0                alt_alarm_start
 .text          0x00059e04       0x1c ../spectrumAnalyzer_VHDL_bsp/libhal_bsp.a(alt_dcache_flush_all.o)
                0x00059e04                alt_dcache_flush_all
 .text          0x00059e20      0x114 ../spectrumAnalyzer_VHDL_bsp/libhal_bsp.a(alt_dev_llist_insert.o)
                0x00059e20                alt_dev_llist_insert
 .text          0x00059f34       0x94 ../spectrumAnalyzer_VHDL_bsp/libhal_bsp.a(alt_find_dev.o)
                0x00059f34                alt_find_dev
 .text          0x00059fc8       0x1c ../spectrumAnalyzer_VHDL_bsp/libhal_bsp.a(alt_icache_flush_all.o)
                0x00059fc8                alt_icache_flush_all
 .text          0x00059fe4      0x1d4 ../spectrumAnalyzer_VHDL_bsp/libhal_bsp.a(alt_iic.o)
                0x00059fe4                alt_ic_isr_register
                0x0005a034                alt_ic_irq_enable
                0x0005a0d0                alt_ic_irq_disable
                0x0005a170                alt_ic_irq_enabled
 .text          0x0005a1b8       0xf8 ../spectrumAnalyzer_VHDL_bsp/libhal_bsp.a(alt_iic_isr_register.o)
                0x0005a1b8                alt_iic_isr_register
 .text          0x0005a2b0      0x150 ../spectrumAnalyzer_VHDL_bsp/libhal_bsp.a(alt_io_redirect.o)
                0x0005a388                alt_io_redirect
 .text          0x0005a400        0x0 ../spectrumAnalyzer_VHDL_bsp/libhal_bsp.a(alt_irq_entry.o)
 .text          0x0005a400        0x0 ../spectrumAnalyzer_VHDL_bsp/libhal_bsp.a(alt_irq_handler.o)
 .text          0x0005a400        0x0 ../spectrumAnalyzer_VHDL_bsp/libhal_bsp.a(alt_irq_vars.o)
 .text          0x0005a400      0x2e4 ../spectrumAnalyzer_VHDL_bsp/libhal_bsp.a(alt_open.o)
                0x0005a4f8                open
 .text          0x0005a6e4       0x20 ../spectrumAnalyzer_VHDL_bsp/libhal_bsp.a(altera_nios2_qsys_irq.o)
                0x0005a6e4                altera_nios2_qsys_irq_init
 .text          0x0005a704        0x0 ../spectrumAnalyzer_VHDL_bsp/libhal_bsp.a(alt_exception_entry.o)
 .text          0x0005a704      0x120 ../spectrumAnalyzer_VHDL_bsp/libhal_bsp.a(alt_find_file.o)
                0x0005a704                alt_find_file
 .text          0x0005a824       0xd0 ../spectrumAnalyzer_VHDL_bsp/libhal_bsp.a(alt_get_fd.o)
                0x0005a824                alt_get_fd
 .text          0x0005a8f4       0x38 /opt/altera/13.0sp1/nios2eds/bin/gnu/H-i686-pc-linux-gnu/bin/../lib/gcc/nios2-elf/4.1.2/../../../../nios2-elf/lib/mno-hw-mul/libc.a(lib_a-exit.o)
                0x0005a8f4                exit
 .text          0x0005a92c       0x74 /opt/altera/13.0sp1/nios2eds/bin/gnu/H-i686-pc-linux-gnu/bin/../lib/gcc/nios2-elf/4.1.2/../../../../nios2-elf/lib/mno-hw-mul/libc.a(lib_a-memcmp.o)
                0x0005a92c                memcmp
 .text          0x0005a9a0      0x1b4 /opt/altera/13.0sp1/nios2eds/bin/gnu/H-i686-pc-linux-gnu/bin/../lib/gcc/nios2-elf/4.1.2/../../../../nios2-elf/lib/mno-hw-mul/libc.a(lib_a-__call_atexit.o)
                0x0005a9a4                __call_exitprocs
 .text          0x0005ab54       0x60 ../spectrumAnalyzer_VHDL_bsp/libhal_bsp.a(alt_exit.o)
                0x0005ab94                _exit
 *(.gnu.warning.*)
 *(.fini)
                0x0005abb4                PROVIDE (__etext, ABSOLUTE (.))
                0x0005abb4                PROVIDE (_etext, ABSOLUTE (.))
                0x0005abb4                PROVIDE (etext, ABSOLUTE (.))
 *(.eh_frame_hdr)
                0x0005abb4                . = ALIGN (0x4)
                0x0005abb4                PROVIDE (__preinit_array_start, ABSOLUTE (.))
 *(.preinit_array)
                0x0005abb4                PROVIDE (__preinit_array_end, ABSOLUTE (.))
                0x0005abb4                PROVIDE (__init_array_start, ABSOLUTE (.))
 *(.init_array)
                0x0005abb4                PROVIDE (__init_array_end, ABSOLUTE (.))
                0x0005abb4                PROVIDE (__fini_array_start, ABSOLUTE (.))
 *(.fini_array)
                0x0005abb4                PROVIDE (__fini_array_end, ABSOLUTE (.))
 *(.eh_frame)
 *(.gcc_except_table)
 *(.dynamic)
                0x0005abb4                PROVIDE (__CTOR_LIST__, ABSOLUTE (.))
 *(.ctors)
 *(SORT(.ctors.*))
 .ctors.65535   0x0005abb4        0x4 /opt/altera/13.0sp1/nios2eds/bin/gnu/H-i686-pc-linux-gnu/bin/../lib/gcc/nios2-elf/4.1.2/../../../../nios2-elf/lib/mno-hw-mul/libc.a(lib_a-__call_atexit.o)
                0x0005abb8                PROVIDE (__CTOR_END__, ABSOLUTE (.))
                0x0005abb8                PROVIDE (__DTOR_LIST__, ABSOLUTE (.))
 *(.dtors)
 *(SORT(.dtors.*))
                0x0005abb8                PROVIDE (__DTOR_END__, ABSOLUTE (.))
 *(.jcr)
                0x0005abb8                . = ALIGN (0x4)

.rodata         0x0005abb8     0x1848
                0x0005abb8                PROVIDE (__ram_rodata_start, ABSOLUTE (.))
                0x0005abb8                . = ALIGN (0x4)
 *(.rodata .rodata.* .gnu.linkonce.r.*)
 .rodata        0x0005abb8       0x3c obj/default/draw.o
 .rodata        0x0005abf4     0x1400 obj/default/main.o
                0x0005abf4                tempFFT
                0x0005aff4                cnst_hz
 .rodata        0x0005bff4       0x58 obj/default/text.o
 .rodata        0x0005c04c       0x10 /opt/altera/13.0sp1/nios2eds/bin/gnu/H-i686-pc-linux-gnu/bin/../lib/gcc/nios2-elf/4.1.2/mno-hw-mul/libgcc.a(_thenan_sf.o)
                0x0005c04c                __thenan_sf
 .rodata        0x0005c05c       0x14 /opt/altera/13.0sp1/nios2eds/bin/gnu/H-i686-pc-linux-gnu/bin/../lib/gcc/nios2-elf/4.1.2/mno-hw-mul/libgcc.a(_thenan_df.o)
                0x0005c05c                __thenan_df
 .rodata        0x0005c070      0x100 /opt/altera/13.0sp1/nios2eds/bin/gnu/H-i686-pc-linux-gnu/bin/../lib/gcc/nios2-elf/4.1.2/mno-hw-mul/libgcc.a(_clz.o)
                0x0005c070                __clz_tab
 .rodata.str1.4
                0x0005c170        0x2 /opt/altera/13.0sp1/nios2eds/bin/gnu/H-i686-pc-linux-gnu/bin/../lib/gcc/nios2-elf/4.1.2/../../../../nios2-elf/lib/mno-hw-mul/libc.a(lib_a-puts.o)
                                  0x4 (size before relaxing)
 *fill*         0x0005c172        0x2 00
 .rodata.str1.4
                0x0005c174       0x5e /opt/altera/13.0sp1/nios2eds/bin/gnu/H-i686-pc-linux-gnu/bin/../lib/gcc/nios2-elf/4.1.2/../../../../nios2-elf/lib/mno-hw-mul/libc.a(lib_a-vfprintf.o)
                                 0x60 (size before relaxing)
 .rodata        0x0005c1d2       0x20 /opt/altera/13.0sp1/nios2eds/bin/gnu/H-i686-pc-linux-gnu/bin/../lib/gcc/nios2-elf/4.1.2/../../../../nios2-elf/lib/mno-hw-mul/libc.a(lib_a-vfprintf.o)
 *fill*         0x0005c1f2        0x2 00
 .rodata.str1.4
                0x0005c1f4       0x10 /opt/altera/13.0sp1/nios2eds/bin/gnu/H-i686-pc-linux-gnu/bin/../lib/gcc/nios2-elf/4.1.2/../../../../nios2-elf/lib/mno-hw-mul/libc.a(lib_a-dtoa.o)
                                 0x14 (size before relaxing)
 .rodata.str1.4
                0x0005c204        0x2 /opt/altera/13.0sp1/nios2eds/bin/gnu/H-i686-pc-linux-gnu/bin/../lib/gcc/nios2-elf/4.1.2/../../../../nios2-elf/lib/mno-hw-mul/libc.a(lib_a-impure.o)
                                  0x4 (size before relaxing)
 *fill*         0x0005c206        0x2 00
 .rodata.str1.4
                0x0005c208       0x10 /opt/altera/13.0sp1/nios2eds/bin/gnu/H-i686-pc-linux-gnu/bin/../lib/gcc/nios2-elf/4.1.2/../../../../nios2-elf/lib/mno-hw-mul/libc.a(lib_a-locale.o)
                                 0x18 (size before relaxing)
 .rodata        0x0005c218       0x30 /opt/altera/13.0sp1/nios2eds/bin/gnu/H-i686-pc-linux-gnu/bin/../lib/gcc/nios2-elf/4.1.2/../../../../nios2-elf/lib/mno-hw-mul/libc.a(lib_a-locale.o)
 .rodata        0x0005c248      0x124 /opt/altera/13.0sp1/nios2eds/bin/gnu/H-i686-pc-linux-gnu/bin/../lib/gcc/nios2-elf/4.1.2/../../../../nios2-elf/lib/mno-hw-mul/libc.a(lib_a-mprec.o)
                0x0005c248                __mprec_tens
                0x0005c310                __mprec_bigtens
                0x0005c338                __mprec_tinytens
 .rodata        0x0005c36c        0xc ../spectrumAnalyzer_VHDL_bsp/libhal_bsp.a(alt_dev.o)
 .rodata        0x0005c378       0x10 ../spectrumAnalyzer_VHDL_bsp/libhal_bsp.a(alt_main.o)
 .rodata        0x0005c388       0x5c ../spectrumAnalyzer_VHDL_bsp/libhal_bsp.a(alt_sys_init.o)
 .rodata        0x0005c3e4       0x1c ../spectrumAnalyzer_VHDL_bsp/libhal_bsp.a(altera_up_avalon_video_character_buffer_with_dma.o)
 *(.rodata1)
                0x0005c400                . = ALIGN (0x4)
                0x0005c400                PROVIDE (__ram_rodata_end, ABSOLUTE (.))
                0x0005abb8                PROVIDE (__flash_rodata_start, LOADADDR (.rodata))

.rwdata         0x0005c400     0x1b3c load address 0x0005df3c
                0x0005c400                PROVIDE (__ram_rwdata_start, ABSOLUTE (.))
                0x0005c400                . = ALIGN (0x4)
 *(.got.plt)
 *(.got)
 *(.data1)
 *(.data .data.* .gnu.linkonce.d.*)
 .data          0x0005c400        0x0 ../spectrumAnalyzer_VHDL_bsp/obj/HAL/src/crt0.o
 .data          0x0005c400        0x0 obj/default/draw.o
 .data          0x0005c400        0x0 obj/default/externalInterfaces.o
 .data          0x0005c400        0x0 obj/default/main.o
 .data          0x0005c400        0x0 obj/default/text.o
 .data          0x0005c400        0x0 /opt/altera/13.0sp1/nios2eds/bin/gnu/H-i686-pc-linux-gnu/bin/../lib/gcc/nios2-elf/4.1.2/mno-hw-mul/libgcc.a(_addsub_sf.o)
 .data          0x0005c400        0x0 /opt/altera/13.0sp1/nios2eds/bin/gnu/H-i686-pc-linux-gnu/bin/../lib/gcc/nios2-elf/4.1.2/mno-hw-mul/libgcc.a(_div_sf.o)
 .data          0x0005c400        0x0 /opt/altera/13.0sp1/nios2eds/bin/gnu/H-i686-pc-linux-gnu/bin/../lib/gcc/nios2-elf/4.1.2/mno-hw-mul/libgcc.a(_ge_sf.o)
 .data          0x0005c400        0x0 /opt/altera/13.0sp1/nios2eds/bin/gnu/H-i686-pc-linux-gnu/bin/../lib/gcc/nios2-elf/4.1.2/mno-hw-mul/libgcc.a(_lt_sf.o)
 .data          0x0005c400        0x0 /opt/altera/13.0sp1/nios2eds/bin/gnu/H-i686-pc-linux-gnu/bin/../lib/gcc/nios2-elf/4.1.2/mno-hw-mul/libgcc.a(_sf_to_si.o)
 .data          0x0005c400        0x0 /opt/altera/13.0sp1/nios2eds/bin/gnu/H-i686-pc-linux-gnu/bin/../lib/gcc/nios2-elf/4.1.2/mno-hw-mul/libgcc.a(_sf_to_df.o)
 .data          0x0005c400        0x0 /opt/altera/13.0sp1/nios2eds/bin/gnu/H-i686-pc-linux-gnu/bin/../lib/gcc/nios2-elf/4.1.2/mno-hw-mul/libgcc.a(_thenan_sf.o)
 .data          0x0005c400        0x0 /opt/altera/13.0sp1/nios2eds/bin/gnu/H-i686-pc-linux-gnu/bin/../lib/gcc/nios2-elf/4.1.2/mno-hw-mul/libgcc.a(_usi_to_sf.o)
 .data          0x0005c400        0x0 /opt/altera/13.0sp1/nios2eds/bin/gnu/H-i686-pc-linux-gnu/bin/../lib/gcc/nios2-elf/4.1.2/mno-hw-mul/libgcc.a(_addsub_df.o)
 .data          0x0005c400        0x0 /opt/altera/13.0sp1/nios2eds/bin/gnu/H-i686-pc-linux-gnu/bin/../lib/gcc/nios2-elf/4.1.2/mno-hw-mul/libgcc.a(_div_df.o)
 .data          0x0005c400        0x0 /opt/altera/13.0sp1/nios2eds/bin/gnu/H-i686-pc-linux-gnu/bin/../lib/gcc/nios2-elf/4.1.2/mno-hw-mul/libgcc.a(_make_df.o)
 .data          0x0005c400        0x0 /opt/altera/13.0sp1/nios2eds/bin/gnu/H-i686-pc-linux-gnu/bin/../lib/gcc/nios2-elf/4.1.2/mno-hw-mul/libgcc.a(_df_to_sf.o)
 .data          0x0005c400        0x0 /opt/altera/13.0sp1/nios2eds/bin/gnu/H-i686-pc-linux-gnu/bin/../lib/gcc/nios2-elf/4.1.2/mno-hw-mul/libgcc.a(_thenan_df.o)
 .data          0x0005c400        0x0 /opt/altera/13.0sp1/nios2eds/bin/gnu/H-i686-pc-linux-gnu/bin/../lib/gcc/nios2-elf/4.1.2/mno-hw-mul/libgcc.a(_usi_to_df.o)
 .data          0x0005c400        0x0 /opt/altera/13.0sp1/nios2eds/bin/gnu/H-i686-pc-linux-gnu/bin/../lib/gcc/nios2-elf/4.1.2/mno-hw-mul/libgcc.a(lib2-mul.o)
 .data          0x0005c400        0x0 /opt/altera/13.0sp1/nios2eds/bin/gnu/H-i686-pc-linux-gnu/bin/../lib/gcc/nios2-elf/4.1.2/mno-hw-mul/libgcc.a(_clzsi2.o)
 .data          0x0005c400        0x0 /opt/altera/13.0sp1/nios2eds/bin/gnu/H-i686-pc-linux-gnu/bin/../lib/gcc/nios2-elf/4.1.2/mno-hw-mul/libgcc.a(_pack_sf.o)
 .data          0x0005c400        0x0 /opt/altera/13.0sp1/nios2eds/bin/gnu/H-i686-pc-linux-gnu/bin/../lib/gcc/nios2-elf/4.1.2/mno-hw-mul/libgcc.a(_unpack_sf.o)
 .data          0x0005c400        0x0 /opt/altera/13.0sp1/nios2eds/bin/gnu/H-i686-pc-linux-gnu/bin/../lib/gcc/nios2-elf/4.1.2/mno-hw-mul/libgcc.a(_fpcmp_parts_sf.o)
 .data          0x0005c400        0x0 /opt/altera/13.0sp1/nios2eds/bin/gnu/H-i686-pc-linux-gnu/bin/../lib/gcc/nios2-elf/4.1.2/mno-hw-mul/libgcc.a(_make_sf.o)
 .data          0x0005c400        0x0 /opt/altera/13.0sp1/nios2eds/bin/gnu/H-i686-pc-linux-gnu/bin/../lib/gcc/nios2-elf/4.1.2/mno-hw-mul/libgcc.a(_pack_df.o)
 .data          0x0005c400        0x0 /opt/altera/13.0sp1/nios2eds/bin/gnu/H-i686-pc-linux-gnu/bin/../lib/gcc/nios2-elf/4.1.2/mno-hw-mul/libgcc.a(_unpack_df.o)
 .data          0x0005c400        0x0 /opt/altera/13.0sp1/nios2eds/bin/gnu/H-i686-pc-linux-gnu/bin/../lib/gcc/nios2-elf/4.1.2/mno-hw-mul/libgcc.a(_clz.o)
 .data          0x0005c400        0x0 /opt/altera/13.0sp1/nios2eds/bin/gnu/H-i686-pc-linux-gnu/bin/../lib/gcc/nios2-elf/4.1.2/../../../../nios2-elf/lib/mno-hw-mul/libc.a(lib_a-malloc.o)
 .data          0x0005c400      0x408 /opt/altera/13.0sp1/nios2eds/bin/gnu/H-i686-pc-linux-gnu/bin/../lib/gcc/nios2-elf/4.1.2/../../../../nios2-elf/lib/mno-hw-mul/libc.a(lib_a-mallocr.o)
                0x0005c400                __malloc_av_
 .data          0x0005c808        0x0 /opt/altera/13.0sp1/nios2eds/bin/gnu/H-i686-pc-linux-gnu/bin/../lib/gcc/nios2-elf/4.1.2/../../../../nios2-elf/lib/mno-hw-mul/libc.a(lib_a-puts.o)
 .data          0x0005c808        0x0 /opt/altera/13.0sp1/nios2eds/bin/gnu/H-i686-pc-linux-gnu/bin/../lib/gcc/nios2-elf/4.1.2/../../../../nios2-elf/lib/mno-hw-mul/libc.a(lib_a-sbrkr.o)
 .data          0x0005c808        0x0 /opt/altera/13.0sp1/nios2eds/bin/gnu/H-i686-pc-linux-gnu/bin/../lib/gcc/nios2-elf/4.1.2/../../../../nios2-elf/lib/mno-hw-mul/libc.a(lib_a-sprintf.o)
 .data          0x0005c808        0x0 /opt/altera/13.0sp1/nios2eds/bin/gnu/H-i686-pc-linux-gnu/bin/../lib/gcc/nios2-elf/4.1.2/../../../../nios2-elf/lib/mno-hw-mul/libc.a(lib_a-strlen.o)
 .data          0x0005c808        0x0 /opt/altera/13.0sp1/nios2eds/bin/gnu/H-i686-pc-linux-gnu/bin/../lib/gcc/nios2-elf/4.1.2/../../../../nios2-elf/lib/mno-hw-mul/libc.a(lib_a-time.o)
 .data          0x0005c808        0x0 /opt/altera/13.0sp1/nios2eds/bin/gnu/H-i686-pc-linux-gnu/bin/../lib/gcc/nios2-elf/4.1.2/../../../../nios2-elf/lib/mno-hw-mul/libc.a(lib_a-vfprintf.o)
 .data          0x0005c808        0x0 /opt/altera/13.0sp1/nios2eds/bin/gnu/H-i686-pc-linux-gnu/bin/../lib/gcc/nios2-elf/4.1.2/../../../../nios2-elf/lib/mno-hw-mul/libc.a(lib_a-wsetup.o)
 .data          0x0005c808        0x0 /opt/altera/13.0sp1/nios2eds/bin/gnu/H-i686-pc-linux-gnu/bin/../lib/gcc/nios2-elf/4.1.2/../../../../nios2-elf/lib/mno-hw-mul/libc.a(lib_a-dtoa.o)
 .data          0x0005c808        0x0 /opt/altera/13.0sp1/nios2eds/bin/gnu/H-i686-pc-linux-gnu/bin/../lib/gcc/nios2-elf/4.1.2/../../../../nios2-elf/lib/mno-hw-mul/libc.a(lib_a-fflush.o)
 .data          0x0005c808        0x0 /opt/altera/13.0sp1/nios2eds/bin/gnu/H-i686-pc-linux-gnu/bin/../lib/gcc/nios2-elf/4.1.2/../../../../nios2-elf/lib/mno-hw-mul/libc.a(lib_a-findfp.o)
 .data          0x0005c808        0x0 /opt/altera/13.0sp1/nios2eds/bin/gnu/H-i686-pc-linux-gnu/bin/../lib/gcc/nios2-elf/4.1.2/../../../../nios2-elf/lib/mno-hw-mul/libc.a(lib_a-freer.o)
 .data          0x0005c808        0x0 /opt/altera/13.0sp1/nios2eds/bin/gnu/H-i686-pc-linux-gnu/bin/../lib/gcc/nios2-elf/4.1.2/../../../../nios2-elf/lib/mno-hw-mul/libc.a(lib_a-fvwrite.o)
 .data          0x0005c808        0x0 /opt/altera/13.0sp1/nios2eds/bin/gnu/H-i686-pc-linux-gnu/bin/../lib/gcc/nios2-elf/4.1.2/../../../../nios2-elf/lib/mno-hw-mul/libc.a(lib_a-fwalk.o)
 .data          0x0005c808        0x0 /opt/altera/13.0sp1/nios2eds/bin/gnu/H-i686-pc-linux-gnu/bin/../lib/gcc/nios2-elf/4.1.2/../../../../nios2-elf/lib/mno-hw-mul/libc.a(lib_a-gettimeofdayr.o)
 .data          0x0005c808      0x400 /opt/altera/13.0sp1/nios2eds/bin/gnu/H-i686-pc-linux-gnu/bin/../lib/gcc/nios2-elf/4.1.2/../../../../nios2-elf/lib/mno-hw-mul/libc.a(lib_a-impure.o)
 .data          0x0005cc08        0x0 /opt/altera/13.0sp1/nios2eds/bin/gnu/H-i686-pc-linux-gnu/bin/../lib/gcc/nios2-elf/4.1.2/../../../../nios2-elf/lib/mno-hw-mul/libc.a(lib_a-int_errno.o)
 .data          0x0005cc08        0xc /opt/altera/13.0sp1/nios2eds/bin/gnu/H-i686-pc-linux-gnu/bin/../lib/gcc/nios2-elf/4.1.2/../../../../nios2-elf/lib/mno-hw-mul/libc.a(lib_a-locale.o)
                0x0005cc08                __lc_ctype
 .data          0x0005cc14        0x0 /opt/altera/13.0sp1/nios2eds/bin/gnu/H-i686-pc-linux-gnu/bin/../lib/gcc/nios2-elf/4.1.2/../../../../nios2-elf/lib/mno-hw-mul/libc.a(lib_a-makebuf.o)
 .data          0x0005cc14        0x0 /opt/altera/13.0sp1/nios2eds/bin/gnu/H-i686-pc-linux-gnu/bin/../lib/gcc/nios2-elf/4.1.2/../../../../nios2-elf/lib/mno-hw-mul/libc.a(lib_a-memchr.o)
 .data          0x0005cc14        0x0 /opt/altera/13.0sp1/nios2eds/bin/gnu/H-i686-pc-linux-gnu/bin/../lib/gcc/nios2-elf/4.1.2/../../../../nios2-elf/lib/mno-hw-mul/libc.a(lib_a-memcpy.o)
 .data          0x0005cc14        0x0 /opt/altera/13.0sp1/nios2eds/bin/gnu/H-i686-pc-linux-gnu/bin/../lib/gcc/nios2-elf/4.1.2/../../../../nios2-elf/lib/mno-hw-mul/libc.a(lib_a-memmove.o)
 .data          0x0005cc14        0x0 /opt/altera/13.0sp1/nios2eds/bin/gnu/H-i686-pc-linux-gnu/bin/../lib/gcc/nios2-elf/4.1.2/../../../../nios2-elf/lib/mno-hw-mul/libc.a(lib_a-memset.o)
 .data          0x0005cc14        0x0 /opt/altera/13.0sp1/nios2eds/bin/gnu/H-i686-pc-linux-gnu/bin/../lib/gcc/nios2-elf/4.1.2/../../../../nios2-elf/lib/mno-hw-mul/libc.a(lib_a-mprec.o)
 .data          0x0005cc14        0x0 /opt/altera/13.0sp1/nios2eds/bin/gnu/H-i686-pc-linux-gnu/bin/../lib/gcc/nios2-elf/4.1.2/../../../../nios2-elf/lib/mno-hw-mul/libc.a(lib_a-reallocr.o)
 .data          0x0005cc14        0x0 /opt/altera/13.0sp1/nios2eds/bin/gnu/H-i686-pc-linux-gnu/bin/../lib/gcc/nios2-elf/4.1.2/../../../../nios2-elf/lib/mno-hw-mul/libc.a(lib_a-s_isinfd.o)
 .data          0x0005cc14        0x0 /opt/altera/13.0sp1/nios2eds/bin/gnu/H-i686-pc-linux-gnu/bin/../lib/gcc/nios2-elf/4.1.2/../../../../nios2-elf/lib/mno-hw-mul/libc.a(lib_a-s_isnand.o)
 .data          0x0005cc14        0x0 /opt/altera/13.0sp1/nios2eds/bin/gnu/H-i686-pc-linux-gnu/bin/../lib/gcc/nios2-elf/4.1.2/../../../../nios2-elf/lib/mno-hw-mul/libc.a(lib_a-stdio.o)
 .data          0x0005cc14        0x0 /opt/altera/13.0sp1/nios2eds/bin/gnu/H-i686-pc-linux-gnu/bin/../lib/gcc/nios2-elf/4.1.2/../../../../nios2-elf/lib/mno-hw-mul/libc.a(lib_a-strcmp.o)
 .data          0x0005cc14        0x0 /opt/altera/13.0sp1/nios2eds/bin/gnu/H-i686-pc-linux-gnu/bin/../lib/gcc/nios2-elf/4.1.2/../../../../nios2-elf/lib/mno-hw-mul/libc.a(lib_a-writer.o)
 .data          0x0005cc14        0x0 /opt/altera/13.0sp1/nios2eds/bin/gnu/H-i686-pc-linux-gnu/bin/../lib/gcc/nios2-elf/4.1.2/../../../../nios2-elf/lib/mno-hw-mul/libc.a(lib_a-callocr.o)
 .data          0x0005cc14        0x0 /opt/altera/13.0sp1/nios2eds/bin/gnu/H-i686-pc-linux-gnu/bin/../lib/gcc/nios2-elf/4.1.2/../../../../nios2-elf/lib/mno-hw-mul/libc.a(lib_a-closer.o)
 .data          0x0005cc14        0x0 /opt/altera/13.0sp1/nios2eds/bin/gnu/H-i686-pc-linux-gnu/bin/../lib/gcc/nios2-elf/4.1.2/../../../../nios2-elf/lib/mno-hw-mul/libc.a(lib_a-fclose.o)
 .data          0x0005cc14        0x0 /opt/altera/13.0sp1/nios2eds/bin/gnu/H-i686-pc-linux-gnu/bin/../lib/gcc/nios2-elf/4.1.2/../../../../nios2-elf/lib/mno-hw-mul/libc.a(lib_a-fstatr.o)
 .data          0x0005cc14        0x0 /opt/altera/13.0sp1/nios2eds/bin/gnu/H-i686-pc-linux-gnu/bin/../lib/gcc/nios2-elf/4.1.2/../../../../nios2-elf/lib/mno-hw-mul/libc.a(lib_a-isattyr.o)
 .data          0x0005cc14        0x0 /opt/altera/13.0sp1/nios2eds/bin/gnu/H-i686-pc-linux-gnu/bin/../lib/gcc/nios2-elf/4.1.2/../../../../nios2-elf/lib/mno-hw-mul/libc.a(lib_a-lseekr.o)
 .data          0x0005cc14        0x0 /opt/altera/13.0sp1/nios2eds/bin/gnu/H-i686-pc-linux-gnu/bin/../lib/gcc/nios2-elf/4.1.2/../../../../nios2-elf/lib/mno-hw-mul/libc.a(lib_a-readr.o)
 .data          0x0005cc14        0x0 /opt/altera/13.0sp1/nios2eds/bin/gnu/H-i686-pc-linux-gnu/bin/../lib/gcc/nios2-elf/4.1.2/mno-hw-mul/libgcc.a(_udivdi3.o)
 .data          0x0005cc14        0x0 /opt/altera/13.0sp1/nios2eds/bin/gnu/H-i686-pc-linux-gnu/bin/../lib/gcc/nios2-elf/4.1.2/mno-hw-mul/libgcc.a(_umoddi3.o)
 .data          0x0005cc14        0x0 /opt/altera/13.0sp1/nios2eds/bin/gnu/H-i686-pc-linux-gnu/bin/../lib/gcc/nios2-elf/4.1.2/mno-hw-mul/libgcc.a(_mul_df.o)
 .data          0x0005cc14        0x0 /opt/altera/13.0sp1/nios2eds/bin/gnu/H-i686-pc-linux-gnu/bin/../lib/gcc/nios2-elf/4.1.2/mno-hw-mul/libgcc.a(_eq_df.o)
 .data          0x0005cc14        0x0 /opt/altera/13.0sp1/nios2eds/bin/gnu/H-i686-pc-linux-gnu/bin/../lib/gcc/nios2-elf/4.1.2/mno-hw-mul/libgcc.a(_ne_df.o)
 .data          0x0005cc14        0x0 /opt/altera/13.0sp1/nios2eds/bin/gnu/H-i686-pc-linux-gnu/bin/../lib/gcc/nios2-elf/4.1.2/mno-hw-mul/libgcc.a(_gt_df.o)
 .data          0x0005cc14        0x0 /opt/altera/13.0sp1/nios2eds/bin/gnu/H-i686-pc-linux-gnu/bin/../lib/gcc/nios2-elf/4.1.2/mno-hw-mul/libgcc.a(_ge_df.o)
 .data          0x0005cc14        0x0 /opt/altera/13.0sp1/nios2eds/bin/gnu/H-i686-pc-linux-gnu/bin/../lib/gcc/nios2-elf/4.1.2/mno-hw-mul/libgcc.a(_lt_df.o)
 .data          0x0005cc14        0x0 /opt/altera/13.0sp1/nios2eds/bin/gnu/H-i686-pc-linux-gnu/bin/../lib/gcc/nios2-elf/4.1.2/mno-hw-mul/libgcc.a(_si_to_df.o)
 .data          0x0005cc14        0x0 /opt/altera/13.0sp1/nios2eds/bin/gnu/H-i686-pc-linux-gnu/bin/../lib/gcc/nios2-elf/4.1.2/mno-hw-mul/libgcc.a(_df_to_si.o)
 .data          0x0005cc14        0x0 /opt/altera/13.0sp1/nios2eds/bin/gnu/H-i686-pc-linux-gnu/bin/../lib/gcc/nios2-elf/4.1.2/mno-hw-mul/libgcc.a(lib2-divmod.o)
 .data          0x0005cc14        0x0 /opt/altera/13.0sp1/nios2eds/bin/gnu/H-i686-pc-linux-gnu/bin/../lib/gcc/nios2-elf/4.1.2/mno-hw-mul/libgcc.a(_muldi3.o)
 .data          0x0005cc14        0x0 /opt/altera/13.0sp1/nios2eds/bin/gnu/H-i686-pc-linux-gnu/bin/../lib/gcc/nios2-elf/4.1.2/mno-hw-mul/libgcc.a(_fpcmp_parts_df.o)
 .data          0x0005cc14        0x0 ../spectrumAnalyzer_VHDL_bsp/libhal_bsp.a(alt_close.o)
 .data          0x0005cc14      0x1a8 ../spectrumAnalyzer_VHDL_bsp/libhal_bsp.a(alt_dev.o)
                0x0005cc14                alt_dev_null
                0x0005cc3c                alt_fd_list
 .data          0x0005cdbc        0x0 ../spectrumAnalyzer_VHDL_bsp/libhal_bsp.a(alt_errno.o)
 .data          0x0005cdbc        0x0 ../spectrumAnalyzer_VHDL_bsp/libhal_bsp.a(alt_fstat.o)
 .data          0x0005cdbc        0x0 ../spectrumAnalyzer_VHDL_bsp/libhal_bsp.a(alt_gettod.o)
 .data          0x0005cdbc        0x0 ../spectrumAnalyzer_VHDL_bsp/libhal_bsp.a(alt_isatty.o)
 .data          0x0005cdbc        0x0 ../spectrumAnalyzer_VHDL_bsp/libhal_bsp.a(alt_load.o)
 .data          0x0005cdbc        0x0 ../spectrumAnalyzer_VHDL_bsp/libhal_bsp.a(alt_lseek.o)
 .data          0x0005cdbc        0x0 ../spectrumAnalyzer_VHDL_bsp/libhal_bsp.a(alt_main.o)
 .data          0x0005cdbc        0x0 ../spectrumAnalyzer_VHDL_bsp/libhal_bsp.a(alt_malloc_lock.o)
 .data          0x0005cdbc        0x0 ../spectrumAnalyzer_VHDL_bsp/libhal_bsp.a(alt_read.o)
 .data          0x0005cdbc        0x0 ../spectrumAnalyzer_VHDL_bsp/libhal_bsp.a(alt_release_fd.o)
 .data          0x0005cdbc        0x0 ../spectrumAnalyzer_VHDL_bsp/libhal_bsp.a(alt_sbrk.o)
 .data          0x0005cdbc        0x0 ../spectrumAnalyzer_VHDL_bsp/libhal_bsp.a(alt_tick.o)
 .data          0x0005cdbc        0x0 ../spectrumAnalyzer_VHDL_bsp/libhal_bsp.a(alt_write.o)
 .data          0x0005cdbc     0x10fc ../spectrumAnalyzer_VHDL_bsp/libhal_bsp.a(alt_sys_init.o)
 .data          0x0005deb8        0x0 ../spectrumAnalyzer_VHDL_bsp/libhal_bsp.a(altera_avalon_jtag_uart_fd.o)
 .data          0x0005deb8        0x0 ../spectrumAnalyzer_VHDL_bsp/libhal_bsp.a(altera_avalon_jtag_uart_init.o)
 .data          0x0005deb8        0x0 ../spectrumAnalyzer_VHDL_bsp/libhal_bsp.a(altera_avalon_jtag_uart_ioctl.o)
 .data          0x0005deb8        0x0 ../spectrumAnalyzer_VHDL_bsp/libhal_bsp.a(altera_avalon_jtag_uart_read.o)
 .data          0x0005deb8        0x0 ../spectrumAnalyzer_VHDL_bsp/libhal_bsp.a(altera_avalon_jtag_uart_write.o)
 .data          0x0005deb8        0x0 ../spectrumAnalyzer_VHDL_bsp/libhal_bsp.a(altera_avalon_timer_sc.o)
 .data          0x0005deb8        0x0 ../spectrumAnalyzer_VHDL_bsp/libhal_bsp.a(altera_up_avalon_video_character_buffer_with_dma.o)
 .data          0x0005deb8        0x0 ../spectrumAnalyzer_VHDL_bsp/libhal_bsp.a(altera_up_avalon_video_pixel_buffer_dma.o)
 .data          0x0005deb8        0x0 ../spectrumAnalyzer_VHDL_bsp/libhal_bsp.a(alt_alarm_start.o)
 .data          0x0005deb8        0x0 ../spectrumAnalyzer_VHDL_bsp/libhal_bsp.a(alt_dcache_flush_all.o)
 .data          0x0005deb8        0x0 ../spectrumAnalyzer_VHDL_bsp/libhal_bsp.a(alt_dev_llist_insert.o)
 .data          0x0005deb8        0x0 ../spectrumAnalyzer_VHDL_bsp/libhal_bsp.a(alt_find_dev.o)
 .data          0x0005deb8        0x0 ../spectrumAnalyzer_VHDL_bsp/libhal_bsp.a(alt_icache_flush_all.o)
 .data          0x0005deb8        0x0 ../spectrumAnalyzer_VHDL_bsp/libhal_bsp.a(alt_iic.o)
 .data          0x0005deb8        0x0 ../spectrumAnalyzer_VHDL_bsp/libhal_bsp.a(alt_iic_isr_register.o)
 .data          0x0005deb8        0x0 ../spectrumAnalyzer_VHDL_bsp/libhal_bsp.a(alt_io_redirect.o)
 .data          0x0005deb8        0x0 ../spectrumAnalyzer_VHDL_bsp/libhal_bsp.a(alt_irq_entry.o)
 .data          0x0005deb8        0x0 ../spectrumAnalyzer_VHDL_bsp/libhal_bsp.a(alt_irq_handler.o)
 .data          0x0005deb8        0x0 ../spectrumAnalyzer_VHDL_bsp/libhal_bsp.a(alt_irq_vars.o)
 .data          0x0005deb8        0x0 ../spectrumAnalyzer_VHDL_bsp/libhal_bsp.a(alt_open.o)
 .data          0x0005deb8        0x0 ../spectrumAnalyzer_VHDL_bsp/libhal_bsp.a(altera_nios2_qsys_irq.o)
 .data          0x0005deb8        0x0 ../spectrumAnalyzer_VHDL_bsp/libhal_bsp.a(alt_exception_entry.o)
 .data          0x0005deb8        0x0 ../spectrumAnalyzer_VHDL_bsp/libhal_bsp.a(alt_find_file.o)
 .data          0x0005deb8        0x0 ../spectrumAnalyzer_VHDL_bsp/libhal_bsp.a(alt_get_fd.o)
 .data          0x0005deb8        0x0 /opt/altera/13.0sp1/nios2eds/bin/gnu/H-i686-pc-linux-gnu/bin/../lib/gcc/nios2-elf/4.1.2/../../../../nios2-elf/lib/mno-hw-mul/libc.a(lib_a-exit.o)
 .data          0x0005deb8        0x0 /opt/altera/13.0sp1/nios2eds/bin/gnu/H-i686-pc-linux-gnu/bin/../lib/gcc/nios2-elf/4.1.2/../../../../nios2-elf/lib/mno-hw-mul/libc.a(lib_a-memcmp.o)
 .data          0x0005deb8        0x0 /opt/altera/13.0sp1/nios2eds/bin/gnu/H-i686-pc-linux-gnu/bin/../lib/gcc/nios2-elf/4.1.2/../../../../nios2-elf/lib/mno-hw-mul/libc.a(lib_a-__call_atexit.o)
 .data          0x0005deb8        0x0 ../spectrumAnalyzer_VHDL_bsp/libhal_bsp.a(alt_exit.o)
                0x00065eb8                _gp = ABSOLUTE ((. + 0x8000))
                0x00065eb8                PROVIDE (gp, _gp)
 *(.rwdata .rwdata.*)
 *(.sdata .sdata.* .gnu.linkonce.s.*)
 .sdata         0x0005deb8        0xc obj/default/draw.o
                0x0005deb8                pixelBufferName
                0x0005debc                drawX0
                0x0005debe                drawX1
                0x0005dec0                drawY0
                0x0005dec2                drawY1
 .sdata         0x0005dec4       0x28 obj/default/externalInterfaces.o
                0x0005dec4                fft_in_0
                0x0005dec8                fft_in_1
                0x0005decc                fft_in_2
                0x0005ded0                fft_in_3
                0x0005ded4                fft_in_4
                0x0005ded8                fft_in_5
                0x0005dedc                fft_in_6
                0x0005dee0                fft_in_7
                0x0005dee4                control_in
                0x0005dee8                control_out
 .sdata         0x0005deec        0xc obj/default/main.o
                0x0005deec                maxval
                0x0005def0                ledR
                0x0005def4                ledG
 .sdata         0x0005def8        0x4 obj/default/text.o
                0x0005def8                charBufferName
 .sdata         0x0005defc        0x8 /opt/altera/13.0sp1/nios2eds/bin/gnu/H-i686-pc-linux-gnu/bin/../lib/gcc/nios2-elf/4.1.2/../../../../nios2-elf/lib/mno-hw-mul/libc.a(lib_a-mallocr.o)
                0x0005defc                __malloc_trim_threshold
                0x0005df00                __malloc_sbrk_base
 .sdata         0x0005df04        0x8 /opt/altera/13.0sp1/nios2eds/bin/gnu/H-i686-pc-linux-gnu/bin/../lib/gcc/nios2-elf/4.1.2/../../../../nios2-elf/lib/mno-hw-mul/libc.a(lib_a-impure.o)
                0x0005df04                _impure_ptr
                0x0005df08                _global_impure_ptr
 .sdata         0x0005df0c        0x8 /opt/altera/13.0sp1/nios2eds/bin/gnu/H-i686-pc-linux-gnu/bin/../lib/gcc/nios2-elf/4.1.2/../../../../nios2-elf/lib/mno-hw-mul/libc.a(lib_a-locale.o)
                0x0005df0c                __mb_cur_max
 .sdata         0x0005df14       0x14 ../spectrumAnalyzer_VHDL_bsp/libhal_bsp.a(alt_dev.o)
                0x0005df14                alt_fs_list
                0x0005df1c                alt_dev_list
                0x0005df24                alt_max_fd
 .sdata         0x0005df28        0x4 ../spectrumAnalyzer_VHDL_bsp/libhal_bsp.a(alt_errno.o)
                0x0005df28                alt_errno
 .sdata         0x0005df2c        0x4 ../spectrumAnalyzer_VHDL_bsp/libhal_bsp.a(alt_sbrk.o)
 .sdata         0x0005df30        0x8 ../spectrumAnalyzer_VHDL_bsp/libhal_bsp.a(alt_tick.o)
                0x0005df30                alt_alarm_list
 .sdata         0x0005df38        0x4 ../spectrumAnalyzer_VHDL_bsp/libhal_bsp.a(alt_irq_vars.o)
                0x0005df38                alt_priority_mask
 *(.sdata2 .sdata2.* .gnu.linkonce.s2.*)
                0x0005df3c                . = ALIGN (0x4)
                0x0005df3c                _edata = ABSOLUTE (.)
                0x0005df3c                PROVIDE (edata, ABSOLUTE (.))
                0x0005df3c                PROVIDE (__ram_rwdata_end, ABSOLUTE (.))
                0x0005df3c                PROVIDE (__flash_rwdata_start, LOADADDR (.rwdata))

.bss            0x0005fa78      0x394
                0x0005fa78                __bss_start = ABSOLUTE (.)
                0x0005fa78                PROVIDE (__sbss_start, ABSOLUTE (.))
                0x0005fa78                PROVIDE (___sbss_start, ABSOLUTE (.))
 *(.dynsbss)
 *(.sbss .sbss.* .gnu.linkonce.sb.*)
 .sbss          0x0005fa78        0x4 obj/default/draw.o
                0x0005fa78                pixel_buffer_dev
 .sbss          0x0005fa7c        0x4 obj/default/main.o
                0x0005fa7c                minval
                0x0005fa7e                rangeChanged
 .sbss          0x0005fa80        0xc obj/default/text.o
                0x0005fa80                lastTime
                0x0005fa84                frames
                0x0005fa88                char_buffer_dev
 .sbss          0x0005fa8c        0xc /opt/altera/13.0sp1/nios2eds/bin/gnu/H-i686-pc-linux-gnu/bin/../lib/gcc/nios2-elf/4.1.2/../../../../nios2-elf/lib/mno-hw-mul/libc.a(lib_a-mallocr.o)
                0x0005fa8c                __malloc_top_pad
                0x0005fa90                __malloc_max_sbrked_mem
                0x0005fa94                __malloc_max_total_mem
 .sbss          0x0005fa98        0x4 /opt/altera/13.0sp1/nios2eds/bin/gnu/H-i686-pc-linux-gnu/bin/../lib/gcc/nios2-elf/4.1.2/../../../../nios2-elf/lib/mno-hw-mul/libc.a(lib_a-int_errno.o)
                0x0005fa98                errno
 .sbss          0x0005fa9c        0xc /opt/altera/13.0sp1/nios2eds/bin/gnu/H-i686-pc-linux-gnu/bin/../lib/gcc/nios2-elf/4.1.2/../../../../nios2-elf/lib/mno-hw-mul/libc.a(lib_a-locale.o)
                0x0005fa9c                __nlocale_changed
                0x0005faa0                __mlocale_changed
                0x0005faa4                _PathLocale
 .sbss          0x0005faa8       0x10 ../spectrumAnalyzer_VHDL_bsp/libhal_bsp.a(alt_gettod.o)
                0x0005faa8                alt_timezone
                0x0005fab0                alt_resettime
 .sbss          0x0005fab8        0xc ../spectrumAnalyzer_VHDL_bsp/libhal_bsp.a(alt_main.o)
                0x0005fab8                alt_argc
                0x0005fabc                alt_argv
                0x0005fac0                alt_envp
 .sbss          0x0005fac4        0x8 ../spectrumAnalyzer_VHDL_bsp/libhal_bsp.a(alt_tick.o)
                0x0005fac4                _alt_tick_rate
                0x0005fac8                _alt_nticks
 .sbss          0x0005facc        0x4 ../spectrumAnalyzer_VHDL_bsp/libhal_bsp.a(alt_irq_vars.o)
                0x0005facc                alt_irq_active
 *(.sbss2 .sbss2.* .gnu.linkonce.sb2.*)
 *(.scommon)
                0x0005fad0                PROVIDE (__sbss_end, ABSOLUTE (.))
                0x0005fad0                PROVIDE (___sbss_end, ABSOLUTE (.))
 *(.dynbss)
 *(.bss .bss.* .gnu.linkonce.b.*)
 .bss           0x0005fad0        0x0 ../spectrumAnalyzer_VHDL_bsp/obj/HAL/src/crt0.o
 .bss           0x0005fad0        0x0 obj/default/draw.o
 .bss           0x0005fad0        0x0 obj/default/externalInterfaces.o
 .bss           0x0005fad0        0x0 obj/default/main.o
 .bss           0x0005fad0        0x0 obj/default/text.o
 .bss           0x0005fad0        0x0 /opt/altera/13.0sp1/nios2eds/bin/gnu/H-i686-pc-linux-gnu/bin/../lib/gcc/nios2-elf/4.1.2/mno-hw-mul/libgcc.a(_addsub_sf.o)
 .bss           0x0005fad0        0x0 /opt/altera/13.0sp1/nios2eds/bin/gnu/H-i686-pc-linux-gnu/bin/../lib/gcc/nios2-elf/4.1.2/mno-hw-mul/libgcc.a(_div_sf.o)
 .bss           0x0005fad0        0x0 /opt/altera/13.0sp1/nios2eds/bin/gnu/H-i686-pc-linux-gnu/bin/../lib/gcc/nios2-elf/4.1.2/mno-hw-mul/libgcc.a(_ge_sf.o)
 .bss           0x0005fad0        0x0 /opt/altera/13.0sp1/nios2eds/bin/gnu/H-i686-pc-linux-gnu/bin/../lib/gcc/nios2-elf/4.1.2/mno-hw-mul/libgcc.a(_lt_sf.o)
 .bss           0x0005fad0        0x0 /opt/altera/13.0sp1/nios2eds/bin/gnu/H-i686-pc-linux-gnu/bin/../lib/gcc/nios2-elf/4.1.2/mno-hw-mul/libgcc.a(_sf_to_si.o)
 .bss           0x0005fad0        0x0 /opt/altera/13.0sp1/nios2eds/bin/gnu/H-i686-pc-linux-gnu/bin/../lib/gcc/nios2-elf/4.1.2/mno-hw-mul/libgcc.a(_sf_to_df.o)
 .bss           0x0005fad0        0x0 /opt/altera/13.0sp1/nios2eds/bin/gnu/H-i686-pc-linux-gnu/bin/../lib/gcc/nios2-elf/4.1.2/mno-hw-mul/libgcc.a(_thenan_sf.o)
 .bss           0x0005fad0        0x0 /opt/altera/13.0sp1/nios2eds/bin/gnu/H-i686-pc-linux-gnu/bin/../lib/gcc/nios2-elf/4.1.2/mno-hw-mul/libgcc.a(_usi_to_sf.o)
 .bss           0x0005fad0        0x0 /opt/altera/13.0sp1/nios2eds/bin/gnu/H-i686-pc-linux-gnu/bin/../lib/gcc/nios2-elf/4.1.2/mno-hw-mul/libgcc.a(_addsub_df.o)
 .bss           0x0005fad0        0x0 /opt/altera/13.0sp1/nios2eds/bin/gnu/H-i686-pc-linux-gnu/bin/../lib/gcc/nios2-elf/4.1.2/mno-hw-mul/libgcc.a(_div_df.o)
 .bss           0x0005fad0        0x0 /opt/altera/13.0sp1/nios2eds/bin/gnu/H-i686-pc-linux-gnu/bin/../lib/gcc/nios2-elf/4.1.2/mno-hw-mul/libgcc.a(_make_df.o)
 .bss           0x0005fad0        0x0 /opt/altera/13.0sp1/nios2eds/bin/gnu/H-i686-pc-linux-gnu/bin/../lib/gcc/nios2-elf/4.1.2/mno-hw-mul/libgcc.a(_df_to_sf.o)
 .bss           0x0005fad0        0x0 /opt/altera/13.0sp1/nios2eds/bin/gnu/H-i686-pc-linux-gnu/bin/../lib/gcc/nios2-elf/4.1.2/mno-hw-mul/libgcc.a(_thenan_df.o)
 .bss           0x0005fad0        0x0 /opt/altera/13.0sp1/nios2eds/bin/gnu/H-i686-pc-linux-gnu/bin/../lib/gcc/nios2-elf/4.1.2/mno-hw-mul/libgcc.a(_usi_to_df.o)
 .bss           0x0005fad0        0x0 /opt/altera/13.0sp1/nios2eds/bin/gnu/H-i686-pc-linux-gnu/bin/../lib/gcc/nios2-elf/4.1.2/mno-hw-mul/libgcc.a(lib2-mul.o)
 .bss           0x0005fad0        0x0 /opt/altera/13.0sp1/nios2eds/bin/gnu/H-i686-pc-linux-gnu/bin/../lib/gcc/nios2-elf/4.1.2/mno-hw-mul/libgcc.a(_clzsi2.o)
 .bss           0x0005fad0        0x0 /opt/altera/13.0sp1/nios2eds/bin/gnu/H-i686-pc-linux-gnu/bin/../lib/gcc/nios2-elf/4.1.2/mno-hw-mul/libgcc.a(_pack_sf.o)
 .bss           0x0005fad0        0x0 /opt/altera/13.0sp1/nios2eds/bin/gnu/H-i686-pc-linux-gnu/bin/../lib/gcc/nios2-elf/4.1.2/mno-hw-mul/libgcc.a(_unpack_sf.o)
 .bss           0x0005fad0        0x0 /opt/altera/13.0sp1/nios2eds/bin/gnu/H-i686-pc-linux-gnu/bin/../lib/gcc/nios2-elf/4.1.2/mno-hw-mul/libgcc.a(_fpcmp_parts_sf.o)
 .bss           0x0005fad0        0x0 /opt/altera/13.0sp1/nios2eds/bin/gnu/H-i686-pc-linux-gnu/bin/../lib/gcc/nios2-elf/4.1.2/mno-hw-mul/libgcc.a(_make_sf.o)
 .bss           0x0005fad0        0x0 /opt/altera/13.0sp1/nios2eds/bin/gnu/H-i686-pc-linux-gnu/bin/../lib/gcc/nios2-elf/4.1.2/mno-hw-mul/libgcc.a(_pack_df.o)
 .bss           0x0005fad0        0x0 /opt/altera/13.0sp1/nios2eds/bin/gnu/H-i686-pc-linux-gnu/bin/../lib/gcc/nios2-elf/4.1.2/mno-hw-mul/libgcc.a(_unpack_df.o)
 .bss           0x0005fad0        0x0 /opt/altera/13.0sp1/nios2eds/bin/gnu/H-i686-pc-linux-gnu/bin/../lib/gcc/nios2-elf/4.1.2/mno-hw-mul/libgcc.a(_clz.o)
 .bss           0x0005fad0        0x0 /opt/altera/13.0sp1/nios2eds/bin/gnu/H-i686-pc-linux-gnu/bin/../lib/gcc/nios2-elf/4.1.2/../../../../nios2-elf/lib/mno-hw-mul/libc.a(lib_a-malloc.o)
 .bss           0x0005fad0       0x28 /opt/altera/13.0sp1/nios2eds/bin/gnu/H-i686-pc-linux-gnu/bin/../lib/gcc/nios2-elf/4.1.2/../../../../nios2-elf/lib/mno-hw-mul/libc.a(lib_a-mallocr.o)
                0x0005fad0                __malloc_current_mallinfo
 .bss           0x0005faf8        0x0 /opt/altera/13.0sp1/nios2eds/bin/gnu/H-i686-pc-linux-gnu/bin/../lib/gcc/nios2-elf/4.1.2/../../../../nios2-elf/lib/mno-hw-mul/libc.a(lib_a-puts.o)
 .bss           0x0005faf8        0x0 /opt/altera/13.0sp1/nios2eds/bin/gnu/H-i686-pc-linux-gnu/bin/../lib/gcc/nios2-elf/4.1.2/../../../../nios2-elf/lib/mno-hw-mul/libc.a(lib_a-sbrkr.o)
 .bss           0x0005faf8        0x0 /opt/altera/13.0sp1/nios2eds/bin/gnu/H-i686-pc-linux-gnu/bin/../lib/gcc/nios2-elf/4.1.2/../../../../nios2-elf/lib/mno-hw-mul/libc.a(lib_a-sprintf.o)
 .bss           0x0005faf8        0x0 /opt/altera/13.0sp1/nios2eds/bin/gnu/H-i686-pc-linux-gnu/bin/../lib/gcc/nios2-elf/4.1.2/../../../../nios2-elf/lib/mno-hw-mul/libc.a(lib_a-strlen.o)
 .bss           0x0005faf8        0x0 /opt/altera/13.0sp1/nios2eds/bin/gnu/H-i686-pc-linux-gnu/bin/../lib/gcc/nios2-elf/4.1.2/../../../../nios2-elf/lib/mno-hw-mul/libc.a(lib_a-time.o)
 .bss           0x0005faf8        0x0 /opt/altera/13.0sp1/nios2eds/bin/gnu/H-i686-pc-linux-gnu/bin/../lib/gcc/nios2-elf/4.1.2/../../../../nios2-elf/lib/mno-hw-mul/libc.a(lib_a-vfprintf.o)
 .bss           0x0005faf8        0x0 /opt/altera/13.0sp1/nios2eds/bin/gnu/H-i686-pc-linux-gnu/bin/../lib/gcc/nios2-elf/4.1.2/../../../../nios2-elf/lib/mno-hw-mul/libc.a(lib_a-wsetup.o)
 .bss           0x0005faf8        0x0 /opt/altera/13.0sp1/nios2eds/bin/gnu/H-i686-pc-linux-gnu/bin/../lib/gcc/nios2-elf/4.1.2/../../../../nios2-elf/lib/mno-hw-mul/libc.a(lib_a-dtoa.o)
 .bss           0x0005faf8        0x0 /opt/altera/13.0sp1/nios2eds/bin/gnu/H-i686-pc-linux-gnu/bin/../lib/gcc/nios2-elf/4.1.2/../../../../nios2-elf/lib/mno-hw-mul/libc.a(lib_a-fflush.o)
 .bss           0x0005faf8        0x0 /opt/altera/13.0sp1/nios2eds/bin/gnu/H-i686-pc-linux-gnu/bin/../lib/gcc/nios2-elf/4.1.2/../../../../nios2-elf/lib/mno-hw-mul/libc.a(lib_a-findfp.o)
 .bss           0x0005faf8        0x0 /opt/altera/13.0sp1/nios2eds/bin/gnu/H-i686-pc-linux-gnu/bin/../lib/gcc/nios2-elf/4.1.2/../../../../nios2-elf/lib/mno-hw-mul/libc.a(lib_a-freer.o)
 .bss           0x0005faf8        0x0 /opt/altera/13.0sp1/nios2eds/bin/gnu/H-i686-pc-linux-gnu/bin/../lib/gcc/nios2-elf/4.1.2/../../../../nios2-elf/lib/mno-hw-mul/libc.a(lib_a-fvwrite.o)
 .bss           0x0005faf8        0x0 /opt/altera/13.0sp1/nios2eds/bin/gnu/H-i686-pc-linux-gnu/bin/../lib/gcc/nios2-elf/4.1.2/../../../../nios2-elf/lib/mno-hw-mul/libc.a(lib_a-fwalk.o)
 .bss           0x0005faf8        0x0 /opt/altera/13.0sp1/nios2eds/bin/gnu/H-i686-pc-linux-gnu/bin/../lib/gcc/nios2-elf/4.1.2/../../../../nios2-elf/lib/mno-hw-mul/libc.a(lib_a-gettimeofdayr.o)
 .bss           0x0005faf8        0x0 /opt/altera/13.0sp1/nios2eds/bin/gnu/H-i686-pc-linux-gnu/bin/../lib/gcc/nios2-elf/4.1.2/../../../../nios2-elf/lib/mno-hw-mul/libc.a(lib_a-impure.o)
 .bss           0x0005faf8        0x0 /opt/altera/13.0sp1/nios2eds/bin/gnu/H-i686-pc-linux-gnu/bin/../lib/gcc/nios2-elf/4.1.2/../../../../nios2-elf/lib/mno-hw-mul/libc.a(lib_a-int_errno.o)
 .bss           0x0005faf8        0x0 /opt/altera/13.0sp1/nios2eds/bin/gnu/H-i686-pc-linux-gnu/bin/../lib/gcc/nios2-elf/4.1.2/../../../../nios2-elf/lib/mno-hw-mul/libc.a(lib_a-locale.o)
 .bss           0x0005faf8        0x0 /opt/altera/13.0sp1/nios2eds/bin/gnu/H-i686-pc-linux-gnu/bin/../lib/gcc/nios2-elf/4.1.2/../../../../nios2-elf/lib/mno-hw-mul/libc.a(lib_a-makebuf.o)
 .bss           0x0005faf8        0x0 /opt/altera/13.0sp1/nios2eds/bin/gnu/H-i686-pc-linux-gnu/bin/../lib/gcc/nios2-elf/4.1.2/../../../../nios2-elf/lib/mno-hw-mul/libc.a(lib_a-memchr.o)
 .bss           0x0005faf8        0x0 /opt/altera/13.0sp1/nios2eds/bin/gnu/H-i686-pc-linux-gnu/bin/../lib/gcc/nios2-elf/4.1.2/../../../../nios2-elf/lib/mno-hw-mul/libc.a(lib_a-memcpy.o)
 .bss           0x0005faf8        0x0 /opt/altera/13.0sp1/nios2eds/bin/gnu/H-i686-pc-linux-gnu/bin/../lib/gcc/nios2-elf/4.1.2/../../../../nios2-elf/lib/mno-hw-mul/libc.a(lib_a-memmove.o)
 .bss           0x0005faf8        0x0 /opt/altera/13.0sp1/nios2eds/bin/gnu/H-i686-pc-linux-gnu/bin/../lib/gcc/nios2-elf/4.1.2/../../../../nios2-elf/lib/mno-hw-mul/libc.a(lib_a-memset.o)
 .bss           0x0005faf8        0x0 /opt/altera/13.0sp1/nios2eds/bin/gnu/H-i686-pc-linux-gnu/bin/../lib/gcc/nios2-elf/4.1.2/../../../../nios2-elf/lib/mno-hw-mul/libc.a(lib_a-mprec.o)
 .bss           0x0005faf8        0x0 /opt/altera/13.0sp1/nios2eds/bin/gnu/H-i686-pc-linux-gnu/bin/../lib/gcc/nios2-elf/4.1.2/../../../../nios2-elf/lib/mno-hw-mul/libc.a(lib_a-reallocr.o)
 .bss           0x0005faf8        0x0 /opt/altera/13.0sp1/nios2eds/bin/gnu/H-i686-pc-linux-gnu/bin/../lib/gcc/nios2-elf/4.1.2/../../../../nios2-elf/lib/mno-hw-mul/libc.a(lib_a-s_isinfd.o)
 .bss           0x0005faf8        0x0 /opt/altera/13.0sp1/nios2eds/bin/gnu/H-i686-pc-linux-gnu/bin/../lib/gcc/nios2-elf/4.1.2/../../../../nios2-elf/lib/mno-hw-mul/libc.a(lib_a-s_isnand.o)
 .bss           0x0005faf8        0x0 /opt/altera/13.0sp1/nios2eds/bin/gnu/H-i686-pc-linux-gnu/bin/../lib/gcc/nios2-elf/4.1.2/../../../../nios2-elf/lib/mno-hw-mul/libc.a(lib_a-stdio.o)
 .bss           0x0005faf8        0x0 /opt/altera/13.0sp1/nios2eds/bin/gnu/H-i686-pc-linux-gnu/bin/../lib/gcc/nios2-elf/4.1.2/../../../../nios2-elf/lib/mno-hw-mul/libc.a(lib_a-strcmp.o)
 .bss           0x0005faf8        0x0 /opt/altera/13.0sp1/nios2eds/bin/gnu/H-i686-pc-linux-gnu/bin/../lib/gcc/nios2-elf/4.1.2/../../../../nios2-elf/lib/mno-hw-mul/libc.a(lib_a-writer.o)
 .bss           0x0005faf8        0x0 /opt/altera/13.0sp1/nios2eds/bin/gnu/H-i686-pc-linux-gnu/bin/../lib/gcc/nios2-elf/4.1.2/../../../../nios2-elf/lib/mno-hw-mul/libc.a(lib_a-callocr.o)
 .bss           0x0005faf8        0x0 /opt/altera/13.0sp1/nios2eds/bin/gnu/H-i686-pc-linux-gnu/bin/../lib/gcc/nios2-elf/4.1.2/../../../../nios2-elf/lib/mno-hw-mul/libc.a(lib_a-closer.o)
 .bss           0x0005faf8        0x0 /opt/altera/13.0sp1/nios2eds/bin/gnu/H-i686-pc-linux-gnu/bin/../lib/gcc/nios2-elf/4.1.2/../../../../nios2-elf/lib/mno-hw-mul/libc.a(lib_a-fclose.o)
 .bss           0x0005faf8        0x0 /opt/altera/13.0sp1/nios2eds/bin/gnu/H-i686-pc-linux-gnu/bin/../lib/gcc/nios2-elf/4.1.2/../../../../nios2-elf/lib/mno-hw-mul/libc.a(lib_a-fstatr.o)
 .bss           0x0005faf8        0x0 /opt/altera/13.0sp1/nios2eds/bin/gnu/H-i686-pc-linux-gnu/bin/../lib/gcc/nios2-elf/4.1.2/../../../../nios2-elf/lib/mno-hw-mul/libc.a(lib_a-isattyr.o)
 .bss           0x0005faf8        0x0 /opt/altera/13.0sp1/nios2eds/bin/gnu/H-i686-pc-linux-gnu/bin/../lib/gcc/nios2-elf/4.1.2/../../../../nios2-elf/lib/mno-hw-mul/libc.a(lib_a-lseekr.o)
 .bss           0x0005faf8        0x0 /opt/altera/13.0sp1/nios2eds/bin/gnu/H-i686-pc-linux-gnu/bin/../lib/gcc/nios2-elf/4.1.2/../../../../nios2-elf/lib/mno-hw-mul/libc.a(lib_a-readr.o)
 .bss           0x0005faf8        0x0 /opt/altera/13.0sp1/nios2eds/bin/gnu/H-i686-pc-linux-gnu/bin/../lib/gcc/nios2-elf/4.1.2/mno-hw-mul/libgcc.a(_udivdi3.o)
 .bss           0x0005faf8        0x0 /opt/altera/13.0sp1/nios2eds/bin/gnu/H-i686-pc-linux-gnu/bin/../lib/gcc/nios2-elf/4.1.2/mno-hw-mul/libgcc.a(_umoddi3.o)
 .bss           0x0005faf8        0x0 /opt/altera/13.0sp1/nios2eds/bin/gnu/H-i686-pc-linux-gnu/bin/../lib/gcc/nios2-elf/4.1.2/mno-hw-mul/libgcc.a(_mul_df.o)
 .bss           0x0005faf8        0x0 /opt/altera/13.0sp1/nios2eds/bin/gnu/H-i686-pc-linux-gnu/bin/../lib/gcc/nios2-elf/4.1.2/mno-hw-mul/libgcc.a(_eq_df.o)
 .bss           0x0005faf8        0x0 /opt/altera/13.0sp1/nios2eds/bin/gnu/H-i686-pc-linux-gnu/bin/../lib/gcc/nios2-elf/4.1.2/mno-hw-mul/libgcc.a(_ne_df.o)
 .bss           0x0005faf8        0x0 /opt/altera/13.0sp1/nios2eds/bin/gnu/H-i686-pc-linux-gnu/bin/../lib/gcc/nios2-elf/4.1.2/mno-hw-mul/libgcc.a(_gt_df.o)
 .bss           0x0005faf8        0x0 /opt/altera/13.0sp1/nios2eds/bin/gnu/H-i686-pc-linux-gnu/bin/../lib/gcc/nios2-elf/4.1.2/mno-hw-mul/libgcc.a(_ge_df.o)
 .bss           0x0005faf8        0x0 /opt/altera/13.0sp1/nios2eds/bin/gnu/H-i686-pc-linux-gnu/bin/../lib/gcc/nios2-elf/4.1.2/mno-hw-mul/libgcc.a(_lt_df.o)
 .bss           0x0005faf8        0x0 /opt/altera/13.0sp1/nios2eds/bin/gnu/H-i686-pc-linux-gnu/bin/../lib/gcc/nios2-elf/4.1.2/mno-hw-mul/libgcc.a(_si_to_df.o)
 .bss           0x0005faf8        0x0 /opt/altera/13.0sp1/nios2eds/bin/gnu/H-i686-pc-linux-gnu/bin/../lib/gcc/nios2-elf/4.1.2/mno-hw-mul/libgcc.a(_df_to_si.o)
 .bss           0x0005faf8        0x0 /opt/altera/13.0sp1/nios2eds/bin/gnu/H-i686-pc-linux-gnu/bin/../lib/gcc/nios2-elf/4.1.2/mno-hw-mul/libgcc.a(lib2-divmod.o)
 .bss           0x0005faf8        0x0 /opt/altera/13.0sp1/nios2eds/bin/gnu/H-i686-pc-linux-gnu/bin/../lib/gcc/nios2-elf/4.1.2/mno-hw-mul/libgcc.a(_muldi3.o)
 .bss           0x0005faf8        0x0 /opt/altera/13.0sp1/nios2eds/bin/gnu/H-i686-pc-linux-gnu/bin/../lib/gcc/nios2-elf/4.1.2/mno-hw-mul/libgcc.a(_fpcmp_parts_df.o)
 .bss           0x0005faf8        0x0 ../spectrumAnalyzer_VHDL_bsp/libhal_bsp.a(alt_close.o)
 .bss           0x0005faf8        0x0 ../spectrumAnalyzer_VHDL_bsp/libhal_bsp.a(alt_dev.o)
 .bss           0x0005faf8        0x0 ../spectrumAnalyzer_VHDL_bsp/libhal_bsp.a(alt_errno.o)
 .bss           0x0005faf8        0x0 ../spectrumAnalyzer_VHDL_bsp/libhal_bsp.a(alt_fstat.o)
 .bss           0x0005faf8        0x0 ../spectrumAnalyzer_VHDL_bsp/libhal_bsp.a(alt_gettod.o)
 .bss           0x0005faf8        0x0 ../spectrumAnalyzer_VHDL_bsp/libhal_bsp.a(alt_isatty.o)
 .bss           0x0005faf8        0x0 ../spectrumAnalyzer_VHDL_bsp/libhal_bsp.a(alt_load.o)
 .bss           0x0005faf8        0x0 ../spectrumAnalyzer_VHDL_bsp/libhal_bsp.a(alt_lseek.o)
 .bss           0x0005faf8        0x0 ../spectrumAnalyzer_VHDL_bsp/libhal_bsp.a(alt_main.o)
 .bss           0x0005faf8        0x0 ../spectrumAnalyzer_VHDL_bsp/libhal_bsp.a(alt_malloc_lock.o)
 .bss           0x0005faf8        0x0 ../spectrumAnalyzer_VHDL_bsp/libhal_bsp.a(alt_read.o)
 .bss           0x0005faf8        0x0 ../spectrumAnalyzer_VHDL_bsp/libhal_bsp.a(alt_release_fd.o)
 .bss           0x0005faf8        0x0 ../spectrumAnalyzer_VHDL_bsp/libhal_bsp.a(alt_sbrk.o)
 .bss           0x0005faf8        0x0 ../spectrumAnalyzer_VHDL_bsp/libhal_bsp.a(alt_tick.o)
 .bss           0x0005faf8        0x0 ../spectrumAnalyzer_VHDL_bsp/libhal_bsp.a(alt_write.o)
 .bss           0x0005faf8        0x0 ../spectrumAnalyzer_VHDL_bsp/libhal_bsp.a(alt_sys_init.o)
 .bss           0x0005faf8        0x0 ../spectrumAnalyzer_VHDL_bsp/libhal_bsp.a(altera_avalon_jtag_uart_fd.o)
 .bss           0x0005faf8        0x0 ../spectrumAnalyzer_VHDL_bsp/libhal_bsp.a(altera_avalon_jtag_uart_init.o)
 .bss           0x0005faf8        0x0 ../spectrumAnalyzer_VHDL_bsp/libhal_bsp.a(altera_avalon_jtag_uart_ioctl.o)
 .bss           0x0005faf8        0x0 ../spectrumAnalyzer_VHDL_bsp/libhal_bsp.a(altera_avalon_jtag_uart_read.o)
 .bss           0x0005faf8        0x0 ../spectrumAnalyzer_VHDL_bsp/libhal_bsp.a(altera_avalon_jtag_uart_write.o)
 .bss           0x0005faf8        0x0 ../spectrumAnalyzer_VHDL_bsp/libhal_bsp.a(altera_avalon_timer_sc.o)
 .bss           0x0005faf8        0x0 ../spectrumAnalyzer_VHDL_bsp/libhal_bsp.a(altera_up_avalon_video_character_buffer_with_dma.o)
 .bss           0x0005faf8        0x0 ../spectrumAnalyzer_VHDL_bsp/libhal_bsp.a(altera_up_avalon_video_pixel_buffer_dma.o)
 .bss           0x0005faf8        0x0 ../spectrumAnalyzer_VHDL_bsp/libhal_bsp.a(alt_alarm_start.o)
 .bss           0x0005faf8        0x0 ../spectrumAnalyzer_VHDL_bsp/libhal_bsp.a(alt_dcache_flush_all.o)
 .bss           0x0005faf8        0x0 ../spectrumAnalyzer_VHDL_bsp/libhal_bsp.a(alt_dev_llist_insert.o)
 .bss           0x0005faf8        0x0 ../spectrumAnalyzer_VHDL_bsp/libhal_bsp.a(alt_find_dev.o)
 .bss           0x0005faf8        0x0 ../spectrumAnalyzer_VHDL_bsp/libhal_bsp.a(alt_icache_flush_all.o)
 .bss           0x0005faf8        0x0 ../spectrumAnalyzer_VHDL_bsp/libhal_bsp.a(alt_iic.o)
 .bss           0x0005faf8        0x0 ../spectrumAnalyzer_VHDL_bsp/libhal_bsp.a(alt_iic_isr_register.o)
 .bss           0x0005faf8        0x0 ../spectrumAnalyzer_VHDL_bsp/libhal_bsp.a(alt_io_redirect.o)
 .bss           0x0005faf8        0x0 ../spectrumAnalyzer_VHDL_bsp/libhal_bsp.a(alt_irq_entry.o)
 .bss           0x0005faf8        0x0 ../spectrumAnalyzer_VHDL_bsp/libhal_bsp.a(alt_irq_handler.o)
 .bss           0x0005faf8        0x0 ../spectrumAnalyzer_VHDL_bsp/libhal_bsp.a(alt_irq_vars.o)
 .bss           0x0005faf8        0x0 ../spectrumAnalyzer_VHDL_bsp/libhal_bsp.a(alt_open.o)
 .bss           0x0005faf8        0x0 ../spectrumAnalyzer_VHDL_bsp/libhal_bsp.a(altera_nios2_qsys_irq.o)
 .bss           0x0005faf8        0x0 ../spectrumAnalyzer_VHDL_bsp/libhal_bsp.a(alt_exception_entry.o)
 .bss           0x0005faf8        0x0 ../spectrumAnalyzer_VHDL_bsp/libhal_bsp.a(alt_find_file.o)
 .bss           0x0005faf8        0x0 ../spectrumAnalyzer_VHDL_bsp/libhal_bsp.a(alt_get_fd.o)
 .bss           0x0005faf8        0x0 /opt/altera/13.0sp1/nios2eds/bin/gnu/H-i686-pc-linux-gnu/bin/../lib/gcc/nios2-elf/4.1.2/../../../../nios2-elf/lib/mno-hw-mul/libc.a(lib_a-exit.o)
 .bss           0x0005faf8        0x0 /opt/altera/13.0sp1/nios2eds/bin/gnu/H-i686-pc-linux-gnu/bin/../lib/gcc/nios2-elf/4.1.2/../../../../nios2-elf/lib/mno-hw-mul/libc.a(lib_a-memcmp.o)
 .bss           0x0005faf8        0x0 /opt/altera/13.0sp1/nios2eds/bin/gnu/H-i686-pc-linux-gnu/bin/../lib/gcc/nios2-elf/4.1.2/../../../../nios2-elf/lib/mno-hw-mul/libc.a(lib_a-__call_atexit.o)
 .bss           0x0005faf8        0x0 ../spectrumAnalyzer_VHDL_bsp/libhal_bsp.a(alt_exit.o)
 *(COMMON)
 COMMON         0x0005faf8       0x80 obj/default/externalInterfaces.o
                0x0005faf8                fft_in
 COMMON         0x0005fb78      0x194 obj/default/main.o
                0x0005fb78                LUT
 COMMON         0x0005fd0c      0x100 ../spectrumAnalyzer_VHDL_bsp/libhal_bsp.a(alt_irq_handler.o)
                0x0005fd0c                alt_irq
                0x0005fe0c                . = ALIGN (0x4)
                0x0005fe0c                __bss_end = ABSOLUTE (.)

.SRAM           0x0005fe0c        0x0
                0x0005fe0c                PROVIDE (_alt_partition_SRAM_start, ABSOLUTE (.))
 *(.SRAM. SRAM.*)
                0x0005fe0c                . = ALIGN (0x4)
                0x0005fe0c                PROVIDE (_alt_partition_SRAM_end, ABSOLUTE (.))
                0x0005fe0c                _end = ABSOLUTE (.)
                0x0005fe0c                end = ABSOLUTE (.)
                0x0005fe0c                __alt_stack_base = ABSOLUTE (.)
                0x0005fe0c                PROVIDE (_alt_partition_SRAM_load_addr, LOADADDR (.SRAM))

.stab
 *(.stab)

.stabstr
 *(.stabstr)

.stab.excl
 *(.stab.excl)

.stab.exclstr
 *(.stab.exclstr)

.stab.index
 *(.stab.index)

.stab.indexstr
 *(.stab.indexstr)

.comment        0x00000000       0x26
 *(.comment)
 .comment       0x00000000       0x26 obj/default/draw.o
                                 0x27 (size before relaxing)
 .comment       0x00000000       0x27 obj/default/externalInterfaces.o
 .comment       0x00000000       0x27 obj/default/main.o
 .comment       0x00000000       0x27 obj/default/text.o
 .comment       0x00000000       0x27 /opt/altera/13.0sp1/nios2eds/bin/gnu/H-i686-pc-linux-gnu/bin/../lib/gcc/nios2-elf/4.1.2/mno-hw-mul/libgcc.a(_addsub_sf.o)
 .comment       0x00000000       0x27 /opt/altera/13.0sp1/nios2eds/bin/gnu/H-i686-pc-linux-gnu/bin/../lib/gcc/nios2-elf/4.1.2/mno-hw-mul/libgcc.a(_div_sf.o)
 .comment       0x00000000       0x27 /opt/altera/13.0sp1/nios2eds/bin/gnu/H-i686-pc-linux-gnu/bin/../lib/gcc/nios2-elf/4.1.2/mno-hw-mul/libgcc.a(_ge_sf.o)
 .comment       0x00000000       0x27 /opt/altera/13.0sp1/nios2eds/bin/gnu/H-i686-pc-linux-gnu/bin/../lib/gcc/nios2-elf/4.1.2/mno-hw-mul/libgcc.a(_lt_sf.o)
 .comment       0x00000000       0x27 /opt/altera/13.0sp1/nios2eds/bin/gnu/H-i686-pc-linux-gnu/bin/../lib/gcc/nios2-elf/4.1.2/mno-hw-mul/libgcc.a(_sf_to_si.o)
 .comment       0x00000000       0x27 /opt/altera/13.0sp1/nios2eds/bin/gnu/H-i686-pc-linux-gnu/bin/../lib/gcc/nios2-elf/4.1.2/mno-hw-mul/libgcc.a(_sf_to_df.o)
 .comment       0x00000000       0x27 /opt/altera/13.0sp1/nios2eds/bin/gnu/H-i686-pc-linux-gnu/bin/../lib/gcc/nios2-elf/4.1.2/mno-hw-mul/libgcc.a(_thenan_sf.o)
 .comment       0x00000000       0x27 /opt/altera/13.0sp1/nios2eds/bin/gnu/H-i686-pc-linux-gnu/bin/../lib/gcc/nios2-elf/4.1.2/mno-hw-mul/libgcc.a(_usi_to_sf.o)
 .comment       0x00000000       0x27 /opt/altera/13.0sp1/nios2eds/bin/gnu/H-i686-pc-linux-gnu/bin/../lib/gcc/nios2-elf/4.1.2/mno-hw-mul/libgcc.a(_addsub_df.o)
 .comment       0x00000000       0x27 /opt/altera/13.0sp1/nios2eds/bin/gnu/H-i686-pc-linux-gnu/bin/../lib/gcc/nios2-elf/4.1.2/mno-hw-mul/libgcc.a(_div_df.o)
 .comment       0x00000000       0x27 /opt/altera/13.0sp1/nios2eds/bin/gnu/H-i686-pc-linux-gnu/bin/../lib/gcc/nios2-elf/4.1.2/mno-hw-mul/libgcc.a(_make_df.o)
 .comment       0x00000000       0x27 /opt/altera/13.0sp1/nios2eds/bin/gnu/H-i686-pc-linux-gnu/bin/../lib/gcc/nios2-elf/4.1.2/mno-hw-mul/libgcc.a(_df_to_sf.o)
 .comment       0x00000000       0x27 /opt/altera/13.0sp1/nios2eds/bin/gnu/H-i686-pc-linux-gnu/bin/../lib/gcc/nios2-elf/4.1.2/mno-hw-mul/libgcc.a(_thenan_df.o)
 .comment       0x00000000       0x27 /opt/altera/13.0sp1/nios2eds/bin/gnu/H-i686-pc-linux-gnu/bin/../lib/gcc/nios2-elf/4.1.2/mno-hw-mul/libgcc.a(_usi_to_df.o)
 .comment       0x00000000       0x27 /opt/altera/13.0sp1/nios2eds/bin/gnu/H-i686-pc-linux-gnu/bin/../lib/gcc/nios2-elf/4.1.2/mno-hw-mul/libgcc.a(lib2-mul.o)
 .comment       0x00000000       0x27 /opt/altera/13.0sp1/nios2eds/bin/gnu/H-i686-pc-linux-gnu/bin/../lib/gcc/nios2-elf/4.1.2/mno-hw-mul/libgcc.a(_clzsi2.o)
 .comment       0x00000000       0x27 /opt/altera/13.0sp1/nios2eds/bin/gnu/H-i686-pc-linux-gnu/bin/../lib/gcc/nios2-elf/4.1.2/mno-hw-mul/libgcc.a(_pack_sf.o)
 .comment       0x00000000       0x27 /opt/altera/13.0sp1/nios2eds/bin/gnu/H-i686-pc-linux-gnu/bin/../lib/gcc/nios2-elf/4.1.2/mno-hw-mul/libgcc.a(_unpack_sf.o)
 .comment       0x00000000       0x27 /opt/altera/13.0sp1/nios2eds/bin/gnu/H-i686-pc-linux-gnu/bin/../lib/gcc/nios2-elf/4.1.2/mno-hw-mul/libgcc.a(_fpcmp_parts_sf.o)
 .comment       0x00000000       0x27 /opt/altera/13.0sp1/nios2eds/bin/gnu/H-i686-pc-linux-gnu/bin/../lib/gcc/nios2-elf/4.1.2/mno-hw-mul/libgcc.a(_make_sf.o)
 .comment       0x00000000       0x27 /opt/altera/13.0sp1/nios2eds/bin/gnu/H-i686-pc-linux-gnu/bin/../lib/gcc/nios2-elf/4.1.2/mno-hw-mul/libgcc.a(_pack_df.o)
 .comment       0x00000000       0x27 /opt/altera/13.0sp1/nios2eds/bin/gnu/H-i686-pc-linux-gnu/bin/../lib/gcc/nios2-elf/4.1.2/mno-hw-mul/libgcc.a(_unpack_df.o)
 .comment       0x00000000       0x27 /opt/altera/13.0sp1/nios2eds/bin/gnu/H-i686-pc-linux-gnu/bin/../lib/gcc/nios2-elf/4.1.2/mno-hw-mul/libgcc.a(_clz.o)
 .comment       0x00000000       0x27 /opt/altera/13.0sp1/nios2eds/bin/gnu/H-i686-pc-linux-gnu/bin/../lib/gcc/nios2-elf/4.1.2/../../../../nios2-elf/lib/mno-hw-mul/libc.a(lib_a-malloc.o)
 .comment       0x00000000       0x27 /opt/altera/13.0sp1/nios2eds/bin/gnu/H-i686-pc-linux-gnu/bin/../lib/gcc/nios2-elf/4.1.2/../../../../nios2-elf/lib/mno-hw-mul/libc.a(lib_a-mallocr.o)
 .comment       0x00000000       0x27 /opt/altera/13.0sp1/nios2eds/bin/gnu/H-i686-pc-linux-gnu/bin/../lib/gcc/nios2-elf/4.1.2/../../../../nios2-elf/lib/mno-hw-mul/libc.a(lib_a-puts.o)
 .comment       0x00000000       0x27 /opt/altera/13.0sp1/nios2eds/bin/gnu/H-i686-pc-linux-gnu/bin/../lib/gcc/nios2-elf/4.1.2/../../../../nios2-elf/lib/mno-hw-mul/libc.a(lib_a-sbrkr.o)
 .comment       0x00000000       0x27 /opt/altera/13.0sp1/nios2eds/bin/gnu/H-i686-pc-linux-gnu/bin/../lib/gcc/nios2-elf/4.1.2/../../../../nios2-elf/lib/mno-hw-mul/libc.a(lib_a-sprintf.o)
 .comment       0x00000000       0x27 /opt/altera/13.0sp1/nios2eds/bin/gnu/H-i686-pc-linux-gnu/bin/../lib/gcc/nios2-elf/4.1.2/../../../../nios2-elf/lib/mno-hw-mul/libc.a(lib_a-strlen.o)
 .comment       0x00000000       0x27 /opt/altera/13.0sp1/nios2eds/bin/gnu/H-i686-pc-linux-gnu/bin/../lib/gcc/nios2-elf/4.1.2/../../../../nios2-elf/lib/mno-hw-mul/libc.a(lib_a-time.o)
 .comment       0x00000000       0x27 /opt/altera/13.0sp1/nios2eds/bin/gnu/H-i686-pc-linux-gnu/bin/../lib/gcc/nios2-elf/4.1.2/../../../../nios2-elf/lib/mno-hw-mul/libc.a(lib_a-vfprintf.o)
 .comment       0x00000000       0x27 /opt/altera/13.0sp1/nios2eds/bin/gnu/H-i686-pc-linux-gnu/bin/../lib/gcc/nios2-elf/4.1.2/../../../../nios2-elf/lib/mno-hw-mul/libc.a(lib_a-wsetup.o)
 .comment       0x00000000       0x27 /opt/altera/13.0sp1/nios2eds/bin/gnu/H-i686-pc-linux-gnu/bin/../lib/gcc/nios2-elf/4.1.2/../../../../nios2-elf/lib/mno-hw-mul/libc.a(lib_a-dtoa.o)
 .comment       0x00000000       0x27 /opt/altera/13.0sp1/nios2eds/bin/gnu/H-i686-pc-linux-gnu/bin/../lib/gcc/nios2-elf/4.1.2/../../../../nios2-elf/lib/mno-hw-mul/libc.a(lib_a-fflush.o)
 .comment       0x00000000       0x27 /opt/altera/13.0sp1/nios2eds/bin/gnu/H-i686-pc-linux-gnu/bin/../lib/gcc/nios2-elf/4.1.2/../../../../nios2-elf/lib/mno-hw-mul/libc.a(lib_a-findfp.o)
 .comment       0x00000000       0x27 /opt/altera/13.0sp1/nios2eds/bin/gnu/H-i686-pc-linux-gnu/bin/../lib/gcc/nios2-elf/4.1.2/../../../../nios2-elf/lib/mno-hw-mul/libc.a(lib_a-freer.o)
 .comment       0x00000000       0x27 /opt/altera/13.0sp1/nios2eds/bin/gnu/H-i686-pc-linux-gnu/bin/../lib/gcc/nios2-elf/4.1.2/../../../../nios2-elf/lib/mno-hw-mul/libc.a(lib_a-fvwrite.o)
 .comment       0x00000000       0x27 /opt/altera/13.0sp1/nios2eds/bin/gnu/H-i686-pc-linux-gnu/bin/../lib/gcc/nios2-elf/4.1.2/../../../../nios2-elf/lib/mno-hw-mul/libc.a(lib_a-fwalk.o)
 .comment       0x00000000       0x27 /opt/altera/13.0sp1/nios2eds/bin/gnu/H-i686-pc-linux-gnu/bin/../lib/gcc/nios2-elf/4.1.2/../../../../nios2-elf/lib/mno-hw-mul/libc.a(lib_a-gettimeofdayr.o)
 .comment       0x00000000       0x27 /opt/altera/13.0sp1/nios2eds/bin/gnu/H-i686-pc-linux-gnu/bin/../lib/gcc/nios2-elf/4.1.2/../../../../nios2-elf/lib/mno-hw-mul/libc.a(lib_a-impure.o)
 .comment       0x00000000       0x27 /opt/altera/13.0sp1/nios2eds/bin/gnu/H-i686-pc-linux-gnu/bin/../lib/gcc/nios2-elf/4.1.2/../../../../nios2-elf/lib/mno-hw-mul/libc.a(lib_a-int_errno.o)
 .comment       0x00000000       0x27 /opt/altera/13.0sp1/nios2eds/bin/gnu/H-i686-pc-linux-gnu/bin/../lib/gcc/nios2-elf/4.1.2/../../../../nios2-elf/lib/mno-hw-mul/libc.a(lib_a-locale.o)
 .comment       0x00000000       0x27 /opt/altera/13.0sp1/nios2eds/bin/gnu/H-i686-pc-linux-gnu/bin/../lib/gcc/nios2-elf/4.1.2/../../../../nios2-elf/lib/mno-hw-mul/libc.a(lib_a-makebuf.o)
 .comment       0x00000000       0x27 /opt/altera/13.0sp1/nios2eds/bin/gnu/H-i686-pc-linux-gnu/bin/../lib/gcc/nios2-elf/4.1.2/../../../../nios2-elf/lib/mno-hw-mul/libc.a(lib_a-memchr.o)
 .comment       0x00000000       0x27 /opt/altera/13.0sp1/nios2eds/bin/gnu/H-i686-pc-linux-gnu/bin/../lib/gcc/nios2-elf/4.1.2/../../../../nios2-elf/lib/mno-hw-mul/libc.a(lib_a-memcpy.o)
 .comment       0x00000000       0x27 /opt/altera/13.0sp1/nios2eds/bin/gnu/H-i686-pc-linux-gnu/bin/../lib/gcc/nios2-elf/4.1.2/../../../../nios2-elf/lib/mno-hw-mul/libc.a(lib_a-memmove.o)
 .comment       0x00000000       0x27 /opt/altera/13.0sp1/nios2eds/bin/gnu/H-i686-pc-linux-gnu/bin/../lib/gcc/nios2-elf/4.1.2/../../../../nios2-elf/lib/mno-hw-mul/libc.a(lib_a-memset.o)
 .comment       0x00000000       0x27 /opt/altera/13.0sp1/nios2eds/bin/gnu/H-i686-pc-linux-gnu/bin/../lib/gcc/nios2-elf/4.1.2/../../../../nios2-elf/lib/mno-hw-mul/libc.a(lib_a-mprec.o)
 .comment       0x00000000       0x27 /opt/altera/13.0sp1/nios2eds/bin/gnu/H-i686-pc-linux-gnu/bin/../lib/gcc/nios2-elf/4.1.2/../../../../nios2-elf/lib/mno-hw-mul/libc.a(lib_a-reallocr.o)
 .comment       0x00000000       0x27 /opt/altera/13.0sp1/nios2eds/bin/gnu/H-i686-pc-linux-gnu/bin/../lib/gcc/nios2-elf/4.1.2/../../../../nios2-elf/lib/mno-hw-mul/libc.a(lib_a-s_isinfd.o)
 .comment       0x00000000       0x27 /opt/altera/13.0sp1/nios2eds/bin/gnu/H-i686-pc-linux-gnu/bin/../lib/gcc/nios2-elf/4.1.2/../../../../nios2-elf/lib/mno-hw-mul/libc.a(lib_a-s_isnand.o)
 .comment       0x00000000       0x27 /opt/altera/13.0sp1/nios2eds/bin/gnu/H-i686-pc-linux-gnu/bin/../lib/gcc/nios2-elf/4.1.2/../../../../nios2-elf/lib/mno-hw-mul/libc.a(lib_a-stdio.o)
 .comment       0x00000000       0x27 /opt/altera/13.0sp1/nios2eds/bin/gnu/H-i686-pc-linux-gnu/bin/../lib/gcc/nios2-elf/4.1.2/../../../../nios2-elf/lib/mno-hw-mul/libc.a(lib_a-strcmp.o)
 .comment       0x00000000       0x27 /opt/altera/13.0sp1/nios2eds/bin/gnu/H-i686-pc-linux-gnu/bin/../lib/gcc/nios2-elf/4.1.2/../../../../nios2-elf/lib/mno-hw-mul/libc.a(lib_a-writer.o)
 .comment       0x00000000       0x27 /opt/altera/13.0sp1/nios2eds/bin/gnu/H-i686-pc-linux-gnu/bin/../lib/gcc/nios2-elf/4.1.2/../../../../nios2-elf/lib/mno-hw-mul/libc.a(lib_a-callocr.o)
 .comment       0x00000000       0x27 /opt/altera/13.0sp1/nios2eds/bin/gnu/H-i686-pc-linux-gnu/bin/../lib/gcc/nios2-elf/4.1.2/../../../../nios2-elf/lib/mno-hw-mul/libc.a(lib_a-closer.o)
 .comment       0x00000000       0x27 /opt/altera/13.0sp1/nios2eds/bin/gnu/H-i686-pc-linux-gnu/bin/../lib/gcc/nios2-elf/4.1.2/../../../../nios2-elf/lib/mno-hw-mul/libc.a(lib_a-fclose.o)
 .comment       0x00000000       0x27 /opt/altera/13.0sp1/nios2eds/bin/gnu/H-i686-pc-linux-gnu/bin/../lib/gcc/nios2-elf/4.1.2/../../../../nios2-elf/lib/mno-hw-mul/libc.a(lib_a-fstatr.o)
 .comment       0x00000000       0x27 /opt/altera/13.0sp1/nios2eds/bin/gnu/H-i686-pc-linux-gnu/bin/../lib/gcc/nios2-elf/4.1.2/../../../../nios2-elf/lib/mno-hw-mul/libc.a(lib_a-isattyr.o)
 .comment       0x00000000       0x27 /opt/altera/13.0sp1/nios2eds/bin/gnu/H-i686-pc-linux-gnu/bin/../lib/gcc/nios2-elf/4.1.2/../../../../nios2-elf/lib/mno-hw-mul/libc.a(lib_a-lseekr.o)
 .comment       0x00000000       0x27 /opt/altera/13.0sp1/nios2eds/bin/gnu/H-i686-pc-linux-gnu/bin/../lib/gcc/nios2-elf/4.1.2/../../../../nios2-elf/lib/mno-hw-mul/libc.a(lib_a-readr.o)
 .comment       0x00000000       0x27 /opt/altera/13.0sp1/nios2eds/bin/gnu/H-i686-pc-linux-gnu/bin/../lib/gcc/nios2-elf/4.1.2/mno-hw-mul/libgcc.a(_udivdi3.o)
 .comment       0x00000000       0x27 /opt/altera/13.0sp1/nios2eds/bin/gnu/H-i686-pc-linux-gnu/bin/../lib/gcc/nios2-elf/4.1.2/mno-hw-mul/libgcc.a(_umoddi3.o)