Archive member included because of file (symbol)

/opt/altera/13.0sp1/nios2eds/bin/gnu/H-i686-pc-linux-gnu/bin/../lib/gcc/nios2-elf/4.1.2/mno-hw-mul/libgcc.a(_addsub_sf.o)
                              obj/default/main.o (__subsf3)
/opt/altera/13.0sp1/nios2eds/bin/gnu/H-i686-pc-linux-gnu/bin/../lib/gcc/nios2-elf/4.1.2/mno-hw-mul/libgcc.a(_div_sf.o)
                              obj/default/main.o (__divsf3)
/opt/altera/13.0sp1/nios2eds/bin/gnu/H-i686-pc-linux-gnu/bin/../lib/gcc/nios2-elf/4.1.2/mno-hw-mul/libgcc.a(_ge_sf.o)
                              obj/default/main.o (__gesf2)
/opt/altera/13.0sp1/nios2eds/bin/gnu/H-i686-pc-linux-gnu/bin/../lib/gcc/nios2-elf/4.1.2/mno-hw-mul/libgcc.a(_lt_sf.o)
                              obj/default/main.o (__ltsf2)
/opt/altera/13.0sp1/nios2eds/bin/gnu/H-i686-pc-linux-gnu/bin/../lib/gcc/nios2-elf/4.1.2/mno-hw-mul/libgcc.a(_sf_to_si.o)
                              obj/default/main.o (__fixsfsi)
/opt/altera/13.0sp1/nios2eds/bin/gnu/H-i686-pc-linux-gnu/bin/../lib/gcc/nios2-elf/4.1.2/mno-hw-mul/libgcc.a(_sf_to_df.o)
                              obj/default/main.o (__extendsfdf2)
/opt/altera/13.0sp1/nios2eds/bin/gnu/H-i686-pc-linux-gnu/bin/../lib/gcc/nios2-elf/4.1.2/mno-hw-mul/libgcc.a(_thenan_sf.o)
                              /opt/altera/13.0sp1/nios2eds/bin/gnu/H-i686-pc-linux-gnu/bin/../lib/gcc/nios2-elf/4.1.2/mno-hw-mul/libgcc.a(_addsub_sf.o) (__thenan_sf)
/opt/altera/13.0sp1/nios2eds/bin/gnu/H-i686-pc-linux-gnu/bin/../lib/gcc/nios2-elf/4.1.2/mno-hw-mul/libgcc.a(_usi_to_sf.o)
                              obj/default/main.o (__floatunsisf)
/opt/altera/13.0sp1/nios2eds/bin/gnu/H-i686-pc-linux-gnu/bin/../lib/gcc/nios2-elf/4.1.2/mno-hw-mul/libgcc.a(_addsub_df.o)
                              obj/default/main.o (__adddf3)
/opt/altera/13.0sp1/nios2eds/bin/gnu/H-i686-pc-linux-gnu/bin/../lib/gcc/nios2-elf/4.1.2/mno-hw-mul/libgcc.a(_div_df.o)
                              obj/default/main.o (__divdf3)
/opt/altera/13.0sp1/nios2eds/bin/gnu/H-i686-pc-linux-gnu/bin/../lib/gcc/nios2-elf/4.1.2/mno-hw-mul/libgcc.a(_si_to_df.o)
                              obj/default/main.o (__floatsidf)
/opt/altera/13.0sp1/nios2eds/bin/gnu/H-i686-pc-linux-gnu/bin/../lib/gcc/nios2-elf/4.1.2/mno-hw-mul/libgcc.a(_make_df.o)
                              /opt/altera/13.0sp1/nios2eds/bin/gnu/H-i686-pc-linux-gnu/bin/../lib/gcc/nios2-elf/4.1.2/mno-hw-mul/libgcc.a(_sf_to_df.o) (__make_dp)
/opt/altera/13.0sp1/nios2eds/bin/gnu/H-i686-pc-linux-gnu/bin/../lib/gcc/nios2-elf/4.1.2/mno-hw-mul/libgcc.a(_df_to_sf.o)
                              obj/default/main.o (__truncdfsf2)
/opt/altera/13.0sp1/nios2eds/bin/gnu/H-i686-pc-linux-gnu/bin/../lib/gcc/nios2-elf/4.1.2/mno-hw-mul/libgcc.a(_thenan_df.o)
                              /opt/altera/13.0sp1/nios2eds/bin/gnu/H-i686-pc-linux-gnu/bin/../lib/gcc/nios2-elf/4.1.2/mno-hw-mul/libgcc.a(_addsub_df.o) (__thenan_df)
/opt/altera/13.0sp1/nios2eds/bin/gnu/H-i686-pc-linux-gnu/bin/../lib/gcc/nios2-elf/4.1.2/mno-hw-mul/libgcc.a(lib2-mul.o)
                              obj/default/main.o (__mulsi3)
/opt/altera/13.0sp1/nios2eds/bin/gnu/H-i686-pc-linux-gnu/bin/../lib/gcc/nios2-elf/4.1.2/mno-hw-mul/libgcc.a(_clzsi2.o)
                              /opt/altera/13.0sp1/nios2eds/bin/gnu/H-i686-pc-linux-gnu/bin/../lib/gcc/nios2-elf/4.1.2/mno-hw-mul/libgcc.a(_usi_to_sf.o) (__clzsi2)
/opt/altera/13.0sp1/nios2eds/bin/gnu/H-i686-pc-linux-gnu/bin/../lib/gcc/nios2-elf/4.1.2/mno-hw-mul/libgcc.a(_pack_sf.o)
                              /opt/altera/13.0sp1/nios2eds/bin/gnu/H-i686-pc-linux-gnu/bin/../lib/gcc/nios2-elf/4.1.2/mno-hw-mul/libgcc.a(_addsub_sf.o) (__pack_f)
/opt/altera/13.0sp1/nios2eds/bin/gnu/H-i686-pc-linux-gnu/bin/../lib/gcc/nios2-elf/4.1.2/mno-hw-mul/libgcc.a(_unpack_sf.o)
                              /opt/altera/13.0sp1/nios2eds/bin/gnu/H-i686-pc-linux-gnu/bin/../lib/gcc/nios2-elf/4.1.2/mno-hw-mul/libgcc.a(_addsub_sf.o) (__unpack_f)
/opt/altera/13.0sp1/nios2eds/bin/gnu/H-i686-pc-linux-gnu/bin/../lib/gcc/nios2-elf/4.1.2/mno-hw-mul/libgcc.a(_fpcmp_parts_sf.o)
                              /opt/altera/13.0sp1/nios2eds/bin/gnu/H-i686-pc-linux-gnu/bin/../lib/gcc/nios2-elf/4.1.2/mno-hw-mul/libgcc.a(_ge_sf.o) (__fpcmp_parts_f)
/opt/altera/13.0sp1/nios2eds/bin/gnu/H-i686-pc-linux-gnu/bin/../lib/gcc/nios2-elf/4.1.2/mno-hw-mul/libgcc.a(_make_sf.o)
                              /opt/altera/13.0sp1/nios2eds/bin/gnu/H-i686-pc-linux-gnu/bin/../lib/gcc/nios2-elf/4.1.2/mno-hw-mul/libgcc.a(_df_to_sf.o) (__make_fp)
/opt/altera/13.0sp1/nios2eds/bin/gnu/H-i686-pc-linux-gnu/bin/../lib/gcc/nios2-elf/4.1.2/mno-hw-mul/libgcc.a(_pack_df.o)
                              /opt/altera/13.0sp1/nios2eds/bin/gnu/H-i686-pc-linux-gnu/bin/../lib/gcc/nios2-elf/4.1.2/mno-hw-mul/libgcc.a(_addsub_df.o) (__pack_d)
/opt/altera/13.0sp1/nios2eds/bin/gnu/H-i686-pc-linux-gnu/bin/../lib/gcc/nios2-elf/4.1.2/mno-hw-mul/libgcc.a(_unpack_df.o)
[...]
Memory Configuration

Name             Origin             Length             Attributes
SRAM_BEFORE_RESET 0x00000000         0x0004b800
reset            0x0004b800         0x00000020
SRAM             0x0004b820         0x000347e0
*default*        0x00000000         0xffffffff

Linker script and memory map

LOAD ../spectrumAnalyzer_VHDL_bsp//obj/HAL/src/crt0.o
LOAD obj/default/main.o
LOAD /opt/altera/13.0sp1/nios2eds/bin/gnu/H-i686-pc-linux-gnu/bin/../lib/gcc/nios2-elf/4.1.2/../../../../nios2-elf/lib/mno-hw-mul/libstdc++.a
LOAD /opt/altera/13.0sp1/nios2eds/bin/gnu/H-i686-pc-linux-gnu/bin/../lib/gcc/nios2-elf/4.1.2/../../../../nios2-elf/lib/mno-hw-mul/libm.a
LOAD /opt/altera/13.0sp1/nios2eds/bin/gnu/H-i686-pc-linux-gnu/bin/../lib/gcc/nios2-elf/4.1.2/mno-hw-mul/libgcc.a
START GROUP
LOAD /opt/altera/13.0sp1/nios2eds/bin/gnu/H-i686-pc-linux-gnu/bin/../lib/gcc/nios2-elf/4.1.2/../../../../nios2-elf/lib/mno-hw-mul/libc.a
LOAD /opt/altera/13.0sp1/nios2eds/bin/gnu/H-i686-pc-linux-gnu/bin/../lib/gcc/nios2-elf/4.1.2/mno-hw-mul/libgcc.a
LOAD ../spectrumAnalyzer_VHDL_bsp//libhal_bsp.a
END GROUP
LOAD /opt/altera/13.0sp1/nios2eds/bin/gnu/H-i686-pc-linux-gnu/bin/../lib/gcc/nios2-elf/4.1.2/mno-hw-mul/libgcc.a
                0x00000000                __alt_mem_SRAM = 0x0

.entry          0x0004b800       0x20
 *(.entry)
 .entry         0x0004b800       0x20 ../spectrumAnalyzer_VHDL_bsp//obj/HAL/src/crt0.o
                0x0004b800                __reset

.exceptions     0x0004b820      0x164
                0x0004b820                PROVIDE (__ram_exceptions_start, ABSOLUTE (.))
                0x0004b820                . = ALIGN (0x20)
 *(.irq)
 *(.exceptions.entry.label)
 .exceptions.entry.label
                0x0004b820        0x0 ../spectrumAnalyzer_VHDL_bsp//libhal_bsp.a(alt_irq_entry.o)
                0x0004b820                alt_irq_entry
 .exceptions.entry.label
                0x0004b820        0x0 ../spectrumAnalyzer_VHDL_bsp//libhal_bsp.a(alt_exception_entry.o)
                0x0004b820                alt_exception
 *(.exceptions.entry.user)
 *(.exceptions.entry)
 .exceptions.entry
                0x0004b820       0x54 ../spectrumAnalyzer_VHDL_bsp//libhal_bsp.a(alt_exception_entry.o)
 *(.exceptions.irqtest.user)
 *(.exceptions.irqtest)
 .exceptions.irqtest
                0x0004b874       0x10 ../spectrumAnalyzer_VHDL_bsp//libhal_bsp.a(alt_irq_entry.o)
 *(.exceptions.irqhandler.user)
 *(.exceptions.irqhandler)
 .exceptions.irqhandler
                0x0004b884        0x4 ../spectrumAnalyzer_VHDL_bsp//libhal_bsp.a(alt_irq_entry.o)
 *(.exceptions.irqreturn.user)
 *(.exceptions.irqreturn)
 .exceptions.irqreturn
                0x0004b888        0x4 ../spectrumAnalyzer_VHDL_bsp//libhal_bsp.a(alt_irq_entry.o)
 *(.exceptions.notirq.label)
 .exceptions.notirq.label
                0x0004b88c        0x0 ../spectrumAnalyzer_VHDL_bsp//libhal_bsp.a(alt_irq_entry.o)
 *(.exceptions.notirq.user)
 *(.exceptions.notirq)
 .exceptions.notirq
                0x0004b88c        0x8 ../spectrumAnalyzer_VHDL_bsp//libhal_bsp.a(alt_exception_entry.o)
 *(.exceptions.soft.user)
 *(.exceptions.soft)
 *(.exceptions.unknown.user)
 *(.exceptions.unknown)
 .exceptions.unknown
                0x0004b894        0x4 ../spectrumAnalyzer_VHDL_bsp//libhal_bsp.a(alt_exception_entry.o)
 *(.exceptions.exit.label)
 .exceptions.exit.label
                0x0004b898        0x0 ../spectrumAnalyzer_VHDL_bsp//libhal_bsp.a(alt_irq_entry.o)
 .exceptions.exit.label
                0x0004b898        0x0 ../spectrumAnalyzer_VHDL_bsp//libhal_bsp.a(alt_exception_entry.o)
 *(.exceptions.exit.user)
 *(.exceptions.exit)
 .exceptions.exit
                0x0004b898       0x54 ../spectrumAnalyzer_VHDL_bsp//libhal_bsp.a(alt_exception_entry.o)
 *(.exceptions)
 .exceptions    0x0004b8ec       0x98 ../spectrumAnalyzer_VHDL_bsp//libhal_bsp.a(alt_irq_handler.o)
                0x0004b8ec                alt_irq_handler
                0x0004b984                PROVIDE (__ram_exceptions_end, ABSOLUTE (.))
                0x0004b820                PROVIDE (__flash_exceptions_start, LOADADDR (.exceptions))

.text           0x0004b984     0xdbb4
                0x0004b984                PROVIDE (stext, ABSOLUTE (.))
 *(.interp)
 *(.hash)
 *(.dynsym)
 *(.dynstr)
 *(.gnu.version)
 *(.gnu.version_d)
 *(.gnu.version_r)
 *(.rel.init)
 *(.rela.init)
 *(.rel.text .rel.text.* .rel.gnu.linkonce.t.*)
 *(.rela.text .rela.text.* .rela.gnu.linkonce.t.*)
 *(.rel.fini)
 *(.rela.fini)
 *(.rel.rodata .rel.rodata.* .rel.gnu.linkonce.r.*)
 *(.rela.rodata .rela.rodata.* .rela.gnu.linkonce.r.*)
 *(.rel.data .rel.data.* .rel.gnu.linkonce.d.*)
 *(.rela.data .rela.data.* .rela.gnu.linkonce.d.*)
 *(.rel.tdata .rel.tdata.* .rel.gnu.linkonce.td.*)
 *(.rela.tdata .rela.tdata.* .rela.gnu.linkonce.td.*)
 *(.rel.tbss .rel.tbss.* .rel.gnu.linkonce.tb.*)
 *(.rela.tbss .rela.tbss.* .rela.gnu.linkonce.tb.*)
 *(.rel.ctors)
 *(.rela.ctors)
 *(.rel.dtors)
 *(.rela.dtors)
 *(.rel.got)
 *(.rela.got)
 *(.rel.sdata .rel.sdata.* .rel.gnu.linkonce.s.*)
 *(.rela.sdata .rela.sdata.* .rela.gnu.linkonce.s.*)
 *(.rel.sbss .rel.sbss.* .rel.gnu.linkonce.sb.*)
 *(.rela.sbss .rela.sbss.* .rela.gnu.linkonce.sb.*)
 *(.rel.sdata2 .rel.sdata2.* .rel.gnu.linkonce.s2.*)
 *(.rela.sdata2 .rela.sdata2.* .rela.gnu.linkonce.s2.*)
 *(.rel.sbss2 .rel.sbss2.* .rel.gnu.linkonce.sb2.*)
 *(.rela.sbss2 .rela.sbss2.* .rela.gnu.linkonce.sb2.*)
 *(.rel.bss .rel.bss.* .rel.gnu.linkonce.b.*)
 *(.rela.bss .rela.bss.* .rela.gnu.linkonce.b.*)
 *(.rel.plt)
 *(.rela.plt)
 *(.rel.dyn)
 *(.init)
 *(.plt)
 *(.text .stub .text.* .gnu.linkonce.t.*)
 .text          0x0004b984       0x3c ../spectrumAnalyzer_VHDL_bsp//obj/HAL/src/crt0.o
                0x0004b984                _start
 .text          0x0004b9c0      0xabc obj/default/main.o
                0x0004b9c0                displayFPS
                0x0004ba5c                temp
                0x0004bbec                init
                0x0004bc80                displayHorRange
                0x0004bdb4                prepareText
                0x0004be40                prepareBackground
                0x0004bee4                clearDrawingboard
                0x0004bf40                drawHelpLines
                0x0004bff0                drawGraph
                0x0004c374                main
 .text          0x0004c47c      0x2b8 /opt/altera/13.0sp1/nios2eds/bin/gnu/H-i686-pc-linux-gnu/bin/../lib/gcc/nios2-elf/4.1.2/mno-hw-mul/libgcc.a(_addsub_sf.o)
                0x0004c660                __subsf3
                0x0004c6d0                __addsf3
 .text          0x0004c734      0x174 /opt/altera/13.0sp1/nios2eds/bin/gnu/H-i686-pc-linux-gnu/bin/../lib/gcc/nios2-elf/4.1.2/mno-hw-mul/libgcc.a(_div_sf.o)
                0x0004c734                __divsf3
 .text          0x0004c8a8       0x78 /opt/altera/13.0sp1/nios2eds/bin/gnu/H-i686-pc-linux-gnu/bin/../lib/gcc/nios2-elf/4.1.2/mno-hw-mul/libgcc.a(_ge_sf.o)
                0x0004c8a8                __gesf2
 .text          0x0004c920       0x78 /opt/altera/13.0sp1/nios2eds/bin/gnu/H-i686-pc-linux-gnu/bin/../lib/gcc/nios2-elf/4.1.2/mno-hw-mul/libgcc.a(_lt_sf.o)
                0x0004c920                __ltsf2
 .text          0x0004c998       0x94 /opt/altera/13.0sp1/nios2eds/bin/gnu/H-i686-pc-linux-gnu/bin/../lib/gcc/nios2-elf/4.1.2/mno-hw-mul/libgcc.a(_sf_to_si.o)
                0x0004c998                __fixsfsi
 .text          0x0004ca2c       0x54 /opt/altera/13.0sp1/nios2eds/bin/gnu/H-i686-pc-linux-gnu/bin/../lib/gcc/nios2-elf/4.1.2/mno-hw-mul/libgcc.a(_sf_to_df.o)
                0x0004ca2c                __extendsfdf2
 .text          0x0004ca80        0x0 /opt/altera/13.0sp1/nios2eds/bin/gnu/H-i686-pc-linux-gnu/bin/../lib/gcc/nios2-elf/4.1.2/mno-hw-mul/libgcc.a(_thenan_sf.o)
 .text          0x0004ca80       0xc0 /opt/altera/13.0sp1/nios2eds/bin/gnu/H-i686-pc-linux-gnu/bin/../lib/gcc/nios2-elf/4.1.2/mno-hw-mul/libgcc.a(_usi_to_sf.o)
                0x0004ca80                __floatunsisf
 .text          0x0004cb40      0x504 /opt/altera/13.0sp1/nios2eds/bin/gnu/H-i686-pc-linux-gnu/bin/../lib/gcc/nios2-elf/4.1.2/mno-hw-mul/libgcc.a(_addsub_df.o)
                0x0004cf50                __subdf3
                0x0004cfd0                __adddf3
 .text          0x0004d044      0x258 /opt/altera/13.0sp1/nios2eds/bin/gnu/H-i686-pc-linux-gnu/bin/../lib/gcc/nios2-elf/4.1.2/mno-hw-mul/libgcc.a(_div_df.o)
                0x0004d044                __divdf3
 .text          0x0004d29c       0xf8 /opt/altera/13.0sp1/nios2eds/bin/gnu/H-i686-pc-linux-gnu/bin/../lib/gcc/nios2-elf/4.1.2/mno-hw-mul/libgcc.a(_si_to_df.o)
                0x0004d29c                __floatsidf
 .text          0x0004d394       0x38 /opt/altera/13.0sp1/nios2eds/bin/gnu/H-i686-pc-linux-gnu/bin/../lib/gcc/nios2-elf/4.1.2/mno-hw-mul/libgcc.a(_make_df.o)
                0x0004d394                __make_dp
 .text          0x0004d3cc       0x74 /opt/altera/13.0sp1/nios2eds/bin/gnu/H-i686-pc-linux-gnu/bin/../lib/gcc/nios2-elf/4.1.2/mno-hw-mul/libgcc.a(_df_to_sf.o)
                0x0004d3cc                __truncdfsf2
 .text          0x0004d440        0x0 /opt/altera/13.0sp1/nios2eds/bin/gnu/H-i686-pc-linux-gnu/bin/../lib/gcc/nios2-elf/4.1.2/mno-hw-mul/libgcc.a(_thenan_df.o)
 .text          0x0004d440       0x38 /opt/altera/13.0sp1/nios2eds/bin/gnu/H-i686-pc-linux-gnu/bin/../lib/gcc/nios2-elf/4.1.2/mno-hw-mul/libgcc.a(lib2-mul.o)
                0x0004d440                __mulsi3
 .text          0x0004d478       0x80 /opt/altera/13.0sp1/nios2eds/bin/gnu/H-i686-pc-linux-gnu/bin/../lib/gcc/nios2-elf/4.1.2/mno-hw-mul/libgcc.a(_clzsi2.o)
                0x0004d478                __clzsi2
 .text          0x0004d4f8      0x160 /opt/altera/13.0sp1/nios2eds/bin/gnu/H-i686-pc-linux-gnu/bin/../lib/gcc/nios2-elf/4.1.2/mno-hw-mul/libgcc.a(_pack_sf.o)
                0x0004d4f8                __pack_f
 .text          0x0004d658       0xc8 /opt/altera/13.0sp1/nios2eds/bin/gnu/H-i686-pc-linux-gnu/bin/../lib/gcc/nios2-elf/4.1.2/mno-hw-mul/libgcc.a(_unpack_sf.o)
                0x0004d658                __unpack_f
 .text          0x0004d720       0xa8 /opt/altera/13.0sp1/nios2eds/bin/gnu/H-i686-pc-linux-gnu/bin/../lib/gcc/nios2-elf/4.1.2/mno-hw-mul/libgcc.a(_fpcmp_parts_sf.o)
                0x0004d720                __fpcmp_parts_f
 .text          0x0004d7c8       0x2c /opt/altera/13.0sp1/nios2eds/bin/gnu/H-i686-pc-linux-gnu/bin/../lib/gcc/nios2-elf/4.1.2/mno-hw-mul/libgcc.a(_make_sf.o)
                0x0004d7c8                __make_fp
 .text          0x0004d7f4      0x314 /opt/altera/13.0sp1/nios2eds/bin/gnu/H-i686-pc-linux-gnu/bin/../lib/gcc/nios2-elf/4.1.2/mno-hw-mul/libgcc.a(_pack_df.o)
                0x0004d7f4                __pack_d
 .text          0x0004db08      0x138 /opt/altera/13.0sp1/nios2eds/bin/gnu/H-i686-pc-linux-gnu/bin/../lib/gcc/nios2-elf/4.1.2/mno-hw-mul/libgcc.a(_unpack_df.o)
                0x0004db08                __unpack_d
 .text          0x0004dc40        0x0 /opt/altera/13.0sp1/nios2eds/bin/gnu/H-i686-pc-linux-gnu/bin/../lib/gcc/nios2-elf/4.1.2/mno-hw-mul/libgcc.a(_clz.o)
 .text          0x0004dc40       0x28 /opt/altera/13.0sp1/nios2eds/bin/gnu/H-i686-pc-linux-gnu/bin/../lib/gcc/nios2-elf/4.1.2/../../../../nios2-elf/lib/mno-hw-mul/libc.a(lib_a-malloc.o)
                0x0004dc40                free
                0x0004dc54                malloc
 .text          0x0004dc68      0x740 /opt/altera/13.0sp1/nios2eds/bin/gnu/H-i686-pc-linux-gnu/bin/../lib/gcc/nios2-elf/4.1.2/../../../../nios2-elf/lib/mno-hw-mul/libc.a(lib_a-mallocr.o)
                0x0004dc68                _malloc_r
 .text          0x0004e3a8       0x78 /opt/altera/13.0sp1/nios2eds/bin/gnu/H-i686-pc-linux-gnu/bin/../lib/gcc/nios2-elf/4.1.2/../../../../nios2-elf/lib/mno-hw-mul/libc.a(lib_a-printf.o)
                0x0004e3a8                printf
                0x0004e3ec                _printf_r
 .text          0x0004e420       0xb4 /opt/altera/13.0sp1/nios2eds/bin/gnu/H-i686-pc-linux-gnu/bin/../lib/gcc/nios2-elf/4.1.2/../../../../nios2-elf/lib/mno-hw-mul/libc.a(lib_a-puts.o)
                0x0004e420                _puts_r
                0x0004e4c0                puts
 .text          0x0004e4d4       0x70 /opt/altera/13.0sp1/nios2eds/bin/gnu/H-i686-pc-linux-gnu/bin/../lib/gcc/nios2-elf/4.1.2/../../../../nios2-elf/lib/mno-hw-mul/libc.a(lib_a-sbrkr.o)
                0x0004e4d4                _sbrk_r
 .text          0x0004e544       0xd4 /opt/altera/13.0sp1/nios2eds/bin/gnu/H-i686-pc-linux-gnu/bin/../lib/gcc/nios2-elf/4.1.2/../../../../nios2-elf/lib/mno-hw-mul/libc.a(lib_a-sprintf.o)
                0x0004e544                sprintf
                0x0004e5b8                _sprintf_r
 .text          0x0004e618       0x74 /opt/altera/13.0sp1/nios2eds/bin/gnu/H-i686-pc-linux-gnu/bin/../lib/gcc/nios2-elf/4.1.2/../../../../nios2-elf/lib/mno-hw-mul/libc.a(lib_a-strlen.o)
                0x0004e618                strlen
 .text          0x0004e68c       0x5c /opt/altera/13.0sp1/nios2eds/bin/gnu/H-i686-pc-linux-gnu/bin/../lib/gcc/nios2-elf/4.1.2/../../../../nios2-elf/lib/mno-hw-mul/libc.a(lib_a-time.o)
                0x0004e68c                time
 .text          0x0004e6e8     0x1f40 /opt/altera/13.0sp1/nios2eds/bin/gnu/H-i686-pc-linux-gnu/bin/../lib/gcc/nios2-elf/4.1.2/../../../../nios2-elf/lib/mno-hw-mul/libc.a(lib_a-vfprintf.o)
                0x0004e740                ___vfprintf_internal_r
                0x00050604                __vfprintf_internal
 .text          0x00050628      0x13c /opt/altera/13.0sp1/nios2eds/bin/gnu/H-i686-pc-linux-gnu/bin/../lib/gcc/nios2-elf/4.1.2/../../../../nios2-elf/lib/mno-hw-mul/libc.a(lib_a-wsetup.o)
                0x00050628                __swsetup_r
 .text          0x00050764     0x17f8 /opt/altera/13.0sp1/nios2eds/bin/gnu/H-i686-pc-linux-gnu/bin/../lib/gcc/nios2-elf/4.1.2/../../../../nios2-elf/lib/mno-hw-mul/libc.a(lib_a-dtoa.o)
                0x000509a8                _dtoa_r
 .text          0x00051f5c      0x230 /opt/altera/13.0sp1/nios2eds/bin/gnu/H-i686-pc-linux-gnu/bin/../lib/gcc/nios2-elf/4.1.2/../../../../nios2-elf/lib/mno-hw-mul/libc.a(lib_a-fflush.o)
                0x00051f5c                _fflush_r
                0x00052158                fflush
 .text          0x0005218c      0x2f4 /opt/altera/13.0sp1/nios2eds/bin/gnu/H-i686-pc-linux-gnu/bin/../lib/gcc/nios2-elf/4.1.2/../../../../nios2-elf/lib/mno-hw-mul/libc.a(lib_a-findfp.o)
                0x000521e4                __sfp_lock_acquire
                0x000521e8                __sfp_lock_release
                0x000521ec                __sinit_lock_acquire
                0x000521f0                __sinit_lock_release
                0x000521f4                __sinit
                0x000522a8                __fp_unlock_all
                0x000522c0                __fp_lock_all
                0x000522d8                _cleanup_r
                0x000522e4                _cleanup
                0x000522f4                __sfmoreglue
                0x00052390                __sfp
 .text          0x00052480      0x440 /opt/altera/13.0sp1/nios2eds/bin/gnu/H-i686-pc-linux-gnu/bin/../lib/gcc/nios2-elf/4.1.2/../../../../nios2-elf/lib/mno-hw-mul/libc.a(lib_a-freer.o)
                0x00052480                _malloc_trim_r
                0x000525ac                _free_r
 .text          0x000528c0      0x49c /opt/altera/13.0sp1/nios2eds/bin/gnu/H-i686-pc-linux-gnu/bin/../lib/gcc/nios2-elf/4.1.2/../../../../nios2-elf/lib/mno-hw-mul/libc.a(lib_a-fvwrite.o)
                0x000528c0                __sfvwrite_r
 .text          0x00052d5c      0x180 /opt/altera/13.0sp1/nios2eds/bin/gnu/H-i686-pc-linux-gnu/bin/../lib/gcc/nios2-elf/4.1.2/../../../../nios2-elf/lib/mno-hw-mul/libc.a(lib_a-fwalk.o)
                0x00052d5c                _fwalk_reent
                0x00052e24                _fwalk
 .text          0x00052edc       0x74 /opt/altera/13.0sp1/nios2eds/bin/gnu/H-i686-pc-linux-gnu/bin/../lib/gcc/nios2-elf/4.1.2/../../../../nios2-elf/lib/mno-hw-mul/libc.a(lib_a-gettimeofdayr.o)
                0x00052edc                _gettimeofday_r
 .text          0x00052f50        0x0 /opt/altera/13.0sp1/nios2eds/bin/gnu/H-i686-pc-linux-gnu/bin/../lib/gcc/nios2-elf/4.1.2/../../../../nios2-elf/lib/mno-hw-mul/libc.a(lib_a-impure.o)
 .text          0x00052f50        0x0 /opt/altera/13.0sp1/nios2eds/bin/gnu/H-i686-pc-linux-gnu/bin/../lib/gcc/nios2-elf/4.1.2/../../../../nios2-elf/lib/mno-hw-mul/libc.a(lib_a-int_errno.o)
 .text          0x00052f50       0xc4 /opt/altera/13.0sp1/nios2eds/bin/gnu/H-i686-pc-linux-gnu/bin/../lib/gcc/nios2-elf/4.1.2/../../../../nios2-elf/lib/mno-hw-mul/libc.a(lib_a-locale.o)
                0x00052f50                __locale_charset
                0x00052f58                _localeconv_r
                0x00052f64                localeconv
                0x00052f74                _setlocale_r
                0x00052ff8                setlocale
 .text          0x00053014      0x194 /opt/altera/13.0sp1/nios2eds/bin/gnu/H-i686-pc-linux-gnu/bin/../lib/gcc/nios2-elf/4.1.2/../../../../nios2-elf/lib/mno-hw-mul/libc.a(lib_a-makebuf.o)
                0x00053014                __smakebuf_r
 .text          0x000531a8       0xe4 /opt/altera/13.0sp1/nios2eds/bin/gnu/H-i686-pc-linux-gnu/bin/../lib/gcc/nios2-elf/4.1.2/../../../../nios2-elf/lib/mno-hw-mul/libc.a(lib_a-memchr.o)
                0x000531a8                memchr
 .text          0x0005328c       0xa0 /opt/altera/13.0sp1/nios2eds/bin/gnu/H-i686-pc-linux-gnu/bin/../lib/gcc/nios2-elf/4.1.2/../../../../nios2-elf/lib/mno-hw-mul/libc.a(lib_a-memcpy.o)
                0x0005328c                memcpy
 .text          0x0005332c       0xe0 /opt/altera/13.0sp1/nios2eds/bin/gnu/H-i686-pc-linux-gnu/bin/../lib/gcc/nios2-elf/4.1.2/../../../../nios2-elf/lib/mno-hw-mul/libc.a(lib_a-memmove.o)
                0x0005332c                memmove
 .text          0x0005340c       0x98 /opt/altera/13.0sp1/nios2eds/bin/gnu/H-i686-pc-linux-gnu/bin/../lib/gcc/nios2-elf/4.1.2/../../../../nios2-elf/lib/mno-hw-mul/libc.a(lib_a-memset.o)
                0x0005340c                memset
 .text          0x000534a4     0x108c /opt/altera/13.0sp1/nios2eds/bin/gnu/H-i686-pc-linux-gnu/bin/../lib/gcc/nios2-elf/4.1.2/../../../../nios2-elf/lib/mno-hw-mul/libc.a(lib_a-mprec.o)
                0x000534a4                _Bfree
                0x000534cc                __hi0bits
                0x0005353c                __lo0bits
                0x00053600                __mcmp
                0x00053660                __ulp
                0x000536e0                __b2d
                0x00053800                __ratio
                0x000538b0                _mprec_log10
                0x00053944                __copybits
                0x0005399c                __any_on
                0x00053a24                _Balloc
                0x00053ae0                __d2b
                0x00053c5c                __mdiff
                0x00053de8                __lshift
                0x00053f34                __multiply
                0x00054188                __i2b
                0x000541c4                __multadd
                0x000542f0                __pow5mult
                0x00054410                __s2b
 .text          0x00054530      0x5f4 /opt/altera/13.0sp1/nios2eds/bin/gnu/H-i686-pc-linux-gnu/bin/../lib/gcc/nios2-elf/4.1.2/../../../../nios2-elf/lib/mno-hw-mul/libc.a(lib_a-reallocr.o)
                0x00054530                _realloc_r
 .text          0x00054b24       0x40 /opt/altera/13.0sp1/nios2eds/bin/gnu/H-i686-pc-linux-gnu/bin/../lib/gcc/nios2-elf/4.1.2/../../../../nios2-elf/lib/mno-hw-mul/libc.a(lib_a-s_isinfd.o)
                0x00054b24                __isinfd
 .text          0x00054b64       0x30 /opt/altera/13.0sp1/nios2eds/bin/gnu/H-i686-pc-linux-gnu/bin/../lib/gcc/nios2-elf/4.1.2/../../../../nios2-elf/lib/mno-hw-mul/libc.a(lib_a-s_isnand.o)
                0x00054b64                __isnand
 .text          0x00054b94      0x14c /opt/altera/13.0sp1/nios2eds/bin/gnu/H-i686-pc-linux-gnu/bin/../lib/gcc/nios2-elf/4.1.2/../../../../nios2-elf/lib/mno-hw-mul/libc.a(lib_a-stdio.o)
                0x00054b94                __sclose
                0x00054b9c                __sseek
                0x00054c04                __swrite
                0x00054c80                __sread
 .text          0x00054ce0       0xbc /opt/altera/13.0sp1/nios2eds/bin/gnu/H-i686-pc-linux-gnu/bin/../lib/gcc/nios2-elf/4.1.2/../../../../nios2-elf/lib/mno-hw-mul/libc.a(lib_a-strcmp.o)
                0x00054ce0                strcmp
 .text          0x00054d9c       0x78 /opt/altera/13.0sp1/nios2eds/bin/gnu/H-i686-pc-linux-gnu/bin/../lib/gcc/nios2-elf/4.1.2/../../../../nios2-elf/lib/mno-hw-mul/libc.a(lib_a-writer.o)
                0x00054d9c                _write_r
 .text          0x00054e14       0xc8 /opt/altera/13.0sp1/nios2eds/bin/gnu/H-i686-pc-linux-gnu/bin/../lib/gcc/nios2-elf/4.1.2/../../../../nios2-elf/lib/mno-hw-mul/libc.a(lib_a-callocr.o)
                0x00054e14                _calloc_r
 .text          0x00054edc       0x70 /opt/altera/13.0sp1/nios2eds/bin/gnu/H-i686-pc-linux-gnu/bin/../lib/gcc/nios2-elf/4.1.2/../../../../nios2-elf/lib/mno-hw-mul/libc.a(lib_a-closer.o)
                0x00054edc                _close_r
 .text          0x00054f4c      0x124 /opt/altera/13.0sp1/nios2eds/bin/gnu/H-i686-pc-linux-gnu/bin/../lib/gcc/nios2-elf/4.1.2/../../../../nios2-elf/lib/mno-hw-mul/libc.a(lib_a-fclose.o)
                0x00054f4c                _fclose_r
                0x0005505c                fclose
 .text          0x00055070       0x74 /opt/altera/13.0sp1/nios2eds/bin/gnu/H-i686-pc-linux-gnu/bin/../lib/gcc/nios2-elf/4.1.2/../../../../nios2-elf/lib/mno-hw-mul/libc.a(lib_a-fstatr.o)
                0x00055070                _fstat_r
 .text          0x000550e4       0x70 /opt/altera/13.0sp1/nios2eds/bin/gnu/H-i686-pc-linux-gnu/bin/../lib/gcc/nios2-elf/4.1.2/../../../../nios2-elf/lib/mno-hw-mul/libc.a(lib_a-isattyr.o)
                0x000550e4                _isatty_r
 .text          0x00055154       0x78 /opt/altera/13.0sp1/nios2eds/bin/gnu/H-i686-pc-linux-gnu/bin/../lib/gcc/nios2-elf/4.1.2/../../../../nios2-elf/lib/mno-hw-mul/libc.a(lib_a-lseekr.o)
                0x00055154                _lseek_r
 .text          0x000551cc       0x78 /opt/altera/13.0sp1/nios2eds/bin/gnu/H-i686-pc-linux-gnu/bin/../lib/gcc/nios2-elf/4.1.2/../../../../nios2-elf/lib/mno-hw-mul/libc.a(lib_a-readr.o)
                0x000551cc                _read_r
 .text          0x00055244      0x66c /opt/altera/13.0sp1/nios2eds/bin/gnu/H-i686-pc-linux-gnu/bin/../lib/gcc/nios2-elf/4.1.2/mno-hw-mul/libgcc.a(_udivdi3.o)
                0x00055244                __udivdi3
 .text          0x000558b0      0x660 /opt/altera/13.0sp1/nios2eds/bin/gnu/H-i686-pc-linux-gnu/bin/../lib/gcc/nios2-elf/4.1.2/mno-hw-mul/libgcc.a(_umoddi3.o)
                0x000558b0                __umoddi3
 .text          0x00055f10      0x3c4 /opt/altera/13.0sp1/nios2eds/bin/gnu/H-i686-pc-linux-gnu/bin/../lib/gcc/nios2-elf/4.1.2/mno-hw-mul/libgcc.a(_mul_df.o)
                0x00055f10                __muldf3
 .text          0x000562d4       0x88 /opt/altera/13.0sp1/nios2eds/bin/gnu/H-i686-pc-linux-gnu/bin/../lib/gcc/nios2-elf/4.1.2/mno-hw-mul/libgcc.a(_eq_df.o)
                0x000562d4                __eqdf2
 .text          0x0005635c       0x88 /opt/altera/13.0sp1/nios2eds/bin/gnu/H-i686-pc-linux-gnu/bin/../lib/gcc/nios2-elf/4.1.2/mno-hw-mul/libgcc.a(_ne_df.o)
                0x0005635c                __nedf2
 .text          0x000563e4       0x88 /opt/altera/13.0sp1/nios2eds/bin/gnu/H-i686-pc-linux-gnu/bin/../lib/gcc/nios2-elf/4.1.2/mno-hw-mul/libgcc.a(_gt_df.o)
                0x000563e4                __gtdf2
 .text          0x0005646c       0x88 /opt/altera/13.0sp1/nios2eds/bin/gnu/H-i686-pc-linux-gnu/bin/../lib/gcc/nios2-elf/4.1.2/mno-hw-mul/libgcc.a(_ge_df.o)
                0x0005646c                __gedf2
 .text          0x000564f4       0x88 /opt/altera/13.0sp1/nios2eds/bin/gnu/H-i686-pc-linux-gnu/bin/../lib/gcc/nios2-elf/4.1.2/mno-hw-mul/libgcc.a(_lt_df.o)
                0x000564f4                __ltdf2
 .text          0x0005657c       0xd8 /opt/altera/13.0sp1/nios2eds/bin/gnu/H-i686-pc-linux-gnu/bin/../lib/gcc/nios2-elf/4.1.2/mno-hw-mul/libgcc.a(_df_to_si.o)
                0x0005657c                __fixdfsi
 .text          0x00056654      0x194 /opt/altera/13.0sp1/nios2eds/bin/gnu/H-i686-pc-linux-gnu/bin/../lib/gcc/nios2-elf/4.1.2/mno-hw-mul/libgcc.a(_usi_to_df.o)
                0x00056654                __floatunsidf
 .text          0x000567e8      0x14c /opt/altera/13.0sp1/nios2eds/bin/gnu/H-i686-pc-linux-gnu/bin/../lib/gcc/nios2-elf/4.1.2/mno-hw-mul/libgcc.a(lib2-divmod.o)
                0x00056864                __divsi3
                0x000568c4                __modsi3
                0x00056924                __udivsi3
                0x0005692c                __umodsi3
 .text          0x00056934      0x124 /opt/altera/13.0sp1/nios2eds/bin/gnu/H-i686-pc-linux-gnu/bin/../lib/gcc/nios2-elf/4.1.2/mno-hw-mul/libgcc.a(_muldi3.o)
                0x00056934                __muldi3
 .text          0x00056a58       0xc8 /opt/altera/13.0sp1/nios2eds/bin/gnu/H-i686-pc-linux-gnu/bin/../lib/gcc/nios2-elf/4.1.2/mno-hw-mul/libgcc.a(_fpcmp_parts_df.o)
                0x00056a58                __fpcmp_parts_d
 .text          0x00056b20       0xf4 ../spectrumAnalyzer_VHDL_bsp//libhal_bsp.a(alt_close.o)
                0x00056b20                close
 .text          0x00056c14        0x8 ../spectrumAnalyzer_VHDL_bsp//libhal_bsp.a(alt_dev.o)
 .text          0x00056c1c        0x0 ../spectrumAnalyzer_VHDL_bsp//libhal_bsp.a(alt_errno.o)
 .text          0x00056c1c       0xac ../spectrumAnalyzer_VHDL_bsp//libhal_bsp.a(alt_fstat.o)
                0x00056c1c                fstat
 .text          0x00056cc8      0x18c ../spectrumAnalyzer_VHDL_bsp//libhal_bsp.a(alt_gettod.o)
                0x00056cc8                gettimeofday
 .text          0x00056e54       0xa4 ../spectrumAnalyzer_VHDL_bsp//libhal_bsp.a(alt_isatty.o)
                0x00056e54                isatty
 .text          0x00056ef8       0xb4 ../spectrumAnalyzer_VHDL_bsp//libhal_bsp.a(alt_load.o)
                0x00056ef8                alt_load
 .text          0x00056fac       0xbc ../spectrumAnalyzer_VHDL_bsp//libhal_bsp.a(alt_lseek.o)
                0x00056fac                lseek
 .text          0x00057068       0x50 ../spectrumAnalyzer_VHDL_bsp//libhal_bsp.a(alt_main.o)
                0x00057068                alt_main
 .text          0x000570b8        0x8 ../spectrumAnalyzer_VHDL_bsp//libhal_bsp.a(alt_malloc_lock.o)
                0x000570b8                __malloc_lock
                0x000570bc                __malloc_unlock
 .text          0x000570c0      0x140 ../spectrumAnalyzer_VHDL_bsp//libhal_bsp.a(alt_read.o)
                0x000570c0                read
 .text          0x00057200       0x5c ../spectrumAnalyzer_VHDL_bsp//libhal_bsp.a(alt_release_fd.o)
                0x00057200                alt_release_fd
 .text          0x0005725c       0x54 ../spectrumAnalyzer_VHDL_bsp//libhal_bsp.a(alt_sbrk.o)
                0x0005725c                sbrk
 .text          0x000572b0      0x11c ../spectrumAnalyzer_VHDL_bsp//libhal_bsp.a(alt_tick.o)
                0x000572b0                alt_alarm_stop
                0x000572e4                alt_tick
 .text          0x000573cc        0x4 ../spectrumAnalyzer_VHDL_bsp//libhal_bsp.a(alt_usleep.o)
                0x000573cc                usleep
 .text          0x000573d0      0x13c ../spectrumAnalyzer_VHDL_bsp//libhal_bsp.a(alt_write.o)
                0x000573d0                write
 .text          0x0005750c      0x1a8 ../spectrumAnalyzer_VHDL_bsp//libhal_bsp.a(alt_sys_init.o)
                0x0005750c                alt_irq_init
                0x0005752c                alt_sys_init
 .text          0x000576b4       0x3c ../spectrumAnalyzer_VHDL_bsp//libhal_bsp.a(altera_avalon_jtag_uart_fd.o)
                0x000576b4                altera_avalon_jtag_uart_ioctl_fd
                0x000576c0                altera_avalon_jtag_uart_close_fd
                0x000576d0                altera_avalon_jtag_uart_write_fd
                0x000576e0                altera_avalon_jtag_uart_read_fd
 .text          0x000576f0      0x228 ../spectrumAnalyzer_VHDL_bsp//libhal_bsp.a(altera_avalon_jtag_uart_init.o)
                0x000576f0                altera_avalon_jtag_uart_close
                0x00057790                altera_avalon_jtag_uart_init
 .text          0x00057918       0x88 ../spectrumAnalyzer_VHDL_bsp//libhal_bsp.a(altera_avalon_jtag_uart_ioctl.o)
                0x00057918                altera_avalon_jtag_uart_ioctl
 .text          0x000579a0      0x16c ../spectrumAnalyzer_VHDL_bsp//libhal_bsp.a(altera_avalon_jtag_uart_read.o)
                0x000579a0                altera_avalon_jtag_uart_read
 .text          0x00057b0c      0x184 ../spectrumAnalyzer_VHDL_bsp//libhal_bsp.a(altera_avalon_jtag_uart_write.o)
                0x00057b0c                altera_avalon_jtag_uart_write
 .text          0x00057c90       0x8c ../spectrumAnalyzer_VHDL_bsp//libhal_bsp.a(altera_avalon_timer_sc.o)
                0x00057c90                alt_avalon_timer_sc_init
 .text          0x00057d1c      0x134 ../spectrumAnalyzer_VHDL_bsp//libhal_bsp.a(altera_up_avalon_video_character_buffer_with_dma.o)
                0x00057d1c                alt_up_char_buffer_string
                0x00057d78                alt_up_char_buffer_draw
                0x00057dd0                alt_up_char_buffer_clear
                0x00057df4                alt_up_char_buffer_open_dev
                0x00057e00                alt_up_char_buffer_init
 .text          0x00057e50      0xd0c ../spectrumAnalyzer_VHDL_bsp//libhal_bsp.a(altera_up_avalon_video_pixel_buffer_dma.o)
                0x00057e50                helper_plot_pixel
                0x00057f20                alt_up_pixel_buffer_dma_draw_vline
                0x00058104                alt_up_pixel_buffer_dma_draw_hline
                0x000582d4                alt_up_pixel_buffer_dma_draw_rectangle
                0x000583a0                alt_up_pixel_buffer_dma_draw_box
                0x0005861c                alt_up_pixel_buffer_dma_clear_screen
                0x000586e4                alt_up_pixel_buffer_dma_swap_buffers
                0x00058708                alt_up_pixel_buffer_dma_draw
                0x000587fc                alt_up_pixel_buffer_dma_check_swap_buffers_status
                0x0005880c                alt_up_pixel_buffer_dma_change_back_buffer_address
                0x00058834                alt_up_pixel_buffer_dma_open_dev
                0x00058840                alt_up_pixel_buffer_dma_draw_line
 .text          0x00058b5c       0x94 ../spectrumAnalyzer_VHDL_bsp//libhal_bsp.a(alt_alarm_start.o)
                0x00058b5c                alt_alarm_start
 .text          0x00058bf0       0xa4 ../spectrumAnalyzer_VHDL_bsp//libhal_bsp.a(alt_busy_sleep.o)
                0x00058bf0                alt_busy_sleep
 .text          0x00058c94        0x4 ../spectrumAnalyzer_VHDL_bsp//libhal_bsp.a(alt_dcache_flush_all.o)
                0x00058c94                alt_dcache_flush_all
 .text          0x00058c98       0x7c ../spectrumAnalyzer_VHDL_bsp//libhal_bsp.a(alt_dev_llist_insert.o)
                0x00058c98                alt_dev_llist_insert
 .text          0x00058d14       0x94 ../spectrumAnalyzer_VHDL_bsp//libhal_bsp.a(alt_find_dev.o)
                0x00058d14                alt_find_dev
 .text          0x00058da8        0x4 ../spectrumAnalyzer_VHDL_bsp//libhal_bsp.a(alt_icache_flush_all.o)
                0x00058da8                alt_icache_flush_all
 .text          0x00058dac       0x9c ../spectrumAnalyzer_VHDL_bsp//libhal_bsp.a(alt_iic.o)
                0x00058dac                alt_ic_irq_enabled
                0x00058dc4                alt_ic_irq_enable
                0x00058e04                alt_ic_irq_disable
                0x00058e44                alt_ic_isr_register
 .text          0x00058e48       0x88 ../spectrumAnalyzer_VHDL_bsp//libhal_bsp.a(alt_iic_isr_register.o)
                0x00058e48                alt_iic_isr_register
 .text          0x00058ed0      0x14c ../spectrumAnalyzer_VHDL_bsp//libhal_bsp.a(alt_io_redirect.o)
                0x00058ed0                alt_io_redirect
 .text          0x0005901c        0x0 ../spectrumAnalyzer_VHDL_bsp//libhal_bsp.a(alt_irq_entry.o)
 .text          0x0005901c        0x0 ../spectrumAnalyzer_VHDL_bsp//libhal_bsp.a(alt_irq_handler.o)
 .text          0x0005901c        0x0 ../spectrumAnalyzer_VHDL_bsp//libhal_bsp.a(alt_irq_vars.o)
 .text          0x0005901c      0x18c ../spectrumAnalyzer_VHDL_bsp//libhal_bsp.a(alt_open.o)
                0x0005901c                open
 .text          0x000591a8        0x8 ../spectrumAnalyzer_VHDL_bsp//libhal_bsp.a(altera_nios2_qsys_irq.o)
                0x000591a8                altera_nios2_qsys_irq_init
 .text          0x000591b0        0x0 ../spectrumAnalyzer_VHDL_bsp//libhal_bsp.a(alt_exception_entry.o)
 .text          0x000591b0       0xb0 ../spectrumAnalyzer_VHDL_bsp//libhal_bsp.a(alt_find_file.o)
                0x000591b0                alt_find_file
 .text          0x00059260       0x60 ../spectrumAnalyzer_VHDL_bsp//libhal_bsp.a(alt_get_fd.o)
                0x00059260                alt_get_fd
 .text          0x000592c0       0x38 /opt/altera/13.0sp1/nios2eds/bin/gnu/H-i686-pc-linux-gnu/bin/../lib/gcc/nios2-elf/4.1.2/../../../../nios2-elf/lib/mno-hw-mul/libc.a(lib_a-exit.o)
                0x000592c0                exit
 .text          0x000592f8       0x74 /opt/altera/13.0sp1/nios2eds/bin/gnu/H-i686-pc-linux-gnu/bin/../lib/gcc/nios2-elf/4.1.2/../../../../nios2-elf/lib/mno-hw-mul/libc.a(lib_a-memcmp.o)
                0x000592f8                memcmp
 .text          0x0005936c      0x1b4 /opt/altera/13.0sp1/nios2eds/bin/gnu/H-i686-pc-linux-gnu/bin/../lib/gcc/nios2-elf/4.1.2/../../../../nios2-elf/lib/mno-hw-mul/libc.a(lib_a-__call_atexit.o)
                0x00059370                __call_exitprocs
 .text          0x00059520       0x14 ../spectrumAnalyzer_VHDL_bsp//libhal_bsp.a(alt_exit.o)
                0x00059520                _exit
 *(.gnu.warning.*)
 *(.fini)
                0x00059534                PROVIDE (__etext, ABSOLUTE (.))
                0x00059534                PROVIDE (_etext, ABSOLUTE (.))
                0x00059534                PROVIDE (etext, ABSOLUTE (.))
 *(.eh_frame_hdr)
                0x00059534                . = ALIGN (0x4)
                0x00059534                PROVIDE (__preinit_array_start, ABSOLUTE (.))
 *(.preinit_array)
                0x00059534                PROVIDE (__preinit_array_end, ABSOLUTE (.))
                0x00059534                PROVIDE (__init_array_start, ABSOLUTE (.))
 *(.init_array)
                0x00059534                PROVIDE (__init_array_end, ABSOLUTE (.))
                0x00059534                PROVIDE (__fini_array_start, ABSOLUTE (.))
 *(.fini_array)
                0x00059534                PROVIDE (__fini_array_end, ABSOLUTE (.))
 *(.eh_frame)
 *(.gcc_except_table)
 *(.dynamic)
                0x00059534                PROVIDE (__CTOR_LIST__, ABSOLUTE (.))
 *(.ctors)
 *(SORT(.ctors.*))
 .ctors.65535   0x00059534        0x4 /opt/altera/13.0sp1/nios2eds/bin/gnu/H-i686-pc-linux-gnu/bin/../lib/gcc/nios2-elf/4.1.2/../../../../nios2-elf/lib/mno-hw-mul/libc.a(lib_a-__call_atexit.o)
                0x00059538                PROVIDE (__CTOR_END__, ABSOLUTE (.))
                0x00059538                PROVIDE (__DTOR_LIST__, ABSOLUTE (.))
 *(.dtors)
 *(SORT(.dtors.*))
                0x00059538                PROVIDE (__DTOR_END__, ABSOLUTE (.))
 *(.jcr)
                0x00059538                . = ALIGN (0x4)

.rodata         0x00059538     0x18e8
                0x00059538                PROVIDE (__ram_rodata_start, ABSOLUTE (.))
                0x00059538                . = ALIGN (0x4)
 *(.rodata .rodata.* .gnu.linkonce.r.*)
 .rodata        0x00059538     0x1544 obj/default/main.o
                0x0005956a                tempFFT
                0x0005996c                cnst_hz
 .rodata        0x0005aa7c       0x10 /opt/altera/13.0sp1/nios2eds/bin/gnu/H-i686-pc-linux-gnu/bin/../lib/gcc/nios2-elf/4.1.2/mno-hw-mul/libgcc.a(_thenan_sf.o)
                0x0005aa7c                __thenan_sf
 .rodata        0x0005aa8c       0x14 /opt/altera/13.0sp1/nios2eds/bin/gnu/H-i686-pc-linux-gnu/bin/../lib/gcc/nios2-elf/4.1.2/mno-hw-mul/libgcc.a(_thenan_df.o)
                0x0005aa8c                __thenan_df
 .rodata        0x0005aaa0      0x100 /opt/altera/13.0sp1/nios2eds/bin/gnu/H-i686-pc-linux-gnu/bin/../lib/gcc/nios2-elf/4.1.2/mno-hw-mul/libgcc.a(_clz.o)
                0x0005aaa0                __clz_tab
 .rodata.str1.4
                0x0005aba0        0x2 /opt/altera/13.0sp1/nios2eds/bin/gnu/H-i686-pc-linux-gnu/bin/../lib/gcc/nios2-elf/4.1.2/../../../../nios2-elf/lib/mno-hw-mul/libc.a(lib_a-puts.o)
                                  0x4 (size before relaxing)
 *fill*         0x0005aba2        0x2 00
 .rodata.str1.4
                0x0005aba4       0x5e /opt/altera/13.0sp1/nios2eds/bin/gnu/H-i686-pc-linux-gnu/bin/../lib/gcc/nios2-elf/4.1.2/../../../../nios2-elf/lib/mno-hw-mul/libc.a(lib_a-vfprintf.o)
                                 0x60 (size before relaxing)
 .rodata        0x0005ac02       0x20 /opt/altera/13.0sp1/nios2eds/bin/gnu/H-i686-pc-linux-gnu/bin/../lib/gcc/nios2-elf/4.1.2/../../../../nios2-elf/lib/mno-hw-mul/libc.a(lib_a-vfprintf.o)
 *fill*         0x0005ac22        0x2 00
 .rodata.str1.4
                0x0005ac24       0x10 /opt/altera/13.0sp1/nios2eds/bin/gnu/H-i686-pc-linux-gnu/bin/../lib/gcc/nios2-elf/4.1.2/../../../../nios2-elf/lib/mno-hw-mul/libc.a(lib_a-dtoa.o)
                                 0x14 (size before relaxing)
 .rodata.str1.4
                0x0005ac34        0x2 /opt/altera/13.0sp1/nios2eds/bin/gnu/H-i686-pc-linux-gnu/bin/../lib/gcc/nios2-elf/4.1.2/../../../../nios2-elf/lib/mno-hw-mul/libc.a(lib_a-impure.o)
                                  0x4 (size before relaxing)
 *fill*         0x0005ac36        0x2 00
 .rodata.str1.4
                0x0005ac38        0xf /opt/altera/13.0sp1/nios2eds/bin/gnu/H-i686-pc-linux-gnu/bin/../lib/gcc/nios2-elf/4.1.2/../../../../nios2-elf/lib/mno-hw-mul/libc.a(lib_a-locale.o)
                                 0x18 (size before relaxing)
 *fill*         0x0005ac47        0x1 00
 .rodata        0x0005ac48       0x30 /opt/altera/13.0sp1/nios2eds/bin/gnu/H-i686-pc-linux-gnu/bin/../lib/gcc/nios2-elf/4.1.2/../../../../nios2-elf/lib/mno-hw-mul/libc.a(lib_a-locale.o)
 .rodata        0x0005ac78      0x124 /opt/altera/13.0sp1/nios2eds/bin/gnu/H-i686-pc-linux-gnu/bin/../lib/gcc/nios2-elf/4.1.2/../../../../nios2-elf/lib/mno-hw-mul/libc.a(lib_a-mprec.o)
                0x0005ac78                __mprec_tens
                0x0005ad40                __mprec_bigtens
                0x0005ad68                __mprec_tinytens
 .rodata.str1.4
                0x0005ad9c        0xa ../spectrumAnalyzer_VHDL_bsp//libhal_bsp.a(alt_dev.o)
                                  0xc (size before relaxing)
 *fill*         0x0005ada6        0x2 00
 .rodata.str1.4
                0x0005ada8        0xf ../spectrumAnalyzer_VHDL_bsp//libhal_bsp.a(alt_main.o)
                                 0x10 (size before relaxing)
 *fill*         0x0005adb7        0x1 00
 .rodata.str1.4
                0x0005adb8       0x4a ../spectrumAnalyzer_VHDL_bsp//libhal_bsp.a(alt_sys_init.o)
                                 0x5c (size before relaxing)
 *fill*         0x0005ae02        0x2 00
 .rodata.str1.4
                0x0005ae04       0x1c ../spectrumAnalyzer_VHDL_bsp//libhal_bsp.a(altera_up_avalon_video_character_buffer_with_dma.o)
 *(.rodata1)
                0x0005ae20                . = ALIGN (0x4)
                0x0005ae20                PROVIDE (__ram_rodata_end, ABSOLUTE (.))
                0x00059538                PROVIDE (__flash_rodata_start, LOADADDR (.rodata))

.rwdata         0x0005ae20     0x1b1c load address 0x0005c93c
                0x0005ae20                PROVIDE (__ram_rwdata_start, ABSOLUTE (.))
                0x0005ae20                . = ALIGN (0x4)
 *(.got.plt)
 *(.got)
 *(.data1)
 *(.data .data.* .gnu.linkonce.d.*)
 .data          0x0005ae20        0x0 ../spectrumAnalyzer_VHDL_bsp//obj/HAL/src/crt0.o
 .data          0x0005ae20        0x0 obj/default/main.o
 .data          0x0005ae20        0x0 /opt/altera/13.0sp1/nios2eds/bin/gnu/H-i686-pc-linux-gnu/bin/../lib/gcc/nios2-elf/4.1.2/mno-hw-mul/libgcc.a(_addsub_sf.o)
 .data          0x0005ae20        0x0 /opt/altera/13.0sp1/nios2eds/bin/gnu/H-i686-pc-linux-gnu/bin/../lib/gcc/nios2-elf/4.1.2/mno-hw-mul/libgcc.a(_div_sf.o)
 .data          0x0005ae20        0x0 /opt/altera/13.0sp1/nios2eds/bin/gnu/H-i686-pc-linux-gnu/bin/../lib/gcc/nios2-elf/4.1.2/mno-hw-mul/libgcc.a(_ge_sf.o)
 .data          0x0005ae20        0x0 /opt/altera/13.0sp1/nios2eds/bin/gnu/H-i686-pc-linux-gnu/bin/../lib/gcc/nios2-elf/4.1.2/mno-hw-mul/libgcc.a(_lt_sf.o)
 .data          0x0005ae20        0x0 /opt/altera/13.0sp1/nios2eds/bin/gnu/H-i686-pc-linux-gnu/bin/../lib/gcc/nios2-elf/4.1.2/mno-hw-mul/libgcc.a(_sf_to_si.o)
 .data          0x0005ae20        0x0 /opt/altera/13.0sp1/nios2eds/bin/gnu/H-i686-pc-linux-gnu/bin/../lib/gcc/nios2-elf/4.1.2/mno-hw-mul/libgcc.a(_sf_to_df.o)
 .data          0x0005ae20        0x0 /opt/altera/13.0sp1/nios2eds/bin/gnu/H-i686-pc-linux-gnu/bin/../lib/gcc/nios2-elf/4.1.2/mno-hw-mul/libgcc.a(_thenan_sf.o)
 .data          0x0005ae20        0x0 /opt/altera/13.0sp1/nios2eds/bin/gnu/H-i686-pc-linux-gnu/bin/../lib/gcc/nios2-elf/4.1.2/mno-hw-mul/libgcc.a(_usi_to_sf.o)
 .data          0x0005ae20        0x0 /opt/altera/13.0sp1/nios2eds/bin/gnu/H-i686-pc-linux-gnu/bin/../lib/gcc/nios2-elf/4.1.2/mno-hw-mul/libgcc.a(_addsub_df.o)
 .data          0x0005ae20        0x0 /opt/altera/13.0sp1/nios2eds/bin/gnu/H-i686-pc-linux-gnu/bin/../lib/gcc/nios2-elf/4.1.2/mno-hw-mul/libgcc.a(_div_df.o)
 .data          0x0005ae20        0x0 /opt/altera/13.0sp1/nios2eds/bin/gnu/H-i686-pc-linux-gnu/bin/../lib/gcc/nios2-elf/4.1.2/mno-hw-mul/libgcc.a(_si_to_df.o)
 .data          0x0005ae20        0x0 /opt/altera/13.0sp1/nios2eds/bin/gnu/H-i686-pc-linux-gnu/bin/../lib/gcc/nios2-elf/4.1.2/mno-hw-mul/libgcc.a(_make_df.o)
 .data          0x0005ae20        0x0 /opt/altera/13.0sp1/nios2eds/bin/gnu/H-i686-pc-linux-gnu/bin/../lib/gcc/nios2-elf/4.1.2/mno-hw-mul/libgcc.a(_df_to_sf.o)
 .data          0x0005ae20        0x0 /opt/altera/13.0sp1/nios2eds/bin/gnu/H-i686-pc-linux-gnu/bin/../lib/gcc/nios2-elf/4.1.2/mno-hw-mul/libgcc.a(_thenan_df.o)
 .data          0x0005ae20        0x0 /opt/altera/13.0sp1/nios2eds/bin/gnu/H-i686-pc-linux-gnu/bin/../lib/gcc/nios2-elf/4.1.2/mno-hw-mul/libgcc.a(lib2-mul.o)
 .data          0x0005ae20        0x0 /opt/altera/13.0sp1/nios2eds/bin/gnu/H-i686-pc-linux-gnu/bin/../lib/gcc/nios2-elf/4.1.2/mno-hw-mul/libgcc.a(_clzsi2.o)
 .data          0x0005ae20        0x0 /opt/altera/13.0sp1/nios2eds/bin/gnu/H-i686-pc-linux-gnu/bin/../lib/gcc/nios2-elf/4.1.2/mno-hw-mul/libgcc.a(_pack_sf.o)
 .data          0x0005ae20        0x0 /opt/altera/13.0sp1/nios2eds/bin/gnu/H-i686-pc-linux-gnu/bin/../lib/gcc/nios2-elf/4.1.2/mno-hw-mul/libgcc.a(_unpack_sf.o)
 .data          0x0005ae20        0x0 /opt/altera/13.0sp1/nios2eds/bin/gnu/H-i686-pc-linux-gnu/bin/../lib/gcc/nios2-elf/4.1.2/mno-hw-mul/libgcc.a(_fpcmp_parts_sf.o)
 .data          0x0005ae20        0x0 /opt/altera/13.0sp1/nios2eds/bin/gnu/H-i686-pc-linux-gnu/bin/../lib/gcc/nios2-elf/4.1.2/mno-hw-mul/libgcc.a(_make_sf.o)
 .data          0x0005ae20        0x0 /opt/altera/13.0sp1/nios2eds/bin/gnu/H-i686-pc-linux-gnu/bin/../lib/gcc/nios2-elf/4.1.2/mno-hw-mul/libgcc.a(_pack_df.o)
 .data          0x0005ae20        0x0 /opt/altera/13.0sp1/nios2eds/bin/gnu/H-i686-pc-linux-gnu/bin/../lib/gcc/nios2-elf/4.1.2/mno-hw-mul/libgcc.a(_unpack_df.o)
 .data          0x0005ae20        0x0 /opt/altera/13.0sp1/nios2eds/bin/gnu/H-i686-pc-linux-gnu/bin/../lib/gcc/nios2-elf/4.1.2/mno-hw-mul/libgcc.a(_clz.o)
 .data          0x0005ae20        0x0 /opt/altera/13.0sp1/nios2eds/bin/gnu/H-i686-pc-linux-gnu/bin/../lib/gcc/nios2-elf/4.1.2/../../../../nios2-elf/lib/mno-hw-mul/libc.a(lib_a-malloc.o)
 .data          0x0005ae20      0x408 /opt/altera/13.0sp1/nios2eds/bin/gnu/H-i686-pc-linux-gnu/bin/../lib/gcc/nios2-elf/4.1.2/../../../../nios2-elf/lib/mno-hw-mul/libc.a(lib_a-mallocr.o)
                0x0005ae20                __malloc_av_
 .data          0x0005b228        0x0 /opt/altera/13.0sp1/nios2eds/bin/gnu/H-i686-pc-linux-gnu/bin/../lib/gcc/nios2-elf/4.1.2/../../../../nios2-elf/lib/mno-hw-mul/libc.a(lib_a-printf.o)
 .data          0x0005b228        0x0 /opt/altera/13.0sp1/nios2eds/bin/gnu/H-i686-pc-linux-gnu/bin/../lib/gcc/nios2-elf/4.1.2/../../../../nios2-elf/lib/mno-hw-mul/libc.a(lib_a-puts.o)
 .data          0x0005b228        0x0 /opt/altera/13.0sp1/nios2eds/bin/gnu/H-i686-pc-linux-gnu/bin/../lib/gcc/nios2-elf/4.1.2/../../../../nios2-elf/lib/mno-hw-mul/libc.a(lib_a-sbrkr.o)
 .data          0x0005b228        0x0 /opt/altera/13.0sp1/nios2eds/bin/gnu/H-i686-pc-linux-gnu/bin/../lib/gcc/nios2-elf/4.1.2/../../../../nios2-elf/lib/mno-hw-mul/libc.a(lib_a-sprintf.o)
 .data          0x0005b228        0x0 /opt/altera/13.0sp1/nios2eds/bin/gnu/H-i686-pc-linux-gnu/bin/../lib/gcc/nios2-elf/4.1.2/../../../../nios2-elf/lib/mno-hw-mul/libc.a(lib_a-strlen.o)
 .data          0x0005b228        0x0 /opt/altera/13.0sp1/nios2eds/bin/gnu/H-i686-pc-linux-gnu/bin/../lib/gcc/nios2-elf/4.1.2/../../../../nios2-elf/lib/mno-hw-mul/libc.a(lib_a-time.o)
 .data          0x0005b228        0x0 /opt/altera/13.0sp1/nios2eds/bin/gnu/H-i686-pc-linux-gnu/bin/../lib/gcc/nios2-elf/4.1.2/../../../../nios2-elf/lib/mno-hw-mul/libc.a(lib_a-vfprintf.o)
 .data          0x0005b228        0x0 /opt/altera/13.0sp1/nios2eds/bin/gnu/H-i686-pc-linux-gnu/bin/../lib/gcc/nios2-elf/4.1.2/../../../../nios2-elf/lib/mno-hw-mul/libc.a(lib_a-wsetup.o)
 .data          0x0005b228        0x0 /opt/altera/13.0sp1/nios2eds/bin/gnu/H-i686-pc-linux-gnu/bin/../lib/gcc/nios2-elf/4.1.2/../../../../nios2-elf/lib/mno-hw-mul/libc.a(lib_a-dtoa.o)
 .data          0x0005b228        0x0 /opt/altera/13.0sp1/nios2eds/bin/gnu/H-i686-pc-linux-gnu/bin/../lib/gcc/nios2-elf/4.1.2/../../../../nios2-elf/lib/mno-hw-mul/libc.a(lib_a-fflush.o)
 .data          0x0005b228        0x0 /opt/altera/13.0sp1/nios2eds/bin/gnu/H-i686-pc-linux-gnu/bin/../lib/gcc/nios2-elf/4.1.2/../../../../nios2-elf/lib/mno-hw-mul/libc.a(lib_a-findfp.o)
 .data          0x0005b228        0x0 /opt/altera/13.0sp1/nios2eds/bin/gnu/H-i686-pc-linux-gnu/bin/../lib/gcc/nios2-elf/4.1.2/../../../../nios2-elf/lib/mno-hw-mul/libc.a(lib_a-freer.o)
 .data          0x0005b228        0x0 /opt/altera/13.0sp1/nios2eds/bin/gnu/H-i686-pc-linux-gnu/bin/../lib/gcc/nios2-elf/4.1.2/../../../../nios2-elf/lib/mno-hw-mul/libc.a(lib_a-fvwrite.o)
 .data          0x0005b228        0x0 /opt/altera/13.0sp1/nios2eds/bin/gnu/H-i686-pc-linux-gnu/bin/../lib/gcc/nios2-elf/4.1.2/../../../../nios2-elf/lib/mno-hw-mul/libc.a(lib_a-fwalk.o)
 .data          0x0005b228        0x0 /opt/altera/13.0sp1/nios2eds/bin/gnu/H-i686-pc-linux-gnu/bin/../lib/gcc/nios2-elf/4.1.2/../../../../nios2-elf/lib/mno-hw-mul/libc.a(lib_a-gettimeofdayr.o)
 .data          0x0005b228      0x400 /opt/altera/13.0sp1/nios2eds/bin/gnu/H-i686-pc-linux-gnu/bin/../lib/gcc/nios2-elf/4.1.2/../../../../nios2-elf/lib/mno-hw-mul/libc.a(lib_a-impure.o)
 .data          0x0005b628        0x0 /opt/altera/13.0sp1/nios2eds/bin/gnu/H-i686-pc-linux-gnu/bin/../lib/gcc/nios2-elf/4.1.2/../../../../nios2-elf/lib/mno-hw-mul/libc.a(lib_a-int_errno.o)
 .data          0x0005b628        0xc /opt/altera/13.0sp1/nios2eds/bin/gnu/H-i686-pc-linux-gnu/bin/../lib/gcc/nios2-elf/4.1.2/../../../../nios2-elf/lib/mno-hw-mul/libc.a(lib_a-locale.o)
                0x0005b628                __lc_ctype
 .data          0x0005b634        0x0 /opt/altera/13.0sp1/nios2eds/bin/gnu/H-i686-pc-linux-gnu/bin/../lib/gcc/nios2-elf/4.1.2/../../../../nios2-elf/lib/mno-hw-mul/libc.a(lib_a-makebuf.o)
 .data          0x0005b634        0x0 /opt/altera/13.0sp1/nios2eds/bin/gnu/H-i686-pc-linux-gnu/bin/../lib/gcc/nios2-elf/4.1.2/../../../../nios2-elf/lib/mno-hw-mul/libc.a(lib_a-memchr.o)
 .data          0x0005b634        0x0 /opt/altera/13.0sp1/nios2eds/bin/gnu/H-i686-pc-linux-gnu/bin/../lib/gcc/nios2-elf/4.1.2/../../../../nios2-elf/lib/mno-hw-mul/libc.a(lib_a-memcpy.o)
 .data          0x0005b634        0x0 /opt/altera/13.0sp1/nios2eds/bin/gnu/H-i686-pc-linux-gnu/bin/../lib/gcc/nios2-elf/4.1.2/../../../../nios2-elf/lib/mno-hw-mul/libc.a(lib_a-memmove.o)
 .data          0x0005b634        0x0 /opt/altera/13.0sp1/nios2eds/bin/gnu/H-i686-pc-linux-gnu/bin/../lib/gcc/nios2-elf/4.1.2/../../../../nios2-elf/lib/mno-hw-mul/libc.a(lib_a-memset.o)
 .data          0x0005b634        0x0 /opt/altera/13.0sp1/nios2eds/bin/gnu/H-i686-pc-linux-gnu/bin/../lib/gcc/nios2-elf/4.1.2/../../../../nios2-elf/lib/mno-hw-mul/libc.a(lib_a-mprec.o)
 .data          0x0005b634        0x0 /opt/altera/13.0sp1/nios2eds/bin/gnu/H-i686-pc-linux-gnu/bin/../lib/gcc/nios2-elf/4.1.2/../../../../nios2-elf/lib/mno-hw-mul/libc.a(lib_a-reallocr.o)
 .data          0x0005b634        0x0 /opt/altera/13.0sp1/nios2eds/bin/gnu/H-i686-pc-linux-gnu/bin/../lib/gcc/nios2-elf/4.1.2/../../../../nios2-elf/lib/mno-hw-mul/libc.a(lib_a-s_isinfd.o)
 .data          0x0005b634        0x0 /opt/altera/13.0sp1/nios2eds/bin/gnu/H-i686-pc-linux-gnu/bin/../lib/gcc/nios2-elf/4.1.2/../../../../nios2-elf/lib/mno-hw-mul/libc.a(lib_a-s_isnand.o)
 .data          0x0005b634        0x0 /opt/altera/13.0sp1/nios2eds/bin/gnu/H-i686-pc-linux-gnu/bin/../lib/gcc/nios2-elf/4.1.2/../../../../nios2-elf/lib/mno-hw-mul/libc.a(lib_a-stdio.o)
 .data          0x0005b634        0x0 /opt/altera/13.0sp1/nios2eds/bin/gnu/H-i686-pc-linux-gnu/bin/../lib/gcc/nios2-elf/4.1.2/../../../../nios2-elf/lib/mno-hw-mul/libc.a(lib_a-strcmp.o)
 .data          0x0005b634        0x0 /opt/altera/13.0sp1/nios2eds/bin/gnu/H-i686-pc-linux-gnu/bin/../lib/gcc/nios2-elf/4.1.2/../../../../nios2-elf/lib/mno-hw-mul/libc.a(lib_a-writer.o)
 .data          0x0005b634        0x0 /opt/altera/13.0sp1/nios2eds/bin/gnu/H-i686-pc-linux-gnu/bin/../lib/gcc/nios2-elf/4.1.2/../../../../nios2-elf/lib/mno-hw-mul/libc.a(lib_a-callocr.o)
 .data          0x0005b634        0x0 /opt/altera/13.0sp1/nios2eds/bin/gnu/H-i686-pc-linux-gnu/bin/../lib/gcc/nios2-elf/4.1.2/../../../../nios2-elf/lib/mno-hw-mul/libc.a(lib_a-closer.o)
 .data          0x0005b634        0x0 /opt/altera/13.0sp1/nios2eds/bin/gnu/H-i686-pc-linux-gnu/bin/../lib/gcc/nios2-elf/4.1.2/../../../../nios2-elf/lib/mno-hw-mul/libc.a(lib_a-fclose.o)
 .data          0x0005b634        0x0 /opt/altera/13.0sp1/nios2eds/bin/gnu/H-i686-pc-linux-gnu/bin/../lib/gcc/nios2-elf/4.1.2/../../../../nios2-elf/lib/mno-hw-mul/libc.a(lib_a-fstatr.o)
 .data          0x0005b634        0x0 /opt/altera/13.0sp1/nios2eds/bin/gnu/H-i686-pc-linux-gnu/bin/../lib/gcc/nios2-elf/4.1.2/../../../../nios2-elf/lib/mno-hw-mul/libc.a(lib_a-isattyr.o)
 .data          0x0005b634        0x0 /opt/altera/13.0sp1/nios2eds/bin/gnu/H-i686-pc-linux-gnu/bin/../lib/gcc/nios2-elf/4.1.2/../../../../nios2-elf/lib/mno-hw-mul/libc.a(lib_a-lseekr.o)
 .data          0x0005b634        0x0 /opt/altera/13.0sp1/nios2eds/bin/gnu/H-i686-pc-linux-gnu/bin/../lib/gcc/nios2-elf/4.1.2/../../../../nios2-elf/lib/mno-hw-mul/libc.a(lib_a-readr.o)
 .data          0x0005b634        0x0 /opt/altera/13.0sp1/nios2eds/bin/gnu/H-i686-pc-linux-gnu/bin/../lib/gcc/nios2-elf/4.1.2/mno-hw-mul/libgcc.a(_udivdi3.o)
 .data          0x0005b634        0x0 /opt/altera/13.0sp1/nios2eds/bin/gnu/H-i686-pc-linux-gnu/bin/../lib/gcc/nios2-elf/4.1.2/mno-hw-mul/libgcc.a(_umoddi3.o)
 .data          0x0005b634        0x0 /opt/altera/13.0sp1/nios2eds/bin/gnu/H-i686-pc-linux-gnu/bin/../lib/gcc/nios2-elf/4.1.2/mno-hw-mul/libgcc.a(_mul_df.o)
 .data          0x0005b634        0x0 /opt/altera/13.0sp1/nios2eds/bin/gnu/H-i686-pc-linux-gnu/bin/../lib/gcc/nios2-elf/4.1.2/mno-hw-mul/libgcc.a(_eq_df.o)
 .data          0x0005b634        0x0 /opt/altera/13.0sp1/nios2eds/bin/gnu/H-i686-pc-linux-gnu/bin/../lib/gcc/nios2-elf/4.1.2/mno-hw-mul/libgcc.a(_ne_df.o)
 .data          0x0005b634        0x0 /opt/altera/13.0sp1/nios2eds/bin/gnu/H-i686-pc-linux-gnu/bin/../lib/gcc/nios2-elf/4.1.2/mno-hw-mul/libgcc.a(_gt_df.o)
 .data          0x0005b634        0x0 /opt/altera/13.0sp1/nios2eds/bin/gnu/H-i686-pc-linux-gnu/bin/../lib/gcc/nios2-elf/4.1.2/mno-hw-mul/libgcc.a(_ge_df.o)
 .data          0x0005b634        0x0 /opt/altera/13.0sp1/nios2eds/bin/gnu/H-i686-pc-linux-gnu/bin/../lib/gcc/nios2-elf/4.1.2/mno-hw-mul/libgcc.a(_lt_df.o)
 .data          0x0005b634        0x0 /opt/altera/13.0sp1/nios2eds/bin/gnu/H-i686-pc-linux-gnu/bin/../lib/gcc/nios2-elf/4.1.2/mno-hw-mul/libgcc.a(_df_to_si.o)
 .data          0x0005b634        0x0 /opt/altera/13.0sp1/nios2eds/bin/gnu/H-i686-pc-linux-gnu/bin/../lib/gcc/nios2-elf/4.1.2/mno-hw-mul/libgcc.a(_usi_to_df.o)
 .data          0x0005b634        0x0 /opt/altera/13.0sp1/nios2eds/bin/gnu/H-i686-pc-linux-gnu/bin/../lib/gcc/nios2-elf/4.1.2/mno-hw-mul/libgcc.a(lib2-divmod.o)
 .data          0x0005b634        0x0 /opt/altera/13.0sp1/nios2eds/bin/gnu/H-i686-pc-linux-gnu/bin/../lib/gcc/nios2-elf/4.1.2/mno-hw-mul/libgcc.a(_muldi3.o)
 .data          0x0005b634        0x0 /opt/altera/13.0sp1/nios2eds/bin/gnu/H-i686-pc-linux-gnu/bin/../lib/gcc/nios2-elf/4.1.2/mno-hw-mul/libgcc.a(_fpcmp_parts_df.o)
 .data          0x0005b634        0x0 ../spectrumAnalyzer_VHDL_bsp//libhal_bsp.a(alt_close.o)
 .data          0x0005b634      0x1a8 ../spectrumAnalyzer_VHDL_bsp//libhal_bsp.a(alt_dev.o)
                0x0005b634                alt_dev_null
                0x0005b65c                alt_fd_list
 .data          0x0005b7dc        0x0 ../spectrumAnalyzer_VHDL_bsp//libhal_bsp.a(alt_errno.o)
 .data          0x0005b7dc        0x0 ../spectrumAnalyzer_VHDL_bsp//libhal_bsp.a(alt_fstat.o)
 .data          0x0005b7dc        0x0 ../spectrumAnalyzer_VHDL_bsp//libhal_bsp.a(alt_gettod.o)
 .data          0x0005b7dc        0x0 ../spectrumAnalyzer_VHDL_bsp//libhal_bsp.a(alt_isatty.o)
 .data          0x0005b7dc        0x0 ../spectrumAnalyzer_VHDL_bsp//libhal_bsp.a(alt_load.o)
 .data          0x0005b7dc        0x0 ../spectrumAnalyzer_VHDL_bsp//libhal_bsp.a(alt_lseek.o)
 .data          0x0005b7dc        0x0 ../spectrumAnalyzer_VHDL_bsp//libhal_bsp.a(alt_main.o)
 .data          0x0005b7dc        0x0 ../spectrumAnalyzer_VHDL_bsp//libhal_bsp.a(alt_malloc_lock.o)
 .data          0x0005b7dc        0x0 ../spectrumAnalyzer_VHDL_bsp//libhal_bsp.a(alt_read.o)
 .data          0x0005b7dc        0x0 ../spectrumAnalyzer_VHDL_bsp//libhal_bsp.a(alt_release_fd.o)
 .data          0x0005b7dc        0x0 ../spectrumAnalyzer_VHDL_bsp//libhal_bsp.a(alt_sbrk.o)
 .data          0x0005b7dc        0x0 ../spectrumAnalyzer_VHDL_bsp//libhal_bsp.a(alt_tick.o)
 .data          0x0005b7dc        0x0 ../spectrumAnalyzer_VHDL_bsp//libhal_bsp.a(alt_usleep.o)
 .data          0x0005b7dc        0x0 ../spectrumAnalyzer_VHDL_bsp//libhal_bsp.a(alt_write.o)
 .data          0x0005b7dc     0x10fc ../spectrumAnalyzer_VHDL_bsp//libhal_bsp.a(alt_sys_init.o)
 .data          0x0005c8d8        0x0 ../spectrumAnalyzer_VHDL_bsp//libhal_bsp.a(altera_avalon_jtag_uart_fd.o)
 .data          0x0005c8d8        0x0 ../spectrumAnalyzer_VHDL_bsp//libhal_bsp.a(altera_avalon_jtag_uart_init.o)
 .data          0x0005c8d8        0x0 ../spectrumAnalyzer_VHDL_bsp//libhal_bsp.a(altera_avalon_jtag_uart_ioctl.o)
 .data          0x0005c8d8        0x0 ../spectrumAnalyzer_VHDL_bsp//libhal_bsp.a(altera_avalon_jtag_uart_read.o)
 .data          0x0005c8d8        0x0 ../spectrumAnalyzer_VHDL_bsp//libhal_bsp.a(altera_avalon_jtag_uart_write.o)
 .data          0x0005c8d8        0x0 ../spectrumAnalyzer_VHDL_bsp//libhal_bsp.a(altera_avalon_timer_sc.o)
 .data          0x0005c8d8        0x0 ../spectrumAnalyzer_VHDL_bsp//libhal_bsp.a(altera_up_avalon_video_character_buffer_with_dma.o)
 .data          0x0005c8d8        0x0 ../spectrumAnalyzer_VHDL_bsp//libhal_bsp.a(altera_up_avalon_video_pixel_buffer_dma.o)
 .data          0x0005c8d8        0x0 ../spectrumAnalyzer_VHDL_bsp//libhal_bsp.a(alt_alarm_start.o)
 .data          0x0005c8d8        0x0 ../spectrumAnalyzer_VHDL_bsp//libhal_bsp.a(alt_busy_sleep.o)
 .data          0x0005c8d8        0x0 ../spectrumAnalyzer_VHDL_bsp//libhal_bsp.a(alt_dcache_flush_all.o)
 .data          0x0005c8d8        0x0 ../spectrumAnalyzer_VHDL_bsp//libhal_bsp.a(alt_dev_llist_insert.o)
 .data          0x0005c8d8        0x0 ../spectrumAnalyzer_VHDL_bsp//libhal_bsp.a(alt_find_dev.o)
 .data          0x0005c8d8        0x0 ../spectrumAnalyzer_VHDL_bsp//libhal_bsp.a(alt_icache_flush_all.o)
 .data          0x0005c8d8        0x0 ../spectrumAnalyzer_VHDL_bsp//libhal_bsp.a(alt_iic.o)
 .data          0x0005c8d8        0x0 ../spectrumAnalyzer_VHDL_bsp//libhal_bsp.a(alt_iic_isr_register.o)
 .data          0x0005c8d8        0x0 ../spectrumAnalyzer_VHDL_bsp//libhal_bsp.a(alt_io_redirect.o)
 .data          0x0005c8d8        0x0 ../spectrumAnalyzer_VHDL_bsp//libhal_bsp.a(alt_irq_entry.o)
 .data          0x0005c8d8        0x0 ../spectrumAnalyzer_VHDL_bsp//libhal_bsp.a(alt_irq_handler.o)
 .data          0x0005c8d8        0x0 ../spectrumAnalyzer_VHDL_bsp//libhal_bsp.a(alt_irq_vars.o)
 .data          0x0005c8d8        0x0 ../spectrumAnalyzer_VHDL_bsp//libhal_bsp.a(alt_open.o)
 .data          0x0005c8d8        0x0 ../spectrumAnalyzer_VHDL_bsp//libhal_bsp.a(altera_nios2_qsys_irq.o)
 .data          0x0005c8d8        0x0 ../spectrumAnalyzer_VHDL_bsp//libhal_bsp.a(alt_exception_entry.o)
 .data          0x0005c8d8        0x0 ../spectrumAnalyzer_VHDL_bsp//libhal_bsp.a(alt_find_file.o)
 .data          0x0005c8d8        0x0 ../spectrumAnalyzer_VHDL_bsp//libhal_bsp.a(alt_get_fd.o)
 .data          0x0005c8d8        0x0 /opt/altera/13.0sp1/nios2eds/bin/gnu/H-i686-pc-linux-gnu/bin/../lib/gcc/nios2-elf/4.1.2/../../../../nios2-elf/lib/mno-hw-mul/libc.a(lib_a-exit.o)
 .data          0x0005c8d8        0x0 /opt/altera/13.0sp1/nios2eds/bin/gnu/H-i686-pc-linux-gnu/bin/../lib/gcc/nios2-elf/4.1.2/../../../../nios2-elf/lib/mno-hw-mul/libc.a(lib_a-memcmp.o)
 .data          0x0005c8d8        0x0 /opt/altera/13.0sp1/nios2eds/bin/gnu/H-i686-pc-linux-gnu/bin/../lib/gcc/nios2-elf/4.1.2/../../../../nios2-elf/lib/mno-hw-mul/libc.a(lib_a-__call_atexit.o)
 .data          0x0005c8d8        0x0 ../spectrumAnalyzer_VHDL_bsp//libhal_bsp.a(alt_exit.o)
                0x000648d8                _gp = ABSOLUTE ((. + 0x8000))
                0x000648d8                PROVIDE (gp, _gp)
 *(.rwdata .rwdata.*)
 *(.sdata .sdata.* .gnu.linkonce.s.*)
 .sdata         0x0005c8d8       0x24 obj/default/main.o
                0x0005c8d8                ledR
                0x0005c8dc                ledG
                0x0005c8e0                fftA
                0x0005c8e4                fftB
                0x0005c8e8                pixelBufferName
                0x0005c8ec                charBufferName
                0x0005c8f0                drawX0
                0x0005c8f2                drawX1
                0x0005c8f4                drawY0
                0x0005c8f6                drawY1
                0x0005c8f8                minval
                0x0005c8fa                maxval
 .sdata         0x0005c8fc        0x8 /opt/altera/13.0sp1/nios2eds/bin/gnu/H-i686-pc-linux-gnu/bin/../lib/gcc/nios2-elf/4.1.2/../../../../nios2-elf/lib/mno-hw-mul/libc.a(lib_a-mallocr.o)
                0x0005c8fc                __malloc_trim_threshold
                0x0005c900                __malloc_sbrk_base
 .sdata         0x0005c904        0x8 /opt/altera/13.0sp1/nios2eds/bin/gnu/H-i686-pc-linux-gnu/bin/../lib/gcc/nios2-elf/4.1.2/../../../../nios2-elf/lib/mno-hw-mul/libc.a(lib_a-impure.o)
                0x0005c904                _impure_ptr
                0x0005c908                _global_impure_ptr
 .sdata         0x0005c90c        0x8 /opt/altera/13.0sp1/nios2eds/bin/gnu/H-i686-pc-linux-gnu/bin/../lib/gcc/nios2-elf/4.1.2/../../../../nios2-elf/lib/mno-hw-mul/libc.a(lib_a-locale.o)
                0x0005c90c                __mb_cur_max
 .sdata         0x0005c914       0x14 ../spectrumAnalyzer_VHDL_bsp//libhal_bsp.a(alt_dev.o)
                0x0005c914                alt_fs_list
                0x0005c91c                alt_dev_list
                0x0005c924                alt_max_fd
 .sdata         0x0005c928        0x4 ../spectrumAnalyzer_VHDL_bsp//libhal_bsp.a(alt_errno.o)
                0x0005c928                alt_errno
 .sdata         0x0005c92c        0x4 ../spectrumAnalyzer_VHDL_bsp//libhal_bsp.a(alt_sbrk.o)
 .sdata         0x0005c930        0x8 ../spectrumAnalyzer_VHDL_bsp//libhal_bsp.a(alt_tick.o)
                0x0005c930                alt_alarm_list
 .sdata         0x0005c938        0x4 ../spectrumAnalyzer_VHDL_bsp//libhal_bsp.a(alt_irq_vars.o)
                0x0005c938                alt_priority_mask
 *(.sdata2 .sdata2.* .gnu.linkonce.s2.*)
                0x0005c93c                . = ALIGN (0x4)
                0x0005c93c                _edata = ABSOLUTE (.)
                0x0005c93c                PROVIDE (edata, ABSOLUTE (.))
                0x0005c93c                PROVIDE (__ram_rwdata_end, ABSOLUTE (.))
                0x0005c93c                PROVIDE (__flash_rwdata_start, LOADADDR (.rwdata))

.bss            0x0005e458      0x184
                0x0005e458                __bss_start = ABSOLUTE (.)
                0x0005e458                PROVIDE (__sbss_start, ABSOLUTE (.))
                0x0005e458                PROVIDE (___sbss_start, ABSOLUTE (.))
 *(.dynsbss)
 *(.sbss .sbss.* .gnu.linkonce.sb.*)
 .sbss          0x0005e458       0x10 obj/default/main.o
                0x0005e458                currentFFT
                0x0005e45c                rangeChanged
                0x0005e460                lastTime
                0x0005e464                frames
 .sbss          0x0005e468        0x8 obj/default/main.o
                0x0005e468                char_buffer_dev
                0x0005e46c                pixel_buffer_dev
 .sbss          0x0005e470        0xc /opt/altera/13.0sp1/nios2eds/bin/gnu/H-i686-pc-linux-gnu/bin/../lib/gcc/nios2-elf/4.1.2/../../../../nios2-elf/lib/mno-hw-mul/libc.a(lib_a-mallocr.o)
                0x0005e470                __malloc_top_pad
                0x0005e474                __malloc_max_sbrked_mem
                0x0005e478                __malloc_max_total_mem
 .sbss          0x0005e47c        0x4 /opt/altera/13.0sp1/nios2eds/bin/gnu/H-i686-pc-linux-gnu/bin/../lib/gcc/nios2-elf/4.1.2/../../../../nios2-elf/lib/mno-hw-mul/libc.a(lib_a-int_errno.o)
                0x0005e47c                errno
 .sbss          0x0005e480        0xc /opt/altera/13.0sp1/nios2eds/bin/gnu/H-i686-pc-linux-gnu/bin/../lib/gcc/nios2-elf/4.1.2/../../../../nios2-elf/lib/mno-hw-mul/libc.a(lib_a-locale.o)
                0x0005e480                __nlocale_changed
                0x0005e484                __mlocale_changed
                0x0005e488                _PathLocale
 .sbss          0x0005e48c       0x10 ../spectrumAnalyzer_VHDL_bsp//libhal_bsp.a(alt_gettod.o)
                0x0005e48c                alt_timezone
                0x0005e494                alt_resettime
 .sbss          0x0005e49c        0xc ../spectrumAnalyzer_VHDL_bsp//libhal_bsp.a(alt_main.o)
                0x0005e49c                alt_argc
                0x0005e4a0                alt_argv
                0x0005e4a4                alt_envp
 .sbss          0x0005e4a8        0x8 ../spectrumAnalyzer_VHDL_bsp//libhal_bsp.a(alt_tick.o)
                0x0005e4a8                _alt_tick_rate
                0x0005e4ac                _alt_nticks
 .sbss          0x0005e4b0        0x4 ../spectrumAnalyzer_VHDL_bsp//libhal_bsp.a(alt_irq_vars.o)
                0x0005e4b0                alt_irq_active
 *(.sbss2 .sbss2.* .gnu.linkonce.sb2.*)
 *(.scommon)
                0x0005e4b4                PROVIDE (__sbss_end, ABSOLUTE (.))
                0x0005e4b4                PROVIDE (___sbss_end, ABSOLUTE (.))
 *(.dynbss)
 *(.bss .bss.* .gnu.linkonce.b.*)
 .bss           0x0005e4b4        0x0 ../spectrumAnalyzer_VHDL_bsp//obj/HAL/src/crt0.o
 .bss           0x0005e4b4        0x0 obj/default/main.o
 .bss           0x0005e4b4        0x0 /opt/altera/13.0sp1/nios2eds/bin/gnu/H-i686-pc-linux-gnu/bin/../lib/gcc/nios2-elf/4.1.2/mno-hw-mul/libgcc.a(_addsub_sf.o)
 .bss           0x0005e4b4        0x0 /opt/altera/13.0sp1/nios2eds/bin/gnu/H-i686-pc-linux-gnu/bin/../lib/gcc/nios2-elf/4.1.2/mno-hw-mul/libgcc.a(_div_sf.o)
 .bss           0x0005e4b4        0x0 /opt/altera/13.0sp1/nios2eds/bin/gnu/H-i686-pc-linux-gnu/bin/../lib/gcc/nios2-elf/4.1.2/mno-hw-mul/libgcc.a(_ge_sf.o)
 .bss           0x0005e4b4        0x0 /opt/altera/13.0sp1/nios2eds/bin/gnu/H-i686-pc-linux-gnu/bin/../lib/gcc/nios2-elf/4.1.2/mno-hw-mul/libgcc.a(_lt_sf.o)
 .bss           0x0005e4b4        0x0 /opt/altera/13.0sp1/nios2eds/bin/gnu/H-i686-pc-linux-gnu/bin/../lib/gcc/nios2-elf/4.1.2/mno-hw-mul/libgcc.a(_sf_to_si.o)
 .bss           0x0005e4b4        0x0 /opt/altera/13.0sp1/nios2eds/bin/gnu/H-i686-pc-linux-gnu/bin/../lib/gcc/nios2-elf/4.1.2/mno-hw-mul/libgcc.a(_sf_to_df.o)
 .bss           0x0005e4b4        0x0 /opt/altera/13.0sp1/nios2eds/bin/gnu/H-i686-pc-linux-gnu/bin/../lib/gcc/nios2-elf/4.1.2/mno-hw-mul/libgcc.a(_thenan_sf.o)
 .bss           0x0005e4b4        0x0 /opt/altera/13.0sp1/nios2eds/bin/gnu/H-i686-pc-linux-gnu/bin/../lib/gcc/nios2-elf/4.1.2/mno-hw-mul/libgcc.a(_usi_to_sf.o)
 .bss           0x0005e4b4        0x0 /opt/altera/13.0sp1/nios2eds/bin/gnu/H-i686-pc-linux-gnu/bin/../lib/gcc/nios2-elf/4.1.2/mno-hw-mul/libgcc.a(_addsub_df.o)
 .bss           0x0005e4b4        0x0 /opt/altera/13.0sp1/nios2eds/bin/gnu/H-i686-pc-linux-gnu/bin/../lib/gcc/nios2-elf/4.1.2/mno-hw-mul/libgcc.a(_div_df.o)
 .bss           0x0005e4b4        0x0 /opt/altera/13.0sp1/nios2eds/bin/gnu/H-i686-pc-linux-gnu/bin/../lib/gcc/nios2-elf/4.1.2/mno-hw-mul/libgcc.a(_si_to_df.o)
 .bss           0x0005e4b4        0x0 /opt/altera/13.0sp1/nios2eds/bin/gnu/H-i686-pc-linux-gnu/bin/../lib/gcc/nios2-elf/4.1.2/mno-hw-mul/libgcc.a(_make_df.o)
 .bss           0x0005e4b4        0x0 /opt/altera/13.0sp1/nios2eds/bin/gnu/H-i686-pc-linux-gnu/bin/../lib/gcc/nios2-elf/4.1.2/mno-hw-mul/libgcc.a(_df_to_sf.o)
 .bss           0x0005e4b4        0x0 /opt/altera/13.0sp1/nios2eds/bin/gnu/H-i686-pc-linux-gnu/bin/../lib/gcc/nios2-elf/4.1.2/mno-hw-mul/libgcc.a(_thenan_df.o)
 .bss           0x0005e4b4        0x0 /opt/altera/13.0sp1/nios2eds/bin/gnu/H-i686-pc-linux-gnu/bin/../lib/gcc/nios2-elf/4.1.2/mno-hw-mul/libgcc.a(lib2-mul.o)
 .bss           0x0005e4b4        0x0 /opt/altera/13.0sp1/nios2eds/bin/gnu/H-i686-pc-linux-gnu/bin/../lib/gcc/nios2-elf/4.1.2/mno-hw-mul/libgcc.a(_clzsi2.o)
 .bss           0x0005e4b4        0x0 /opt/altera/13.0sp1/nios2eds/bin/gnu/H-i686-pc-linux-gnu/bin/../lib/gcc/nios2-elf/4.1.2/mno-hw-mul/libgcc.a(_pack_sf.o)
 .bss           0x0005e4b4        0x0 /opt/altera/13.0sp1/nios2eds/bin/gnu/H-i686-pc-linux-gnu/bin/../lib/gcc/nios2-elf/4.1.2/mno-hw-mul/libgcc.a(_unpack_sf.o)
 .bss           0x0005e4b4        0x0 /opt/altera/13.0sp1/nios2eds/bin/gnu/H-i686-pc-linux-gnu/bin/../lib/gcc/nios2-elf/4.1.2/mno-hw-mul/libgcc.a(_fpcmp_parts_sf.o)
 .bss           0x0005e4b4        0x0 /opt/altera/13.0sp1/nios2eds/bin/gnu/H-i686-pc-linux-gnu/bin/../lib/gcc/nios2-elf/4.1.2/mno-hw-mul/libgcc.a(_make_sf.o)
 .bss           0x0005e4b4        0x0 /opt/altera/13.0sp1/nios2eds/bin/gnu/H-i686-pc-linux-gnu/bin/../lib/gcc/nios2-elf/4.1.2/mno-hw-mul/libgcc.a(_pack_df.o)
 .bss           0x0005e4b4        0x0 /opt/altera/13.0sp1/nios2eds/bin/gnu/H-i686-pc-linux-gnu/bin/../lib/gcc/nios2-elf/4.1.2/mno-hw-mul/libgcc.a(_unpack_df.o)
 .bss           0x0005e4b4        0x0 /opt/altera/13.0sp1/nios2eds/bin/gnu/H-i686-pc-linux-gnu/bin/../lib/gcc/nios2-elf/4.1.2/mno-hw-mul/libgcc.a(_clz.o)
 .bss           0x0005e4b4        0x0 /opt/altera/13.0sp1/nios2eds/bin/gnu/H-i686-pc-linux-gnu/bin/../lib/gcc/nios2-elf/4.1.2/../../../../nios2-elf/lib/mno-hw-mul/libc.a(lib_a-malloc.o)
 .bss           0x0005e4b4       0x28 /opt/altera/13.0sp1/nios2eds/bin/gnu/H-i686-pc-linux-gnu/bin/../lib/gcc/nios2-elf/4.1.2/../../../../nios2-elf/lib/mno-hw-mul/libc.a(lib_a-mallocr.o)
                0x0005e4b4                __malloc_current_mallinfo
 .bss           0x0005e4dc        0x0 /opt/altera/13.0sp1/nios2eds/bin/gnu/H-i686-pc-linux-gnu/bin/../lib/gcc/nios2-elf/4.1.2/../../../../nios2-elf/lib/mno-hw-mul/libc.a(lib_a-printf.o)
 .bss           0x0005e4dc        0x0 /opt/altera/13.0sp1/nios2eds/bin/gnu/H-i686-pc-linux-gnu/bin/../lib/gcc/nios2-elf/4.1.2/../../../../nios2-elf/lib/mno-hw-mul/libc.a(lib_a-puts.o)
 .bss           0x0005e4dc        0x0 /opt/altera/13.0sp1/nios2eds/bin/gnu/H-i686-pc-linux-gnu/bin/../lib/gcc/nios2-elf/4.1.2/../../../../nios2-elf/lib/mno-hw-mul/libc.a(lib_a-sbrkr.o)
 .bss           0x0005e4dc        0x0 /opt/altera/13.0sp1/nios2eds/bin/gnu/H-i686-pc-linux-gnu/bin/../lib/gcc/nios2-elf/4.1.2/../../../../nios2-elf/lib/mno-hw-mul/libc.a(lib_a-sprintf.o)
 .bss           0x0005e4dc        0x0 /opt/altera/13.0sp1/nios2eds/bin/gnu/H-i686-pc-linux-gnu/bin/../lib/gcc/nios2-elf/4.1.2/../../../../nios2-elf/lib/mno-hw-mul/libc.a(lib_a-strlen.o)
 .bss           0x0005e4dc        0x0 /opt/altera/13.0sp1/nios2eds/bin/gnu/H-i686-pc-linux-gnu/bin/../lib/gcc/nios2-elf/4.1.2/../../../../nios2-elf/lib/mno-hw-mul/libc.a(lib_a-time.o)
 .bss           0x0005e4dc        0x0 /opt/altera/13.0sp1/nios2eds/bin/gnu/H-i686-pc-linux-gnu/bin/../lib/gcc/nios2-elf/4.1.2/../../../../nios2-elf/lib/mno-hw-mul/libc.a(lib_a-vfprintf.o)
 .bss           0x0005e4dc        0x0 /opt/altera/13.0sp1/nios2eds/bin/gnu/H-i686-pc-linux-gnu/bin/../lib/gcc/nios2-elf/4.1.2/../../../../nios2-elf/lib/mno-hw-mul/libc.a(lib_a-wsetup.o)
 .bss           0x0005e4dc        0x0 /opt/altera/13.0sp1/nios2eds/bin/gnu/H-i686-pc-linux-gnu/bin/../lib/gcc/nios2-elf/4.1.2/../../../../nios2-elf/lib/mno-hw-mul/libc.a(lib_a-dtoa.o)
 .bss           0x0005e4dc        0x0 /opt/altera/13.0sp1/nios2eds/bin/gnu/H-i686-pc-linux-gnu/bin/../lib/gcc/nios2-elf/4.1.2/../../../../nios2-elf/lib/mno-hw-mul/libc.a(lib_a-fflush.o)
 .bss           0x0005e4dc        0x0 /opt/altera/13.0sp1/nios2eds/bin/gnu/H-i686-pc-linux-gnu/bin/../lib/gcc/nios2-elf/4.1.2/../../../../nios2-elf/lib/mno-hw-mul/libc.a(lib_a-findfp.o)
 .bss           0x0005e4dc        0x0 /opt/altera/13.0sp1/nios2eds/bin/gnu/H-i686-pc-linux-gnu/bin/../lib/gcc/nios2-elf/4.1.2/../../../../nios2-elf/lib/mno-hw-mul/libc.a(lib_a-freer.o)
 .bss           0x0005e4dc        0x0 /opt/altera/13.0sp1/nios2eds/bin/gnu/H-i686-pc-linux-gnu/bin/../lib/gcc/nios2-elf/4.1.2/../../../../nios2-elf/lib/mno-hw-mul/libc.a(lib_a-fvwrite.o)
 .bss           0x0005e4dc        0x0 /opt/altera/13.0sp1/nios2eds/bin/gnu/H-i686-pc-linux-gnu/bin/../lib/gcc/nios2-elf/4.1.2/../../../../nios2-elf/lib/mno-hw-mul/libc.a(lib_a-fwalk.o)
 .bss           0x0005e4dc        0x0 /opt/altera/13.0sp1/nios2eds/bin/gnu/H-i686-pc-linux-gnu/bin/../lib/gcc/nios2-elf/4.1.2/../../../../nios2-elf/lib/mno-hw-mul/libc.a(lib_a-gettimeofdayr.o)
 .bss           0x0005e4dc        0x0 /opt/altera/13.0sp1/nios2eds/bin/gnu/H-i686-pc-linux-gnu/bin/../lib/gcc/nios2-elf/4.1.2/../../../../nios2-elf/lib/mno-hw-mul/libc.a(lib_a-impure.o)
 .bss           0x0005e4dc        0x0 /opt/altera/13.0sp1/nios2eds/bin/gnu/H-i686-pc-linux-gnu/bin/../lib/gcc/nios2-elf/4.1.2/../../../../nios2-elf/lib/mno-hw-mul/libc.a(lib_a-int_errno.o)
 .bss           0x0005e4dc        0x0 /opt/altera/13.0sp1/nios2eds/bin/gnu/H-i686-pc-linux-gnu/bin/../lib/gcc/nios2-elf/4.1.2/../../../../nios2-elf/lib/mno-hw-mul/libc.a(lib_a-locale.o)
 .bss           0x0005e4dc        0x0 /opt/altera/13.0sp1/nios2eds/bin/gnu/H-i686-pc-linux-gnu/bin/../lib/gcc/nios2-elf/4.1.2/../../../../nios2-elf/lib/mno-hw-mul/libc.a(lib_a-makebuf.o)
 .bss           0x0005e4dc        0x0 /opt/altera/13.0sp1/nios2eds/bin/gnu/H-i686-pc-linux-gnu/bin/../lib/gcc/nios2-elf/4.1.2/../../../../nios2-elf/lib/mno-hw-mul/libc.a(lib_a-memchr.o)
 .bss           0x0005e4dc        0x0 /opt/altera/13.0sp1/nios2eds/bin/gnu/H-i686-pc-linux-gnu/bin/../lib/gcc/nios2-elf/4.1.2/../../../../nios2-elf/lib/mno-hw-mul/libc.a(lib_a-memcpy.o)
 .bss           0x0005e4dc        0x0 /opt/altera/13.0sp1/nios2eds/bin/gnu/H-i686-pc-linux-gnu/bin/../lib/gcc/nios2-elf/4.1.2/../../../../nios2-elf/lib/mno-hw-mul/libc.a(lib_a-memmove.o)
 .bss           0x0005e4dc        0x0 /opt/altera/13.0sp1/nios2eds/bin/gnu/H-i686-pc-linux-gnu/bin/../lib/gcc/nios2-elf/4.1.2/../../../../nios2-elf/lib/mno-hw-mul/libc.a(lib_a-memset.o)
 .bss           0x0005e4dc        0x0 /opt/altera/13.0sp1/nios2eds/bin/gnu/H-i686-pc-linux-gnu/bin/../lib/gcc/nios2-elf/4.1.2/../../../../nios2-elf/lib/mno-hw-mul/libc.a(lib_a-mprec.o)
 .bss           0x0005e4dc        0x0 /opt/altera/13.0sp1/nios2eds/bin/gnu/H-i686-pc-linux-gnu/bin/../lib/gcc/nios2-elf/4.1.2/../../../../nios2-elf/lib/mno-hw-mul/libc.a(lib_a-reallocr.o)
 .bss           0x0005e4dc        0x0 /opt/altera/13.0sp1/nios2eds/bin/gnu/H-i686-pc-linux-gnu/bin/../lib/gcc/nios2-elf/4.1.2/../../../../nios2-elf/lib/mno-hw-mul/libc.a(lib_a-s_isinfd.o)
 .bss           0x0005e4dc        0x0 /opt/altera/13.0sp1/nios2eds/bin/gnu/H-i686-pc-linux-gnu/bin/../lib/gcc/nios2-elf/4.1.2/../../../../nios2-elf/lib/mno-hw-mul/libc.a(lib_a-s_isnand.o)
 .bss           0x0005e4dc        0x0 /opt/altera/13.0sp1/nios2eds/bin/gnu/H-i686-pc-linux-gnu/bin/../lib/gcc/nios2-elf/4.1.2/../../../../nios2-elf/lib/mno-hw-mul/libc.a(lib_a-stdio.o)
 .bss           0x0005e4dc        0x0 /opt/altera/13.0sp1/nios2eds/bin/gnu/H-i686-pc-linux-gnu/bin/../lib/gcc/nios2-elf/4.1.2/../../../../nios2-elf/lib/mno-hw-mul/libc.a(lib_a-strcmp.o)
 .bss           0x0005e4dc        0x0 /opt/altera/13.0sp1/nios2eds/bin/gnu/H-i686-pc-linux-gnu/bin/../lib/gcc/nios2-elf/4.1.2/../../../../nios2-elf/lib/mno-hw-mul/libc.a(lib_a-writer.o)
 .bss           0x0005e4dc        0x0 /opt/altera/13.0sp1/nios2eds/bin/gnu/H-i686-pc-linux-gnu/bin/../lib/gcc/nios2-elf/4.1.2/../../../../nios2-elf/lib/mno-hw-mul/libc.a(lib_a-callocr.o)
 .bss           0x0005e4dc        0x0 /opt/altera/13.0sp1/nios2eds/bin/gnu/H-i686-pc-linux-gnu/bin/../lib/gcc/nios2-elf/4.1.2/../../../../nios2-elf/lib/mno-hw-mul/libc.a(lib_a-closer.o)
 .bss           0x0005e4dc        0x0 /opt/altera/13.0sp1/nios2eds/bin/gnu/H-i686-pc-linux-gnu/bin/../lib/gcc/nios2-elf/4.1.2/../../../../nios2-elf/lib/mno-hw-mul/libc.a(lib_a-fclose.o)
 .bss           0x0005e4dc        0x0 /opt/altera/13.0sp1/nios2eds/bin/gnu/H-i686-pc-linux-gnu/bin/../lib/gcc/nios2-elf/4.1.2/../../../../nios2-elf/lib/mno-hw-mul/libc.a(lib_a-fstatr.o)
 .bss           0x0005e4dc        0x0 /opt/altera/13.0sp1/nios2eds/bin/gnu/H-i686-pc-linux-gnu/bin/../lib/gcc/nios2-elf/4.1.2/../../../../nios2-elf/lib/mno-hw-mul/libc.a(lib_a-isattyr.o)
 .bss           0x0005e4dc        0x0 /opt/altera/13.0sp1/nios2eds/bin/gnu/H-i686-pc-linux-gnu/bin/../lib/gcc/nios2-elf/4.1.2/../../../../nios2-elf/lib/mno-hw-mul/libc.a(lib_a-lseekr.o)
 .bss           0x0005e4dc        0x0 /opt/altera/13.0sp1/nios2eds/bin/gnu/H-i686-pc-linux-gnu/bin/../lib/gcc/nios2-elf/4.1.2/../../../../nios2-elf/lib/mno-hw-mul/libc.a(lib_a-readr.o)
 .bss           0x0005e4dc        0x0 /opt/altera/13.0sp1/nios2eds/bin/gnu/H-i686-pc-linux-gnu/bin/../lib/gcc/nios2-elf/4.1.2/mno-hw-mul/libgcc.a(_udivdi3.o)
 .bss           0x0005e4dc        0x0 /opt/altera/13.0sp1/nios2eds/bin/gnu/H-i686-pc-linux-gnu/bin/../lib/gcc/nios2-elf/4.1.2/mno-hw-mul/libgcc.a(_umoddi3.o)
 .bss           0x0005e4dc        0x0 /opt/altera/13.0sp1/nios2eds/bin/gnu/H-i686-pc-linux-gnu/bin/../lib/gcc/nios2-elf/4.1.2/mno-hw-mul/libgcc.a(_mul_df.o)
 .bss           0x0005e4dc        0x0 /opt/altera/13.0sp1/nios2eds/bin/gnu/H-i686-pc-linux-gnu/bin/../lib/gcc/nios2-elf/4.1.2/mno-hw-mul/libgcc.a(_eq_df.o)
 .bss           0x0005e4dc        0x0 /opt/altera/13.0sp1/nios2eds/bin/gnu/H-i686-pc-linux-gnu/bin/../lib/gcc/nios2-elf/4.1.2/mno-hw-mul/libgcc.a(_ne_df.o)
 .bss           0x0005e4dc        0x0 /opt/altera/13.0sp1/nios2eds/bin/gnu/H-i686-pc-linux-gnu/bin/../lib/gcc/nios2-elf/4.1.2/mno-hw-mul/libgcc.a(_gt_df.o)
 .bss           0x0005e4dc        0x0 /opt/altera/13.0sp1/nios2eds/bin/gnu/H-i686-pc-linux-gnu/bin/../lib/gcc/nios2-elf/4.1.2/mno-hw-mul/libgcc.a(_ge_df.o)
 .bss           0x0005e4dc        0x0 /opt/altera/13.0sp1/nios2eds/bin/gnu/H-i686-pc-linux-gnu/bin/../lib/gcc/nios2-elf/4.1.2/mno-hw-mul/libgcc.a(_lt_df.o)
 .bss           0x0005e4dc        0x0 /opt/altera/13.0sp1/nios2eds/bin/gnu/H-i686-pc-linux-gnu/bin/../lib/gcc/nios2-elf/4.1.2/mno-hw-mul/libgcc.a(_df_to_si.o)
 .bss           0x0005e4dc        0x0 /opt/altera/13.0sp1/nios2eds/bin/gnu/H-i686-pc-linux-gnu/bin/../lib/gcc/nios2-elf/4.1.2/mno-hw-mul/libgcc.a(_usi_to_df.o)
 .bss           0x0005e4dc        0x0 /opt/altera/13.0sp1/nios2eds/bin/gnu/H-i686-pc-linux-gnu/bin/../lib/gcc/nios2-elf/4.1.2/mno-hw-mul/libgcc.a(lib2-divmod.o)
 .bss           0x0005e4dc        0x0 /opt/altera/13.0sp1/nios2eds/bin/gnu/H-i686-pc-linux-gnu/bin/../lib/gcc/nios2-elf/4.1.2/mno-hw-mul/libgcc.a(_muldi3.o)
 .bss           0x0005e4dc        0x0 /opt/altera/13.0sp1/nios2eds/bin/gnu/H-i686-pc-linux-gnu/bin/../lib/gcc/nios2-elf/4.1.2/mno-hw-mul/libgcc.a(_fpcmp_parts_df.o)
 .bss           0x0005e4dc        0x0 ../spectrumAnalyzer_VHDL_bsp//libhal_bsp.a(alt_close.o)
 .bss           0x0005e4dc        0x0 ../spectrumAnalyzer_VHDL_bsp//libhal_bsp.a(alt_dev.o)
 .bss           0x0005e4dc        0x0 ../spectrumAnalyzer_VHDL_bsp//libhal_bsp.a(alt_errno.o)
 .bss           0x0005e4dc        0x0 ../spectrumAnalyzer_VHDL_bsp//libhal_bsp.a(alt_fstat.o)
 .bss           0x0005e4dc        0x0 ../spectrumAnalyzer_VHDL_bsp//libhal_bsp.a(alt_gettod.o)
 .bss           0x0005e4dc        0x0 ../spectrumAnalyzer_VHDL_bsp//libhal_bsp.a(alt_isatty.o)
 .bss           0x0005e4dc        0x0 ../spectrumAnalyzer_VHDL_bsp//libhal_bsp.a(alt_load.o)
 .bss           0x0005e4dc        0x0 ../spectrumAnalyzer_VHDL_bsp//libhal_bsp.a(alt_lseek.o)
 .bss           0x0005e4dc        0x0 ../spectrumAnalyzer_VHDL_bsp//libhal_bsp.a(alt_main.o)
 .bss           0x0005e4dc        0x0 ../spectrumAnalyzer_VHDL_bsp//libhal_bsp.a(alt_malloc_lock.o)
 .bss           0x0005e4dc        0x0 ../spectrumAnalyzer_VHDL_bsp//libhal_bsp.a(alt_read.o)
 .bss           0x0005e4dc        0x0 ../spectrumAnalyzer_VHDL_bsp//libhal_bsp.a(alt_release_fd.o)
 .bss           0x0005e4dc        0x0 ../spectrumAnalyzer_VHDL_bsp//libhal_bsp.a(alt_sbrk.o)
 .bss           0x0005e4dc        0x0 ../spectrumAnalyzer_VHDL_bsp//libhal_bsp.a(alt_tick.o)
 .bss           0x0005e4dc        0x0 ../spectrumAnalyzer_VHDL_bsp//libhal_bsp.a(alt_usleep.o)
 .bss           0x0005e4dc        0x0 ../spectrumAnalyzer_VHDL_bsp//libhal_bsp.a(alt_write.o)
 .bss           0x0005e4dc        0x0 ../spectrumAnalyzer_VHDL_bsp//libhal_bsp.a(alt_sys_init.o)
 .bss           0x0005e4dc        0x0 ../spectrumAnalyzer_VHDL_bsp//libhal_bsp.a(altera_avalon_jtag_uart_fd.o)
 .bss           0x0005e4dc        0x0 ../spectrumAnalyzer_VHDL_bsp//libhal_bsp.a(altera_avalon_jtag_uart_init.o)
 .bss           0x0005e4dc        0x0 ../spectrumAnalyzer_VHDL_bsp//libhal_bsp.a(altera_avalon_jtag_uart_ioctl.o)
 .bss           0x0005e4dc        0x0 ../spectrumAnalyzer_VHDL_bsp//libhal_bsp.a(altera_avalon_jtag_uart_read.o)
 .bss           0x0005e4dc        0x0 ../spectrumAnalyzer_VHDL_bsp//libhal_bsp.a(altera_avalon_jtag_uart_write.o)
 .bss           0x0005e4dc        0x0 ../spectrumAnalyzer_VHDL_bsp//libhal_bsp.a(altera_avalon_timer_sc.o)
 .bss           0x0005e4dc        0x0 ../spectrumAnalyzer_VHDL_bsp//libhal_bsp.a(altera_up_avalon_video_character_buffer_with_dma.o)
 .bss           0x0005e4dc        0x0 ../spectrumAnalyzer_VHDL_bsp//libhal_bsp.a(altera_up_avalon_video_pixel_buffer_dma.o)
 .bss           0x0005e4dc        0x0 ../spectrumAnalyzer_VHDL_bsp//libhal_bsp.a(alt_alarm_start.o)
 .bss           0x0005e4dc        0x0 ../spectrumAnalyzer_VHDL_bsp//libhal_bsp.a(alt_busy_sleep.o)
 .bss           0x0005e4dc        0x0 ../spectrumAnalyzer_VHDL_bsp//libhal_bsp.a(alt_dcache_flush_all.o)
 .bss           0x0005e4dc        0x0 ../spectrumAnalyzer_VHDL_bsp//libhal_bsp.a(alt_dev_llist_insert.o)
 .bss           0x0005e4dc        0x0 ../spectrumAnalyzer_VHDL_bsp//libhal_bsp.a(alt_find_dev.o)
 .bss           0x0005e4dc        0x0 ../spectrumAnalyzer_VHDL_bsp//libhal_bsp.a(alt_icache_flush_all.o)
 .bss           0x0005e4dc        0x0 ../spectrumAnalyzer_VHDL_bsp//libhal_bsp.a(alt_iic.o)
 .bss           0x0005e4dc        0x0 ../spectrumAnalyzer_VHDL_bsp//libhal_bsp.a(alt_iic_isr_register.o)
 .bss           0x0005e4dc        0x0 ../spectrumAnalyzer_VHDL_bsp//libhal_bsp.a(alt_io_redirect.o)
 .bss           0x0005e4dc        0x0 ../spectrumAnalyzer_VHDL_bsp//libhal_bsp.a(alt_irq_entry.o)
 .bss           0x0005e4dc        0x0 ../spectrumAnalyzer_VHDL_bsp//libhal_bsp.a(alt_irq_handler.o)
 .bss           0x0005e4dc        0x0 ../spectrumAnalyzer_VHDL_bsp//libhal_bsp.a(alt_irq_vars.o)
 .bss           0x0005e4dc        0x0 ../spectrumAnalyzer_VHDL_bsp//libhal_bsp.a(alt_open.o)
 .bss           0x0005e4dc        0x0 ../spectrumAnalyzer_VHDL_bsp//libhal_bsp.a(altera_nios2_qsys_irq.o)
 .bss           0x0005e4dc        0x0 ../spectrumAnalyzer_VHDL_bsp//libhal_bsp.a(alt_exception_entry.o)
 .bss           0x0005e4dc        0x0 ../spectrumAnalyzer_VHDL_bsp//libhal_bsp.a(alt_find_file.o)
 .bss           0x0005e4dc        0x0 ../spectrumAnalyzer_VHDL_bsp//libhal_bsp.a(alt_get_fd.o)
 .bss           0x0005e4dc        0x0 /opt/altera/13.0sp1/nios2eds/bin/gnu/H-i686-pc-linux-gnu/bin/../lib/gcc/nios2-elf/4.1.2/../../../../nios2-elf/lib/mno-hw-mul/libc.a(lib_a-exit.o)
 .bss           0x0005e4dc        0x0 /opt/altera/13.0sp1/nios2eds/bin/gnu/H-i686-pc-linux-gnu/bin/../lib/gcc/nios2-elf/4.1.2/../../../../nios2-elf/lib/mno-hw-mul/libc.a(lib_a-memcmp.o)
 .bss           0x0005e4dc        0x0 /opt/altera/13.0sp1/nios2eds/bin/gnu/H-i686-pc-linux-gnu/bin/../lib/gcc/nios2-elf/4.1.2/../../../../nios2-elf/lib/mno-hw-mul/libc.a(lib_a-__call_atexit.o)
 .bss           0x0005e4dc        0x0 ../spectrumAnalyzer_VHDL_bsp//libhal_bsp.a(alt_exit.o)
 *(COMMON)
 COMMON         0x0005e4dc      0x100 ../spectrumAnalyzer_VHDL_bsp//libhal_bsp.a(alt_irq_handler.o)
                0x0005e4dc                alt_irq
                0x0005e5dc                . = ALIGN (0x4)
                0x0005e5dc                __bss_end = ABSOLUTE (.)

.SRAM           0x0005e5dc        0x0
                0x0005e5dc                PROVIDE (_alt_partition_SRAM_start, ABSOLUTE (.))
 *(.SRAM. SRAM.*)
                0x0005e5dc                . = ALIGN (0x4)
                0x0005e5dc                PROVIDE (_alt_partition_SRAM_end, ABSOLUTE (.))
                0x0005e5dc                _end = ABSOLUTE (.)
                0x0005e5dc                end = ABSOLUTE (.)
                0x0005e5dc                __alt_stack_base = ABSOLUTE (.)
                0x0005e5dc                PROVIDE (_alt_partition_SRAM_load_addr, LOADADDR (.SRAM))

.stab
 *(.stab)

.stabstr
 *(.stabstr)

.stab.excl
 *(.stab.excl)

.stab.exclstr
 *(.stab.exclstr)

.stab.index
 *(.stab.index)

.stab.indexstr
 *(.stab.indexstr)

.comment        0x00000000       0x26
 *(.comment)
 .comment       0x00000000       0x26 obj/default/main.o
                                 0x27 (size before relaxing)
 .comment       0x00000000       0x27 /opt/altera/13.0sp1/nios2eds/bin/gnu/H-i686-pc-linux-gnu/bin/../lib/gcc/nios2-elf/4.1.2/mno-hw-mul/libgcc.a(_addsub_sf.o)
 .comment       0x00000000       0x27 /opt/altera/13.0sp1/nios2eds/bin/gnu/H-i686-pc-linux-gnu/bin/../lib/gcc/nios2-elf/4.1.2/mno-hw-mul/libgcc.a(_div_sf.o)
 .comment       0x00000000       0x27 /opt/altera/13.0sp1/nios2eds/bin/gnu/H-i686-pc-linux-gnu/bin/../lib/gcc/nios2-elf/4.1.2/mno-hw-mul/libgcc.a(_ge_sf.o)
 .comment       0x00000000       0x27 /opt/altera/13.0sp1/nios2eds/bin/gnu/H-i686-pc-linux-gnu/bin/../lib/gcc/nios2-elf/4.1.2/mno-hw-mul/libgcc.a(_lt_sf.o)
 .comment       0x00000000       0x27 /opt/altera/13.0sp1/nios2eds/bin/gnu/H-i686-pc-linux-gnu/bin/../lib/gcc/nios2-elf/4.1.2/mno-hw-mul/libgcc.a(_sf_to_si.o)
 .comment       0x00000000       0x27 /opt/altera/13.0sp1/nios2eds/bin/gnu/H-i686-pc-linux-gnu/bin/../lib/gcc/nios2-elf/4.1.2/mno-hw-mul/libgcc.a(_sf_to_df.o)
 .comment       0x00000000       0x27 /opt/altera/13.0sp1/nios2eds/bin/gnu/H-i686-pc-linux-gnu/bin/../lib/gcc/nios2-elf/4.1.2/mno-hw-mul/libgcc.a(_thenan_sf.o)
 .comment       0x00000000       0x27 /opt/altera/13.0sp1/nios2eds/bin/gnu/H-i686-pc-linux-gnu/bin/../lib/gcc/nios2-elf/4.1.2/mno-hw-mul/libgcc.a(_usi_to_sf.o)
 .comment       0x00000000       0x27 /opt/altera/13.0sp1/nios2eds/bin/gnu/H-i686-pc-linux-gnu/bin/../lib/gcc/nios2-elf/4.1.2/mno-hw-mul/libgcc.a(_addsub_df.o)
 .comment       0x00000000       0x27 /opt/altera/13.0sp1/nios2eds/bin/gnu/H-i686-pc-linux-gnu/bin/../lib/gcc/nios2-elf/4.1.2/mno-hw-mul/libgcc.a(_div_df.o)
 .comment       0x00000000       0x27 /opt/altera/13.0sp1/nios2eds/bin/gnu/H-i686-pc-linux-gnu/bin/../lib/gcc/nios2-elf/4.1.2/mno-hw-mul/libgcc.a(_si_to_df.o)
 .comment       0x00000000       0x27 /opt/altera/13.0sp1/nios2eds/bin/gnu/H-i686-pc-linux-gnu/bin/../lib/gcc/nios2-elf/4.1.2/mno-hw-mul/libgcc.a(_make_df.o)
 .comment       0x00000000       0x27 /opt/altera/13.0sp1/nios2eds/bin/gnu/H-i686-pc-linux-gnu/bin/../lib/gcc/nios2-elf/4.1.2/mno-hw-mul/libgcc.a(_df_to_sf.o)
 .comment       0x00000000       0x27 /opt/altera/13.0sp1/nios2eds/bin/gnu/H-i686-pc-linux-gnu/bin/../lib/gcc/nios2-elf/4.1.2/mno-hw-mul/libgcc.a(_thenan_df.o)
 .comment       0x00000000       0x27 /opt/altera/13.0sp1/nios2eds/bin/gnu/H-i686-pc-linux-gnu/bin/../lib/gcc/nios2-elf/4.1.2/mno-hw-mul/libgcc.a(lib2-mul.o)
 .comment       0x00000000       0x27 /opt/altera/13.0sp1/nios2eds/bin/gnu/H-i686-pc-linux-gnu/bin/../lib/gcc/nios2-elf/4.1.2/mno-hw-mul/libgcc.a(_clzsi2.o)
 .comment       0x00000000       0x27 /opt/altera/13.0sp1/nios2eds/bin/gnu/H-i686-pc-linux-gnu/bin/../lib/gcc/nios2-elf/4.1.2/mno-hw-mul/libgcc.a(_pack_sf.o)
 .comment       0x00000000       0x27 /opt/altera/13.0sp1/nios2eds/bin/gnu/H-i686-pc-linux-gnu/bin/../lib/gcc/nios2-elf/4.1.2/mno-hw-mul/libgcc.a(_unpack_sf.o)
 .comment       0x00000000       0x27 /opt/altera/13.0sp1/nios2eds/bin/gnu/H-i686-pc-linux-gnu/bin/../lib/gcc/nios2-elf/4.1.2/mno-hw-mul/libgcc.a(_fpcmp_parts_sf.o)
 .comment       0x00000000       0x27 /opt/altera/13.0sp1/nios2eds/bin/gnu/H-i686-pc-linux-gnu/bin/../lib/gcc/nios2-elf/4.1.2/mno-hw-mul/libgcc.a(_make_sf.o)
 .comment       0x00000000       0x27 /opt/altera/13.0sp1/nios2eds/bin/gnu/H-i686-pc-linux-gnu/bin/../lib/gcc/nios2-elf/4.1.2/mno-hw-mul/libgcc.a(_pack_df.o)
 .comment       0x00000000       0x27 /opt/altera/13.0sp1/nios2eds/bin/gnu/H-i686-pc-linux-gnu/bin/../lib/gcc/nios2-elf/4.1.2/mno-hw-mul/libgcc.a(_unpack_df.o)
 .comment       0x00000000       0x27 /opt/altera/13.0sp1/nios2eds/bin/gnu/H-i686-pc-linux-gnu/bin/../lib/gcc/nios2-elf/4.1.2/mno-hw-mul/libgcc.a(_clz.o)
 .comment       0x00000000       0x27 /opt/altera/13.0sp1/nios2eds/bin/gnu/H-i686-pc-linux-gnu/bin/../lib/gcc/nios2-elf/4.1.2/../../../../nios2-elf/lib/mno-hw-mul/libc.a(lib_a-malloc.o)
 .comment       0x00000000       0x27 /opt/altera/13.0sp1/nios2eds/bin/gnu/H-i686-pc-linux-gnu/bin/../lib/gcc/nios2-elf/4.1.2/../../../../nios2-elf/lib/mno-hw-mul/libc.a(lib_a-mallocr.o)
 .comment       0x00000000       0x27 /opt/altera/13.0sp1/nios2eds/bin/gnu/H-i686-pc-linux-gnu/bin/../lib/gcc/nios2-elf/4.1.2/../../../../nios2-elf/lib/mno-hw-mul/libc.a(lib_a-printf.o)
 .comment       0x00000000       0x27 /opt/altera/13.0sp1/nios2eds/bin/gnu/H-i686-pc-linux-gnu/bin/../lib/gcc/nios2-elf/4.1.2/../../../../nios2-elf/lib/mno-hw-mul/libc.a(lib_a-puts.o)
 .comment       0x00000000       0x27 /opt/altera/13.0sp1/nios2eds/bin/gnu/H-i686-pc-linux-gnu/bin/../lib/gcc/nios2-elf/4.1.2/../../../../nios2-elf/lib/mno-hw-mul/libc.a(lib_a-sbrkr.o)
 .comment       0x00000000       0x27 /opt/altera/13.0sp1/nios2eds/bin/gnu/H-i686-pc-linux-gnu/bin/../lib/gcc/nios2-elf/4.1.2/../../../../nios2-elf/lib/mno-hw-mul/libc.a(lib_a-sprintf.o)
 .comment       0x00000000       0x27 /opt/altera/13.0sp1/nios2eds/bin/gnu/H-i686-pc-linux-gnu/bin/../lib/gcc/nios2-elf/4.1.2/../../../../nios2-elf/lib/mno-hw-mul/libc.a(lib_a-strlen.o)
 .comment       0x00000000       0x27 /opt/altera/13.0sp1/nios2eds/bin/gnu/H-i686-pc-linux-gnu/bin/../lib/gcc/nios2-elf/4.1.2/../../../../nios2-elf/lib/mno-hw-mul/libc.a(lib_a-time.o)
 .comment       0x00000000       0x27 /opt/altera/13.0sp1/nios2eds/bin/gnu/H-i686-pc-linux-gnu/bin/../lib/gcc/nios2-elf/4.1.2/../../../../nios2-elf/lib/mno-hw-mul/libc.a(lib_a-vfprintf.o)
 .comment       0x00000000       0x27 /opt/altera/13.0sp1/nios2eds/bin/gnu/H-i686-pc-linux-gnu/bin/../lib/gcc/nios2-elf/4.1.2/../../../../nios2-elf/lib/mno-hw-mul/libc.a(lib_a-wsetup.o)
 .comment       0x00000000       0x27 /opt/altera/13.0sp1/nios2eds/bin/gnu/H-i686-pc-linux-gnu/bin/../lib/gcc/nios2-elf/4.1.2/../../../../nios2-elf/lib/mno-hw-mul/libc.a(lib_a-dtoa.o)
 .comment       0x00000000       0x27 /opt/altera/13.0sp1/nios2eds/bin/gnu/H-i686-pc-linux-gnu/bin/../lib/gcc/nios2-elf/4.1.2/../../../../nios2-elf/lib/mno-hw-mul/libc.a(lib_a-fflush.o)
 .comment       0x00000000       0x27 /opt/altera/13.0sp1/nios2eds/bin/gnu/H-i686-pc-linux-gnu/bin/../lib/gcc/nios2-elf/4.1.2/../../../../nios2-elf/lib/mno-hw-mul/libc.a(lib_a-findfp.o)
 .comment       0x00000000       0x27 /opt/altera/13.0sp1/nios2eds/bin/gnu/H-i686-pc-linux-gnu/bin/../lib/gcc/nios2-elf/4.1.2/../../../../nios2-elf/lib/mno-hw-mul/libc.a(lib_a-freer.o)
 .comment       0x00000000       0x27 /opt/altera/13.0sp1/nios2eds/bin/gnu/H-i686-pc-linux-gnu/bin/../lib/gcc/nios2-elf/4.1.2/../../../../nios2-elf/lib/mno-hw-mul/libc.a(lib_a-fvwrite.o)
 .comment       0x00000000       0x27 /opt/altera/13.0sp1/nios2eds/bin/gnu/H-i686-pc-linux-gnu/bin/../lib/gcc/nios2-elf/4.1.2/../../../../nios2-elf/lib/mno-hw-mul/libc.a(lib_a-fwalk.o)
 .comment       0x00000000       0x27 /opt/altera/13.0sp1/nios2eds/bin/gnu/H-i686-pc-linux-gnu/bin/../lib/gcc/nios2-elf/4.1.2/../../../../nios2-elf/lib/mno-hw-mul/libc.a(lib_a-gettimeofdayr.o)
 .comment       0x00000000       0x27 /opt/altera/13.0sp1/nios2eds/bin/gnu/H-i686-pc-linux-gnu/bin/../lib/gcc/nios2-elf/4.1.2/../../../../nios2-elf/lib/mno-hw-mul/libc.a(lib_a-impure.o)
 .comment       0x00000000       0x27 /opt/altera/13.0sp1/nios2eds/bin/gnu/H-i686-pc-linux-gnu/bin/../lib/gcc/nios2-elf/4.1.2/../../../../nios2-elf/lib/mno-hw-mul/libc.a(lib_a-int_errno.o)
 .comment       0x00000000       0x27 /opt/altera/13.0sp1/nios2eds/bin/gnu/H-i686-pc-linux-gnu/bin/../lib/gcc/nios2-elf/4.1.2/../../../../nios2-elf/lib/mno-hw-mul/libc.a(lib_a-locale.o)
 .comment       0x00000000       0x27 /opt/altera/13.0sp1/nios2eds/bin/gnu/H-i686-pc-linux-gnu/bin/../lib/gcc/nios2-elf/4.1.2/../../../../nios2-elf/lib/mno-hw-mul/libc.a(lib_a-makebuf.o)
 .comment       0x00000000       0x27 /opt/altera/13.0sp1/nios2eds/bin/gnu/H-i686-pc-linux-gnu/bin/../lib/gcc/nios2-elf/4.1.2/../../../../nios2-elf/lib/mno-hw-mul/libc.a(lib_a-memchr.o)
 .comment       0x00000000       0x27 /opt/altera/13.0sp1/nios2eds/bin/gnu/H-i686-pc-linux-gnu/bin/../lib/gcc/nios2-elf/4.1.2/../../../../nios2-elf/lib/mno-hw-mul/libc.a(lib_a-memcpy.o)
 .comment       0x00000000       0x27 /opt/altera/13.0sp1/nios2eds/bin/gnu/H-i686-pc-linux-gnu/bin/../lib/gcc/nios2-elf/4.1.2/../../../../nios2-elf/lib/mno-hw-mul/libc.a(lib_a-memmove.o)
 .comment       0x00000000       0x27 /opt/altera/13.0sp1/nios2eds/bin/gnu/H-i686-pc-linux-gnu/bin/../lib/gcc/nios2-elf/4.1.2/../../../../nios2-elf/lib/mno-hw-mul/libc.a(lib_a-memset.o)
 .comment       0x00000000       0x27 /opt/altera/13.0sp1/nios2eds/bin/gnu/H-i686-pc-linux-gnu/bin/../lib/gcc/nios2-elf/4.1.2/../../../../nios2-elf/lib/mno-hw-mul/libc.a(lib_a-mprec.o)
 .comment       0x00000000       0x27 /opt/altera/13.0sp1/nios2eds/bin/gnu/H-i686-pc-linux-gnu/bin/../lib/gcc/nios2-elf/4.1.2/../../../../nios2-elf/lib/mno-hw-mul/libc.a(lib_a-reallocr.o)
 .comment       0x00000000       0x27 /opt/altera/13.0sp1/nios2eds/bin/gnu/H-i686-pc-linux-gnu/bin/../lib/gcc/nios2-elf/4.1.2/../../../../nios2-elf/lib/mno-hw-mul/libc.a(lib_a-s_isinfd.o)
 .comment       0x00000000       0x27 /opt/altera/13.0sp1/nios2eds/bin/gnu/H-i686-pc-linux-gnu/bin/../lib/gcc/nios2-elf/4.1.2/../../../../nios2-elf/lib/mno-hw-mul/libc.a(lib_a-s_isnand.o)
 .comment       0x00000000       0x27 /opt/altera/13.0sp1/nios2eds/bin/gnu/H-i686-pc-linux-gnu/bin/../lib/gcc/nios2-elf/4.1.2/../../../../nios2-elf/lib/mno-hw-mul/libc.a(lib_a-stdio.o)
 .comment       0x00000000       0x27 /opt/altera/13.0sp1/nios2eds/bin/gnu/H-i686-pc-linux-gnu/bin/../lib/gcc/nios2-elf/4.1.2/../../../../nios2-elf/lib/mno-hw-mul/libc.a(lib_a-strcmp.o)
 .comment       0x00000000       0x27 /opt/altera/13.0sp1/nios2eds/bin/gnu/H-i686-pc-linux-gnu/bin/../lib/gcc/nios2-elf/4.1.2/../../../../nios2-elf/lib/mno-hw-mul/libc.a(lib_a-writer.o)
 .comment       0x00000000       0x27 /opt/altera/13.0sp1/nios2eds/bin/gnu/H-i686-pc-linux-gnu/bin/../lib/gcc/nios2-elf/4.1.2/../../../../nios2-elf/lib/mno-hw-mul/libc.a(lib_a-callocr.o)
 .comment       0x00000000       0x27 /opt/altera/13.0sp1/nios2eds/bin/gnu/H-i686-pc-linux-gnu/bin/../lib/gcc/nios2-elf/4.1.2/../../../../nios2-elf/lib/mno-hw-mul/libc.a(lib_a-closer.o)
 .comment       0x00000000       0x27 /opt/altera/13.0sp1/nios2eds/bin/gnu/H-i686-pc-linux-gnu/bin/../lib/gcc/nios2-elf/4.1.2/../../../../nios2-elf/lib/mno-hw-mul/libc.a(lib_a-fclose.o)
 .comment       0x00000000       0x27 /opt/altera/13.0sp1/nios2eds/bin/gnu/H-i686-pc-linux-gnu/bin/../lib/gcc/nios2-elf/4.1.2/../../../../nios2-elf/lib/mno-hw-mul/libc.a(lib_a-fstatr.o)
 .comment       0x00000000       0x27 /opt/altera/13.0sp1/nios2eds/bin/gnu/H-i686-pc-linux-gnu/bin/../lib/gcc/nios2-elf/4.1.2/../../../../nios2-elf/lib/mno-hw-mul/libc.a(lib_a-isattyr.o)
 .comment       0x00000000       0x27 /opt/altera/13.0sp1/nios2eds/bin/gnu/H-i686-pc-linux-gnu/bin/../lib/gcc/nios2-elf/4.1.2/../../../../nios2-elf/lib/mno-hw-mul/libc.a(lib_a-lseekr.o)
 .comment       0x00000000       0x27 /opt/altera/13.0sp1/nios2eds/bin/gnu/H-i686-pc-linux-gnu/bin/../lib/gcc/nios2-elf/4.1.2/../../../../nios2-elf/lib/mno-hw-mul/libc.a(lib_a-readr.o)
 .comment       0x00000000       0x27 /opt/altera/13.0sp1/nios2eds/bin/gnu/H-i686-pc-linux-gnu/bin/../lib/gcc/nios2-elf/4.1.2/mno-hw-mul/libgcc.a(_udivdi3.o)